###### 2023-11-04 09:21:03 ./TOOLS/do_tests .
    ./fast/basic/cvc3_false_test.tla
0.17user 0.07system 0:00.26elapsed 98%CPU (0avgtext+0avgdata 21340maxresident)k
16776inputs+72outputs (64major+8513minor)pagefaults 0swaps
    ./fast/basic/isa_false_test.tla
0.15user 0.09system 0:00.24elapsed 101%CPU (0avgtext+0avgdata 21328maxresident)k
48inputs+88outputs (0major+8458minor)pagefaults 0swaps
    ./fast/basic/isa_true_test.tla
forbidden output is present
Command exited with non-zero status 3
0.13user 0.08system 0:00.21elapsed 97%CPU (0avgtext+0avgdata 21396maxresident)k
56inputs+88outputs (0major+8417minor)pagefaults 0swaps
    ./fast/basic/smt_arith_test.tla
0.18user 0.09system 0:00.24elapsed 113%CPU (0avgtext+0avgdata 25464maxresident)k
48inputs+96outputs (0major+13475minor)pagefaults 0swaps
    ./fast/basic/smt_false_test.tla
0.16user 0.13system 0:00.26elapsed 110%CPU (0avgtext+0avgdata 25452maxresident)k
48inputs+96outputs (0major+13458minor)pagefaults 0swaps
    ./fast/basic/true_test.tla
0.20user 0.14system 0:00.32elapsed 109%CPU (0avgtext+0avgdata 25532maxresident)k
40inputs+96outputs (0major+13458minor)pagefaults 0swaps
    ./fast/basic/z3_arith_test.tla
0.18user 0.12system 0:00.28elapsed 112%CPU (0avgtext+0avgdata 25516maxresident)k
16inputs+96outputs (0major+13460minor)pagefaults 0swaps
    ./fast/basic/z3_false_test.tla
0.20user 0.11system 0:00.28elapsed 113%CPU (0avgtext+0avgdata 25404maxresident)k
48inputs+96outputs (0major+13455minor)pagefaults 0swaps
    ./fast/basic/zen_false_test.tla
0.22user 0.13system 0:00.30elapsed 119%CPU (0avgtext+0avgdata 21436maxresident)k
48inputs+96outputs (0major+13038minor)pagefaults 0swaps
    ./fast/basic/zen_true_test.tla
0.22user 0.13system 0:00.29elapsed 121%CPU (0avgtext+0avgdata 21472maxresident)k
40inputs+96outputs (0major+13045minor)pagefaults 0swaps
    ./fast/enabled_cdot/AutoUSE_fingerprint/AutoUSE_fingerprint_test.tla
required error output is missing
Command exited with non-zero status 3
0.39user 0.20system 0:00.56elapsed 107%CPU (0avgtext+0avgdata 26424maxresident)k
232inputs+176outputs (1major+22309minor)pagefaults 0swaps
    ./fast/enabled_cdot/Cdot_test.tla
0.38user 0.18system 0:00.34elapsed 163%CPU (0avgtext+0avgdata 23280maxresident)k
256inputs+176outputs (0major+27047minor)pagefaults 0swaps
    ./fast/enabled_cdot/ENABLEDaxioms_conj_fingerprinting/ENABLEDaxioms_conj_fingerprinting_test.tla
required error output is missing
Command exited with non-zero status 3
0.28user 0.10system 0:00.38elapsed 101%CPU (0avgtext+0avgdata 21392maxresident)k
88inputs+160outputs (0major+17166minor)pagefaults 0swaps
    ./fast/enabled_cdot/ENABLEDaxioms_conj_hidden_actions_test.tla
0.10user 0.05system 0:00.16elapsed 101%CPU (0avgtext+0avgdata 21364maxresident)k
56inputs+72outputs (0major+8426minor)pagefaults 0swaps
    ./fast/enabled_cdot/ENABLEDaxioms_conj_test.tla
forbidden output is present
Command exited with non-zero status 3
0.13user 0.05system 0:00.18elapsed 101%CPU (0avgtext+0avgdata 21336maxresident)k
56inputs+88outputs (0major+8539minor)pagefaults 0swaps
    ./fast/enabled_cdot/ENABLEDaxioms_conj_visible_actions_fail_test.tla
0.12user 0.05system 0:00.18elapsed 101%CPU (0avgtext+0avgdata 21308maxresident)k
24inputs+80outputs (0major+8419minor)pagefaults 0swaps
    ./fast/enabled_cdot/ENABLEDaxioms_conj_visible_actions_test.tla
forbidden output is present
Command exited with non-zero status 3
0.15user 0.07system 0:00.22elapsed 101%CPU (0avgtext+0avgdata 21484maxresident)k
40inputs+80outputs (0major+8434minor)pagefaults 0swaps
    ./fast/enabled_cdot/ENABLEDaxioms_test.tla
forbidden output is present
Command exited with non-zero status 3
0.19user 0.08system 0:00.28elapsed 99%CPU (0avgtext+0avgdata 21484maxresident)k
8inputs+96outputs (0major+8571minor)pagefaults 0swaps
    ./fast/enabled_cdot/ENABLED_INSTANCE_nullary_op_test.tla
0.21user 0.12system 0:00.27elapsed 123%CPU (0avgtext+0avgdata 29544maxresident)k
72inputs+144outputs (0major+19029minor)pagefaults 0swaps
    ./fast/enabled_cdot/ENABLED_INSTANCE_nullary_op_two_vars_test.tla
forbidden output is present
Command exited with non-zero status 3
0.20user 0.15system 0:00.26elapsed 134%CPU (0avgtext+0avgdata 29532maxresident)k
24inputs+160outputs (0major+18994minor)pagefaults 0swaps
    ./fast/enabled_cdot/ENABLED_INSTANCE_op_with_args_test.tla
forbidden output is present
Command exited with non-zero status 3
0.18user 0.17system 0:00.26elapsed 133%CPU (0avgtext+0avgdata 29572maxresident)k
16inputs+160outputs (0major+19008minor)pagefaults 0swaps
    ./fast/enabled_cdot/ENABLEDrewrites_assignment_level_fingerprint/ENABLEDrewrites_assignment_level_fingerprint_test.tla
required error output is missing
Command exited with non-zero status 3
0.19user 0.09system 0:00.29elapsed 100%CPU (0avgtext+0avgdata 21396maxresident)k
80inputs+88outputs (0major+15637minor)pagefaults 0swaps
    ./fast/enabled_cdot/ENABLEDrewrites_bpragma_fingerprint/ENABLEDrewrites_bpragma_fingerprint_test.tla
required error output is missing
Command exited with non-zero status 3
0.23user 0.07system 0:00.31elapsed 100%CPU (0avgtext+0avgdata 21404maxresident)k
72inputs+120outputs (0major+16413minor)pagefaults 0swaps
    ./fast/enabled_cdot/ENABLEDrewrites_case_level_fingerprint/ENABLEDrewrites_case_level_fingerprint_test.tla
required error output is missing
Command exited with non-zero status 3
0.20user 0.08system 0:00.29elapsed 100%CPU (0avgtext+0avgdata 21460maxresident)k
56inputs+88outputs (0major+15543minor)pagefaults 0swaps
    ./fast/enabled_cdot/ENABLEDrewrites_conj_level_fingerprint/ENABLEDrewrites_conj_level_fingerprint_test.tla
required error output is missing
Command exited with non-zero status 3
0.19user 0.10system 0:00.30elapsed 100%CPU (0avgtext+0avgdata 21396maxresident)k
64inputs+88outputs (0major+15591minor)pagefaults 0swaps
    ./fast/enabled_cdot/ENABLEDrewrites_exist_level_fingerprint/ENABLEDrewrites_exist_level_fingerprint_test.tla
required error output is missing
Command exited with non-zero status 3
0.22user 0.14system 0:00.36elapsed 100%CPU (0avgtext+0avgdata 21400maxresident)k
64inputs+88outputs (0major+15595minor)pagefaults 0swaps
    ./fast/enabled_cdot/ENABLEDrewrites_mem_level_fingerprint/ENABLEDrewrites_mem_level_fingerprint_test.tla
required error output is missing
Command exited with non-zero status 3
0.28user 0.14system 0:00.42elapsed 100%CPU (0avgtext+0avgdata 21444maxresident)k
56inputs+88outputs (0major+15568minor)pagefaults 0swaps
    ./fast/enabled_cdot/ENABLEDrewrites_state_level_fingerprint/ENABLEDrewrites_state_level_fingerprint_test.tla
required error output is missing
Command exited with non-zero status 3
0.23user 0.13system 0:00.36elapsed 101%CPU (0avgtext+0avgdata 21384maxresident)k
80inputs+88outputs (0major+15562minor)pagefaults 0swaps
    ./fast/enabled_cdot/ENABLEDrewrites_ternary_level_fingerprint/ENABLEDrewrites_ternary_level_fingerprint_test.tla
required error output is missing
Command exited with non-zero status 3
0.19user 0.13system 0:00.32elapsed 100%CPU (0avgtext+0avgdata 21364maxresident)k
56inputs+88outputs (0major+15535minor)pagefaults 0swaps
    ./fast/enabled_cdot/ENABLEDrewrites_test.tla
wrong result code
Command exited with non-zero status 3
0.10user 0.06system 0:00.17elapsed 100%CPU (0avgtext+0avgdata 21468maxresident)k
32inputs+48outputs (0major+7712minor)pagefaults 0swaps
    ./fast/enabled_cdot/ENABLEDrules_fingerprint_levels/ENABLEDrules_fingerprint_levels_test.tla
required error output is missing
Command exited with non-zero status 3
0.24user 0.12system 0:00.36elapsed 100%CPU (0avgtext+0avgdata 21432maxresident)k
32inputs+88outputs (0major+15646minor)pagefaults 0swaps
    ./fast/enabled_cdot/ENABLEDrules_test.tla
wrong result code
Command exited with non-zero status 3
0.09user 0.06system 0:00.16elapsed 100%CPU (0avgtext+0avgdata 21352maxresident)k
32inputs+48outputs (0major+7652minor)pagefaults 0swaps
    ./fast/enabled_cdot/Enabled_test.tla
1.01user 0.68system 0:00.76elapsed 222%CPU (0avgtext+0avgdata 29724maxresident)k
32inputs+616outputs (0major+132746minor)pagefaults 0swaps
    ./fast/enabled_cdot/ExpandENABLED_LET_test.tla
0.19user 0.11system 0:00.27elapsed 114%CPU (0avgtext+0avgdata 21580maxresident)k
32inputs+96outputs (0major+13029minor)pagefaults 0swaps
    ./fast/enabled_cdot/ExpandENABLED_level_fingerprint/ExpandENABLED_level_fingerprint_test.tla
required error output is missing
Command exited with non-zero status 3
0.34user 0.19system 0:00.45elapsed 116%CPU (0avgtext+0avgdata 29904maxresident)k
760inputs+208outputs (3major+27224minor)pagefaults 0swaps
    ./fast/enabled_cdot/ExpandOnlyCdot_test.tla
0.12user 0.07system 0:00.19elapsed 101%CPU (0avgtext+0avgdata 21532maxresident)k
8inputs+80outputs (0major+8474minor)pagefaults 0swaps
    ./fast/enabled_cdot/ExpandOnlyENABLED_test.tla
0.10user 0.05system 0:00.15elapsed 101%CPU (0avgtext+0avgdata 21384maxresident)k
24inputs+80outputs (0major+8430minor)pagefaults 0swaps
    ./fast/enabled_cdot/LevelComparisonCONSTANT_Module_Scope_test.tla
required error output is missing
Command exited with non-zero status 3
0.13user 0.09system 0:00.19elapsed 116%CPU (0avgtext+0avgdata 25356maxresident)k
40inputs+96outputs (0major+13483minor)pagefaults 0swaps
    ./fast/enabled_cdot/LevelComparisonCONSTANT_THEOREM_Scope_test.tla
required error output is missing
Command exited with non-zero status 3
0.13user 0.10system 0:00.20elapsed 115%CPU (0avgtext+0avgdata 25296maxresident)k
32inputs+96outputs (0major+13485minor)pagefaults 0swaps
    ./fast/enabled_cdot/LevelComparisonSTATE_Scope_test.tla
required error output is missing
Command exited with non-zero status 3
0.15user 0.11system 0:00.23elapsed 112%CPU (0avgtext+0avgdata 25340maxresident)k
24inputs+96outputs (0major+13486minor)pagefaults 0swaps
    ./fast/enabled_cdot/LevelComparison_test.tla
forbidden output is present
Command exited with non-zero status 3
0.26user 0.22system 0:00.27elapsed 175%CPU (0avgtext+0avgdata 25480maxresident)k
32inputs+216outputs (0major+41781minor)pagefaults 0swaps
    ./fast/enabled_cdot/Level_of_parametric_INSTANCE_test.tla
0.18user 0.14system 0:00.25elapsed 131%CPU (0avgtext+0avgdata 25372maxresident)k
40inputs+112outputs (0major+17812minor)pagefaults 0swaps
    ./fast/enabled_cdot/Level_test.tla
0.19user 0.05system 0:00.24elapsed 101%CPU (0avgtext+0avgdata 21372maxresident)k
48inputs+112outputs (0major+9033minor)pagefaults 0swaps
    ./fast/enabled_cdot/NestedCdot_test.tla
0.31user 0.14system 0:00.25elapsed 181%CPU (0avgtext+0avgdata 25028maxresident)k
40inputs+160outputs (0major+27800minor)pagefaults 0swaps
    ./fast/enabled_cdot/NestedENABLED_from_AutoUSE_test.tla
forbidden output is present
Command exited with non-zero status 3
0.13user 0.08system 0:00.21elapsed 101%CPU (0avgtext+0avgdata 21496maxresident)k
40inputs+88outputs (0major+8480minor)pagefaults 0swaps
    ./fast/enabled_cdot/NestedENABLED_test.tla
0.24user 0.14system 0:00.23elapsed 169%CPU (0avgtext+0avgdata 22512maxresident)k
32inputs+152outputs (0major+22631minor)pagefaults 0swaps
    ./fast/enabled_cdot/UnsoundCoalescingThmDecl_test.tla
0.28user 0.20system 0:00.31elapsed 155%CPU (0avgtext+0avgdata 29448maxresident)k
24inputs+160outputs (0major+27929minor)pagefaults 0swaps
    ./fast/fingerprint/FingerprintVariablesParameters_test.tla
required error output is missing
Command exited with non-zero status 3
0.36user 0.31system 0:00.51elapsed 131%CPU (0avgtext+0avgdata 29580maxresident)k
32inputs+176outputs (0major+33743minor)pagefaults 0swaps
    ./fast/language/EXCEPTMultipleBrackets_test.tla
0.19user 0.17system 0:00.28elapsed 132%CPU (0avgtext+0avgdata 25548maxresident)k
8inputs+96outputs (0major+22060minor)pagefaults 0swaps
    ./fast/language/EXTENDS_in_submodule_test.tla
0.16user 0.08system 0:00.24elapsed 102%CPU (0avgtext+0avgdata 21340maxresident)k
24inputs+104outputs (0major+9096minor)pagefaults 0swaps
    ./fast/language/INSTANCE_inside_LET_fingerprint_test.tla
0.17user 0.14system 0:00.28elapsed 113%CPU (0avgtext+0avgdata 25468maxresident)k
48inputs+136outputs (0major+14209minor)pagefaults 0swaps
    ./fast/language/INSTANCE_inside_LET_test.tla
0.18user 0.13system 0:00.28elapsed 110%CPU (0avgtext+0avgdata 25284maxresident)k
56inputs+136outputs (0major+14226minor)pagefaults 0swaps
    ./fast/language/INSTANCE_shift_due_to_omitted_modunits_test.tla
0.11user 0.06system 0:00.18elapsed 102%CPU (0avgtext+0avgdata 21332maxresident)k
8inputs+136outputs (0major+9551minor)pagefaults 0swaps
    ./fast/language/Operators_test.tla
0.19user 0.14system 0:00.27elapsed 120%CPU (0avgtext+0avgdata 25448maxresident)k
16inputs+80outputs (0major+17502minor)pagefaults 0swaps
    ./fast/language/SubrefLL_test.tla
1.61user 1.08system 0:01.46elapsed 184%CPU (0avgtext+0avgdata 25612maxresident)k
32inputs+872outputs (0major+202383minor)pagefaults 0swaps
    ./fast/language/Subref_test.tla
1.10user 0.56system 0:00.61elapsed 272%CPU (0avgtext+0avgdata 25552maxresident)k
32inputs+816outputs (0major+124114minor)pagefaults 0swaps
    ./fast/language/WFTRUE_test.tla
forbidden output is present
Command exited with non-zero status 3
0.09user 0.04system 0:00.14elapsed 100%CPU (0avgtext+0avgdata 21408maxresident)k
32inputs+56outputs (0major+7846minor)pagefaults 0swaps
    ./fast/regression/consensus/consensus_test.tla
9.61user 3.32system 0:06.91elapsed 187%CPU (0avgtext+0avgdata 35560maxresident)k
200inputs+264outputs (2major+26975minor)pagefaults 0swaps
    ./fast/regression/cooper_instantiation_test.tla
0.12user 0.08system 0:00.21elapsed 100%CPU (0avgtext+0avgdata 21524maxresident)k
24inputs+48outputs (0major+7443minor)pagefaults 0swaps
    ./fast/regression/higher_order_statement_test.tla
forbidden output is present
Command exited with non-zero status 3
0.36user 0.19system 0:00.42elapsed 132%CPU (0avgtext+0avgdata 29196maxresident)k
8inputs+160outputs (0major+23243minor)pagefaults 0swaps
    ./fast/regression/MiniProducerConsumer_test.tla
88.20user 36.51system 1:15.64elapsed 164%CPU (0avgtext+0avgdata 1014948maxresident)k
32inputs+408outputs (0major+269079minor)pagefaults 0swaps
    ./fast/regression/parameterized_instantiation_test.tla
0.10user 0.07system 0:00.16elapsed 113%CPU (0avgtext+0avgdata 25492maxresident)k
40inputs+128outputs (0major+14170minor)pagefaults 0swaps
    ./fast/regression/setEuclid_test.tla
forbidden output is present
Command exited with non-zero status 3
16.12user 11.25system 0:26.52elapsed 103%CPU (0avgtext+0avgdata 31996maxresident)k
72inputs+1208outputs (0major+136963minor)pagefaults 0swaps
    ./fast/regression/smt_domain_check_test.tla
0.16user 0.09system 0:00.21elapsed 120%CPU (0avgtext+0avgdata 29436maxresident)k
32inputs+104outputs (0major+13700minor)pagefaults 0swaps
    ./fast/regression/z3_fingerprint_test.tla
0.25user 0.13system 0:00.35elapsed 110%CPU (0avgtext+0avgdata 25636maxresident)k
24inputs+168outputs (0major+21713minor)pagefaults 0swaps
    ./fast/russell_test.tla
0.24user 0.14system 0:00.22elapsed 169%CPU (0avgtext+0avgdata 25516maxresident)k
64inputs+144outputs (0major+27470minor)pagefaults 0swaps
    ./fast/smt_tests/advanced/functions/bijection_thm_test.tla
0.91user 0.46system 0:00.74elapsed 185%CPU (0avgtext+0avgdata 29868maxresident)k
32inputs+624outputs (0major+105696minor)pagefaults 0swaps
    ./fast/smt_tests/advanced/functions/composition_test.tla
0.16user 0.09system 0:00.23elapsed 110%CPU (0avgtext+0avgdata 27848maxresident)k
32inputs+96outputs (0major+13630minor)pagefaults 0swaps
    ./fast/smt_tests/advanced/functions/identity1_test.tla
0.16user 0.08system 0:00.21elapsed 111%CPU (0avgtext+0avgdata 25508maxresident)k
8inputs+104outputs (0major+13502minor)pagefaults 0swaps
    ./fast/smt_tests/advanced/functions/identity2_test.tla
0.15user 0.09system 0:00.21elapsed 116%CPU (0avgtext+0avgdata 29212maxresident)k
40inputs+112outputs (0major+13673minor)pagefaults 0swaps
    ./fast/smt_tests/advanced/set_theory/cantor1_test.tla
11.96user 13.42system 0:25.26elapsed 100%CPU (0avgtext+0avgdata 30308maxresident)k
16inputs+256outputs (0major+37889minor)pagefaults 0swaps
    ./fast/smt_tests/advanced/set_theory/choice_axiom2_test.tla
10.97user 14.36system 0:25.20elapsed 100%CPU (0avgtext+0avgdata 29636maxresident)k
8inputs+296outputs (0major+38585minor)pagefaults 0swaps
    ./fast/smt_tests/advanced/set_theory/choice_axiom_test.tla
0.19user 0.14system 0:00.17elapsed 202%CPU (0avgtext+0avgdata 30272maxresident)k
40inputs+296outputs (0major+57628minor)pagefaults 0swaps
    ./fast/smt_tests/advanced/set_theory/section_test.tla
11.05user 14.19system 0:25.17elapsed 100%CPU (0avgtext+0avgdata 29728maxresident)k
32inputs+320outputs (0major+38724minor)pagefaults 0swaps
    ./fast/smt_tests/advanced/tuples/tuple_as_function1_test.tla
0.17user 0.11system 0:00.17elapsed 166%CPU (0avgtext+0avgdata 27844maxresident)k
40inputs+320outputs (0major+51580minor)pagefaults 0swaps
    ./fast/smt_tests/advanced/tuples/tuple_as_function2_test.tla
0.20user 0.12system 0:00.18elapsed 175%CPU (0avgtext+0avgdata 29848maxresident)k
40inputs+320outputs (0major+61930minor)pagefaults 0swaps
    ./fast/smt_tests/basic/arith/arith10_test.tla
0.07user 0.04system 0:00.10elapsed 113%CPU (0avgtext+0avgdata 25444maxresident)k
24inputs+88outputs (0major+13446minor)pagefaults 0swaps
    ./fast/smt_tests/basic/arith/arith11_test.tla
0.06user 0.05system 0:00.10elapsed 115%CPU (0avgtext+0avgdata 25416maxresident)k
40inputs+96outputs (0major+13446minor)pagefaults 0swaps
    ./fast/smt_tests/basic/arith/arith12_test.tla
0.07user 0.04system 0:00.10elapsed 114%CPU (0avgtext+0avgdata 27908maxresident)k
24inputs+96outputs (0major+13638minor)pagefaults 0swaps
    ./fast/smt_tests/basic/arith/arith13_test.tla
0.06user 0.04system 0:00.09elapsed 113%CPU (0avgtext+0avgdata 28072maxresident)k
16inputs+96outputs (0major+13606minor)pagefaults 0swaps
    ./fast/smt_tests/basic/arith/arith14_test.tla
0.06user 0.04system 0:00.09elapsed 114%CPU (0avgtext+0avgdata 26556maxresident)k
24inputs+96outputs (0major+13581minor)pagefaults 0swaps
    ./fast/smt_tests/basic/arith/arith15_test.tla
0.07user 0.03system 0:00.09elapsed 113%CPU (0avgtext+0avgdata 25448maxresident)k
40inputs+96outputs (0major+13443minor)pagefaults 0swaps
    ./fast/smt_tests/basic/arith/arith16_test.tla
0.06user 0.03system 0:00.09elapsed 115%CPU (0avgtext+0avgdata 25516maxresident)k
16inputs+96outputs (0major+13463minor)pagefaults 0swaps
    ./fast/smt_tests/basic/arith/arith17_test.tla
0.07user 0.03system 0:00.09elapsed 115%CPU (0avgtext+0avgdata 25516maxresident)k
32inputs+96outputs (0major+13445minor)pagefaults 0swaps
    ./fast/smt_tests/basic/arith/arith18_test.tla
0.05user 0.05system 0:00.09elapsed 113%CPU (0avgtext+0avgdata 25596maxresident)k
32inputs+96outputs (0major+13425minor)pagefaults 0swaps
    ./fast/smt_tests/basic/arith/arith19_test.tla
0.05user 0.04system 0:00.08elapsed 112%CPU (0avgtext+0avgdata 25500maxresident)k
24inputs+96outputs (0major+13489minor)pagefaults 0swaps
    ./fast/smt_tests/basic/arith/arith1_test.tla
0.05user 0.04system 0:00.08elapsed 112%CPU (0avgtext+0avgdata 25444maxresident)k
32inputs+96outputs (0major+13499minor)pagefaults 0swaps
    ./fast/smt_tests/basic/arith/arith2_test.tla
0.06user 0.03system 0:00.08elapsed 114%CPU (0avgtext+0avgdata 25464maxresident)k
16inputs+96outputs (0major+13431minor)pagefaults 0swaps
    ./fast/smt_tests/basic/arith/arith3_test.tla
0.07user 0.03system 0:00.09elapsed 114%CPU (0avgtext+0avgdata 25440maxresident)k
32inputs+96outputs (0major+13497minor)pagefaults 0swaps
    ./fast/smt_tests/basic/arith/arith4_test.tla
0.05user 0.04system 0:00.09elapsed 114%CPU (0avgtext+0avgdata 25420maxresident)k
24inputs+96outputs (0major+13507minor)pagefaults 0swaps
    ./fast/smt_tests/basic/arith/arith5_test.tla
0.07user 0.01system 0:00.08elapsed 113%CPU (0avgtext+0avgdata 25524maxresident)k
32inputs+96outputs (0major+13504minor)pagefaults 0swaps
    ./fast/smt_tests/basic/arith/arith6_test.tla
0.06user 0.02system 0:00.08elapsed 114%CPU (0avgtext+0avgdata 25568maxresident)k
24inputs+96outputs (0major+13461minor)pagefaults 0swaps
    ./fast/smt_tests/basic/arith/arith7_test.tla
0.06user 0.03system 0:00.08elapsed 114%CPU (0avgtext+0avgdata 25388maxresident)k
24inputs+96outputs (0major+13458minor)pagefaults 0swaps
    ./fast/smt_tests/basic/arith/arith8_test.tla
0.06user 0.04system 0:00.09elapsed 114%CPU (0avgtext+0avgdata 25352maxresident)k
40inputs+96outputs (0major+13464minor)pagefaults 0swaps
    ./fast/smt_tests/basic/arith/arith9_test.tla
0.06user 0.03system 0:00.08elapsed 112%CPU (0avgtext+0avgdata 25528maxresident)k
24inputs+96outputs (0major+13463minor)pagefaults 0swaps
    ./fast/smt_tests/basic/epsilon/epsilon1_test.tla
0.05user 0.05system 0:00.09elapsed 115%CPU (0avgtext+0avgdata 28100maxresident)k
40inputs+88outputs (0major+13575minor)pagefaults 0swaps
    ./fast/smt_tests/basic/epsilon/epsilon2_test.tla
0.06user 0.03system 0:00.09elapsed 115%CPU (0avgtext+0avgdata 27840maxresident)k
24inputs+96outputs (0major+13648minor)pagefaults 0swaps
    ./fast/smt_tests/basic/epsilon/epsilon3_test.tla
0.06user 0.03system 0:00.08elapsed 113%CPU (0avgtext+0avgdata 27864maxresident)k
16inputs+96outputs (0major+13586minor)pagefaults 0swaps
    ./fast/smt_tests/basic/epsilon/epsilon4_test.tla
0.04user 0.05system 0:00.08elapsed 114%CPU (0avgtext+0avgdata 27852maxresident)k
8inputs+96outputs (0major+13598minor)pagefaults 0swaps
    ./fast/smt_tests/basic/extensionality/empty_set_ext_test.tla
0.06user 0.03system 0:00.09elapsed 113%CPU (0avgtext+0avgdata 28032maxresident)k
80inputs+88outputs (0major+13567minor)pagefaults 0swaps
    ./fast/smt_tests/basic/extensionality/enum_ext_test.tla
0.06user 0.03system 0:00.08elapsed 113%CPU (0avgtext+0avgdata 28024maxresident)k
32inputs+96outputs (0major+13623minor)pagefaults 0swaps
    ./fast/smt_tests/basic/extensionality/fun_ext_test.tla
0.06user 0.04system 0:00.09elapsed 114%CPU (0avgtext+0avgdata 25492maxresident)k
32inputs+96outputs (0major+13515minor)pagefaults 0swaps
    ./fast/smt_tests/basic/extensionality/set_ext_test.tla
0.06user 0.03system 0:00.08elapsed 115%CPU (0avgtext+0avgdata 29888maxresident)k
24inputs+96outputs (0major+13721minor)pagefaults 0swaps
    ./fast/smt_tests/basic/extensionality/tup_ext_test.tla
0.06user 0.03system 0:00.08elapsed 113%CPU (0avgtext+0avgdata 25392maxresident)k
32inputs+96outputs (0major+13479minor)pagefaults 0swaps
    ./fast/smt_tests/basic/firstorder/firstorder1_test.tla
0.06user 0.03system 0:00.08elapsed 113%CPU (0avgtext+0avgdata 27976maxresident)k
56inputs+88outputs (0major+13624minor)pagefaults 0swaps
    ./fast/smt_tests/basic/firstorder/firstorder1_wproof_test.tla
0.08user 0.04system 0:00.09elapsed 134%CPU (0avgtext+0avgdata 27908maxresident)k
16inputs+136outputs (0major+22979minor)pagefaults 0swaps
    ./fast/smt_tests/basic/firstorder/firstorder2_test.tla
0.07user 0.02system 0:00.08elapsed 113%CPU (0avgtext+0avgdata 28080maxresident)k
32inputs+96outputs (0major+13639minor)pagefaults 0swaps
    ./fast/smt_tests/basic/firstorder/firstorder2_wproof_test.tla
0.08user 0.05system 0:00.10elapsed 132%CPU (0avgtext+0avgdata 28024maxresident)k
32inputs+136outputs (0major+23017minor)pagefaults 0swaps
    ./fast/smt_tests/basic/firstorder/firstorder3_test.tla
0.05user 0.04system 0:00.08elapsed 114%CPU (0avgtext+0avgdata 29560maxresident)k
24inputs+96outputs (0major+13729minor)pagefaults 0swaps
    ./fast/smt_tests/basic/firstorder/firstorder3_wproof_test.tla
0.09user 0.04system 0:00.09elapsed 138%CPU (0avgtext+0avgdata 29700maxresident)k
24inputs+136outputs (0major+23423minor)pagefaults 0swaps
    ./fast/smt_tests/basic/firstorder/firstorder4_test.tla
0.06user 0.04system 0:00.09elapsed 116%CPU (0avgtext+0avgdata 29556maxresident)k
24inputs+96outputs (0major+13699minor)pagefaults 0swaps
    ./fast/smt_tests/basic/firstorder/firstorder4_wproof_test.tla
0.09user 0.05system 0:00.10elapsed 144%CPU (0avgtext+0avgdata 29772maxresident)k
24inputs+152outputs (0major+27958minor)pagefaults 0swaps
    ./fast/smt_tests/basic/firstorder/firstorder5_test.tla
0.06user 0.04system 0:00.09elapsed 115%CPU (0avgtext+0avgdata 29696maxresident)k
16inputs+96outputs (0major+13744minor)pagefaults 0swaps
    ./fast/smt_tests/basic/firstorder/firstorder5_wproof_test.tla
0.08user 0.06system 0:00.10elapsed 145%CPU (0avgtext+0avgdata 28128maxresident)k
8inputs+152outputs (0major+27857minor)pagefaults 0swaps
    ./fast/smt_tests/basic/firstorder/firstorder6_test.tla
0.07user 0.03system 0:00.09elapsed 114%CPU (0avgtext+0avgdata 29584maxresident)k
32inputs+96outputs (0major+13715minor)pagefaults 0swaps
    ./fast/smt_tests/basic/firstorder/firstorder6_wproof_test.tla
0.07user 0.07system 0:00.10elapsed 149%CPU (0avgtext+0avgdata 29724maxresident)k
32inputs+152outputs (0major+28321minor)pagefaults 0swaps
    ./fast/smt_tests/basic/function/function10_test.tla
0.05user 0.04system 0:00.09elapsed 114%CPU (0avgtext+0avgdata 25444maxresident)k
16inputs+88outputs (0major+13513minor)pagefaults 0swaps
    ./fast/smt_tests/basic/function/function11_test.tla
0.06user 0.03system 0:00.09elapsed 112%CPU (0avgtext+0avgdata 27756maxresident)k
16inputs+96outputs (0major+13649minor)pagefaults 0swaps
    ./fast/smt_tests/basic/function/function12_test.tla
11.27user 13.87system 0:25.12elapsed 100%CPU (0avgtext+0avgdata 24752maxresident)k
24inputs+144outputs (0major+14556minor)pagefaults 0swaps
    ./fast/smt_tests/basic/function/function13_test.tla
0.08user 0.04system 0:00.11elapsed 113%CPU (0avgtext+0avgdata 25676maxresident)k
8inputs+96outputs (0major+13489minor)pagefaults 0swaps
    ./fast/smt_tests/basic/function/function14_test.tla
0.08user 0.03system 0:00.10elapsed 115%CPU (0avgtext+0avgdata 27924maxresident)k
8inputs+96outputs (0major+13642minor)pagefaults 0swaps
    ./fast/smt_tests/basic/function/function15_test.tla
0.07user 0.04system 0:00.10elapsed 113%CPU (0avgtext+0avgdata 25508maxresident)k
8inputs+96outputs (0major+13476minor)pagefaults 0swaps
    ./fast/smt_tests/basic/function/function16_test.tla
11.12user 13.99system 0:25.12elapsed 99%CPU (0avgtext+0avgdata 22164maxresident)k
8inputs+144outputs (0major+13875minor)pagefaults 0swaps
    ./fast/smt_tests/basic/function/function17_test.tla
0.10user 0.04system 0:00.12elapsed 114%CPU (0avgtext+0avgdata 29716maxresident)k
8inputs+112outputs (0major+13709minor)pagefaults 0swaps
    ./fast/smt_tests/basic/function/function18_test.tla
0.07user 0.03system 0:00.10elapsed 112%CPU (0avgtext+0avgdata 25432maxresident)k
8inputs+96outputs (0major+13511minor)pagefaults 0swaps
    ./fast/smt_tests/basic/function/function1_test.tla
0.06user 0.04system 0:00.10elapsed 113%CPU (0avgtext+0avgdata 25580maxresident)k
8inputs+96outputs (1major+13474minor)pagefaults 0swaps
    ./fast/smt_tests/basic/function/function20_test.tla
0.08user 0.03system 0:00.10elapsed 113%CPU (0avgtext+0avgdata 25564maxresident)k
8inputs+96outputs (0major+13457minor)pagefaults 0swaps
    ./fast/smt_tests/basic/function/function21_test.tla
0.06user 0.03system 0:00.09elapsed 112%CPU (0avgtext+0avgdata 25584maxresident)k
8inputs+96outputs (0major+13462minor)pagefaults 0swaps
    ./fast/smt_tests/basic/function/function22_test.tla
0.07user 0.03system 0:00.09elapsed 113%CPU (0avgtext+0avgdata 25536maxresident)k
8inputs+96outputs (0major+13461minor)pagefaults 0swaps
    ./fast/smt_tests/basic/function/function23_test.tla
0.06user 0.04system 0:00.09elapsed 113%CPU (0avgtext+0avgdata 29816maxresident)k
8inputs+96outputs (0major+13665minor)pagefaults 0swaps
    ./fast/smt_tests/basic/function/function24_test.tla
0.06user 0.04system 0:00.09elapsed 115%CPU (0avgtext+0avgdata 25560maxresident)k
8inputs+96outputs (0major+13457minor)pagefaults 0swaps
    ./fast/smt_tests/basic/function/function25_test.tla
0.07user 0.03system 0:00.09elapsed 113%CPU (0avgtext+0avgdata 25572maxresident)k
8inputs+96outputs (0major+13486minor)pagefaults 0swaps
    ./fast/smt_tests/basic/function/function26_test.tla
0.07user 0.03system 0:00.09elapsed 115%CPU (0avgtext+0avgdata 25404maxresident)k
8inputs+96outputs (0major+13470minor)pagefaults 0swaps
    ./fast/smt_tests/basic/function/function27_test.tla
0.06user 0.04system 0:00.09elapsed 113%CPU (0avgtext+0avgdata 30008maxresident)k
8inputs+112outputs (0major+13747minor)pagefaults 0swaps
    ./fast/smt_tests/basic/function/function28_test.tla
0.09user 0.02system 0:00.10elapsed 114%CPU (0avgtext+0avgdata 30320maxresident)k
8inputs+112outputs (0major+13739minor)pagefaults 0swaps
    ./fast/smt_tests/basic/function/function29_test.tla
0.06user 0.03system 0:00.09elapsed 113%CPU (0avgtext+0avgdata 25464maxresident)k
8inputs+96outputs (0major+13510minor)pagefaults 0swaps
    ./fast/smt_tests/basic/function/function2_test.tla
0.05user 0.04system 0:00.08elapsed 114%CPU (0avgtext+0avgdata 28028maxresident)k
8inputs+96outputs (0major+13641minor)pagefaults 0swaps
    ./fast/smt_tests/basic/function/function30_test.tla
0.06user 0.03system 0:00.08elapsed 113%CPU (0avgtext+0avgdata 25428maxresident)k
8inputs+96outputs (1major+13512minor)pagefaults 0swaps
    ./fast/smt_tests/basic/function/function3_test.tla
0.09user 0.04system 0:00.11elapsed 127%CPU (0avgtext+0avgdata 29836maxresident)k
8inputs+120outputs (0major+18398minor)pagefaults 0swaps
    ./fast/smt_tests/basic/function/function5_test.tla
0.07user 0.03system 0:00.09elapsed 114%CPU (0avgtext+0avgdata 27832maxresident)k
8inputs+96outputs (0major+13638minor)pagefaults 0swaps
    ./fast/smt_tests/basic/function/function6_test.tla
0.06user 0.04system 0:00.09elapsed 116%CPU (0avgtext+0avgdata 25584maxresident)k
8inputs+96outputs (0major+13481minor)pagefaults 0swaps
    ./fast/smt_tests/basic/function/function7_test.tla
0.05user 0.03system 0:00.08elapsed 113%CPU (0avgtext+0avgdata 25480maxresident)k
8inputs+96outputs (0major+13460minor)pagefaults 0swaps
    ./fast/smt_tests/basic/prop/basic_test.tla
0.06user 0.03system 0:00.08elapsed 114%CPU (0avgtext+0avgdata 25432maxresident)k
8inputs+88outputs (0major+13478minor)pagefaults 0swaps
    ./fast/smt_tests/basic/prop/prop10_test.tla
0.05user 0.04system 0:00.08elapsed 112%CPU (0avgtext+0avgdata 25620maxresident)k
8inputs+96outputs (1major+13483minor)pagefaults 0swaps
    ./fast/smt_tests/basic/prop/prop11_test.tla
0.06user 0.03system 0:00.08elapsed 115%CPU (0avgtext+0avgdata 28036maxresident)k
8inputs+96outputs (0major+13594minor)pagefaults 0swaps
    ./fast/smt_tests/basic/prop/prop12_test.tla
0.06user 0.04system 0:00.09elapsed 113%CPU (0avgtext+0avgdata 27852maxresident)k
8inputs+96outputs (0major+13587minor)pagefaults 0swaps
    ./fast/smt_tests/basic/prop/prop1_test.tla
0.06user 0.02system 0:00.08elapsed 113%CPU (0avgtext+0avgdata 25668maxresident)k
8inputs+96outputs (0major+13451minor)pagefaults 0swaps
    ./fast/smt_tests/basic/prop/prop2_test.tla
0.05user 0.03system 0:00.08elapsed 113%CPU (0avgtext+0avgdata 25336maxresident)k
8inputs+96outputs (0major+13458minor)pagefaults 0swaps
    ./fast/smt_tests/basic/prop/prop3_test.tla
0.06user 0.03system 0:00.08elapsed 113%CPU (0avgtext+0avgdata 25676maxresident)k
8inputs+96outputs (0major+13465minor)pagefaults 0swaps
    ./fast/smt_tests/basic/prop/prop4_test.tla
0.08user 0.02system 0:00.09elapsed 116%CPU (0avgtext+0avgdata 25456maxresident)k
8inputs+96outputs (0major+13491minor)pagefaults 0swaps
    ./fast/smt_tests/basic/prop/prop5_test.tla
0.05user 0.04system 0:00.09elapsed 115%CPU (0avgtext+0avgdata 25496maxresident)k
8inputs+96outputs (0major+13481minor)pagefaults 0swaps
    ./fast/smt_tests/basic/prop/prop6_test.tla
0.06user 0.03system 0:00.08elapsed 112%CPU (0avgtext+0avgdata 25596maxresident)k
8inputs+96outputs (0major+13458minor)pagefaults 0swaps
    ./fast/smt_tests/basic/prop/prop7_test.tla
0.05user 0.04system 0:00.09elapsed 115%CPU (0avgtext+0avgdata 28104maxresident)k
8inputs+96outputs (0major+13576minor)pagefaults 0swaps
    ./fast/smt_tests/basic/prop/prop8_test.tla
0.05user 0.04system 0:00.08elapsed 114%CPU (0avgtext+0avgdata 27868maxresident)k
8inputs+96outputs (0major+13605minor)pagefaults 0swaps
    ./fast/smt_tests/basic/prop/prop9_test.tla
0.06user 0.03system 0:00.08elapsed 113%CPU (0avgtext+0avgdata 25616maxresident)k
8inputs+96outputs (0major+13453minor)pagefaults 0swaps
    ./fast/smt_tests/basic/record/record1_test.tla
0.05user 0.04system 0:00.08elapsed 111%CPU (0avgtext+0avgdata 25512maxresident)k
8inputs+88outputs (0major+13421minor)pagefaults 0swaps
    ./fast/smt_tests/basic/record/record2_test.tla
0.07user 0.02system 0:00.08elapsed 113%CPU (0avgtext+0avgdata 25384maxresident)k
8inputs+96outputs (0major+13501minor)pagefaults 0swaps
    ./fast/smt_tests/basic/record/record3_test.tla
0.06user 0.03system 0:00.08elapsed 112%CPU (0avgtext+0avgdata 25420maxresident)k
8inputs+96outputs (0major+13479minor)pagefaults 0swaps
    ./fast/smt_tests/basic/set/set10_test.tla
0.06user 0.03system 0:00.09elapsed 116%CPU (0avgtext+0avgdata 27852maxresident)k
8inputs+88outputs (0major+13573minor)pagefaults 0swaps
    ./fast/smt_tests/basic/set/set11_test.tla
0.05user 0.04system 0:00.09elapsed 113%CPU (0avgtext+0avgdata 25560maxresident)k
8inputs+96outputs (0major+13463minor)pagefaults 0swaps
    ./fast/smt_tests/basic/set/set12_test.tla
0.06user 0.04system 0:00.09elapsed 111%CPU (0avgtext+0avgdata 25444maxresident)k
8inputs+96outputs (0major+13483minor)pagefaults 0swaps
    ./fast/smt_tests/basic/set/set13_test.tla
0.04user 0.05system 0:00.08elapsed 112%CPU (0avgtext+0avgdata 25532maxresident)k
8inputs+96outputs (0major+13475minor)pagefaults 0swaps
    ./fast/smt_tests/basic/set/set14_test.tla
0.06user 0.03system 0:00.08elapsed 113%CPU (0avgtext+0avgdata 27876maxresident)k
8inputs+96outputs (0major+13579minor)pagefaults 0swaps
    ./fast/smt_tests/basic/set/set15_test.tla
0.06user 0.03system 0:00.08elapsed 113%CPU (0avgtext+0avgdata 25508maxresident)k
8inputs+96outputs (0major+13472minor)pagefaults 0swaps
    ./fast/smt_tests/basic/set/set16_test.tla
0.06user 0.03system 0:00.08elapsed 114%CPU (0avgtext+0avgdata 29636maxresident)k
8inputs+96outputs (0major+13788minor)pagefaults 0swaps
    ./fast/smt_tests/basic/set/set17_test.tla
0.08user 0.01system 0:00.09elapsed 105%CPU (0avgtext+0avgdata 25500maxresident)k
8inputs+96outputs (0major+13459minor)pagefaults 0swaps
    ./fast/smt_tests/basic/set/set18_test.tla
0.05user 0.04system 0:00.08elapsed 116%CPU (0avgtext+0avgdata 29432maxresident)k
8inputs+96outputs (0major+13793minor)pagefaults 0swaps
    ./fast/smt_tests/basic/set/set19_test.tla
0.06user 0.04system 0:00.09elapsed 114%CPU (0avgtext+0avgdata 25628maxresident)k
8inputs+96outputs (0major+13483minor)pagefaults 0swaps
    ./fast/smt_tests/basic/set/set1_test.tla
0.06user 0.03system 0:00.08elapsed 114%CPU (0avgtext+0avgdata 28096maxresident)k
8inputs+96outputs (0major+13561minor)pagefaults 0swaps
    ./fast/smt_tests/basic/set/set2_test.tla
0.05user 0.04system 0:00.08elapsed 115%CPU (0avgtext+0avgdata 25528maxresident)k
8inputs+96outputs (0major+13441minor)pagefaults 0swaps
    ./fast/smt_tests/basic/set/set3_test.tla
0.07user 0.02system 0:00.08elapsed 115%CPU (0avgtext+0avgdata 25568maxresident)k
8inputs+96outputs (0major+13444minor)pagefaults 0swaps
    ./fast/smt_tests/basic/set/set4_test.tla
0.05user 0.03system 0:00.08elapsed 112%CPU (0avgtext+0avgdata 25572maxresident)k
8inputs+96outputs (0major+13458minor)pagefaults 0swaps
    ./fast/smt_tests/basic/set/set5_test.tla
0.07user 0.02system 0:00.08elapsed 113%CPU (0avgtext+0avgdata 25444maxresident)k
8inputs+96outputs (0major+13467minor)pagefaults 0swaps
    ./fast/smt_tests/basic/set/set6_test.tla
0.06user 0.03system 0:00.08elapsed 113%CPU (0avgtext+0avgdata 27960maxresident)k
8inputs+96outputs (0major+13576minor)pagefaults 0swaps
    ./fast/smt_tests/basic/set/set7_test.tla
0.05user 0.04system 0:00.08elapsed 113%CPU (0avgtext+0avgdata 25480maxresident)k
8inputs+96outputs (0major+13465minor)pagefaults 0swaps
    ./fast/smt_tests/basic/set/set8_test.tla
0.07user 0.03system 0:00.09elapsed 113%CPU (0avgtext+0avgdata 27972maxresident)k
8inputs+96outputs (0major+13574minor)pagefaults 0swaps
    ./fast/smt_tests/basic/set/set9_test.tla
0.06user 0.04system 0:00.08elapsed 115%CPU (0avgtext+0avgdata 27856maxresident)k
8inputs+96outputs (0major+13576minor)pagefaults 0swaps
    ./fast/smt_tests/basic/string/strings1_test.tla
0.05user 0.05system 0:00.08elapsed 116%CPU (0avgtext+0avgdata 25456maxresident)k
8inputs+88outputs (0major+13464minor)pagefaults 0swaps
    ./fast/smt_tests/basic/string/strings2_test.tla
0.06user 0.03system 0:00.09elapsed 114%CPU (0avgtext+0avgdata 25460maxresident)k
8inputs+96outputs (0major+13462minor)pagefaults 0swaps
    ./fast/smt_tests/basic/tuple/tuple1_test.tla
0.06user 0.03system 0:00.08elapsed 113%CPU (0avgtext+0avgdata 25436maxresident)k
8inputs+88outputs (0major+13417minor)pagefaults 0swaps
    ./fast/smt_tests/basic/tuple/tuple2_test.tla
0.06user 0.03system 0:00.09elapsed 114%CPU (0avgtext+0avgdata 27896maxresident)k
8inputs+96outputs (0major+13605minor)pagefaults 0swaps
    ./fast/smt_tests/basic/tuple/tuple3_test.tla
0.07user 0.04system 0:00.09elapsed 115%CPU (0avgtext+0avgdata 25392maxresident)k
8inputs+96outputs (0major+13447minor)pagefaults 0swaps
    ./fast/smt_tests/basic/tuple/tuple4_test.tla
0.06user 0.03system 0:00.08elapsed 113%CPU (0avgtext+0avgdata 25444maxresident)k
8inputs+96outputs (0major+13417minor)pagefaults 0swaps
    ./fast/smt_tests/basic/tuple/tuple5_test.tla
0.05user 0.04system 0:00.09elapsed 115%CPU (0avgtext+0avgdata 25620maxresident)k
8inputs+96outputs (0major+13443minor)pagefaults 0swaps
    ./fast/smt_tests/basic/tuple/tuple6_test.tla
0.06user 0.03system 0:00.09elapsed 114%CPU (0avgtext+0avgdata 25676maxresident)k
8inputs+96outputs (0major+13448minor)pagefaults 0swaps
    ./fast/smt_tests/basic/tuple/tuple7_test.tla
0.07user 0.02system 0:00.09elapsed 112%CPU (0avgtext+0avgdata 25516maxresident)k
8inputs+96outputs (0major+13468minor)pagefaults 0swaps
    ./fast/smt_tests/lang/user_ops_test.tla
0.30user 0.05system 0:00.34elapsed 103%CPU (0avgtext+0avgdata 25492maxresident)k
8inputs+136outputs (0major+14619minor)pagefaults 0swaps
    ./fast/smt_tests/negative/one_div_zero_test.tla
2.39user 2.73system 0:05.10elapsed 100%CPU (0avgtext+0avgdata 21536maxresident)k
8inputs+120outputs (0major+13670minor)pagefaults 0swaps
    ./fast/smt_tests/negative/zero_in_one_test.tla
2.27user 2.87system 0:05.13elapsed 100%CPU (0avgtext+0avgdata 21564maxresident)k
8inputs+112outputs (0major+13643minor)pagefaults 0swaps
    ./fast/smt_tests/rewriting_rules/quantifiers_test.tla
0.11user 0.10system 0:00.12elapsed 169%CPU (0avgtext+0avgdata 25620maxresident)k
8inputs+176outputs (0major+36922minor)pagefaults 0swaps
    ./fast/smt_tests/silly_theorems/app_ambiguity_test.tla
0.08user 0.04system 0:00.10elapsed 114%CPU (0avgtext+0avgdata 27864maxresident)k
8inputs+88outputs (0major+13731minor)pagefaults 0swaps
    ./fast/smt_tests/silly_theorems/nonempty_integer_test.tla
0.11user 0.06system 0:00.11elapsed 152%CPU (0avgtext+0avgdata 30592maxresident)k
8inputs+152outputs (0major+28239minor)pagefaults 0swaps
    ./fast/smt_tests/silly_theorems/one_implies_one_test.tla
0.07user 0.04system 0:00.10elapsed 119%CPU (0avgtext+0avgdata 21528maxresident)k
8inputs+96outputs (0major+13370minor)pagefaults 0swaps
    ./fast/smt_tests/silly_theorems/record_as_function_test.tla
0.08user 0.03system 0:00.10elapsed 116%CPU (0avgtext+0avgdata 29504maxresident)k
8inputs+96outputs (1major+13702minor)pagefaults 0swaps
    ./fast/smt_tests/silly_theorems/x_implies_x_test.tla
0.07user 0.03system 0:00.09elapsed 113%CPU (0avgtext+0avgdata 25496maxresident)k
8inputs+96outputs (0major+13428minor)pagefaults 0swaps
    ./medium/regression/select_bug_test.tla
21.98user 28.12system 0:50.10elapsed 99%CPU (0avgtext+0avgdata 21480maxresident)k
8inputs+128outputs (0major+9465minor)pagefaults 0swaps
    ./medium/regression/snapshot/GFX_test.tla
forbidden output is present
Command exited with non-zero status 3
227.82user 32.66system 3:01.09elapsed 143%CPU (0avgtext+0avgdata 1018884maxresident)k
2216inputs+18984outputs (32major+1860257minor)pagefaults 0swaps
    ./medium/regression/snapshot/SnapShot_test.tla
forbidden output is present
Command exited with non-zero status 3
480.17user 9.49system 7:51.32elapsed 103%CPU (0avgtext+0avgdata 370192maxresident)k
305000inputs+42656outputs (2069major+3079138minor)pagefaults 0swaps
    ./original/fast/basic/cvc3_false_test.tla
0.06user 0.02system 0:00.09elapsed 93%CPU (0avgtext+0avgdata 21456maxresident)k
13952inputs+88outputs (51major+8530minor)pagefaults 0swaps
    ./original/fast/basic/isa_false_test.tla
0.06user 0.00system 0:00.07elapsed 101%CPU (0avgtext+0avgdata 21384maxresident)k
344inputs+96outputs (0major+8488minor)pagefaults 0swaps
    ./original/fast/basic/isa_true_test.tla
forbidden output is present
Command exited with non-zero status 3
0.04user 0.02system 0:00.07elapsed 101%CPU (0avgtext+0avgdata 21324maxresident)k
288inputs+96outputs (0major+8429minor)pagefaults 0swaps
    ./original/fast/basic/nonexistent_test.tla
0.04user 0.01system 0:00.05elapsed 98%CPU (0avgtext+0avgdata 21392maxresident)k
64inputs+56outputs (0major+7355minor)pagefaults 0swaps
    ./original/fast/basic/smt_arith_test.tla
0.06user 0.03system 0:00.08elapsed 111%CPU (0avgtext+0avgdata 25716maxresident)k
80inputs+104outputs (0major+13468minor)pagefaults 0swaps
    ./original/fast/basic/smt_false_test.tla
0.06user 0.03system 0:00.08elapsed 115%CPU (0avgtext+0avgdata 25684maxresident)k
56inputs+104outputs (0major+13486minor)pagefaults 0swaps
    ./original/fast/basic/tab_character_test.tla
0.03user 0.00system 0:00.05elapsed 71%CPU (0avgtext+0avgdata 10228maxresident)k
8inputs+16outputs (0major+2068minor)pagefaults 0swaps
    ./original/fast/basic/true_test.tla
0.06user 0.03system 0:00.08elapsed 111%CPU (0avgtext+0avgdata 25656maxresident)k
192inputs+104outputs (0major+13474minor)pagefaults 0swaps
    ./original/fast/basic/z3_arith_test.tla
0.06user 0.03system 0:00.08elapsed 113%CPU (0avgtext+0avgdata 25504maxresident)k
64inputs+104outputs (0major+13474minor)pagefaults 0swaps
    ./original/fast/basic/z3_false_test.tla
0.06user 0.03system 0:00.08elapsed 113%CPU (0avgtext+0avgdata 25676maxresident)k
56inputs+104outputs (0major+13496minor)pagefaults 0swaps
    ./original/fast/basic/zen_false_test.tla
0.07user 0.02system 0:00.08elapsed 118%CPU (0avgtext+0avgdata 21436maxresident)k
40inputs+104outputs (0major+12990minor)pagefaults 0swaps
    ./original/fast/basic/zen_true_test.tla
0.05user 0.04system 0:00.08elapsed 119%CPU (0avgtext+0avgdata 21520maxresident)k
56inputs+104outputs (0major+13032minor)pagefaults 0swaps
    ./original/fast/enabled_cdot/Cdot_test.tla
0.10user 0.05system 0:00.08elapsed 183%CPU (0avgtext+0avgdata 23272maxresident)k
304inputs+184outputs (0major+27041minor)pagefaults 0swaps
    ./original/fast/enabled_cdot/ENABLEDaxioms_test.tla
0.39user 0.39system 0:00.28elapsed 274%CPU (0avgtext+0avgdata 28364maxresident)k
144inputs+984outputs (0major+211098minor)pagefaults 0swaps
    ./original/fast/enabled_cdot/ENABLED_INSTANCE_nullary_op_test.tla
0.08user 0.07system 0:00.13elapsed 123%CPU (0avgtext+0avgdata 29808maxresident)k
120inputs+160outputs (0major+18993minor)pagefaults 0swaps
    ./original/fast/enabled_cdot/ENABLED_INSTANCE_nullary_op_two_vars_test.tla
forbidden output is present
Command exited with non-zero status 3
0.10user 0.05system 0:00.12elapsed 124%CPU (0avgtext+0avgdata 29868maxresident)k
72inputs+168outputs (0major+18988minor)pagefaults 0swaps
    ./original/fast/enabled_cdot/ENABLED_INSTANCE_op_with_args_test.tla
forbidden output is present
Command exited with non-zero status 3
0.09user 0.05system 0:00.11elapsed 124%CPU (0avgtext+0avgdata 29936maxresident)k
72inputs+168outputs (1major+19007minor)pagefaults 0swaps
    ./original/fast/enabled_cdot/Enabled_test.tla
0.38user 0.28system 0:00.22elapsed 301%CPU (0avgtext+0avgdata 29856maxresident)k
64inputs+624outputs (1major+132803minor)pagefaults 0swaps
    ./original/fast/enabled_cdot/ExpandENABLED_LET_test.tla
0.08user 0.03system 0:00.10elapsed 118%CPU (0avgtext+0avgdata 21584maxresident)k
40inputs+104outputs (0major+13059minor)pagefaults 0swaps
    ./original/fast/enabled_cdot/ExpandOnlyCdot_test.tla
0.05user 0.02system 0:00.08elapsed 102%CPU (0avgtext+0avgdata 21380maxresident)k
72inputs+88outputs (0major+8486minor)pagefaults 0swaps
    ./original/fast/enabled_cdot/ExpandOnlyENABLED_test.tla
0.06user 0.02system 0:00.08elapsed 102%CPU (0avgtext+0avgdata 21464maxresident)k
64inputs+88outputs (0major+8415minor)pagefaults 0swaps
    ./original/fast/enabled_cdot/Level_of_parametric_INSTANCE_test.tla
0.07user 0.06system 0:00.11elapsed 124%CPU (0avgtext+0avgdata 25732maxresident)k
312inputs+120outputs (1major+17828minor)pagefaults 0swaps
    ./original/fast/enabled_cdot/Level_test.tla
0.09user 0.04system 0:00.12elapsed 112%CPU (0avgtext+0avgdata 21504maxresident)k
48inputs+144outputs (0major+13694minor)pagefaults 0swaps
    ./original/fast/enabled_cdot/NestedCdot_test.tla
0.12user 0.07system 0:00.10elapsed 186%CPU (0avgtext+0avgdata 25012maxresident)k
40inputs+168outputs (0major+27806minor)pagefaults 0swaps
    ./original/fast/enabled_cdot/NestedENABLED_from_AutoUSE_test.tla
forbidden output is present
Command exited with non-zero status 3
0.06user 0.02system 0:00.08elapsed 102%CPU (0avgtext+0avgdata 21372maxresident)k
48inputs+104outputs (0major+8494minor)pagefaults 0swaps
    ./original/fast/enabled_cdot/NestedENABLED_test.tla
0.09user 0.06system 0:00.10elapsed 146%CPU (0avgtext+0avgdata 22460maxresident)k
72inputs+160outputs (0major+22646minor)pagefaults 0swaps
    ./original/fast/fingerprint/FingerprintVariablesParameters_test.tla
required error output is missing
Command exited with non-zero status 3
0.08user 0.04system 0:00.12elapsed 100%CPU (0avgtext+0avgdata 21380maxresident)k
80inputs+104outputs (0major+14626minor)pagefaults 0swaps
    ./original/fast/language/EXCEPTMultipleBrackets_test.tla
0.07user 0.05system 0:00.08elapsed 140%CPU (0avgtext+0avgdata 25692maxresident)k
64inputs+104outputs (0major+22077minor)pagefaults 0swaps
    ./original/fast/language/EXTENDS_in_submodule_test.tla
0.04user 0.03system 0:00.07elapsed 100%CPU (0avgtext+0avgdata 21436maxresident)k
136inputs+128outputs (0major+9136minor)pagefaults 0swaps
    ./original/fast/language/INSTANCE_inside_LET_fingerprint_test.tla
0.06user 0.04system 0:00.09elapsed 113%CPU (0avgtext+0avgdata 25740maxresident)k
64inputs+144outputs (0major+14213minor)pagefaults 0swaps
    ./original/fast/language/INSTANCE_inside_LET_test.tla
0.07user 0.03system 0:00.09elapsed 112%CPU (0avgtext+0avgdata 25640maxresident)k
56inputs+144outputs (0major+14230minor)pagefaults 0swaps
    ./original/fast/language/INSTANCE_shift_due_to_omitted_modunits_test.tla
0.05user 0.02system 0:00.07elapsed 102%CPU (0avgtext+0avgdata 21380maxresident)k
72inputs+136outputs (0major+9118minor)pagefaults 0swaps
    ./original/fast/language/Operators_test.tla
0.07user 0.04system 0:00.09elapsed 121%CPU (0avgtext+0avgdata 25612maxresident)k
40inputs+88outputs (0major+17515minor)pagefaults 0swaps
    ./original/fast/language/SubrefLL_test.tla
0.55user 0.32system 0:00.41elapsed 208%CPU (0avgtext+0avgdata 25780maxresident)k
96inputs+896outputs (0major+202603minor)pagefaults 0swaps
    ./original/fast/language/Subref_test.tla
0.53user 0.29system 0:00.20elapsed 396%CPU (0avgtext+0avgdata 25632maxresident)k
48inputs+832outputs (0major+124127minor)pagefaults 0swaps
    ./original/fast/language/WFTRUE_test.tla
forbidden output is present
Command exited with non-zero status 3
0.06user 0.01system 0:00.08elapsed 100%CPU (0avgtext+0avgdata 21420maxresident)k
216inputs+64outputs (0major+7867minor)pagefaults 0swaps
    ./original/fast/regression/consensus/consensus_test.tla
2.65user 0.84system 0:01.89elapsed 184%CPU (0avgtext+0avgdata 35744maxresident)k
656inputs+296outputs (0major+26920minor)pagefaults 0swaps
    ./original/fast/regression/cooper_instantiation_test.tla
0.04user 0.02system 0:00.07elapsed 101%CPU (0avgtext+0avgdata 21440maxresident)k
48inputs+56outputs (0major+7486minor)pagefaults 0swaps
    ./original/fast/regression/higher_order_statement_test.tla
forbidden output is present
Command exited with non-zero status 3
0.11user 0.06system 0:00.13elapsed 133%CPU (0avgtext+0avgdata 29560maxresident)k
96inputs+176outputs (0major+23235minor)pagefaults 0swaps
    ./original/fast/regression/MiniProducerConsumer_test.tla
88.18user 36.65system 1:15.18elapsed 166%CPU (0avgtext+0avgdata 1015064maxresident)k
56inputs+424outputs (0major+269124minor)pagefaults 0swaps
    ./original/fast/regression/parameterized_instantiation_test.tla
0.09user 0.05system 0:00.13elapsed 112%CPU (0avgtext+0avgdata 25536maxresident)k
400inputs+152outputs (0major+14174minor)pagefaults 0swaps
    ./original/fast/regression/setEuclid_test.tla
forbidden output is present
Command exited with non-zero status 3
14.78user 12.01system 0:26.15elapsed 102%CPU (0avgtext+0avgdata 32008maxresident)k
120inputs+1224outputs (0major+136847minor)pagefaults 0swaps
    ./original/fast/regression/smt_domain_check_test.tla
0.09user 0.04system 0:00.12elapsed 115%CPU (0avgtext+0avgdata 29536maxresident)k
56inputs+112outputs (0major+13709minor)pagefaults 0swaps
    ./original/fast/regression/z3_fingerprint_test.tla
0.12user 0.05system 0:00.17elapsed 102%CPU (0avgtext+0avgdata 21452maxresident)k
40inputs+160outputs (0major+16694minor)pagefaults 0swaps
    ./original/fast/russell_test.tla
0.11user 0.07system 0:00.12elapsed 153%CPU (0avgtext+0avgdata 25580maxresident)k
88inputs+160outputs (0major+27457minor)pagefaults 0swaps
    ./original/fast/smt_tests/advanced/functions/bijection_thm_test.tla
0.39user 0.19system 0:00.32elapsed 178%CPU (0avgtext+0avgdata 30076maxresident)k
120inputs+640outputs (0major+105613minor)pagefaults 0swaps
    ./original/fast/smt_tests/advanced/functions/composition_test.tla
0.07user 0.04system 0:00.10elapsed 113%CPU (0avgtext+0avgdata 27936maxresident)k
56inputs+104outputs (0major+13644minor)pagefaults 0swaps
    ./original/fast/smt_tests/advanced/functions/identity1_test.tla
0.07user 0.04system 0:00.10elapsed 112%CPU (0avgtext+0avgdata 25672maxresident)k
56inputs+112outputs (0major+13498minor)pagefaults 0swaps
    ./original/fast/smt_tests/advanced/functions/identity2_test.tla
0.06user 0.05system 0:00.10elapsed 114%CPU (0avgtext+0avgdata 29468maxresident)k
48inputs+120outputs (0major+13686minor)pagefaults 0swaps
    ./original/fast/smt_tests/advanced/set_theory/cantor1_test.tla
10.94user 14.26system 0:25.14elapsed 100%CPU (0avgtext+0avgdata 30528maxresident)k
120inputs+264outputs (0major+37934minor)pagefaults 0swaps
    ./original/fast/smt_tests/advanced/set_theory/choice_axiom2_test.tla
10.95user 14.29system 0:25.16elapsed 100%CPU (0avgtext+0avgdata 29828maxresident)k
72inputs+304outputs (0major+38649minor)pagefaults 0swaps
    ./original/fast/smt_tests/advanced/set_theory/choice_axiom_test.tla
0.21user 0.13system 0:00.17elapsed 198%CPU (0avgtext+0avgdata 30768maxresident)k
72inputs+304outputs (0major+57668minor)pagefaults 0swaps
    ./original/fast/smt_tests/advanced/set_theory/section_test.tla
11.35user 13.90system 0:25.16elapsed 100%CPU (0avgtext+0avgdata 30096maxresident)k
40inputs+328outputs (0major+38691minor)pagefaults 0swaps
    ./original/fast/smt_tests/advanced/tuples/tuple_as_function1_test.tla
0.18user 0.11system 0:00.18elapsed 164%CPU (0avgtext+0avgdata 30028maxresident)k
96inputs+336outputs (0major+51585minor)pagefaults 0swaps
    ./original/fast/smt_tests/advanced/tuples/tuple_as_function2_test.tla
0.21user 0.12system 0:00.19elapsed 177%CPU (0avgtext+0avgdata 30060maxresident)k
48inputs+336outputs (0major+61910minor)pagefaults 0swaps
    ./original/fast/smt_tests/basic/arith/arith10_test.tla
0.07user 0.04system 0:00.10elapsed 111%CPU (0avgtext+0avgdata 25676maxresident)k
104inputs+104outputs (0major+13465minor)pagefaults 0swaps
    ./original/fast/smt_tests/basic/arith/arith11_test.tla
0.08user 0.02system 0:00.10elapsed 111%CPU (0avgtext+0avgdata 25592maxresident)k
80inputs+104outputs (0major+13459minor)pagefaults 0swaps
    ./original/fast/smt_tests/basic/arith/arith12_test.tla
0.07user 0.04system 0:00.09elapsed 115%CPU (0avgtext+0avgdata 28316maxresident)k
40inputs+104outputs (0major+13629minor)pagefaults 0swaps
    ./original/fast/smt_tests/basic/arith/arith13_test.tla
0.06user 0.04system 0:00.09elapsed 114%CPU (0avgtext+0avgdata 28204maxresident)k
56inputs+104outputs (0major+13627minor)pagefaults 0swaps
    ./original/fast/smt_tests/basic/arith/arith14_test.tla
0.07user 0.04system 0:00.10elapsed 114%CPU (0avgtext+0avgdata 26716maxresident)k
48inputs+104outputs (0major+13597minor)pagefaults 0swaps
    ./original/fast/smt_tests/basic/arith/arith15_test.tla
0.06user 0.03system 0:00.08elapsed 112%CPU (0avgtext+0avgdata 25640maxresident)k
48inputs+104outputs (0major+13457minor)pagefaults 0swaps
    ./original/fast/smt_tests/basic/arith/arith16_test.tla
0.07user 0.03system 0:00.09elapsed 112%CPU (0avgtext+0avgdata 25668maxresident)k
48inputs+104outputs (0major+13463minor)pagefaults 0swaps
    ./original/fast/smt_tests/basic/arith/arith17_test.tla
0.06user 0.03system 0:00.09elapsed 112%CPU (0avgtext+0avgdata 25576maxresident)k
56inputs+104outputs (0major+13431minor)pagefaults 0swaps
    ./original/fast/smt_tests/basic/arith/arith18_test.tla
0.06user 0.04system 0:00.09elapsed 116%CPU (0avgtext+0avgdata 25604maxresident)k
40inputs+104outputs (0major+13423minor)pagefaults 0swaps
    ./original/fast/smt_tests/basic/arith/arith19_test.tla
0.06user 0.03system 0:00.08elapsed 112%CPU (0avgtext+0avgdata 25840maxresident)k
64inputs+104outputs (0major+13498minor)pagefaults 0swaps
    ./original/fast/smt_tests/basic/arith/arith1_test.tla
0.05user 0.04system 0:00.09elapsed 114%CPU (0avgtext+0avgdata 25676maxresident)k
56inputs+104outputs (1major+13501minor)pagefaults 0swaps
    ./original/fast/smt_tests/basic/arith/arith2_test.tla
0.05user 0.05system 0:00.09elapsed 112%CPU (0avgtext+0avgdata 25644maxresident)k
328inputs+104outputs (0major+13443minor)pagefaults 0swaps
    ./original/fast/smt_tests/basic/arith/arith3_test.tla
0.07user 0.01system 0:00.08elapsed 113%CPU (0avgtext+0avgdata 25792maxresident)k
32inputs+104outputs (0major+13501minor)pagefaults 0swaps
    ./original/fast/smt_tests/basic/arith/arith4_test.tla
0.06user 0.03system 0:00.08elapsed 112%CPU (0avgtext+0avgdata 25576maxresident)k
40inputs+104outputs (0major+13493minor)pagefaults 0swaps
    ./original/fast/smt_tests/basic/arith/arith5_test.tla
0.05user 0.05system 0:00.10elapsed 102%CPU (0avgtext+0avgdata 25692maxresident)k
40inputs+104outputs (0major+13480minor)pagefaults 0swaps
    ./original/fast/smt_tests/basic/arith/arith6_test.tla
0.06user 0.03system 0:00.09elapsed 114%CPU (0avgtext+0avgdata 25592maxresident)k
56inputs+104outputs (0major+13469minor)pagefaults 0swaps
    ./original/fast/smt_tests/basic/arith/arith7_test.tla
0.07user 0.03system 0:00.09elapsed 114%CPU (0avgtext+0avgdata 25628maxresident)k
48inputs+104outputs (0major+13473minor)pagefaults 0swaps
    ./original/fast/smt_tests/basic/arith/arith8_test.tla
0.07user 0.03system 0:00.09elapsed 114%CPU (0avgtext+0avgdata 25636maxresident)k
40inputs+104outputs (1major+13486minor)pagefaults 0swaps
    ./original/fast/smt_tests/basic/arith/arith9_test.tla
0.06user 0.03system 0:00.09elapsed 111%CPU (0avgtext+0avgdata 25640maxresident)k
40inputs+104outputs (0major+13472minor)pagefaults 0swaps
    ./original/fast/smt_tests/basic/epsilon/epsilon1_test.tla
0.07user 0.04system 0:00.10elapsed 115%CPU (0avgtext+0avgdata 28052maxresident)k
96inputs+104outputs (0major+13601minor)pagefaults 0swaps
    ./original/fast/smt_tests/basic/epsilon/epsilon2_test.tla
0.06user 0.04system 0:00.09elapsed 113%CPU (0avgtext+0avgdata 28164maxresident)k
48inputs+104outputs (0major+13668minor)pagefaults 0swaps
    ./original/fast/smt_tests/basic/epsilon/epsilon3_test.tla
0.06user 0.03system 0:00.09elapsed 114%CPU (0avgtext+0avgdata 28012maxresident)k
48inputs+104outputs (0major+13606minor)pagefaults 0swaps
    ./original/fast/smt_tests/basic/epsilon/epsilon4_test.tla
0.06user 0.03system 0:00.09elapsed 113%CPU (0avgtext+0avgdata 28032maxresident)k
64inputs+104outputs (0major+13592minor)pagefaults 0swaps
    ./original/fast/smt_tests/basic/extensionality/empty_set_ext_test.tla
0.06user 0.03system 0:00.09elapsed 112%CPU (0avgtext+0avgdata 28288maxresident)k
88inputs+104outputs (0major+13588minor)pagefaults 0swaps
    ./original/fast/smt_tests/basic/extensionality/enum_ext_test.tla
0.06user 0.03system 0:00.08elapsed 114%CPU (0avgtext+0avgdata 28264maxresident)k
40inputs+104outputs (0major+13651minor)pagefaults 0swaps
    ./original/fast/smt_tests/basic/extensionality/fun_ext_test.tla
0.06user 0.04system 0:00.09elapsed 112%CPU (0avgtext+0avgdata 25572maxresident)k
40inputs+104outputs (0major+13514minor)pagefaults 0swaps
    ./original/fast/smt_tests/basic/extensionality/set_ext_test.tla
0.08user 0.02system 0:00.10elapsed 104%CPU (0avgtext+0avgdata 30280maxresident)k
56inputs+104outputs (0major+13729minor)pagefaults 0swaps
    ./original/fast/smt_tests/basic/extensionality/tup_ext_test.tla
0.06user 0.04system 0:00.09elapsed 113%CPU (0avgtext+0avgdata 25528maxresident)k
296inputs+104outputs (0major+13496minor)pagefaults 0swaps
    ./original/fast/smt_tests/basic/firstorder/firstorder1_test.tla
0.06user 0.03system 0:00.09elapsed 111%CPU (0avgtext+0avgdata 28292maxresident)k
104inputs+104outputs (0major+13620minor)pagefaults 0swaps
    ./original/fast/smt_tests/basic/firstorder/firstorder1_wproof_test.tla
0.09user 0.04system 0:00.10elapsed 133%CPU (0avgtext+0avgdata 28044maxresident)k
56inputs+144outputs (0major+23002minor)pagefaults 0swaps
    ./original/fast/smt_tests/basic/firstorder/firstorder2_test.tla
0.06user 0.04system 0:00.09elapsed 114%CPU (0avgtext+0avgdata 28028maxresident)k
40inputs+104outputs (0major+13629minor)pagefaults 0swaps
    ./original/fast/smt_tests/basic/firstorder/firstorder2_wproof_test.tla
0.08user 0.04system 0:00.09elapsed 134%CPU (0avgtext+0avgdata 28448maxresident)k
48inputs+144outputs (0major+23012minor)pagefaults 0swaps
    ./original/fast/smt_tests/basic/firstorder/firstorder3_test.tla
0.05user 0.05system 0:00.09elapsed 113%CPU (0avgtext+0avgdata 29984maxresident)k
72inputs+104outputs (0major+13742minor)pagefaults 0swaps
    ./original/fast/smt_tests/basic/firstorder/firstorder3_wproof_test.tla
0.08user 0.05system 0:00.10elapsed 137%CPU (0avgtext+0avgdata 29568maxresident)k
56inputs+144outputs (0major+23407minor)pagefaults 0swaps
    ./original/fast/smt_tests/basic/firstorder/firstorder4_test.tla
0.06user 0.04system 0:00.09elapsed 115%CPU (0avgtext+0avgdata 29876maxresident)k
56inputs+104outputs (0major+13712minor)pagefaults 0swaps
    ./original/fast/smt_tests/basic/firstorder/firstorder4_wproof_test.tla
0.10user 0.04system 0:00.10elapsed 145%CPU (0avgtext+0avgdata 30156maxresident)k
296inputs+160outputs (0major+27944minor)pagefaults 0swaps
    ./original/fast/smt_tests/basic/firstorder/firstorder5_test.tla
0.05user 0.04system 0:00.09elapsed 114%CPU (0avgtext+0avgdata 29840maxresident)k
568inputs+104outputs (0major+13743minor)pagefaults 0swaps
    ./original/fast/smt_tests/basic/firstorder/firstorder5_wproof_test.tla
0.08user 0.07system 0:00.10elapsed 142%CPU (0avgtext+0avgdata 28028maxresident)k
320inputs+160outputs (0major+27878minor)pagefaults 0swaps
    ./original/fast/smt_tests/basic/firstorder/firstorder6_test.tla
0.07user 0.04system 0:00.09elapsed 115%CPU (0avgtext+0avgdata 29688maxresident)k
48inputs+104outputs (0major+13729minor)pagefaults 0swaps
    ./original/fast/smt_tests/basic/firstorder/firstorder6_wproof_test.tla
0.09user 0.07system 0:00.11elapsed 148%CPU (0avgtext+0avgdata 29984maxresident)k
48inputs+160outputs (0major+28332minor)pagefaults 0swaps
    ./original/fast/smt_tests/basic/function/function10_test.tla
0.05user 0.04system 0:00.09elapsed 111%CPU (0avgtext+0avgdata 25660maxresident)k
96inputs+104outputs (0major+13517minor)pagefaults 0swaps
    ./original/fast/smt_tests/basic/function/function11_test.tla
0.06user 0.04system 0:00.09elapsed 114%CPU (0avgtext+0avgdata 28000maxresident)k
40inputs+104outputs (0major+13650minor)pagefaults 0swaps
    ./original/fast/smt_tests/basic/function/function12_test.tla
11.00user 14.13system 0:25.11elapsed 100%CPU (0avgtext+0avgdata 24752maxresident)k
56inputs+152outputs (0major+14566minor)pagefaults 0swaps
    ./original/fast/smt_tests/basic/function/function13_test.tla
0.08user 0.03system 0:00.10elapsed 111%CPU (0avgtext+0avgdata 25640maxresident)k
88inputs+104outputs (0major+13490minor)pagefaults 0swaps
    ./original/fast/smt_tests/basic/function/function14_test.tla
0.06user 0.05system 0:00.10elapsed 114%CPU (0avgtext+0avgdata 28152maxresident)k
56inputs+104outputs (0major+13650minor)pagefaults 0swaps
    ./original/fast/smt_tests/basic/function/function15_test.tla
0.08user 0.03system 0:00.10elapsed 112%CPU (0avgtext+0avgdata 25672maxresident)k
32inputs+104outputs (0major+13483minor)pagefaults 0swaps
    ./original/fast/smt_tests/basic/function/function16_test.tla
10.94user 14.20system 0:25.12elapsed 100%CPU (0avgtext+0avgdata 22048maxresident)k
64inputs+152outputs (0major+13849minor)pagefaults 0swaps
    ./original/fast/smt_tests/basic/function/function17_test.tla
0.10user 0.04system 0:00.12elapsed 113%CPU (0avgtext+0avgdata 30048maxresident)k
72inputs+120outputs (0major+13726minor)pagefaults 0swaps
    ./original/fast/smt_tests/basic/function/function18_test.tla
0.08user 0.03system 0:00.10elapsed 113%CPU (0avgtext+0avgdata 25768maxresident)k
48inputs+104outputs (0major+13513minor)pagefaults 0swaps
    ./original/fast/smt_tests/basic/function/function1_test.tla
0.07user 0.03system 0:00.10elapsed 111%CPU (0avgtext+0avgdata 25644maxresident)k
56inputs+104outputs (0major+13476minor)pagefaults 0swaps
    ./original/fast/smt_tests/basic/function/function20_test.tla
0.06user 0.04system 0:00.09elapsed 113%CPU (0avgtext+0avgdata 25524maxresident)k
328inputs+104outputs (0major+13480minor)pagefaults 0swaps
    ./original/fast/smt_tests/basic/function/function21_test.tla
0.06user 0.04system 0:00.09elapsed 113%CPU (0avgtext+0avgdata 25544maxresident)k
40inputs+104outputs (0major+13478minor)pagefaults 0swaps
    ./original/fast/smt_tests/basic/function/function22_test.tla
0.06user 0.03system 0:00.09elapsed 113%CPU (0avgtext+0avgdata 25676maxresident)k
56inputs+104outputs (0major+13456minor)pagefaults 0swaps
    ./original/fast/smt_tests/basic/function/function23_test.tla
0.07user 0.03system 0:00.09elapsed 113%CPU (0avgtext+0avgdata 29964maxresident)k
40inputs+112outputs (0major+13657minor)pagefaults 0swaps
    ./original/fast/smt_tests/basic/function/function24_test.tla
0.08user 0.04system 0:00.10elapsed 114%CPU (0avgtext+0avgdata 25836maxresident)k
48inputs+104outputs (0major+13478minor)pagefaults 0swaps
    ./original/fast/smt_tests/basic/function/function25_test.tla
0.06user 0.03system 0:00.09elapsed 113%CPU (0avgtext+0avgdata 25608maxresident)k
40inputs+104outputs (0major+13475minor)pagefaults 0swaps
    ./original/fast/smt_tests/basic/function/function26_test.tla
0.05user 0.04system 0:00.09elapsed 112%CPU (0avgtext+0avgdata 25552maxresident)k
56inputs+104outputs (0major+13474minor)pagefaults 0swaps
    ./original/fast/smt_tests/basic/function/function27_test.tla
0.08user 0.03system 0:00.10elapsed 113%CPU (0avgtext+0avgdata 30324maxresident)k
56inputs+120outputs (0major+13756minor)pagefaults 0swaps
    ./original/fast/smt_tests/basic/function/function28_test.tla
0.08user 0.03system 0:00.10elapsed 113%CPU (0avgtext+0avgdata 30572maxresident)k
40inputs+120outputs (0major+13743minor)pagefaults 0swaps
    ./original/fast/smt_tests/basic/function/function29_test.tla
0.08user 0.03system 0:00.09elapsed 115%CPU (0avgtext+0avgdata 25644maxresident)k
32inputs+104outputs (0major+13507minor)pagefaults 0swaps
    ./original/fast/smt_tests/basic/function/function2_test.tla
0.07user 0.02system 0:00.08elapsed 115%CPU (0avgtext+0avgdata 27884maxresident)k
64inputs+104outputs (0major+13623minor)pagefaults 0swaps
    ./original/fast/smt_tests/basic/function/function30_test.tla
0.06user 0.03system 0:00.09elapsed 113%CPU (0avgtext+0avgdata 25608maxresident)k
40inputs+104outputs (0major+13531minor)pagefaults 0swaps
    ./original/fast/smt_tests/basic/function/function3_test.tla
0.09user 0.05system 0:00.11elapsed 127%CPU (0avgtext+0avgdata 29828maxresident)k
48inputs+128outputs (0major+18419minor)pagefaults 0swaps
    ./original/fast/smt_tests/basic/function/function5_test.tla
0.07user 0.04system 0:00.09elapsed 114%CPU (0avgtext+0avgdata 28036maxresident)k
56inputs+104outputs (0major+13647minor)pagefaults 0swaps
    ./original/fast/smt_tests/basic/function/function6_test.tla
0.07user 0.02system 0:00.09elapsed 111%CPU (0avgtext+0avgdata 25804maxresident)k
56inputs+104outputs (0major+13477minor)pagefaults 0swaps
    ./original/fast/smt_tests/basic/function/function7_test.tla
0.05user 0.03system 0:00.08elapsed 112%CPU (0avgtext+0avgdata 25552maxresident)k
40inputs+104outputs (0major+13462minor)pagefaults 0swaps
    ./original/fast/smt_tests/basic/prop/basic_test.tla
0.06user 0.03system 0:00.09elapsed 112%CPU (0avgtext+0avgdata 25696maxresident)k
88inputs+104outputs (0major+13467minor)pagefaults 0swaps
    ./original/fast/smt_tests/basic/prop/prop10_test.tla
0.04user 0.05system 0:00.08elapsed 112%CPU (0avgtext+0avgdata 25604maxresident)k
56inputs+104outputs (0major+13492minor)pagefaults 0swaps
    ./original/fast/smt_tests/basic/prop/prop11_test.tla
0.06user 0.03system 0:00.09elapsed 115%CPU (0avgtext+0avgdata 28296maxresident)k
32inputs+104outputs (0major+13590minor)pagefaults 0swaps
    ./original/fast/smt_tests/basic/prop/prop12_test.tla
0.06user 0.03system 0:00.09elapsed 114%CPU (0avgtext+0avgdata 28120maxresident)k
40inputs+104outputs (0major+13613minor)pagefaults 0swaps
    ./original/fast/smt_tests/basic/prop/prop1_test.tla
0.06user 0.03system 0:00.09elapsed 112%CPU (0avgtext+0avgdata 25548maxresident)k
48inputs+104outputs (0major+13476minor)pagefaults 0swaps
    ./original/fast/smt_tests/basic/prop/prop2_test.tla
0.06user 0.03system 0:00.08elapsed 113%CPU (0avgtext+0avgdata 25668maxresident)k
32inputs+104outputs (0major+13461minor)pagefaults 0swaps
    ./original/fast/smt_tests/basic/prop/prop3_test.tla
0.06user 0.03system 0:00.08elapsed 112%CPU (0avgtext+0avgdata 25740maxresident)k
40inputs+104outputs (0major+13482minor)pagefaults 0swaps
    ./original/fast/smt_tests/basic/prop/prop4_test.tla
0.06user 0.03system 0:00.08elapsed 112%CPU (0avgtext+0avgdata 25540maxresident)k
48inputs+104outputs (0major+13486minor)pagefaults 0swaps
    ./original/fast/smt_tests/basic/prop/prop5_test.tla
0.05user 0.04system 0:00.08elapsed 112%CPU (0avgtext+0avgdata 25516maxresident)k
40inputs+104outputs (0major+13485minor)pagefaults 0swaps
    ./original/fast/smt_tests/basic/prop/prop6_test.tla
0.08user 0.02system 0:00.09elapsed 113%CPU (0avgtext+0avgdata 25616maxresident)k
48inputs+104outputs (0major+13478minor)pagefaults 0swaps
    ./original/fast/smt_tests/basic/prop/prop7_test.tla
0.06user 0.03system 0:00.09elapsed 112%CPU (0avgtext+0avgdata 28056maxresident)k
40inputs+104outputs (0major+13595minor)pagefaults 0swaps
    ./original/fast/smt_tests/basic/prop/prop8_test.tla
0.06user 0.04system 0:00.09elapsed 114%CPU (0avgtext+0avgdata 28376maxresident)k
40inputs+104outputs (0major+13587minor)pagefaults 0swaps
    ./original/fast/smt_tests/basic/prop/prop9_test.tla
0.06user 0.03system 0:00.09elapsed 114%CPU (0avgtext+0avgdata 25664maxresident)k
32inputs+104outputs (0major+13467minor)pagefaults 0swaps
    ./original/fast/smt_tests/basic/record/record1_test.tla
0.06user 0.04system 0:00.09elapsed 112%CPU (0avgtext+0avgdata 25736maxresident)k
88inputs+104outputs (0major+13457minor)pagefaults 0swaps
    ./original/fast/smt_tests/basic/record/record2_test.tla
0.07user 0.03system 0:00.09elapsed 113%CPU (0avgtext+0avgdata 25568maxresident)k
48inputs+104outputs (0major+13505minor)pagefaults 0swaps
    ./original/fast/smt_tests/basic/record/record3_test.tla
0.05user 0.04system 0:00.09elapsed 112%CPU (0avgtext+0avgdata 25684maxresident)k
32inputs+104outputs (0major+13493minor)pagefaults 0swaps
    ./original/fast/smt_tests/basic/set/set10_test.tla
0.05user 0.04system 0:00.08elapsed 112%CPU (0avgtext+0avgdata 28028maxresident)k
344inputs+104outputs (0major+13586minor)pagefaults 0swaps
    ./original/fast/smt_tests/basic/set/set11_test.tla
0.06user 0.03system 0:00.08elapsed 112%CPU (0avgtext+0avgdata 25720maxresident)k
40inputs+104outputs (0major+13470minor)pagefaults 0swaps
    ./original/fast/smt_tests/basic/set/set12_test.tla
0.06user 0.03system 0:00.08elapsed 112%CPU (0avgtext+0avgdata 25544maxresident)k
48inputs+104outputs (0major+13471minor)pagefaults 0swaps
    ./original/fast/smt_tests/basic/set/set13_test.tla
0.06user 0.04system 0:00.09elapsed 111%CPU (0avgtext+0avgdata 25736maxresident)k
40inputs+104outputs (0major+13466minor)pagefaults 0swaps
    ./original/fast/smt_tests/basic/set/set14_test.tla
0.05user 0.04system 0:00.08elapsed 113%CPU (0avgtext+0avgdata 28020maxresident)k
56inputs+104outputs (0major+13610minor)pagefaults 0swaps
    ./original/fast/smt_tests/basic/set/set15_test.tla
0.06user 0.03system 0:00.09elapsed 113%CPU (0avgtext+0avgdata 25564maxresident)k
40inputs+104outputs (0major+13499minor)pagefaults 0swaps
    ./original/fast/smt_tests/basic/set/set16_test.tla
0.07user 0.03system 0:00.09elapsed 115%CPU (0avgtext+0avgdata 29992maxresident)k
40inputs+104outputs (0major+13792minor)pagefaults 0swaps
    ./original/fast/smt_tests/basic/set/set17_test.tla
0.05user 0.04system 0:00.08elapsed 113%CPU (0avgtext+0avgdata 25544maxresident)k
48inputs+104outputs (0major+13497minor)pagefaults 0swaps
    ./original/fast/smt_tests/basic/set/set18_test.tla
0.06user 0.04system 0:00.08elapsed 114%CPU (0avgtext+0avgdata 29808maxresident)k
32inputs+104outputs (0major+13786minor)pagefaults 0swaps
    ./original/fast/smt_tests/basic/set/set19_test.tla
0.07user 0.02system 0:00.08elapsed 115%CPU (0avgtext+0avgdata 25576maxresident)k
32inputs+104outputs (0major+13487minor)pagefaults 0swaps
    ./original/fast/smt_tests/basic/set/set1_test.tla
0.05user 0.04system 0:00.08elapsed 113%CPU (0avgtext+0avgdata 28028maxresident)k
40inputs+104outputs (0major+13585minor)pagefaults 0swaps
    ./original/fast/smt_tests/basic/set/set2_test.tla
0.05user 0.04system 0:00.08elapsed 114%CPU (0avgtext+0avgdata 25616maxresident)k
32inputs+104outputs (0major+13455minor)pagefaults 0swaps
    ./original/fast/smt_tests/basic/set/set3_test.tla
0.07user 0.02system 0:00.09elapsed 111%CPU (0avgtext+0avgdata 25792maxresident)k
40inputs+104outputs (0major+13459minor)pagefaults 0swaps
    ./original/fast/smt_tests/basic/set/set4_test.tla
0.06user 0.02system 0:00.08elapsed 113%CPU (0avgtext+0avgdata 25588maxresident)k
40inputs+104outputs (0major+13477minor)pagefaults 0swaps
    ./original/fast/smt_tests/basic/set/set5_test.tla
0.06user 0.03system 0:00.09elapsed 113%CPU (0avgtext+0avgdata 25568maxresident)k
40inputs+104outputs (0major+13462minor)pagefaults 0swaps
    ./original/fast/smt_tests/basic/set/set6_test.tla
0.06user 0.04system 0:00.09elapsed 112%CPU (0avgtext+0avgdata 28168maxresident)k
40inputs+104outputs (0major+13605minor)pagefaults 0swaps
    ./original/fast/smt_tests/basic/set/set7_test.tla
0.07user 0.03system 0:00.09elapsed 113%CPU (0avgtext+0avgdata 25672maxresident)k
40inputs+104outputs (0major+13461minor)pagefaults 0swaps
    ./original/fast/smt_tests/basic/set/set8_test.tla
0.07user 0.03system 0:00.09elapsed 115%CPU (0avgtext+0avgdata 27940maxresident)k
40inputs+104outputs (0major+13570minor)pagefaults 0swaps
    ./original/fast/smt_tests/basic/set/set9_test.tla
0.07user 0.03system 0:00.08elapsed 113%CPU (0avgtext+0avgdata 28296maxresident)k
40inputs+104outputs (0major+13565minor)pagefaults 0swaps
    ./original/fast/smt_tests/basic/string/strings1_test.tla
0.06user 0.03system 0:00.08elapsed 112%CPU (0avgtext+0avgdata 25728maxresident)k
80inputs+104outputs (0major+13482minor)pagefaults 0swaps
    ./original/fast/smt_tests/basic/string/strings2_test.tla
0.06user 0.02system 0:00.08elapsed 112%CPU (0avgtext+0avgdata 25552maxresident)k
40inputs+104outputs (0major+13458minor)pagefaults 0swaps
    ./original/fast/smt_tests/basic/tuple/tuple1_test.tla
0.04user 0.04system 0:00.08elapsed 111%CPU (0avgtext+0avgdata 25608maxresident)k
80inputs+104outputs (0major+13424minor)pagefaults 0swaps
    ./original/fast/smt_tests/basic/tuple/tuple2_test.tla
0.06user 0.03system 0:00.08elapsed 115%CPU (0avgtext+0avgdata 27984maxresident)k
32inputs+104outputs (0major+13618minor)pagefaults 0swaps
    ./original/fast/smt_tests/basic/tuple/tuple3_test.tla
0.05user 0.05system 0:00.09elapsed 117%CPU (0avgtext+0avgdata 25584maxresident)k
40inputs+104outputs (0major+13457minor)pagefaults 0swaps
    ./original/fast/smt_tests/basic/tuple/tuple4_test.tla
0.06user 0.03system 0:00.08elapsed 112%CPU (0avgtext+0avgdata 25644maxresident)k
40inputs+104outputs (0major+13433minor)pagefaults 0swaps
    ./original/fast/smt_tests/basic/tuple/tuple5_test.tla
0.06user 0.03system 0:00.08elapsed 114%CPU (0avgtext+0avgdata 25596maxresident)k
40inputs+104outputs (0major+13444minor)pagefaults 0swaps
    ./original/fast/smt_tests/basic/tuple/tuple6_test.tla
0.06user 0.03system 0:00.08elapsed 112%CPU (0avgtext+0avgdata 25540maxresident)k
32inputs+104outputs (0major+13456minor)pagefaults 0swaps
    ./original/fast/smt_tests/basic/tuple/tuple7_test.tla
0.05user 0.03system 0:00.08elapsed 112%CPU (0avgtext+0avgdata 25664maxresident)k
32inputs+104outputs (0major+13518minor)pagefaults 0swaps
    ./original/fast/smt_tests/lang/user_ops_test.tla
0.31user 0.03system 0:00.34elapsed 102%CPU (0avgtext+0avgdata 25628maxresident)k
72inputs+152outputs (0major+14623minor)pagefaults 0swaps
    ./original/fast/smt_tests/negative/one_div_zero_test.tla
2.43user 2.69system 0:05.10elapsed 100%CPU (0avgtext+0avgdata 21540maxresident)k
88inputs+120outputs (0major+13676minor)pagefaults 0swaps
    ./original/fast/smt_tests/negative/zero_in_one_test.tla
2.19user 2.96system 0:05.12elapsed 100%CPU (0avgtext+0avgdata 21532maxresident)k
40inputs+136outputs (0major+13660minor)pagefaults 0swaps
    ./original/fast/smt_tests/rewriting_rules/quantifiers_test.tla
0.14user 0.07system 0:00.13elapsed 165%CPU (0avgtext+0avgdata 25664maxresident)k
72inputs+192outputs (0major+36927minor)pagefaults 0swaps
    ./original/fast/smt_tests/silly_theorems/app_ambiguity_test.tla
0.07user 0.04system 0:00.10elapsed 113%CPU (0avgtext+0avgdata 27968maxresident)k
72inputs+104outputs (0major+13740minor)pagefaults 0swaps
    ./original/fast/smt_tests/silly_theorems/nonempty_integer_test.tla
0.09user 0.08system 0:00.11elapsed 158%CPU (0avgtext+0avgdata 29640maxresident)k
32inputs+160outputs (0major+28264minor)pagefaults 0swaps
    ./original/fast/smt_tests/silly_theorems/one_implies_one_test.tla
0.07user 0.04system 0:00.10elapsed 117%CPU (0avgtext+0avgdata 21488maxresident)k
32inputs+104outputs (0major+13378minor)pagefaults 0swaps
    ./original/fast/smt_tests/silly_theorems/record_as_function_test.tla
0.08user 0.03system 0:00.09elapsed 114%CPU (0avgtext+0avgdata 29748maxresident)k
32inputs+104outputs (0major+13689minor)pagefaults 0swaps
    ./original/fast/smt_tests/silly_theorems/x_implies_x_test.tla
0.05user 0.04system 0:00.09elapsed 112%CPU (0avgtext+0avgdata 25704maxresident)k
32inputs+104outputs (0major+13452minor)pagefaults 0swaps
    ./original/medium/regression/select_bug_test.tla
22.00user 28.09system 0:50.10elapsed 99%CPU (0avgtext+0avgdata 21448maxresident)k
72inputs+144outputs (0major+9477minor)pagefaults 0swaps
    ./original/medium/regression/snapshot/GFX_test.tla
forbidden output is present
Command exited with non-zero status 3
224.60user 33.05system 2:58.24elapsed 144%CPU (0avgtext+0avgdata 1020356maxresident)k
400inputs+19192outputs (0major+1860939minor)pagefaults 0swaps
    ./original/medium/regression/snapshot/SnapShot_test.tla
forbidden output is present
Command exited with non-zero status 3
482.63user 9.60system 7:57.55elapsed 103%CPU (0avgtext+0avgdata 366504maxresident)k
305720inputs+43144outputs (1953major+3079198minor)pagefaults 0swaps
###### 2023-11-04 09:57:11 ./TOOLS/do_tests .
    ./fast/basic/cvc3_false_test.tla
0.03user 0.02system 0:00.06elapsed 96%CPU (0avgtext+0avgdata 21312maxresident)k
1136inputs+88outputs (4major+8556minor)pagefaults 0swaps
    ./fast/basic/isa_false_test.tla
0.03user 0.01system 0:00.05elapsed 100%CPU (0avgtext+0avgdata 21320maxresident)k
48inputs+96outputs (0major+8477minor)pagefaults 0swaps
    ./fast/basic/isa_true_test.tla
forbidden output is present
Command exited with non-zero status 3
0.03user 0.01system 0:00.05elapsed 102%CPU (0avgtext+0avgdata 21388maxresident)k
80inputs+96outputs (0major+8431minor)pagefaults 0swaps
    ./fast/basic/smt_arith_test.tla
0.04user 0.02system 0:00.06elapsed 112%CPU (0avgtext+0avgdata 25824maxresident)k
56inputs+104outputs (0major+13474minor)pagefaults 0swaps
    ./fast/basic/smt_false_test.tla
0.04user 0.01system 0:00.06elapsed 111%CPU (0avgtext+0avgdata 25532maxresident)k
48inputs+104outputs (0major+13474minor)pagefaults 0swaps
    ./fast/basic/true_test.tla
0.04user 0.03system 0:00.06elapsed 114%CPU (0avgtext+0avgdata 25732maxresident)k
40inputs+104outputs (0major+13466minor)pagefaults 0swaps
    ./fast/basic/z3_arith_test.tla
0.04user 0.02system 0:00.05elapsed 112%CPU (0avgtext+0avgdata 25584maxresident)k
64inputs+104outputs (0major+13475minor)pagefaults 0swaps
    ./fast/basic/z3_false_test.tla
0.04user 0.02system 0:00.05elapsed 113%CPU (0avgtext+0avgdata 25600maxresident)k
72inputs+104outputs (0major+13466minor)pagefaults 0swaps
    ./fast/basic/zen_false_test.tla
0.05user 0.01system 0:00.06elapsed 118%CPU (0avgtext+0avgdata 21412maxresident)k
72inputs+104outputs (0major+12992minor)pagefaults 0swaps
    ./fast/basic/zen_true_test.tla
0.04user 0.03system 0:00.06elapsed 118%CPU (0avgtext+0avgdata 21468maxresident)k
48inputs+104outputs (0major+13020minor)pagefaults 0swaps
    ./fast/enabled_cdot/AutoUSE_fingerprint/AutoUSE_fingerprint_test.tla
required error output is missing
Command exited with non-zero status 3
0.07user 0.02system 0:00.10elapsed 100%CPU (0avgtext+0avgdata 21500maxresident)k
112inputs+176outputs (0major+17227minor)pagefaults 0swaps
    ./fast/enabled_cdot/Cdot_test.tla
0.07user 0.05system 0:00.07elapsed 188%CPU (0avgtext+0avgdata 23228maxresident)k
48inputs+184outputs (0major+27055minor)pagefaults 0swaps
    ./fast/enabled_cdot/ENABLEDaxioms_conj_fingerprinting/ENABLEDaxioms_conj_fingerprinting_test.tla
required error output is missing
Command exited with non-zero status 3
0.08user 0.03system 0:00.11elapsed 101%CPU (0avgtext+0avgdata 21372maxresident)k
120inputs+176outputs (0major+17158minor)pagefaults 0swaps
    ./fast/enabled_cdot/ENABLEDaxioms_conj_hidden_actions_test.tla
0.03user 0.03system 0:00.06elapsed 100%CPU (0avgtext+0avgdata 21416maxresident)k
104inputs+88outputs (0major+8450minor)pagefaults 0swaps
    ./fast/enabled_cdot/ENABLEDaxioms_conj_test.tla
forbidden output is present
Command exited with non-zero status 3
0.03user 0.02system 0:00.05elapsed 100%CPU (0avgtext+0avgdata 21312maxresident)k
64inputs+96outputs (0major+8513minor)pagefaults 0swaps
    ./fast/enabled_cdot/ENABLEDaxioms_conj_visible_actions_fail_test.tla
0.03user 0.01system 0:00.04elapsed 102%CPU (0avgtext+0avgdata 21444maxresident)k
64inputs+88outputs (0major+8421minor)pagefaults 0swaps
    ./fast/enabled_cdot/ENABLEDaxioms_conj_visible_actions_test.tla
forbidden output is present
Command exited with non-zero status 3
0.03user 0.01system 0:00.05elapsed 98%CPU (0avgtext+0avgdata 21448maxresident)k
48inputs+88outputs (0major+8459minor)pagefaults 0swaps
    ./fast/enabled_cdot/ENABLEDaxioms_test.tla
forbidden output is present
Command exited with non-zero status 3
0.05user 0.01system 0:00.06elapsed 101%CPU (0avgtext+0avgdata 21452maxresident)k
56inputs+104outputs (0major+8583minor)pagefaults 0swaps
    ./fast/enabled_cdot/ENABLED_INSTANCE_nullary_op_test.tla
0.05user 0.04system 0:00.07elapsed 124%CPU (0avgtext+0avgdata 29852maxresident)k
120inputs+160outputs (0major+18985minor)pagefaults 0swaps
    ./fast/enabled_cdot/ENABLED_INSTANCE_nullary_op_two_vars_test.tla
forbidden output is present
Command exited with non-zero status 3
0.05user 0.03system 0:00.07elapsed 125%CPU (0avgtext+0avgdata 29852maxresident)k
88inputs+168outputs (0major+19014minor)pagefaults 0swaps
    ./fast/enabled_cdot/ENABLED_INSTANCE_op_with_args_test.tla
forbidden output is present
Command exited with non-zero status 3
0.07user 0.03system 0:00.08elapsed 125%CPU (0avgtext+0avgdata 29772maxresident)k
96inputs+168outputs (0major+19024minor)pagefaults 0swaps
    ./fast/enabled_cdot/ENABLEDrewrites_assignment_level_fingerprint/ENABLEDrewrites_assignment_level_fingerprint_test.tla
required error output is missing
Command exited with non-zero status 3
0.07user 0.02system 0:00.09elapsed 100%CPU (0avgtext+0avgdata 21432maxresident)k
80inputs+96outputs (0major+15644minor)pagefaults 0swaps
    ./fast/enabled_cdot/ENABLEDrewrites_bpragma_fingerprint/ENABLEDrewrites_bpragma_fingerprint_test.tla
required error output is missing
Command exited with non-zero status 3
0.08user 0.04system 0:00.12elapsed 100%CPU (0avgtext+0avgdata 21376maxresident)k
152inputs+136outputs (0major+16417minor)pagefaults 0swaps
    ./fast/enabled_cdot/ENABLEDrewrites_case_level_fingerprint/ENABLEDrewrites_case_level_fingerprint_test.tla
required error output is missing
Command exited with non-zero status 3
0.06user 0.03system 0:00.09elapsed 100%CPU (0avgtext+0avgdata 21496maxresident)k
72inputs+96outputs (0major+15547minor)pagefaults 0swaps
    ./fast/enabled_cdot/ENABLEDrewrites_conj_level_fingerprint/ENABLEDrewrites_conj_level_fingerprint_test.tla
required error output is missing
Command exited with non-zero status 3
0.04user 0.05system 0:00.10elapsed 101%CPU (0avgtext+0avgdata 21440maxresident)k
80inputs+96outputs (0major+15608minor)pagefaults 0swaps
    ./fast/enabled_cdot/ENABLEDrewrites_exist_level_fingerprint/ENABLEDrewrites_exist_level_fingerprint_test.tla
required error output is missing
Command exited with non-zero status 3
0.07user 0.04system 0:00.11elapsed 100%CPU (0avgtext+0avgdata 21420maxresident)k
80inputs+96outputs (0major+15615minor)pagefaults 0swaps
    ./fast/enabled_cdot/ENABLEDrewrites_mem_level_fingerprint/ENABLEDrewrites_mem_level_fingerprint_test.tla
required error output is missing
Command exited with non-zero status 3
0.06user 0.03system 0:00.09elapsed 100%CPU (0avgtext+0avgdata 21476maxresident)k
72inputs+96outputs (0major+15568minor)pagefaults 0swaps
    ./fast/enabled_cdot/ENABLEDrewrites_state_level_fingerprint/ENABLEDrewrites_state_level_fingerprint_test.tla
required error output is missing
Command exited with non-zero status 3
0.07user 0.03system 0:00.11elapsed 100%CPU (0avgtext+0avgdata 21576maxresident)k
72inputs+96outputs (0major+15570minor)pagefaults 0swaps
    ./fast/enabled_cdot/ENABLEDrewrites_ternary_level_fingerprint/ENABLEDrewrites_ternary_level_fingerprint_test.tla
required error output is missing
Command exited with non-zero status 3
0.09user 0.02system 0:00.11elapsed 100%CPU (0avgtext+0avgdata 21392maxresident)k
80inputs+96outputs (0major+15537minor)pagefaults 0swaps
    ./fast/enabled_cdot/ENABLEDrewrites_test.tla
wrong result code
Command exited with non-zero status 3
0.03user 0.02system 0:00.05elapsed 100%CPU (0avgtext+0avgdata 21316maxresident)k
64inputs+48outputs (0major+7735minor)pagefaults 0swaps
    ./fast/enabled_cdot/ENABLEDrules_fingerprint_levels/ENABLEDrules_fingerprint_levels_test.tla
required error output is missing
Command exited with non-zero status 3
0.07user 0.03system 0:00.10elapsed 100%CPU (0avgtext+0avgdata 21388maxresident)k
72inputs+96outputs (0major+15629minor)pagefaults 0swaps
    ./fast/enabled_cdot/ENABLEDrules_test.tla
wrong result code
Command exited with non-zero status 3
0.01user 0.02system 0:00.04elapsed 100%CPU (0avgtext+0avgdata 21364maxresident)k
16inputs+48outputs (0major+7650minor)pagefaults 0swaps
    ./fast/enabled_cdot/Enabled_test.tla
0.26user 0.19system 0:00.16elapsed 288%CPU (0avgtext+0avgdata 29944maxresident)k
48inputs+624outputs (0major+132783minor)pagefaults 0swaps
    ./fast/enabled_cdot/ExpandENABLED_LET_test.tla
0.05user 0.01system 0:00.05elapsed 118%CPU (0avgtext+0avgdata 21632maxresident)k
48inputs+104outputs (0major+13037minor)pagefaults 0swaps
    ./fast/enabled_cdot/ExpandENABLED_level_fingerprint/ExpandENABLED_level_fingerprint_test.tla
required error output is missing
Command exited with non-zero status 3
0.06user 0.04system 0:00.10elapsed 100%CPU (0avgtext+0avgdata 21456maxresident)k
128inputs+184outputs (0major+17241minor)pagefaults 0swaps
    ./fast/enabled_cdot/ExpandOnlyCdot_test.tla
0.03user 0.01system 0:00.05elapsed 101%CPU (0avgtext+0avgdata 21352maxresident)k
40inputs+88outputs (0major+8490minor)pagefaults 0swaps
    ./fast/enabled_cdot/ExpandOnlyENABLED_test.tla
0.03user 0.01system 0:00.05elapsed 100%CPU (0avgtext+0avgdata 21456maxresident)k
40inputs+88outputs (0major+8433minor)pagefaults 0swaps
    ./fast/enabled_cdot/LevelComparisonCONSTANT_Module_Scope_test.tla
required error output is missing
Command exited with non-zero status 3
0.04user 0.02system 0:00.06elapsed 112%CPU (0avgtext+0avgdata 25624maxresident)k
64inputs+104outputs (0major+13489minor)pagefaults 0swaps
    ./fast/enabled_cdot/LevelComparisonCONSTANT_THEOREM_Scope_test.tla
required error output is missing
Command exited with non-zero status 3
0.04user 0.02system 0:00.06elapsed 112%CPU (0avgtext+0avgdata 25528maxresident)k
56inputs+104outputs (0major+13497minor)pagefaults 0swaps
    ./fast/enabled_cdot/LevelComparisonSTATE_Scope_test.tla
required error output is missing
Command exited with non-zero status 3
0.04user 0.02system 0:00.06elapsed 111%CPU (0avgtext+0avgdata 25464maxresident)k
56inputs+104outputs (0major+13484minor)pagefaults 0swaps
    ./fast/enabled_cdot/LevelComparison_test.tla
forbidden output is present
Command exited with non-zero status 3
0.07user 0.06system 0:00.08elapsed 167%CPU (0avgtext+0avgdata 25664maxresident)k
56inputs+224outputs (0major+41810minor)pagefaults 0swaps
    ./fast/enabled_cdot/Level_of_parametric_INSTANCE_test.tla
0.06user 0.02system 0:00.06elapsed 126%CPU (0avgtext+0avgdata 25572maxresident)k
312inputs+120outputs (2major+17827minor)pagefaults 0swaps
    ./fast/enabled_cdot/Level_test.tla
0.05user 0.01system 0:00.07elapsed 100%CPU (0avgtext+0avgdata 21416maxresident)k
64inputs+120outputs (0major+9049minor)pagefaults 0swaps
    ./fast/enabled_cdot/NestedCdot_test.tla
0.09user 0.03system 0:00.06elapsed 186%CPU (0avgtext+0avgdata 25128maxresident)k
40inputs+168outputs (0major+27818minor)pagefaults 0swaps
    ./fast/enabled_cdot/NestedENABLED_from_AutoUSE_test.tla
forbidden output is present
Command exited with non-zero status 3
0.03user 0.01system 0:00.05elapsed 100%CPU (0avgtext+0avgdata 21504maxresident)k
48inputs+96outputs (0major+8472minor)pagefaults 0swaps
    ./fast/enabled_cdot/NestedENABLED_test.tla
0.08user 0.02system 0:00.06elapsed 152%CPU (0avgtext+0avgdata 22476maxresident)k
48inputs+160outputs (0major+22647minor)pagefaults 0swaps
    ./fast/enabled_cdot/UnsoundCoalescingThmDecl_test.tla
0.06user 0.05system 0:00.08elapsed 150%CPU (0avgtext+0avgdata 30036maxresident)k
48inputs+168outputs (0major+27934minor)pagefaults 0swaps
    ./fast/fingerprint/FingerprintVariablesParameters_test.tla
required error output is missing
Command exited with non-zero status 3
0.06user 0.02system 0:00.08elapsed 101%CPU (0avgtext+0avgdata 21544maxresident)k
48inputs+104outputs (0major+14621minor)pagefaults 0swaps
    ./fast/language/EXCEPTMultipleBrackets_test.tla
0.05user 0.03system 0:00.06elapsed 140%CPU (0avgtext+0avgdata 25788maxresident)k
48inputs+104outputs (0major+22058minor)pagefaults 0swaps
    ./fast/language/EXTENDS_in_submodule_test.tla
0.03user 0.01system 0:00.05elapsed 100%CPU (0avgtext+0avgdata 21444maxresident)k
104inputs+128outputs (0major+9127minor)pagefaults 0swaps
    ./fast/language/INSTANCE_inside_LET_fingerprint_test.tla
0.04user 0.02system 0:00.06elapsed 112%CPU (0avgtext+0avgdata 25516maxresident)k
72inputs+144outputs (0major+14211minor)pagefaults 0swaps
    ./fast/language/INSTANCE_inside_LET_test.tla
0.04user 0.02system 0:00.06elapsed 111%CPU (0avgtext+0avgdata 25564maxresident)k
56inputs+144outputs (0major+14207minor)pagefaults 0swaps
    ./fast/language/INSTANCE_shift_due_to_omitted_modunits_test.tla
0.04user 0.01system 0:00.06elapsed 101%CPU (0avgtext+0avgdata 21484maxresident)k
32inputs+136outputs (0major+9126minor)pagefaults 0swaps
    ./fast/language/Operators_test.tla
0.06user 0.02system 0:00.06elapsed 121%CPU (0avgtext+0avgdata 25640maxresident)k
56inputs+88outputs (0major+17511minor)pagefaults 0swaps
    ./fast/language/SubrefLL_test.tla
0.35user 0.22system 0:00.27elapsed 210%CPU (0avgtext+0avgdata 25828maxresident)k
64inputs+896outputs (0major+202577minor)pagefaults 0swaps
    ./fast/language/Subref_test.tla
0.34user 0.15system 0:00.12elapsed 396%CPU (0avgtext+0avgdata 25584maxresident)k
64inputs+832outputs (0major+124128minor)pagefaults 0swaps
    ./fast/language/WFTRUE_test.tla
forbidden output is present
Command exited with non-zero status 3
0.02user 0.02system 0:00.04elapsed 97%CPU (0avgtext+0avgdata 21376maxresident)k
64inputs+64outputs (0major+7839minor)pagefaults 0swaps
    ./fast/regression/consensus/consensus_test.tla
1.49user 0.50system 0:01.08elapsed 183%CPU (0avgtext+0avgdata 35748maxresident)k
216inputs+296outputs (0major+26916minor)pagefaults 0swaps
    ./fast/regression/cooper_instantiation_test.tla
0.02user 0.01system 0:00.04elapsed 100%CPU (0avgtext+0avgdata 21420maxresident)k
48inputs+56outputs (0major+7486minor)pagefaults 0swaps
    ./fast/regression/higher_order_statement_test.tla
forbidden output is present
Command exited with non-zero status 3
0.07user 0.03system 0:00.08elapsed 134%CPU (0avgtext+0avgdata 29508maxresident)k
344inputs+176outputs (0major+23254minor)pagefaults 0swaps
    ./fast/regression/MiniProducerConsumer_test.tla
127.72user 35.69system 1:11.64elapsed 228%CPU (0avgtext+0avgdata 1014380maxresident)k
64inputs+424outputs (0major+520506minor)pagefaults 0swaps
    ./fast/regression/parameterized_instantiation_test.tla
0.09user 0.03system 0:00.11elapsed 112%CPU (0avgtext+0avgdata 25700maxresident)k
56inputs+152outputs (0major+14189minor)pagefaults 0swaps
    ./fast/regression/setEuclid_test.tla
forbidden output is present
Command exited with non-zero status 3
14.88user 11.93system 0:26.19elapsed 102%CPU (0avgtext+0avgdata 31968maxresident)k
72inputs+1232outputs (0major+136822minor)pagefaults 0swaps
    ./fast/regression/smt_domain_check_test.tla
0.08user 0.05system 0:00.12elapsed 116%CPU (0avgtext+0avgdata 29436maxresident)k
48inputs+112outputs (0major+13709minor)pagefaults 0swaps
    ./fast/regression/z3_fingerprint_test.tla
0.10user 0.07system 0:00.17elapsed 102%CPU (0avgtext+0avgdata 21412maxresident)k
40inputs+160outputs (0major+16658minor)pagefaults 0swaps
    ./fast/russell_test.tla
0.12user 0.07system 0:00.12elapsed 157%CPU (0avgtext+0avgdata 25632maxresident)k
64inputs+160outputs (0major+27445minor)pagefaults 0swaps
    ./fast/smt_tests/advanced/functions/bijection_thm_test.tla
0.36user 0.19system 0:00.31elapsed 178%CPU (0avgtext+0avgdata 29952maxresident)k
64inputs+640outputs (0major+105740minor)pagefaults 0swaps
    ./fast/smt_tests/advanced/functions/composition_test.tla
0.07user 0.03system 0:00.10elapsed 113%CPU (0avgtext+0avgdata 28084maxresident)k
48inputs+104outputs (0major+13646minor)pagefaults 0swaps
    ./fast/smt_tests/advanced/functions/identity1_test.tla
0.08user 0.04system 0:00.10elapsed 112%CPU (0avgtext+0avgdata 25700maxresident)k
24inputs+112outputs (0major+13507minor)pagefaults 0swaps
    ./fast/smt_tests/advanced/functions/identity2_test.tla
0.07user 0.04system 0:00.10elapsed 112%CPU (0avgtext+0avgdata 29584maxresident)k
32inputs+120outputs (0major+13674minor)pagefaults 0swaps
    ./fast/smt_tests/advanced/set_theory/cantor1_test.tla
11.19user 14.00system 0:25.13elapsed 100%CPU (0avgtext+0avgdata 30328maxresident)k
64inputs+264outputs (0major+37933minor)pagefaults 0swaps
    ./fast/smt_tests/advanced/set_theory/choice_axiom2_test.tla
11.05user 14.22system 0:25.17elapsed 100%CPU (0avgtext+0avgdata 29968maxresident)k
40inputs+312outputs (0major+38639minor)pagefaults 0swaps
    ./fast/smt_tests/advanced/set_theory/choice_axiom_test.tla
0.26user 0.22system 0:00.24elapsed 201%CPU (0avgtext+0avgdata 30408maxresident)k
24inputs+304outputs (0major+57638minor)pagefaults 0swaps
    ./fast/smt_tests/advanced/set_theory/section_test.tla
11.73user 13.74system 0:25.30elapsed 100%CPU (0avgtext+0avgdata 30036maxresident)k
24inputs+328outputs (0major+38705minor)pagefaults 0swaps
    ./fast/smt_tests/advanced/tuples/tuple_as_function1_test.tla
0.55user 0.30system 0:00.55elapsed 155%CPU (0avgtext+0avgdata 27984maxresident)k
24inputs+336outputs (0major+51562minor)pagefaults 0swaps
    ./fast/smt_tests/advanced/tuples/tuple_as_function2_test.tla
0.64user 0.35system 0:00.61elapsed 163%CPU (0avgtext+0avgdata 29944maxresident)k
16inputs+336outputs (0major+61894minor)pagefaults 0swaps
    ./fast/smt_tests/basic/arith/arith10_test.tla
0.19user 0.12system 0:00.28elapsed 111%CPU (0avgtext+0avgdata 25644maxresident)k
32inputs+104outputs (0major+13468minor)pagefaults 0swaps
    ./fast/smt_tests/basic/arith/arith11_test.tla
0.17user 0.14system 0:00.28elapsed 113%CPU (0avgtext+0avgdata 25584maxresident)k
16inputs+104outputs (0major+13467minor)pagefaults 0swaps
    ./fast/smt_tests/basic/arith/arith12_test.tla
0.19user 0.13system 0:00.29elapsed 112%CPU (0avgtext+0avgdata 28052maxresident)k
24inputs+104outputs (0major+13618minor)pagefaults 0swaps
    ./fast/smt_tests/basic/arith/arith13_test.tla
0.21user 0.11system 0:00.29elapsed 112%CPU (0avgtext+0avgdata 27956maxresident)k
16inputs+104outputs (0major+13606minor)pagefaults 0swaps
    ./fast/smt_tests/basic/arith/arith14_test.tla
0.18user 0.13system 0:00.28elapsed 113%CPU (0avgtext+0avgdata 26664maxresident)k
24inputs+104outputs (1major+13590minor)pagefaults 0swaps
    ./fast/smt_tests/basic/arith/arith15_test.tla
0.18user 0.12system 0:00.28elapsed 110%CPU (0avgtext+0avgdata 25580maxresident)k
16inputs+104outputs (0major+13463minor)pagefaults 0swaps
    ./fast/smt_tests/basic/arith/arith16_test.tla
0.14user 0.09system 0:00.20elapsed 116%CPU (0avgtext+0avgdata 25568maxresident)k
16inputs+104outputs (0major+13454minor)pagefaults 0swaps
    ./fast/smt_tests/basic/arith/arith17_test.tla
0.14user 0.09system 0:00.21elapsed 111%CPU (0avgtext+0avgdata 25580maxresident)k
24inputs+104outputs (0major+13439minor)pagefaults 0swaps
    ./fast/smt_tests/basic/arith/arith18_test.tla
0.13user 0.10system 0:00.20elapsed 115%CPU (0avgtext+0avgdata 25724maxresident)k
16inputs+104outputs (0major+13432minor)pagefaults 0swaps
    ./fast/smt_tests/basic/arith/arith19_test.tla
0.15user 0.08system 0:00.21elapsed 111%CPU (0avgtext+0avgdata 25624maxresident)k
16inputs+104outputs (0major+13501minor)pagefaults 0swaps
    ./fast/smt_tests/basic/arith/arith1_test.tla
0.11user 0.12system 0:00.20elapsed 115%CPU (0avgtext+0avgdata 25616maxresident)k
16inputs+104outputs (0major+13496minor)pagefaults 0swaps
    ./fast/smt_tests/basic/arith/arith2_test.tla
0.17user 0.10system 0:00.24elapsed 113%CPU (0avgtext+0avgdata 25552maxresident)k
16inputs+104outputs (0major+13428minor)pagefaults 0swaps
    ./fast/smt_tests/basic/arith/arith3_test.tla
0.15user 0.09system 0:00.21elapsed 114%CPU (0avgtext+0avgdata 25528maxresident)k
24inputs+104outputs (0major+13507minor)pagefaults 0swaps
    ./fast/smt_tests/basic/arith/arith4_test.tla
0.13user 0.09system 0:00.19elapsed 115%CPU (0avgtext+0avgdata 25584maxresident)k
24inputs+104outputs (0major+13506minor)pagefaults 0swaps
    ./fast/smt_tests/basic/arith/arith5_test.tla
0.14user 0.08system 0:00.19elapsed 116%CPU (0avgtext+0avgdata 25628maxresident)k
16inputs+104outputs (0major+13476minor)pagefaults 0swaps
    ./fast/smt_tests/basic/arith/arith6_test.tla
0.14user 0.09system 0:00.21elapsed 114%CPU (0avgtext+0avgdata 25628maxresident)k
16inputs+104outputs (0major+13462minor)pagefaults 0swaps
    ./fast/smt_tests/basic/arith/arith7_test.tla
0.15user 0.07system 0:00.19elapsed 116%CPU (0avgtext+0avgdata 25672maxresident)k
16inputs+104outputs (0major+13470minor)pagefaults 0swaps
    ./fast/smt_tests/basic/arith/arith8_test.tla
0.15user 0.07system 0:00.19elapsed 116%CPU (0avgtext+0avgdata 25744maxresident)k
16inputs+104outputs (0major+13467minor)pagefaults 0swaps
    ./fast/smt_tests/basic/arith/arith9_test.tla
0.16user 0.07system 0:00.21elapsed 114%CPU (0avgtext+0avgdata 25584maxresident)k
16inputs+104outputs (0major+13470minor)pagefaults 0swaps
    ./fast/smt_tests/basic/epsilon/epsilon1_test.tla
0.15user 0.08system 0:00.21elapsed 111%CPU (0avgtext+0avgdata 28380maxresident)k
24inputs+104outputs (0major+13601minor)pagefaults 0swaps
    ./fast/smt_tests/basic/epsilon/epsilon2_test.tla
0.12user 0.10system 0:00.20elapsed 117%CPU (0avgtext+0avgdata 28084maxresident)k
16inputs+104outputs (0major+13649minor)pagefaults 0swaps
    ./fast/smt_tests/basic/epsilon/epsilon3_test.tla
0.16user 0.07system 0:00.21elapsed 111%CPU (0avgtext+0avgdata 28116maxresident)k
16inputs+104outputs (0major+13607minor)pagefaults 0swaps
    ./fast/smt_tests/basic/epsilon/epsilon4_test.tla
0.14user 0.09system 0:00.20elapsed 117%CPU (0avgtext+0avgdata 28096maxresident)k
16inputs+104outputs (0major+13599minor)pagefaults 0swaps
    ./fast/smt_tests/basic/extensionality/empty_set_ext_test.tla
0.15user 0.08system 0:00.20elapsed 116%CPU (0avgtext+0avgdata 28056maxresident)k
24inputs+104outputs (0major+13598minor)pagefaults 0swaps
    ./fast/smt_tests/basic/extensionality/enum_ext_test.tla
0.15user 0.08system 0:00.21elapsed 111%CPU (0avgtext+0avgdata 28248maxresident)k
16inputs+104outputs (0major+13641minor)pagefaults 0swaps
    ./fast/smt_tests/basic/extensionality/fun_ext_test.tla
0.13user 0.10system 0:00.20elapsed 116%CPU (0avgtext+0avgdata 25776maxresident)k
16inputs+104outputs (0major+13517minor)pagefaults 0swaps
    ./fast/smt_tests/basic/extensionality/set_ext_test.tla
0.13user 0.10system 0:00.20elapsed 113%CPU (0avgtext+0avgdata 30100maxresident)k
16inputs+104outputs (0major+13720minor)pagefaults 0swaps
    ./fast/smt_tests/basic/extensionality/tup_ext_test.tla
0.13user 0.10system 0:00.20elapsed 116%CPU (0avgtext+0avgdata 25692maxresident)k
16inputs+104outputs (0major+13478minor)pagefaults 0swaps
    ./fast/smt_tests/basic/firstorder/firstorder1_test.tla
0.15user 0.09system 0:00.20elapsed 116%CPU (0avgtext+0avgdata 28092maxresident)k
32inputs+104outputs (0major+13622minor)pagefaults 0swaps
    ./fast/smt_tests/basic/firstorder/firstorder1_wproof_test.tla
0.19user 0.13system 0:00.25elapsed 129%CPU (0avgtext+0avgdata 28044maxresident)k
16inputs+144outputs (0major+22994minor)pagefaults 0swaps
    ./fast/smt_tests/basic/firstorder/firstorder2_test.tla
0.16user 0.08system 0:00.21elapsed 115%CPU (0avgtext+0avgdata 28316maxresident)k
16inputs+104outputs (0major+13601minor)pagefaults 0swaps
    ./fast/smt_tests/basic/firstorder/firstorder2_wproof_test.tla
0.19user 0.13system 0:00.25elapsed 127%CPU (0avgtext+0avgdata 28240maxresident)k
16inputs+144outputs (0major+23048minor)pagefaults 0swaps
    ./fast/smt_tests/basic/firstorder/firstorder3_test.tla
0.15user 0.09system 0:00.20elapsed 119%CPU (0avgtext+0avgdata 29944maxresident)k
24inputs+104outputs (0major+13733minor)pagefaults 0swaps
    ./fast/smt_tests/basic/firstorder/firstorder3_wproof_test.tla
0.19user 0.14system 0:00.23elapsed 143%CPU (0avgtext+0avgdata 29936maxresident)k
16inputs+144outputs (0major+23427minor)pagefaults 0swaps
    ./fast/smt_tests/basic/firstorder/firstorder4_test.tla
0.13user 0.08system 0:00.20elapsed 112%CPU (0avgtext+0avgdata 29972maxresident)k
16inputs+104outputs (0major+13698minor)pagefaults 0swaps
    ./fast/smt_tests/basic/firstorder/firstorder4_wproof_test.tla
0.22user 0.13system 0:00.23elapsed 149%CPU (0avgtext+0avgdata 30072maxresident)k
16inputs+160outputs (0major+27957minor)pagefaults 0swaps
    ./fast/smt_tests/basic/firstorder/firstorder5_test.tla
0.14user 0.10system 0:00.20elapsed 117%CPU (0avgtext+0avgdata 29912maxresident)k
16inputs+104outputs (0major+13735minor)pagefaults 0swaps
    ./fast/smt_tests/basic/firstorder/firstorder5_wproof_test.tla
0.21user 0.16system 0:00.26elapsed 143%CPU (0avgtext+0avgdata 28204maxresident)k
16inputs+160outputs (0major+27863minor)pagefaults 0swaps
    ./fast/smt_tests/basic/firstorder/firstorder6_test.tla
0.16user 0.07system 0:00.20elapsed 115%CPU (0avgtext+0avgdata 29912maxresident)k
24inputs+104outputs (0major+13730minor)pagefaults 0swaps
    ./fast/smt_tests/basic/firstorder/firstorder6_wproof_test.tla
0.19user 0.12system 0:00.20elapsed 155%CPU (0avgtext+0avgdata 29840maxresident)k
24inputs+160outputs (0major+28318minor)pagefaults 0swaps
    ./fast/smt_tests/basic/function/function10_test.tla
0.11user 0.07system 0:00.16elapsed 111%CPU (0avgtext+0avgdata 25536maxresident)k
24inputs+104outputs (0major+13501minor)pagefaults 0swaps
    ./fast/smt_tests/basic/function/function11_test.tla
0.11user 0.07system 0:00.16elapsed 113%CPU (0avgtext+0avgdata 27896maxresident)k
32inputs+104outputs (0major+13651minor)pagefaults 0swaps
    ./fast/smt_tests/basic/function/function12_test.tla
10.96user 14.26system 0:25.19elapsed 100%CPU (0avgtext+0avgdata 24696maxresident)k
24inputs+152outputs (0major+14550minor)pagefaults 0swaps
    ./fast/smt_tests/basic/function/function13_test.tla
0.10user 0.08system 0:00.16elapsed 112%CPU (0avgtext+0avgdata 25644maxresident)k
16inputs+104outputs (0major+13493minor)pagefaults 0swaps
    ./fast/smt_tests/basic/function/function14_test.tla
0.10user 0.08system 0:00.16elapsed 113%CPU (0avgtext+0avgdata 28144maxresident)k
24inputs+104outputs (0major+13617minor)pagefaults 0swaps
    ./fast/smt_tests/basic/function/function15_test.tla
0.12user 0.05system 0:00.15elapsed 113%CPU (0avgtext+0avgdata 25688maxresident)k
24inputs+104outputs (0major+13486minor)pagefaults 0swaps
    ./fast/smt_tests/basic/function/function16_test.tla
11.12user 14.10system 0:25.19elapsed 100%CPU (0avgtext+0avgdata 22044maxresident)k
24inputs+152outputs (0major+13850minor)pagefaults 0swaps
    ./fast/smt_tests/basic/function/function17_test.tla
0.13user 0.07system 0:00.18elapsed 114%CPU (0avgtext+0avgdata 29620maxresident)k
16inputs+120outputs (0major+13707minor)pagefaults 0swaps
    ./fast/smt_tests/basic/function/function18_test.tla
0.10user 0.08system 0:00.16elapsed 113%CPU (0avgtext+0avgdata 25584maxresident)k
24inputs+104outputs (0major+13517minor)pagefaults 0swaps
    ./fast/smt_tests/basic/function/function1_test.tla
0.08user 0.08system 0:00.15elapsed 112%CPU (0avgtext+0avgdata 25596maxresident)k
16inputs+104outputs (0major+13438minor)pagefaults 0swaps
    ./fast/smt_tests/basic/function/function20_test.tla
0.10user 0.06system 0:00.15elapsed 113%CPU (0avgtext+0avgdata 25640maxresident)k
16inputs+104outputs (0major+13484minor)pagefaults 0swaps
    ./fast/smt_tests/basic/function/function21_test.tla
0.10user 0.07system 0:00.15elapsed 113%CPU (0avgtext+0avgdata 25640maxresident)k
16inputs+104outputs (0major+13465minor)pagefaults 0swaps
    ./fast/smt_tests/basic/function/function22_test.tla
0.11user 0.05system 0:00.15elapsed 113%CPU (0avgtext+0avgdata 25528maxresident)k
16inputs+104outputs (0major+13462minor)pagefaults 0swaps
    ./fast/smt_tests/basic/function/function23_test.tla
0.12user 0.05system 0:00.15elapsed 115%CPU (0avgtext+0avgdata 30036maxresident)k
16inputs+112outputs (0major+13674minor)pagefaults 0swaps
    ./fast/smt_tests/basic/function/function24_test.tla
0.10user 0.06system 0:00.14elapsed 113%CPU (0avgtext+0avgdata 25812maxresident)k
16inputs+104outputs (0major+13483minor)pagefaults 0swaps
    ./fast/smt_tests/basic/function/function25_test.tla
0.09user 0.07system 0:00.14elapsed 112%CPU (0avgtext+0avgdata 25620maxresident)k
16inputs+104outputs (0major+13474minor)pagefaults 0swaps
    ./fast/smt_tests/basic/function/function26_test.tla
0.11user 0.05system 0:00.14elapsed 112%CPU (0avgtext+0avgdata 25564maxresident)k
16inputs+104outputs (1major+13444minor)pagefaults 0swaps
    ./fast/smt_tests/basic/function/function27_test.tla
0.13user 0.04system 0:00.15elapsed 113%CPU (0avgtext+0avgdata 30064maxresident)k
16inputs+120outputs (0major+13746minor)pagefaults 0swaps
    ./fast/smt_tests/basic/function/function28_test.tla
0.11user 0.05system 0:00.14elapsed 115%CPU (0avgtext+0avgdata 30580maxresident)k
16inputs+120outputs (0major+13749minor)pagefaults 0swaps
    ./fast/smt_tests/basic/function/function29_test.tla
0.09user 0.06system 0:00.14elapsed 113%CPU (0avgtext+0avgdata 25492maxresident)k
16inputs+104outputs (0major+13512minor)pagefaults 0swaps
    ./fast/smt_tests/basic/function/function2_test.tla
0.09user 0.06system 0:00.14elapsed 114%CPU (0avgtext+0avgdata 28016maxresident)k
16inputs+104outputs (0major+13622minor)pagefaults 0swaps
    ./fast/smt_tests/basic/function/function30_test.tla
0.10user 0.05system 0:00.14elapsed 112%CPU (0avgtext+0avgdata 25516maxresident)k
16inputs+104outputs (0major+13488minor)pagefaults 0swaps
    ./fast/smt_tests/basic/function/function3_test.tla
0.13user 0.09system 0:00.17elapsed 128%CPU (0avgtext+0avgdata 29732maxresident)k
16inputs+128outputs (0major+18409minor)pagefaults 0swaps
    ./fast/smt_tests/basic/function/function5_test.tla
0.11user 0.05system 0:00.14elapsed 113%CPU (0avgtext+0avgdata 27980maxresident)k
16inputs+104outputs (0major+13643minor)pagefaults 0swaps
    ./fast/smt_tests/basic/function/function6_test.tla
0.09user 0.06system 0:00.14elapsed 112%CPU (0avgtext+0avgdata 25636maxresident)k
16inputs+104outputs (0major+13507minor)pagefaults 0swaps
    ./fast/smt_tests/basic/function/function7_test.tla
0.10user 0.05system 0:00.13elapsed 112%CPU (0avgtext+0avgdata 25592maxresident)k
16inputs+104outputs (0major+13454minor)pagefaults 0swaps
    ./fast/smt_tests/basic/prop/basic_test.tla
0.09user 0.06system 0:00.13elapsed 112%CPU (0avgtext+0avgdata 25600maxresident)k
24inputs+104outputs (0major+13474minor)pagefaults 0swaps
    ./fast/smt_tests/basic/prop/prop10_test.tla
0.09user 0.07system 0:00.14elapsed 112%CPU (0avgtext+0avgdata 25580maxresident)k
16inputs+104outputs (0major+13465minor)pagefaults 0swaps
    ./fast/smt_tests/basic/prop/prop11_test.tla
0.09user 0.06system 0:00.14elapsed 113%CPU (0avgtext+0avgdata 28192maxresident)k
16inputs+104outputs (0major+13605minor)pagefaults 0swaps
    ./fast/smt_tests/basic/prop/prop12_test.tla
0.09user 0.06system 0:00.14elapsed 113%CPU (0avgtext+0avgdata 28184maxresident)k
16inputs+104outputs (0major+13597minor)pagefaults 0swaps
    ./fast/smt_tests/basic/prop/prop1_test.tla
0.11user 0.05system 0:00.14elapsed 112%CPU (0avgtext+0avgdata 25672maxresident)k
16inputs+104outputs (0major+13480minor)pagefaults 0swaps
    ./fast/smt_tests/basic/prop/prop2_test.tla
0.08user 0.06system 0:00.14elapsed 111%CPU (0avgtext+0avgdata 25632maxresident)k
16inputs+104outputs (0major+13438minor)pagefaults 0swaps
    ./fast/smt_tests/basic/prop/prop3_test.tla
0.11user 0.04system 0:00.13elapsed 112%CPU (0avgtext+0avgdata 25600maxresident)k
16inputs+104outputs (0major+13472minor)pagefaults 0swaps
    ./fast/smt_tests/basic/prop/prop4_test.tla
0.11user 0.05system 0:00.15elapsed 111%CPU (0avgtext+0avgdata 25624maxresident)k
16inputs+104outputs (0major+13505minor)pagefaults 0swaps
    ./fast/smt_tests/basic/prop/prop5_test.tla
0.12user 0.04system 0:00.14elapsed 113%CPU (0avgtext+0avgdata 25604maxresident)k
16inputs+104outputs (0major+13481minor)pagefaults 0swaps
    ./fast/smt_tests/basic/prop/prop6_test.tla
0.10user 0.04system 0:00.14elapsed 112%CPU (0avgtext+0avgdata 25692maxresident)k
16inputs+104outputs (0major+13500minor)pagefaults 0swaps
    ./fast/smt_tests/basic/prop/prop7_test.tla
0.11user 0.05system 0:00.14elapsed 114%CPU (0avgtext+0avgdata 28092maxresident)k
16inputs+104outputs (0major+13583minor)pagefaults 0swaps
    ./fast/smt_tests/basic/prop/prop8_test.tla
0.11user 0.05system 0:00.14elapsed 113%CPU (0avgtext+0avgdata 28120maxresident)k
16inputs+104outputs (0major+13588minor)pagefaults 0swaps
    ./fast/smt_tests/basic/prop/prop9_test.tla
0.11user 0.05system 0:00.14elapsed 113%CPU (0avgtext+0avgdata 25612maxresident)k
16inputs+104outputs (0major+13452minor)pagefaults 0swaps
    ./fast/smt_tests/basic/record/record1_test.tla
0.11user 0.05system 0:00.15elapsed 112%CPU (0avgtext+0avgdata 25556maxresident)k
24inputs+104outputs (0major+13455minor)pagefaults 0swaps
    ./fast/smt_tests/basic/record/record2_test.tla
0.10user 0.05system 0:00.14elapsed 113%CPU (0avgtext+0avgdata 25808maxresident)k
16inputs+104outputs (0major+13512minor)pagefaults 0swaps
    ./fast/smt_tests/basic/record/record3_test.tla
0.10user 0.05system 0:00.14elapsed 113%CPU (0avgtext+0avgdata 25584maxresident)k
16inputs+104outputs (0major+13475minor)pagefaults 0swaps
    ./fast/smt_tests/basic/set/set10_test.tla
0.11user 0.05system 0:00.15elapsed 112%CPU (0avgtext+0avgdata 27972maxresident)k
24inputs+104outputs (0major+13581minor)pagefaults 0swaps
    ./fast/smt_tests/basic/set/set11_test.tla
0.09user 0.05system 0:00.13elapsed 113%CPU (0avgtext+0avgdata 25572maxresident)k
16inputs+104outputs (0major+13474minor)pagefaults 0swaps
    ./fast/smt_tests/basic/set/set12_test.tla
0.11user 0.05system 0:00.14elapsed 112%CPU (0avgtext+0avgdata 25536maxresident)k
16inputs+104outputs (0major+13494minor)pagefaults 0swaps
    ./fast/smt_tests/basic/set/set13_test.tla
0.09user 0.07system 0:00.15elapsed 115%CPU (0avgtext+0avgdata 25664maxresident)k
16inputs+104outputs (0major+13456minor)pagefaults 0swaps
    ./fast/smt_tests/basic/set/set14_test.tla
0.10user 0.05system 0:00.14elapsed 114%CPU (0avgtext+0avgdata 28116maxresident)k
16inputs+104outputs (0major+13605minor)pagefaults 0swaps
    ./fast/smt_tests/basic/set/set15_test.tla
0.09user 0.06system 0:00.14elapsed 112%CPU (0avgtext+0avgdata 25608maxresident)k
16inputs+104outputs (0major+13495minor)pagefaults 0swaps
    ./fast/smt_tests/basic/set/set16_test.tla
0.11user 0.04system 0:00.14elapsed 114%CPU (0avgtext+0avgdata 29968maxresident)k
16inputs+104outputs (0major+13777minor)pagefaults 0swaps
    ./fast/smt_tests/basic/set/set17_test.tla
0.08user 0.07system 0:00.14elapsed 113%CPU (0avgtext+0avgdata 25532maxresident)k
16inputs+104outputs (0major+13475minor)pagefaults 0swaps
    ./fast/smt_tests/basic/set/set18_test.tla
0.12user 0.04system 0:00.14elapsed 114%CPU (0avgtext+0avgdata 29712maxresident)k
16inputs+104outputs (0major+13785minor)pagefaults 0swaps
    ./fast/smt_tests/basic/set/set19_test.tla
0.11user 0.05system 0:00.14elapsed 117%CPU (0avgtext+0avgdata 25596maxresident)k
16inputs+104outputs (0major+13483minor)pagefaults 0swaps
    ./fast/smt_tests/basic/set/set1_test.tla
0.09user 0.06system 0:00.14elapsed 113%CPU (0avgtext+0avgdata 28208maxresident)k
16inputs+104outputs (0major+13564minor)pagefaults 0swaps
    ./fast/smt_tests/basic/set/set2_test.tla
0.09user 0.05system 0:00.13elapsed 113%CPU (0avgtext+0avgdata 25656maxresident)k
16inputs+104outputs (1major+13446minor)pagefaults 0swaps
    ./fast/smt_tests/basic/set/set3_test.tla
0.10user 0.06system 0:00.14elapsed 113%CPU (0avgtext+0avgdata 25664maxresident)k
16inputs+104outputs (0major+13450minor)pagefaults 0swaps
    ./fast/smt_tests/basic/set/set4_test.tla
0.08user 0.07system 0:00.14elapsed 112%CPU (0avgtext+0avgdata 25568maxresident)k
16inputs+104outputs (0major+13493minor)pagefaults 0swaps
    ./fast/smt_tests/basic/set/set5_test.tla
0.11user 0.04system 0:00.14elapsed 113%CPU (0avgtext+0avgdata 25620maxresident)k
16inputs+104outputs (0major+13462minor)pagefaults 0swaps
    ./fast/smt_tests/basic/set/set6_test.tla
0.12user 0.04system 0:00.15elapsed 113%CPU (0avgtext+0avgdata 28248maxresident)k
16inputs+104outputs (0major+13593minor)pagefaults 0swaps
    ./fast/smt_tests/basic/set/set7_test.tla
0.10user 0.05system 0:00.14elapsed 112%CPU (0avgtext+0avgdata 25532maxresident)k
16inputs+104outputs (0major+13473minor)pagefaults 0swaps
    ./fast/smt_tests/basic/set/set8_test.tla
0.10user 0.05system 0:00.14elapsed 113%CPU (0avgtext+0avgdata 28132maxresident)k
16inputs+104outputs (0major+13572minor)pagefaults 0swaps
    ./fast/smt_tests/basic/set/set9_test.tla
0.09user 0.06system 0:00.14elapsed 114%CPU (0avgtext+0avgdata 28288maxresident)k
16inputs+104outputs (0major+13570minor)pagefaults 0swaps
    ./fast/smt_tests/basic/string/strings1_test.tla
0.09user 0.07system 0:00.14elapsed 113%CPU (0avgtext+0avgdata 25752maxresident)k
24inputs+104outputs (0major+13473minor)pagefaults 0swaps
    ./fast/smt_tests/basic/string/strings2_test.tla
0.08user 0.07system 0:00.14elapsed 112%CPU (0avgtext+0avgdata 25584maxresident)k
16inputs+104outputs (1major+13462minor)pagefaults 0swaps
    ./fast/smt_tests/basic/tuple/tuple1_test.tla
0.09user 0.06system 0:00.14elapsed 112%CPU (0avgtext+0avgdata 25616maxresident)k
24inputs+104outputs (0major+13417minor)pagefaults 0swaps
    ./fast/smt_tests/basic/tuple/tuple2_test.tla
0.10user 0.06system 0:00.15elapsed 113%CPU (0avgtext+0avgdata 27972maxresident)k
16inputs+104outputs (0major+13585minor)pagefaults 0swaps
    ./fast/smt_tests/basic/tuple/tuple3_test.tla
0.10user 0.06system 0:00.14elapsed 112%CPU (0avgtext+0avgdata 25544maxresident)k
16inputs+104outputs (0major+13450minor)pagefaults 0swaps
    ./fast/smt_tests/basic/tuple/tuple4_test.tla
0.09user 0.05system 0:00.13elapsed 113%CPU (0avgtext+0avgdata 25564maxresident)k
16inputs+104outputs (0major+13427minor)pagefaults 0swaps
    ./fast/smt_tests/basic/tuple/tuple5_test.tla
0.09user 0.07system 0:00.14elapsed 112%CPU (0avgtext+0avgdata 25700maxresident)k
16inputs+104outputs (0major+13454minor)pagefaults 0swaps
    ./fast/smt_tests/basic/tuple/tuple6_test.tla
0.09user 0.06system 0:00.14elapsed 112%CPU (0avgtext+0avgdata 25700maxresident)k
16inputs+104outputs (0major+13456minor)pagefaults 0swaps
    ./fast/smt_tests/basic/tuple/tuple7_test.tla
0.07user 0.08system 0:00.13elapsed 113%CPU (0avgtext+0avgdata 25688maxresident)k
16inputs+104outputs (0major+13500minor)pagefaults 0swaps
    ./fast/smt_tests/lang/user_ops_test.tla
0.56user 0.05system 0:00.59elapsed 103%CPU (0avgtext+0avgdata 25768maxresident)k
24inputs+152outputs (0major+14606minor)pagefaults 0swaps
    ./fast/smt_tests/negative/one_div_zero_test.tla
2.33user 2.90system 0:05.18elapsed 100%CPU (0avgtext+0avgdata 21548maxresident)k
24inputs+120outputs (0major+13682minor)pagefaults 0swaps
    ./fast/smt_tests/negative/zero_in_one_test.tla
2.32user 2.89system 0:05.19elapsed 100%CPU (0avgtext+0avgdata 21516maxresident)k
16inputs+120outputs (0major+13636minor)pagefaults 0swaps
    ./fast/smt_tests/rewriting_rules/quantifiers_test.tla
0.17user 0.16system 0:00.19elapsed 174%CPU (0avgtext+0avgdata 25760maxresident)k
24inputs+192outputs (0major+36948minor)pagefaults 0swaps
    ./fast/smt_tests/silly_theorems/app_ambiguity_test.tla
0.13user 0.06system 0:00.16elapsed 114%CPU (0avgtext+0avgdata 28036maxresident)k
24inputs+104outputs (0major+13705minor)pagefaults 0swaps
    ./fast/smt_tests/silly_theorems/nonempty_integer_test.tla
0.18user 0.10system 0:00.18elapsed 160%CPU (0avgtext+0avgdata 29792maxresident)k
16inputs+160outputs (0major+28220minor)pagefaults 0swaps
    ./fast/smt_tests/silly_theorems/one_implies_one_test.tla
0.13user 0.05system 0:00.16elapsed 117%CPU (0avgtext+0avgdata 21480maxresident)k
16inputs+104outputs (0major+13384minor)pagefaults 0swaps
    ./fast/smt_tests/silly_theorems/record_as_function_test.tla
0.11user 0.06system 0:00.15elapsed 114%CPU (0avgtext+0avgdata 29784maxresident)k
16inputs+104outputs (0major+13669minor)pagefaults 0swaps
    ./fast/smt_tests/silly_theorems/x_implies_x_test.tla
0.11user 0.04system 0:00.14elapsed 113%CPU (0avgtext+0avgdata 25700maxresident)k
16inputs+104outputs (0major+13426minor)pagefaults 0swaps
    ./medium/regression/select_bug_test.tla
22.09user 28.07system 0:50.17elapsed 99%CPU (0avgtext+0avgdata 21512maxresident)k
24inputs+152outputs (1major+9486minor)pagefaults 0swaps
    ./medium/regression/snapshot/GFX_test.tla
forbidden output is present
Command exited with non-zero status 3
273.32user 39.15system 3:55.23elapsed 132%CPU (0avgtext+0avgdata 211488maxresident)k
272inputs+19208outputs (0major+1616537minor)pagefaults 0swaps
    ./medium/regression/snapshot/SnapShot_test.tla
forbidden output is present
Command exited with non-zero status 3
737.04user 12.25system 12:00.28elapsed 104%CPU (0avgtext+0avgdata 367500maxresident)k
118528inputs+43168outputs (897major+3078347minor)pagefaults 0swaps
    ./original/fast/basic/cvc3_false_test.tla
0.07user 0.03system 0:00.11elapsed 95%CPU (0avgtext+0avgdata 21416maxresident)k
13872inputs+88outputs (51major+8535minor)pagefaults 0swaps
    ./original/fast/basic/isa_false_test.tla
0.07user 0.03system 0:00.10elapsed 101%CPU (0avgtext+0avgdata 21352maxresident)k
600inputs+96outputs (0major+8498minor)pagefaults 0swaps
    ./original/fast/basic/isa_true_test.tla
forbidden output is present
Command exited with non-zero status 3
0.07user 0.02system 0:00.10elapsed 100%CPU (0avgtext+0avgdata 21444maxresident)k
264inputs+96outputs (0major+8475minor)pagefaults 0swaps
    ./original/fast/basic/nonexistent_test.tla
0.05user 0.03system 0:00.08elapsed 101%CPU (0avgtext+0avgdata 21396maxresident)k
48inputs+56outputs (0major+7365minor)pagefaults 0swaps
    ./original/fast/basic/smt_arith_test.tla
0.11user 0.02system 0:00.12elapsed 113%CPU (0avgtext+0avgdata 25540maxresident)k
56inputs+104outputs (0major+13462minor)pagefaults 0swaps
    ./original/fast/basic/smt_false_test.tla
0.08user 0.05system 0:00.12elapsed 113%CPU (0avgtext+0avgdata 25532maxresident)k
200inputs+104outputs (0major+13492minor)pagefaults 0swaps
    ./original/fast/basic/tab_character_test.tla
0.02user 0.03system 0:00.07elapsed 72%CPU (0avgtext+0avgdata 10348maxresident)k
16inputs+16outputs (0major+2068minor)pagefaults 0swaps
    ./original/fast/basic/true_test.tla
0.09user 0.04system 0:00.12elapsed 112%CPU (0avgtext+0avgdata 25544maxresident)k
40inputs+104outputs (0major+13468minor)pagefaults 0swaps
    ./original/fast/basic/z3_arith_test.tla
0.09user 0.04system 0:00.12elapsed 113%CPU (0avgtext+0avgdata 25532maxresident)k
48inputs+104outputs (0major+13487minor)pagefaults 0swaps
    ./original/fast/basic/z3_false_test.tla
0.09user 0.06system 0:00.13elapsed 115%CPU (0avgtext+0avgdata 25476maxresident)k
72inputs+104outputs (0major+13510minor)pagefaults 0swaps
    ./original/fast/basic/zen_false_test.tla
0.09user 0.05system 0:00.12elapsed 118%CPU (0avgtext+0avgdata 21488maxresident)k
56inputs+104outputs (0major+13005minor)pagefaults 0swaps
    ./original/fast/basic/zen_true_test.tla
0.09user 0.05system 0:00.12elapsed 118%CPU (0avgtext+0avgdata 21444maxresident)k
240inputs+104outputs (0major+13043minor)pagefaults 0swaps
    ./original/fast/enabled_cdot/Cdot_test.tla
0.15user 0.11system 0:00.13elapsed 194%CPU (0avgtext+0avgdata 23280maxresident)k
80inputs+184outputs (0major+27045minor)pagefaults 0swaps
    ./original/fast/enabled_cdot/ENABLEDaxioms_test.tla
0.60user 0.64system 0:00.45elapsed 277%CPU (0avgtext+0avgdata 27968maxresident)k
128inputs+984outputs (0major+211170minor)pagefaults 0swaps
    ./original/fast/enabled_cdot/ENABLED_INSTANCE_nullary_op_test.tla
0.14user 0.08system 0:00.17elapsed 128%CPU (0avgtext+0avgdata 29808maxresident)k
104inputs+160outputs (0major+18990minor)pagefaults 0swaps
    ./original/fast/enabled_cdot/ENABLED_INSTANCE_nullary_op_two_vars_test.tla
forbidden output is present
Command exited with non-zero status 3
0.13user 0.08system 0:00.16elapsed 129%CPU (0avgtext+0avgdata 29824maxresident)k
64inputs+168outputs (0major+19010minor)pagefaults 0swaps
    ./original/fast/enabled_cdot/ENABLED_INSTANCE_op_with_args_test.tla
forbidden output is present
Command exited with non-zero status 3
0.12user 0.07system 0:00.16elapsed 125%CPU (0avgtext+0avgdata 29860maxresident)k
72inputs+168outputs (0major+19032minor)pagefaults 0swaps
    ./original/fast/enabled_cdot/Enabled_test.tla
0.47user 0.44system 0:00.31elapsed 295%CPU (0avgtext+0avgdata 29988maxresident)k
72inputs+624outputs (0major+132821minor)pagefaults 0swaps
    ./original/fast/enabled_cdot/ExpandENABLED_LET_test.tla
0.15user 0.03system 0:00.14elapsed 125%CPU (0avgtext+0avgdata 21580maxresident)k
56inputs+104outputs (0major+13030minor)pagefaults 0swaps
    ./original/fast/enabled_cdot/ExpandOnlyCdot_test.tla
0.07user 0.03system 0:00.10elapsed 101%CPU (0avgtext+0avgdata 21476maxresident)k
64inputs+88outputs (0major+8474minor)pagefaults 0swaps
    ./original/fast/enabled_cdot/ExpandOnlyENABLED_test.tla
0.07user 0.03system 0:00.10elapsed 101%CPU (0avgtext+0avgdata 21404maxresident)k
64inputs+88outputs (0major+8419minor)pagefaults 0swaps
    ./original/fast/enabled_cdot/Level_of_parametric_INSTANCE_test.tla
0.12user 0.05system 0:00.14elapsed 127%CPU (0avgtext+0avgdata 25488maxresident)k
80inputs+120outputs (0major+17837minor)pagefaults 0swaps
    ./original/fast/enabled_cdot/Level_test.tla
0.15user 0.05system 0:00.17elapsed 113%CPU (0avgtext+0avgdata 21524maxresident)k
96inputs+144outputs (0major+13693minor)pagefaults 0swaps
    ./original/fast/enabled_cdot/NestedCdot_test.tla
0.20user 0.10system 0:00.15elapsed 200%CPU (0avgtext+0avgdata 24992maxresident)k
48inputs+168outputs (0major+27810minor)pagefaults 0swaps
    ./original/fast/enabled_cdot/NestedENABLED_from_AutoUSE_test.tla
forbidden output is present
Command exited with non-zero status 3
0.11user 0.03system 0:00.14elapsed 101%CPU (0avgtext+0avgdata 21512maxresident)k
48inputs+96outputs (0major+8464minor)pagefaults 0swaps
    ./original/fast/enabled_cdot/NestedENABLED_test.tla
0.17user 0.10system 0:00.18elapsed 153%CPU (0avgtext+0avgdata 22432maxresident)k
40inputs+160outputs (0major+22642minor)pagefaults 0swaps
    ./original/fast/fingerprint/FingerprintVariablesParameters_test.tla
required error output is missing
Command exited with non-zero status 3
0.13user 0.07system 0:00.19elapsed 100%CPU (0avgtext+0avgdata 21476maxresident)k
56inputs+104outputs (0major+14626minor)pagefaults 0swaps
    ./original/fast/language/EXCEPTMultipleBrackets_test.tla
0.11user 0.08system 0:00.14elapsed 141%CPU (0avgtext+0avgdata 25608maxresident)k
64inputs+104outputs (0major+22069minor)pagefaults 0swaps
    ./original/fast/language/EXTENDS_in_submodule_test.tla
0.09user 0.04system 0:00.13elapsed 102%CPU (0avgtext+0avgdata 21348maxresident)k
112inputs+128outputs (0major+9077minor)pagefaults 0swaps
    ./original/fast/language/INSTANCE_inside_LET_fingerprint_test.tla
0.13user 0.04system 0:00.15elapsed 113%CPU (0avgtext+0avgdata 25564maxresident)k
56inputs+144outputs (1major+14222minor)pagefaults 0swaps
    ./original/fast/language/INSTANCE_inside_LET_test.tla
0.12user 0.05system 0:00.16elapsed 113%CPU (0avgtext+0avgdata 25660maxresident)k
40inputs+144outputs (0major+14223minor)pagefaults 0swaps
    ./original/fast/language/INSTANCE_shift_due_to_omitted_modunits_test.tla
0.10user 0.04system 0:00.14elapsed 102%CPU (0avgtext+0avgdata 21372maxresident)k
56inputs+136outputs (0major+9114minor)pagefaults 0swaps
    ./original/fast/language/Operators_test.tla
0.13user 0.07system 0:00.17elapsed 124%CPU (0avgtext+0avgdata 25552maxresident)k
48inputs+88outputs (0major+17475minor)pagefaults 0swaps
    ./original/fast/language/SubrefLL_test.tla
1.14user 0.72system 0:00.88elapsed 211%CPU (0avgtext+0avgdata 25752maxresident)k
80inputs+896outputs (0major+202601minor)pagefaults 0swaps
    ./original/fast/language/Subref_test.tla
0.92user 0.59system 0:00.44elapsed 345%CPU (0avgtext+0avgdata 25596maxresident)k
40inputs+832outputs (0major+124256minor)pagefaults 0swaps
    ./original/fast/language/WFTRUE_test.tla
forbidden output is present
Command exited with non-zero status 3
0.08user 0.04system 0:00.13elapsed 100%CPU (0avgtext+0avgdata 21372maxresident)k
40inputs+64outputs (0major+7849minor)pagefaults 0swaps
    ./original/fast/regression/consensus/consensus_test.tla
4.84user 1.60system 0:03.48elapsed 184%CPU (0avgtext+0avgdata 35832maxresident)k
688inputs+296outputs (0major+26935minor)pagefaults 0swaps
    ./original/fast/regression/cooper_instantiation_test.tla
0.08user 0.04system 0:00.12elapsed 100%CPU (0avgtext+0avgdata 21384maxresident)k
64inputs+56outputs (0major+7490minor)pagefaults 0swaps
    ./original/fast/regression/higher_order_statement_test.tla
forbidden output is present
Command exited with non-zero status 3
0.25user 0.11system 0:00.26elapsed 139%CPU (0avgtext+0avgdata 29536maxresident)k
112inputs+176outputs (0major+23243minor)pagefaults 0swaps
    ./original/fast/regression/MiniProducerConsumer_test.tla
40.04user 35.43system 1:15.47elapsed 100%CPU (0avgtext+0avgdata 21600maxresident)k
56inputs+408outputs (0major+15459minor)pagefaults 0swaps
    ./original/fast/regression/parameterized_instantiation_test.tla
0.15user 0.10system 0:00.24elapsed 109%CPU (0avgtext+0avgdata 25604maxresident)k
88inputs+152outputs (0major+14166minor)pagefaults 0swaps
    ./original/fast/regression/setEuclid_test.tla
forbidden output is present
Command exited with non-zero status 3
17.77user 11.20system 0:28.14elapsed 102%CPU (0avgtext+0avgdata 31904maxresident)k
400inputs+1232outputs (0major+136862minor)pagefaults 0swaps
    ./original/fast/regression/smt_domain_check_test.tla
0.11user 0.09system 0:00.17elapsed 116%CPU (0avgtext+0avgdata 29464maxresident)k
64inputs+112outputs (0major+13715minor)pagefaults 0swaps
    ./original/fast/regression/z3_fingerprint_test.tla
0.17user 0.08system 0:00.25elapsed 101%CPU (0avgtext+0avgdata 21556maxresident)k
32inputs+160outputs (0major+16706minor)pagefaults 0swaps
    ./original/fast/russell_test.tla
0.21user 0.11system 0:00.19elapsed 166%CPU (0avgtext+0avgdata 25516maxresident)k
64inputs+160outputs (0major+27451minor)pagefaults 0swaps
    ./original/fast/smt_tests/advanced/functions/bijection_thm_test.tla
0.63user 0.36system 0:00.54elapsed 185%CPU (0avgtext+0avgdata 29880maxresident)k
104inputs+640outputs (0major+105630minor)pagefaults 0swaps
    ./original/fast/smt_tests/advanced/functions/composition_test.tla
0.11user 0.07system 0:00.16elapsed 114%CPU (0avgtext+0avgdata 27908maxresident)k
40inputs+104outputs (0major+13637minor)pagefaults 0swaps
    ./original/fast/smt_tests/advanced/functions/identity1_test.tla
0.11user 0.06system 0:00.15elapsed 111%CPU (0avgtext+0avgdata 25576maxresident)k
40inputs+112outputs (0major+13507minor)pagefaults 0swaps
    ./original/fast/smt_tests/advanced/functions/identity2_test.tla
0.10user 0.08system 0:00.16elapsed 113%CPU (0avgtext+0avgdata 29628maxresident)k
40inputs+120outputs (0major+13696minor)pagefaults 0swaps
    ./original/fast/smt_tests/advanced/set_theory/cantor1_test.tla
11.04user 14.33system 0:25.23elapsed 100%CPU (0avgtext+0avgdata 30492maxresident)k
88inputs+264outputs (0major+37947minor)pagefaults 0swaps
    ./original/fast/smt_tests/advanced/set_theory/choice_axiom2_test.tla
11.10user 14.32system 0:25.24elapsed 100%CPU (0avgtext+0avgdata 29932maxresident)k
64inputs+304outputs (0major+38644minor)pagefaults 0swaps
    ./original/fast/smt_tests/advanced/set_theory/choice_axiom_test.tla
0.38user 0.21system 0:00.27elapsed 216%CPU (0avgtext+0avgdata 30664maxresident)k
48inputs+304outputs (0major+57652minor)pagefaults 0swaps
    ./original/fast/smt_tests/advanced/set_theory/section_test.tla
10.53user 14.88system 0:25.24elapsed 100%CPU (0avgtext+0avgdata 30036maxresident)k
32inputs+328outputs (0major+38727minor)pagefaults 0swaps
    ./original/fast/smt_tests/advanced/tuples/tuple_as_function1_test.tla
0.28user 0.15system 0:00.26elapsed 165%CPU (0avgtext+0avgdata 30156maxresident)k
80inputs+336outputs (0major+51591minor)pagefaults 0swaps
    ./original/fast/smt_tests/advanced/tuples/tuple_as_function2_test.tla
0.30user 0.19system 0:00.27elapsed 178%CPU (0avgtext+0avgdata 30072maxresident)k
40inputs+336outputs (0major+61891minor)pagefaults 0swaps
    ./original/fast/smt_tests/basic/arith/arith10_test.tla
0.10user 0.06system 0:00.14elapsed 112%CPU (0avgtext+0avgdata 25568maxresident)k
88inputs+104outputs (0major+13478minor)pagefaults 0swaps
    ./original/fast/smt_tests/basic/arith/arith11_test.tla
0.08user 0.06system 0:00.13elapsed 112%CPU (0avgtext+0avgdata 25632maxresident)k
48inputs+104outputs (0major+13477minor)pagefaults 0swaps
    ./original/fast/smt_tests/basic/arith/arith12_test.tla
0.08user 0.06system 0:00.13elapsed 114%CPU (0avgtext+0avgdata 28100maxresident)k
48inputs+104outputs (0major+13630minor)pagefaults 0swaps
    ./original/fast/smt_tests/basic/arith/arith13_test.tla
0.10user 0.05system 0:00.13elapsed 114%CPU (0avgtext+0avgdata 28116maxresident)k
64inputs+104outputs (0major+13630minor)pagefaults 0swaps
    ./original/fast/smt_tests/basic/arith/arith14_test.tla
0.08user 0.06system 0:00.13elapsed 112%CPU (0avgtext+0avgdata 26768maxresident)k
32inputs+104outputs (0major+13575minor)pagefaults 0swaps
    ./original/fast/smt_tests/basic/arith/arith15_test.tla
0.09user 0.04system 0:00.12elapsed 113%CPU (0avgtext+0avgdata 25512maxresident)k
32inputs+104outputs (0major+13449minor)pagefaults 0swaps
    ./original/fast/smt_tests/basic/arith/arith16_test.tla
0.08user 0.05system 0:00.12elapsed 112%CPU (0avgtext+0avgdata 25544maxresident)k
40inputs+104outputs (0major+13466minor)pagefaults 0swaps
    ./original/fast/smt_tests/basic/arith/arith17_test.tla
0.09user 0.04system 0:00.12elapsed 112%CPU (0avgtext+0avgdata 25544maxresident)k
32inputs+104outputs (0major+13483minor)pagefaults 0swaps
    ./original/fast/smt_tests/basic/arith/arith18_test.tla
0.09user 0.04system 0:00.12elapsed 112%CPU (0avgtext+0avgdata 25588maxresident)k
40inputs+104outputs (0major+13437minor)pagefaults 0swaps
    ./original/fast/smt_tests/basic/arith/arith19_test.tla
0.08user 0.05system 0:00.12elapsed 112%CPU (0avgtext+0avgdata 25572maxresident)k
40inputs+104outputs (0major+13505minor)pagefaults 0swaps
    ./original/fast/smt_tests/basic/arith/arith1_test.tla
0.09user 0.05system 0:00.12elapsed 113%CPU (0avgtext+0avgdata 25548maxresident)k
48inputs+104outputs (0major+13494minor)pagefaults 0swaps
    ./original/fast/smt_tests/basic/arith/arith2_test.tla
0.09user 0.05system 0:00.13elapsed 112%CPU (0avgtext+0avgdata 25528maxresident)k
56inputs+104outputs (0major+13513minor)pagefaults 0swaps
    ./original/fast/smt_tests/basic/arith/arith3_test.tla
0.09user 0.06system 0:00.14elapsed 114%CPU (0avgtext+0avgdata 25652maxresident)k
40inputs+104outputs (0major+13510minor)pagefaults 0swaps
    ./original/fast/smt_tests/basic/arith/arith4_test.tla
0.08user 0.05system 0:00.12elapsed 114%CPU (0avgtext+0avgdata 25632maxresident)k
48inputs+104outputs (0major+13516minor)pagefaults 0swaps
    ./original/fast/smt_tests/basic/arith/arith5_test.tla
0.06user 0.06system 0:00.12elapsed 113%CPU (0avgtext+0avgdata 25628maxresident)k
48inputs+104outputs (0major+13491minor)pagefaults 0swaps
    ./original/fast/smt_tests/basic/arith/arith6_test.tla
0.09user 0.05system 0:00.12elapsed 113%CPU (0avgtext+0avgdata 25732maxresident)k
56inputs+104outputs (0major+13459minor)pagefaults 0swaps
    ./original/fast/smt_tests/basic/arith/arith7_test.tla
0.08user 0.06system 0:00.13elapsed 116%CPU (0avgtext+0avgdata 25632maxresident)k
48inputs+104outputs (0major+13485minor)pagefaults 0swaps
    ./original/fast/smt_tests/basic/arith/arith8_test.tla
0.09user 0.06system 0:00.13elapsed 114%CPU (0avgtext+0avgdata 25520maxresident)k
48inputs+104outputs (0major+13449minor)pagefaults 0swaps
    ./original/fast/smt_tests/basic/arith/arith9_test.tla
0.10user 0.04system 0:00.12elapsed 111%CPU (0avgtext+0avgdata 25624maxresident)k
320inputs+104outputs (0major+13486minor)pagefaults 0swaps
    ./original/fast/smt_tests/basic/epsilon/epsilon1_test.tla
0.10user 0.04system 0:00.13elapsed 114%CPU (0avgtext+0avgdata 28036maxresident)k
72inputs+104outputs (0major+13619minor)pagefaults 0swaps
    ./original/fast/smt_tests/basic/epsilon/epsilon2_test.tla
0.08user 0.06system 0:00.12elapsed 114%CPU (0avgtext+0avgdata 27984maxresident)k
32inputs+104outputs (0major+13658minor)pagefaults 0swaps
    ./original/fast/smt_tests/basic/epsilon/epsilon3_test.tla
0.08user 0.06system 0:00.12elapsed 111%CPU (0avgtext+0avgdata 28276maxresident)k
40inputs+104outputs (0major+13616minor)pagefaults 0swaps
    ./original/fast/smt_tests/basic/epsilon/epsilon4_test.tla
0.11user 0.03system 0:00.13elapsed 112%CPU (0avgtext+0avgdata 28036maxresident)k
32inputs+104outputs (0major+13598minor)pagefaults 0swaps
    ./original/fast/smt_tests/basic/extensionality/empty_set_ext_test.tla
0.07user 0.07system 0:00.13elapsed 114%CPU (0avgtext+0avgdata 28212maxresident)k
72inputs+104outputs (0major+13587minor)pagefaults 0swaps
    ./original/fast/smt_tests/basic/extensionality/enum_ext_test.tla
0.08user 0.05system 0:00.12elapsed 114%CPU (0avgtext+0avgdata 28220maxresident)k
32inputs+104outputs (0major+13654minor)pagefaults 0swaps
    ./original/fast/smt_tests/basic/extensionality/fun_ext_test.tla
0.07user 0.06system 0:00.12elapsed 113%CPU (0avgtext+0avgdata 25624maxresident)k
48inputs+104outputs (0major+13531minor)pagefaults 0swaps
    ./original/fast/smt_tests/basic/extensionality/set_ext_test.tla
0.08user 0.06system 0:00.12elapsed 115%CPU (0avgtext+0avgdata 30128maxresident)k
32inputs+104outputs (0major+13726minor)pagefaults 0swaps
    ./original/fast/smt_tests/basic/extensionality/tup_ext_test.tla
0.08user 0.06system 0:00.12elapsed 112%CPU (0avgtext+0avgdata 25572maxresident)k
288inputs+104outputs (0major+13495minor)pagefaults 0swaps
    ./original/fast/smt_tests/basic/firstorder/firstorder1_test.tla
0.11user 0.05system 0:00.14elapsed 112%CPU (0avgtext+0avgdata 28292maxresident)k
96inputs+104outputs (0major+13636minor)pagefaults 0swaps
    ./original/fast/smt_tests/basic/firstorder/firstorder1_wproof_test.tla
0.12user 0.09system 0:00.15elapsed 140%CPU (0avgtext+0avgdata 28284maxresident)k
32inputs+144outputs (0major+22994minor)pagefaults 0swaps
    ./original/fast/smt_tests/basic/firstorder/firstorder2_test.tla
0.11user 0.05system 0:00.14elapsed 113%CPU (0avgtext+0avgdata 28228maxresident)k
32inputs+104outputs (0major+13619minor)pagefaults 0swaps
    ./original/fast/smt_tests/basic/firstorder/firstorder2_wproof_test.tla
0.14user 0.07system 0:00.16elapsed 136%CPU (0avgtext+0avgdata 28140maxresident)k
32inputs+144outputs (0major+23020minor)pagefaults 0swaps
    ./original/fast/smt_tests/basic/firstorder/firstorder3_test.tla
0.10user 0.06system 0:00.14elapsed 114%CPU (0avgtext+0avgdata 29752maxresident)k
56inputs+104outputs (0major+13721minor)pagefaults 0swaps
    ./original/fast/smt_tests/basic/firstorder/firstorder3_wproof_test.tla
0.12user 0.12system 0:00.16elapsed 146%CPU (0avgtext+0avgdata 29980maxresident)k
32inputs+144outputs (0major+23430minor)pagefaults 0swaps
    ./original/fast/smt_tests/basic/firstorder/firstorder4_test.tla
0.11user 0.05system 0:00.15elapsed 114%CPU (0avgtext+0avgdata 30116maxresident)k
32inputs+104outputs (0major+13705minor)pagefaults 0swaps
    ./original/fast/smt_tests/basic/firstorder/firstorder4_wproof_test.tla
0.14user 0.13system 0:00.18elapsed 152%CPU (0avgtext+0avgdata 29756maxresident)k
296inputs+160outputs (0major+27962minor)pagefaults 0swaps
    ./original/fast/smt_tests/basic/firstorder/firstorder5_test.tla
0.10user 0.06system 0:00.15elapsed 114%CPU (0avgtext+0avgdata 29520maxresident)k
296inputs+104outputs (0major+13703minor)pagefaults 0swaps
    ./original/fast/smt_tests/basic/firstorder/firstorder5_wproof_test.tla
0.14user 0.13system 0:00.19elapsed 146%CPU (0avgtext+0avgdata 28024maxresident)k
40inputs+160outputs (0major+27881minor)pagefaults 0swaps
    ./original/fast/smt_tests/basic/firstorder/firstorder6_test.tla
0.12user 0.05system 0:00.16elapsed 113%CPU (0avgtext+0avgdata 30008maxresident)k
40inputs+104outputs (0major+13727minor)pagefaults 0swaps
    ./original/fast/smt_tests/basic/firstorder/firstorder6_wproof_test.tla
0.16user 0.13system 0:00.18elapsed 158%CPU (0avgtext+0avgdata 29880maxresident)k
32inputs+160outputs (0major+28315minor)pagefaults 0swaps
    ./original/fast/smt_tests/basic/function/function10_test.tla
0.11user 0.05system 0:00.15elapsed 112%CPU (0avgtext+0avgdata 25544maxresident)k
80inputs+104outputs (0major+13501minor)pagefaults 0swaps
    ./original/fast/smt_tests/basic/function/function11_test.tla
0.10user 0.07system 0:00.15elapsed 114%CPU (0avgtext+0avgdata 27808maxresident)k
32inputs+104outputs (0major+13656minor)pagefaults 0swaps
    ./original/fast/smt_tests/basic/function/function12_test.tla
11.04user 14.18system 0:25.18elapsed 100%CPU (0avgtext+0avgdata 24736maxresident)k
32inputs+152outputs (0major+14552minor)pagefaults 0swaps
    ./original/fast/smt_tests/basic/function/function13_test.tla
0.11user 0.07system 0:00.16elapsed 115%CPU (0avgtext+0avgdata 25556maxresident)k
48inputs+104outputs (0major+13502minor)pagefaults 0swaps
    ./original/fast/smt_tests/basic/function/function14_test.tla
0.11user 0.08system 0:00.17elapsed 116%CPU (0avgtext+0avgdata 27940maxresident)k
48inputs+104outputs (0major+13632minor)pagefaults 0swaps
    ./original/fast/smt_tests/basic/function/function15_test.tla
0.12user 0.06system 0:00.16elapsed 112%CPU (0avgtext+0avgdata 25636maxresident)k
32inputs+104outputs (0major+13484minor)pagefaults 0swaps
    ./original/fast/smt_tests/basic/function/function16_test.tla
11.41user 13.80system 0:25.19elapsed 100%CPU (0avgtext+0avgdata 22100maxresident)k
40inputs+152outputs (0major+13852minor)pagefaults 0swaps
    ./original/fast/smt_tests/basic/function/function17_test.tla
0.11user 0.07system 0:00.16elapsed 114%CPU (0avgtext+0avgdata 29636maxresident)k
48inputs+120outputs (0major+13747minor)pagefaults 0swaps
    ./original/fast/smt_tests/basic/function/function18_test.tla
0.11user 0.04system 0:00.14elapsed 112%CPU (0avgtext+0avgdata 25608maxresident)k
32inputs+104outputs (0major+13552minor)pagefaults 0swaps
    ./original/fast/smt_tests/basic/function/function1_test.tla
0.09user 0.06system 0:00.14elapsed 111%CPU (0avgtext+0avgdata 25532maxresident)k
40inputs+104outputs (0major+13434minor)pagefaults 0swaps
    ./original/fast/smt_tests/basic/function/function20_test.tla
0.08user 0.05system 0:00.12elapsed 113%CPU (0avgtext+0avgdata 25544maxresident)k
304inputs+104outputs (0major+13487minor)pagefaults 0swaps
    ./original/fast/smt_tests/basic/function/function21_test.tla
0.08user 0.05system 0:00.12elapsed 114%CPU (0avgtext+0avgdata 25544maxresident)k
32inputs+104outputs (0major+13472minor)pagefaults 0swaps
    ./original/fast/smt_tests/basic/function/function22_test.tla
0.09user 0.06system 0:00.13elapsed 114%CPU (0avgtext+0avgdata 25468maxresident)k
32inputs+104outputs (0major+13477minor)pagefaults 0swaps
    ./original/fast/smt_tests/basic/function/function23_test.tla
0.09user 0.06system 0:00.13elapsed 113%CPU (0avgtext+0avgdata 29948maxresident)k
32inputs+112outputs (0major+13677minor)pagefaults 0swaps
    ./original/fast/smt_tests/basic/function/function24_test.tla
0.09user 0.04system 0:00.12elapsed 112%CPU (0avgtext+0avgdata 25608maxresident)k
32inputs+104outputs (0major+13463minor)pagefaults 0swaps
    ./original/fast/smt_tests/basic/function/function25_test.tla
0.09user 0.05system 0:00.13elapsed 112%CPU (0avgtext+0avgdata 25644maxresident)k
32inputs+104outputs (0major+13504minor)pagefaults 0swaps
    ./original/fast/smt_tests/basic/function/function26_test.tla
0.10user 0.04system 0:00.12elapsed 113%CPU (0avgtext+0avgdata 25560maxresident)k
32inputs+104outputs (0major+13476minor)pagefaults 0swaps
    ./original/fast/smt_tests/basic/function/function27_test.tla
0.10user 0.05system 0:00.14elapsed 115%CPU (0avgtext+0avgdata 30172maxresident)k
48inputs+120outputs (0major+13743minor)pagefaults 0swaps
    ./original/fast/smt_tests/basic/function/function28_test.tla
0.11user 0.05system 0:00.14elapsed 115%CPU (0avgtext+0avgdata 30732maxresident)k
32inputs+120outputs (0major+13741minor)pagefaults 0swaps
    ./original/fast/smt_tests/basic/function/function29_test.tla
0.10user 0.05system 0:00.13elapsed 111%CPU (0avgtext+0avgdata 25624maxresident)k
32inputs+104outputs (0major+13516minor)pagefaults 0swaps
    ./original/fast/smt_tests/basic/function/function2_test.tla
0.09user 0.04system 0:00.12elapsed 114%CPU (0avgtext+0avgdata 28012maxresident)k
32inputs+104outputs (1major+13626minor)pagefaults 0swaps
    ./original/fast/smt_tests/basic/function/function30_test.tla
0.07user 0.07system 0:00.13elapsed 112%CPU (0avgtext+0avgdata 25620maxresident)k
32inputs+104outputs (0major+13526minor)pagefaults 0swaps
    ./original/fast/smt_tests/basic/function/function3_test.tla
0.12user 0.06system 0:00.15elapsed 127%CPU (0avgtext+0avgdata 30048maxresident)k
40inputs+128outputs (0major+18416minor)pagefaults 0swaps
    ./original/fast/smt_tests/basic/function/function5_test.tla
0.08user 0.06system 0:00.13elapsed 113%CPU (0avgtext+0avgdata 28032maxresident)k
32inputs+104outputs (0major+13644minor)pagefaults 0swaps
    ./original/fast/smt_tests/basic/function/function6_test.tla
0.09user 0.05system 0:00.13elapsed 111%CPU (0avgtext+0avgdata 25540maxresident)k
40inputs+104outputs (0major+13480minor)pagefaults 0swaps
    ./original/fast/smt_tests/basic/function/function7_test.tla
0.08user 0.06system 0:00.12elapsed 112%CPU (0avgtext+0avgdata 25432maxresident)k
40inputs+104outputs (0major+13463minor)pagefaults 0swaps
    ./original/fast/smt_tests/basic/prop/basic_test.tla
0.08user 0.06system 0:00.13elapsed 111%CPU (0avgtext+0avgdata 25572maxresident)k
72inputs+104outputs (0major+13490minor)pagefaults 0swaps
    ./original/fast/smt_tests/basic/prop/prop10_test.tla
0.07user 0.06system 0:00.12elapsed 113%CPU (0avgtext+0avgdata 25552maxresident)k
32inputs+104outputs (0major+13494minor)pagefaults 0swaps
    ./original/fast/smt_tests/basic/prop/prop11_test.tla
0.07user 0.06system 0:00.12elapsed 113%CPU (0avgtext+0avgdata 28220maxresident)k
40inputs+104outputs (0major+13607minor)pagefaults 0swaps
    ./original/fast/smt_tests/basic/prop/prop12_test.tla
0.09user 0.05system 0:00.12elapsed 114%CPU (0avgtext+0avgdata 28152maxresident)k
32inputs+104outputs (0major+13599minor)pagefaults 0swaps
    ./original/fast/smt_tests/basic/prop/prop1_test.tla
0.09user 0.03system 0:00.11elapsed 113%CPU (0avgtext+0avgdata 25572maxresident)k
40inputs+104outputs (0major+13468minor)pagefaults 0swaps
    ./original/fast/smt_tests/basic/prop/prop2_test.tla
0.08user 0.05system 0:00.12elapsed 112%CPU (0avgtext+0avgdata 25568maxresident)k
32inputs+104outputs (0major+13446minor)pagefaults 0swaps
    ./original/fast/smt_tests/basic/prop/prop3_test.tla
0.08user 0.05system 0:00.12elapsed 111%CPU (0avgtext+0avgdata 25656maxresident)k
56inputs+104outputs (0major+13461minor)pagefaults 0swaps
    ./original/fast/smt_tests/basic/prop/prop4_test.tla
0.10user 0.04system 0:00.13elapsed 112%CPU (0avgtext+0avgdata 25560maxresident)k
40inputs+104outputs (0major+13495minor)pagefaults 0swaps
    ./original/fast/smt_tests/basic/prop/prop5_test.tla
0.09user 0.04system 0:00.12elapsed 112%CPU (0avgtext+0avgdata 25564maxresident)k
40inputs+104outputs (0major+13510minor)pagefaults 0swaps
    ./original/fast/smt_tests/basic/prop/prop6_test.tla
0.09user 0.04system 0:00.12elapsed 112%CPU (0avgtext+0avgdata 25572maxresident)k
40inputs+104outputs (0major+13460minor)pagefaults 0swaps
    ./original/fast/smt_tests/basic/prop/prop7_test.tla
0.08user 0.05system 0:00.12elapsed 113%CPU (0avgtext+0avgdata 28080maxresident)k
40inputs+104outputs (0major+13597minor)pagefaults 0swaps
    ./original/fast/smt_tests/basic/prop/prop8_test.tla
0.09user 0.04system 0:00.12elapsed 113%CPU (0avgtext+0avgdata 27928maxresident)k
40inputs+104outputs (0major+13594minor)pagefaults 0swaps
    ./original/fast/smt_tests/basic/prop/prop9_test.tla
0.08user 0.05system 0:00.12elapsed 113%CPU (0avgtext+0avgdata 25464maxresident)k
40inputs+104outputs (0major+13464minor)pagefaults 0swaps
    ./original/fast/smt_tests/basic/record/record1_test.tla
0.10user 0.04system 0:00.13elapsed 110%CPU (0avgtext+0avgdata 25628maxresident)k
88inputs+104outputs (0major+13469minor)pagefaults 0swaps
    ./original/fast/smt_tests/basic/record/record2_test.tla
0.08user 0.06system 0:00.13elapsed 112%CPU (0avgtext+0avgdata 25500maxresident)k
40inputs+104outputs (0major+13499minor)pagefaults 0swaps
    ./original/fast/smt_tests/basic/record/record3_test.tla
0.09user 0.04system 0:00.12elapsed 112%CPU (0avgtext+0avgdata 25512maxresident)k
32inputs+104outputs (0major+13490minor)pagefaults 0swaps
    ./original/fast/smt_tests/basic/set/set10_test.tla
0.07user 0.06system 0:00.12elapsed 113%CPU (0avgtext+0avgdata 27976maxresident)k
344inputs+104outputs (0major+13600minor)pagefaults 0swaps
    ./original/fast/smt_tests/basic/set/set11_test.tla
0.09user 0.04system 0:00.12elapsed 113%CPU (0avgtext+0avgdata 25556maxresident)k
32inputs+104outputs (0major+13490minor)pagefaults 0swaps
    ./original/fast/smt_tests/basic/set/set12_test.tla
0.09user 0.04system 0:00.12elapsed 113%CPU (0avgtext+0avgdata 25548maxresident)k
32inputs+104outputs (0major+13487minor)pagefaults 0swaps
    ./original/fast/smt_tests/basic/set/set13_test.tla
0.09user 0.04system 0:00.12elapsed 112%CPU (0avgtext+0avgdata 25596maxresident)k
40inputs+104outputs (0major+13452minor)pagefaults 0swaps
    ./original/fast/smt_tests/basic/set/set14_test.tla
0.09user 0.04system 0:00.12elapsed 115%CPU (0avgtext+0avgdata 27892maxresident)k
32inputs+104outputs (1major+13609minor)pagefaults 0swaps
    ./original/fast/smt_tests/basic/set/set15_test.tla
0.07user 0.06system 0:00.12elapsed 113%CPU (0avgtext+0avgdata 25596maxresident)k
48inputs+104outputs (0major+13515minor)pagefaults 0swaps
    ./original/fast/smt_tests/basic/set/set16_test.tla
0.08user 0.06system 0:00.13elapsed 113%CPU (0avgtext+0avgdata 29764maxresident)k
40inputs+104outputs (0major+13800minor)pagefaults 0swaps
    ./original/fast/smt_tests/basic/set/set17_test.tla
0.08user 0.05system 0:00.12elapsed 112%CPU (0avgtext+0avgdata 25676maxresident)k
32inputs+104outputs (0major+13475minor)pagefaults 0swaps
    ./original/fast/smt_tests/basic/set/set18_test.tla
0.09user 0.05system 0:00.12elapsed 114%CPU (0avgtext+0avgdata 29784maxresident)k
40inputs+104outputs (0major+13800minor)pagefaults 0swaps
    ./original/fast/smt_tests/basic/set/set19_test.tla
0.07user 0.06system 0:00.12elapsed 113%CPU (0avgtext+0avgdata 25568maxresident)k
32inputs+104outputs (0major+13503minor)pagefaults 0swaps
    ./original/fast/smt_tests/basic/set/set1_test.tla
0.08user 0.05system 0:00.12elapsed 114%CPU (0avgtext+0avgdata 28352maxresident)k
32inputs+104outputs (0major+13585minor)pagefaults 0swaps
    ./original/fast/smt_tests/basic/set/set2_test.tla
0.08user 0.06system 0:00.12elapsed 112%CPU (0avgtext+0avgdata 25560maxresident)k
32inputs+104outputs (0major+13455minor)pagefaults 0swaps
    ./original/fast/smt_tests/basic/set/set3_test.tla
0.07user 0.05system 0:00.11elapsed 114%CPU (0avgtext+0avgdata 25600maxresident)k
40inputs+104outputs (0major+13450minor)pagefaults 0swaps
    ./original/fast/smt_tests/basic/set/set4_test.tla
0.08user 0.05system 0:00.11elapsed 113%CPU (0avgtext+0avgdata 25552maxresident)k
32inputs+104outputs (0major+13480minor)pagefaults 0swaps
    ./original/fast/smt_tests/basic/set/set5_test.tla
0.10user 0.03system 0:00.12elapsed 113%CPU (0avgtext+0avgdata 25464maxresident)k
32inputs+104outputs (0major+13463minor)pagefaults 0swaps
    ./original/fast/smt_tests/basic/set/set6_test.tla
0.10user 0.03system 0:00.13elapsed 112%CPU (0avgtext+0avgdata 28096maxresident)k
32inputs+104outputs (0major+13586minor)pagefaults 0swaps
    ./original/fast/smt_tests/basic/set/set7_test.tla
0.08user 0.05system 0:00.12elapsed 113%CPU (0avgtext+0avgdata 25504maxresident)k
32inputs+104outputs (0major+13474minor)pagefaults 0swaps
    ./original/fast/smt_tests/basic/set/set8_test.tla
0.10user 0.03system 0:00.12elapsed 114%CPU (0avgtext+0avgdata 28228maxresident)k
32inputs+104outputs (0major+13598minor)pagefaults 0swaps
    ./original/fast/smt_tests/basic/set/set9_test.tla
0.09user 0.05system 0:00.13elapsed 114%CPU (0avgtext+0avgdata 28060maxresident)k
32inputs+104outputs (0major+13589minor)pagefaults 0swaps
    ./original/fast/smt_tests/basic/string/strings1_test.tla
0.09user 0.05system 0:00.13elapsed 112%CPU (0avgtext+0avgdata 25680maxresident)k
80inputs+104outputs (0major+13469minor)pagefaults 0swaps
    ./original/fast/smt_tests/basic/string/strings2_test.tla
0.10user 0.05system 0:00.14elapsed 112%CPU (0avgtext+0avgdata 25592maxresident)k
40inputs+104outputs (0major+13477minor)pagefaults 0swaps
    ./original/fast/smt_tests/basic/tuple/tuple1_test.tla
0.10user 0.06system 0:00.14elapsed 112%CPU (0avgtext+0avgdata 25496maxresident)k
72inputs+104outputs (0major+13404minor)pagefaults 0swaps
    ./original/fast/smt_tests/basic/tuple/tuple2_test.tla
0.09user 0.07system 0:00.14elapsed 113%CPU (0avgtext+0avgdata 27880maxresident)k
40inputs+104outputs (0major+13598minor)pagefaults 0swaps
    ./original/fast/smt_tests/basic/tuple/tuple3_test.tla
0.09user 0.06system 0:00.14elapsed 112%CPU (0avgtext+0avgdata 25628maxresident)k
32inputs+104outputs (0major+13471minor)pagefaults 0swaps
    ./original/fast/smt_tests/basic/tuple/tuple4_test.tla
0.11user 0.05system 0:00.14elapsed 113%CPU (0avgtext+0avgdata 25696maxresident)k
32inputs+104outputs (0major+13432minor)pagefaults 0swaps
    ./original/fast/smt_tests/basic/tuple/tuple5_test.tla
0.11user 0.06system 0:00.15elapsed 113%CPU (0avgtext+0avgdata 25644maxresident)k
40inputs+104outputs (0major+13458minor)pagefaults 0swaps
    ./original/fast/smt_tests/basic/tuple/tuple6_test.tla
0.09user 0.08system 0:00.15elapsed 113%CPU (0avgtext+0avgdata 25680maxresident)k
40inputs+104outputs (0major+13465minor)pagefaults 0swaps
    ./original/fast/smt_tests/basic/tuple/tuple7_test.tla
0.10user 0.07system 0:00.15elapsed 114%CPU (0avgtext+0avgdata 25580maxresident)k
40inputs+104outputs (0major+13514minor)pagefaults 0swaps
    ./original/fast/smt_tests/lang/user_ops_test.tla
0.57user 0.06system 0:00.62elapsed 102%CPU (0avgtext+0avgdata 25560maxresident)k
72inputs+152outputs (0major+14618minor)pagefaults 0swaps
    ./original/fast/smt_tests/negative/one_div_zero_test.tla
2.36user 2.83system 0:05.17elapsed 100%CPU (0avgtext+0avgdata 21544maxresident)k
72inputs+120outputs (1major+13679minor)pagefaults 0swaps
    ./original/fast/smt_tests/negative/zero_in_one_test.tla
2.29user 2.96system 0:05.20elapsed 100%CPU (0avgtext+0avgdata 21520maxresident)k
40inputs+136outputs (0major+13654minor)pagefaults 0swaps
    ./original/fast/smt_tests/rewriting_rules/quantifiers_test.tla
0.19user 0.14system 0:00.20elapsed 164%CPU (0avgtext+0avgdata 25680maxresident)k
80inputs+192outputs (0major+36910minor)pagefaults 0swaps
    ./original/fast/smt_tests/silly_theorems/app_ambiguity_test.tla
0.14user 0.04system 0:00.17elapsed 113%CPU (0avgtext+0avgdata 27848maxresident)k
88inputs+104outputs (0major+13740minor)pagefaults 0swaps
    ./original/fast/smt_tests/silly_theorems/nonempty_integer_test.tla
0.21user 0.11system 0:00.20elapsed 161%CPU (0avgtext+0avgdata 29616maxresident)k
40inputs+160outputs (0major+28236minor)pagefaults 0swaps
    ./original/fast/smt_tests/silly_theorems/one_implies_one_test.tla
0.13user 0.06system 0:00.16elapsed 119%CPU (0avgtext+0avgdata 21588maxresident)k
40inputs+104outputs (0major+13384minor)pagefaults 0swaps
    ./original/fast/smt_tests/silly_theorems/record_as_function_test.tla
0.11user 0.07system 0:00.16elapsed 113%CPU (0avgtext+0avgdata 29728maxresident)k
40inputs+104outputs (1major+13678minor)pagefaults 0swaps
    ./original/fast/smt_tests/silly_theorems/x_implies_x_test.tla
0.13user 0.04system 0:00.16elapsed 111%CPU (0avgtext+0avgdata 25528maxresident)k
32inputs+104outputs (0major+13450minor)pagefaults 0swaps
    ./original/medium/regression/select_bug_test.tla
22.25user 27.90system 0:50.15elapsed 99%CPU (0avgtext+0avgdata 21424maxresident)k
96inputs+152outputs (0major+9480minor)pagefaults 0swaps
    ./original/medium/regression/snapshot/GFX_test.tla
forbidden output is present
Command exited with non-zero status 3
262.18user 38.31system 4:14.05elapsed 118%CPU (0avgtext+0avgdata 211268maxresident)k
416inputs+19456outputs (0major+1607617minor)pagefaults 0swaps
    ./original/medium/regression/snapshot/SnapShot_test.tla
forbidden output is present
Command exited with non-zero status 3
710.28user 12.75system 11:36.02elapsed 103%CPU (0avgtext+0avgdata 365584maxresident)k
191712inputs+43200outputs (3071major+3082442minor)pagefaults 0swaps
###### 2023-11-07 13:50:28 ./TOOLS/do_tests .
    ./fast/basic/cvc3_false_test.tla
0.03user 0.02system 0:00.06elapsed 101%CPU (0avgtext+0avgdata 21432maxresident)k
32inputs+88outputs (0major+8552minor)pagefaults 0swaps
    ./fast/basic/isa_false_test.tla
0.03user 0.02system 0:00.05elapsed 101%CPU (0avgtext+0avgdata 21428maxresident)k
8inputs+96outputs (0major+8471minor)pagefaults 0swaps
    ./fast/basic/isa_true_test.tla
forbidden output is present
Command exited with non-zero status 3
0.04user 0.01system 0:00.05elapsed 101%CPU (0avgtext+0avgdata 21364maxresident)k
8inputs+96outputs (0major+8492minor)pagefaults 0swaps
    ./fast/basic/smt_arith_test.tla
0.03user 0.03system 0:00.05elapsed 113%CPU (0avgtext+0avgdata 25640maxresident)k
8inputs+104outputs (0major+13462minor)pagefaults 0swaps
    ./fast/basic/smt_false_test.tla
0.05user 0.03system 0:00.07elapsed 118%CPU (0avgtext+0avgdata 25508maxresident)k
8inputs+104outputs (0major+13482minor)pagefaults 0swaps
    ./fast/basic/true_test.tla
0.05user 0.02system 0:00.07elapsed 113%CPU (0avgtext+0avgdata 25652maxresident)k
8inputs+104outputs (0major+13541minor)pagefaults 0swaps
    ./fast/basic/z3_arith_test.tla
0.04user 0.02system 0:00.06elapsed 115%CPU (0avgtext+0avgdata 25688maxresident)k
8inputs+104outputs (0major+13454minor)pagefaults 0swaps
    ./fast/basic/z3_false_test.tla
0.06user 0.01system 0:00.07elapsed 117%CPU (0avgtext+0avgdata 25644maxresident)k
8inputs+104outputs (0major+13475minor)pagefaults 0swaps
    ./fast/basic/zen_false_test.tla
0.04user 0.03system 0:00.06elapsed 116%CPU (0avgtext+0avgdata 21392maxresident)k
8inputs+104outputs (0major+13011minor)pagefaults 0swaps
    ./fast/basic/zen_true_test.tla
0.05user 0.03system 0:00.06elapsed 120%CPU (0avgtext+0avgdata 21472maxresident)k
136inputs+104outputs (3major+13013minor)pagefaults 0swaps
    ./fast/enabled_cdot/AutoUSE_fingerprint/AutoUSE_fingerprint_test.tla
required error output is missing
Command exited with non-zero status 3
0.07user 0.03system 0:00.11elapsed 101%CPU (0avgtext+0avgdata 21496maxresident)k
80inputs+176outputs (0major+17209minor)pagefaults 0swaps
    ./fast/enabled_cdot/Cdot_test.tla
0.07user 0.05system 0:00.07elapsed 183%CPU (0avgtext+0avgdata 23316maxresident)k
8inputs+184outputs (0major+27036minor)pagefaults 0swaps
    ./fast/enabled_cdot/ENABLEDaxioms_conj_fingerprinting/ENABLEDaxioms_conj_fingerprinting_test.tla
required error output is missing
Command exited with non-zero status 3
0.08user 0.02system 0:00.10elapsed 101%CPU (0avgtext+0avgdata 21436maxresident)k
40inputs+176outputs (0major+17169minor)pagefaults 0swaps
    ./fast/enabled_cdot/ENABLEDaxioms_conj_hidden_actions_test.tla
0.03user 0.02system 0:00.05elapsed 100%CPU (0avgtext+0avgdata 21500maxresident)k
24inputs+88outputs (0major+8462minor)pagefaults 0swaps
    ./fast/enabled_cdot/ENABLEDaxioms_conj_test.tla
forbidden output is present
Command exited with non-zero status 3
0.04user 0.01system 0:00.05elapsed 101%CPU (0avgtext+0avgdata 21392maxresident)k
16inputs+96outputs (0major+8516minor)pagefaults 0swaps
    ./fast/enabled_cdot/ENABLEDaxioms_conj_visible_actions_fail_test.tla
0.04user 0.01system 0:00.06elapsed 101%CPU (0avgtext+0avgdata 21436maxresident)k
16inputs+88outputs (0major+8441minor)pagefaults 0swaps
    ./fast/enabled_cdot/ENABLEDaxioms_conj_visible_actions_test.tla
forbidden output is present
Command exited with non-zero status 3
0.04user 0.00system 0:00.05elapsed 102%CPU (0avgtext+0avgdata 21448maxresident)k
16inputs+88outputs (0major+8457minor)pagefaults 0swaps
    ./fast/enabled_cdot/ENABLEDaxioms_test.tla
forbidden output is present
Command exited with non-zero status 3
0.03user 0.02system 0:00.05elapsed 101%CPU (0avgtext+0avgdata 21444maxresident)k
16inputs+104outputs (0major+8561minor)pagefaults 0swaps
    ./fast/enabled_cdot/ENABLED_INSTANCE_nullary_op_test.tla
0.06user 0.03system 0:00.07elapsed 125%CPU (0avgtext+0avgdata 29716maxresident)k
16inputs+160outputs (0major+19017minor)pagefaults 0swaps
    ./fast/enabled_cdot/ENABLED_INSTANCE_nullary_op_two_vars_test.tla
forbidden output is present
Command exited with non-zero status 3
0.05user 0.03system 0:00.07elapsed 127%CPU (0avgtext+0avgdata 30120maxresident)k
8inputs+168outputs (0major+19000minor)pagefaults 0swaps
    ./fast/enabled_cdot/ENABLED_INSTANCE_op_with_args_test.tla
forbidden output is present
Command exited with non-zero status 3
0.06user 0.03system 0:00.08elapsed 128%CPU (0avgtext+0avgdata 30028maxresident)k
8inputs+168outputs (0major+19026minor)pagefaults 0swaps
    ./fast/enabled_cdot/ENABLEDrewrites_assignment_level_fingerprint/ENABLEDrewrites_assignment_level_fingerprint_test.tla
required error output is missing
Command exited with non-zero status 3
0.05user 0.03system 0:00.09elapsed 100%CPU (0avgtext+0avgdata 21572maxresident)k
32inputs+96outputs (0major+15562minor)pagefaults 0swaps
    ./fast/enabled_cdot/ENABLEDrewrites_bpragma_fingerprint/ENABLEDrewrites_bpragma_fingerprint_test.tla
required error output is missing
Command exited with non-zero status 3
0.07user 0.03system 0:00.10elapsed 101%CPU (0avgtext+0avgdata 21572maxresident)k
48inputs+136outputs (0major+16427minor)pagefaults 0swaps
    ./fast/enabled_cdot/ENABLEDrewrites_case_level_fingerprint/ENABLEDrewrites_case_level_fingerprint_test.tla
required error output is missing
Command exited with non-zero status 3
0.08user 0.02system 0:00.10elapsed 101%CPU (0avgtext+0avgdata 21360maxresident)k
32inputs+96outputs (0major+15543minor)pagefaults 0swaps
    ./fast/enabled_cdot/ENABLEDrewrites_conj_level_fingerprint/ENABLEDrewrites_conj_level_fingerprint_test.tla
required error output is missing
Command exited with non-zero status 3
0.07user 0.04system 0:00.11elapsed 100%CPU (0avgtext+0avgdata 21492maxresident)k
32inputs+96outputs (0major+15617minor)pagefaults 0swaps
    ./fast/enabled_cdot/ENABLEDrewrites_exist_level_fingerprint/ENABLEDrewrites_exist_level_fingerprint_test.tla
required error output is missing
Command exited with non-zero status 3
0.05user 0.04system 0:00.09elapsed 100%CPU (0avgtext+0avgdata 21428maxresident)k
32inputs+96outputs (0major+15625minor)pagefaults 0swaps
    ./fast/enabled_cdot/ENABLEDrewrites_mem_level_fingerprint/ENABLEDrewrites_mem_level_fingerprint_test.tla
required error output is missing
Command exited with non-zero status 3
0.07user 0.03system 0:00.10elapsed 100%CPU (0avgtext+0avgdata 21508maxresident)k
32inputs+96outputs (0major+15606minor)pagefaults 0swaps
    ./fast/enabled_cdot/ENABLEDrewrites_state_level_fingerprint/ENABLEDrewrites_state_level_fingerprint_test.tla
required error output is missing
Command exited with non-zero status 3
0.08user 0.04system 0:00.12elapsed 100%CPU (0avgtext+0avgdata 21376maxresident)k
32inputs+96outputs (0major+15526minor)pagefaults 0swaps
    ./fast/enabled_cdot/ENABLEDrewrites_ternary_level_fingerprint/ENABLEDrewrites_ternary_level_fingerprint_test.tla
required error output is missing
Command exited with non-zero status 3
0.07user 0.03system 0:00.11elapsed 100%CPU (0avgtext+0avgdata 21576maxresident)k
32inputs+96outputs (0major+15536minor)pagefaults 0swaps
    ./fast/enabled_cdot/ENABLEDrewrites_test.tla
wrong result code
Command exited with non-zero status 3
0.04user 0.00system 0:00.05elapsed 100%CPU (0avgtext+0avgdata 21404maxresident)k
8inputs+48outputs (0major+7726minor)pagefaults 0swaps
    ./fast/enabled_cdot/ENABLEDrules_fingerprint_levels/ENABLEDrules_fingerprint_levels_test.tla
required error output is missing
Command exited with non-zero status 3
0.05user 0.03system 0:00.09elapsed 101%CPU (0avgtext+0avgdata 21504maxresident)k
32inputs+96outputs (0major+15647minor)pagefaults 0swaps
    ./fast/enabled_cdot/ENABLEDrules_test.tla
wrong result code
Command exited with non-zero status 3
0.04user 0.01system 0:00.05elapsed 100%CPU (0avgtext+0avgdata 21484maxresident)k
8inputs+48outputs (0major+7614minor)pagefaults 0swaps
    ./fast/enabled_cdot/Enabled_test.tla
0.22user 0.20system 0:00.15elapsed 282%CPU (0avgtext+0avgdata 30184maxresident)k
32inputs+624outputs (15major+132803minor)pagefaults 0swaps
    ./fast/enabled_cdot/ExpandENABLED_LET_test.tla
0.04user 0.03system 0:00.05elapsed 120%CPU (0avgtext+0avgdata 21532maxresident)k
8inputs+104outputs (0major+13025minor)pagefaults 0swaps
    ./fast/enabled_cdot/ExpandENABLED_level_fingerprint/ExpandENABLED_level_fingerprint_test.tla
required error output is missing
Command exited with non-zero status 3
0.07user 0.04system 0:00.11elapsed 101%CPU (0avgtext+0avgdata 21516maxresident)k
40inputs+184outputs (0major+17223minor)pagefaults 0swaps
    ./fast/enabled_cdot/ExpandOnlyCdot_test.tla
0.05user 0.00system 0:00.05elapsed 100%CPU (0avgtext+0avgdata 21444maxresident)k
8inputs+88outputs (0major+8468minor)pagefaults 0swaps
    ./fast/enabled_cdot/ExpandOnlyENABLED_test.tla
0.04user 0.01system 0:00.05elapsed 101%CPU (0avgtext+0avgdata 21436maxresident)k
8inputs+88outputs (0major+8420minor)pagefaults 0swaps
    ./fast/enabled_cdot/LevelComparisonCONSTANT_Module_Scope_test.tla
required error output is missing
Command exited with non-zero status 3
0.04user 0.03system 0:00.07elapsed 114%CPU (0avgtext+0avgdata 25652maxresident)k
16inputs+104outputs (0major+13508minor)pagefaults 0swaps
    ./fast/enabled_cdot/LevelComparisonCONSTANT_THEOREM_Scope_test.tla
required error output is missing
Command exited with non-zero status 3
0.05user 0.02system 0:00.07elapsed 111%CPU (0avgtext+0avgdata 25560maxresident)k
16inputs+104outputs (0major+13524minor)pagefaults 0swaps
    ./fast/enabled_cdot/LevelComparisonSTATE_Scope_test.tla
required error output is missing
Command exited with non-zero status 3
0.03user 0.03system 0:00.05elapsed 113%CPU (0avgtext+0avgdata 25640maxresident)k
16inputs+104outputs (0major+13515minor)pagefaults 0swaps
    ./fast/enabled_cdot/LevelComparison_test.tla
forbidden output is present
Command exited with non-zero status 3
0.07user 0.06system 0:00.07elapsed 169%CPU (0avgtext+0avgdata 25792maxresident)k
16inputs+224outputs (0major+41827minor)pagefaults 0swaps
    ./fast/enabled_cdot/Level_of_parametric_INSTANCE_test.tla
0.06user 0.02system 0:00.06elapsed 127%CPU (0avgtext+0avgdata 25592maxresident)k
264inputs+120outputs (2major+17846minor)pagefaults 0swaps
    ./fast/enabled_cdot/Level_test.tla
0.04user 0.01system 0:00.06elapsed 101%CPU (0avgtext+0avgdata 21316maxresident)k
16inputs+120outputs (0major+9100minor)pagefaults 0swaps
    ./fast/enabled_cdot/NestedCdot_test.tla
0.08user 0.04system 0:00.06elapsed 187%CPU (0avgtext+0avgdata 25040maxresident)k
8inputs+168outputs (0major+27822minor)pagefaults 0swaps
    ./fast/enabled_cdot/NestedENABLED_from_AutoUSE_test.tla
forbidden output is present
Command exited with non-zero status 3
0.04user 0.00system 0:00.05elapsed 101%CPU (0avgtext+0avgdata 21440maxresident)k
16inputs+96outputs (0major+8468minor)pagefaults 0swaps
    ./fast/enabled_cdot/NestedENABLED_test.tla
0.06user 0.03system 0:00.06elapsed 150%CPU (0avgtext+0avgdata 22528maxresident)k
8inputs+160outputs (0major+22666minor)pagefaults 0swaps
    ./fast/enabled_cdot/UnsoundCoalescingThmDecl_test.tla
0.06user 0.04system 0:00.07elapsed 151%CPU (0avgtext+0avgdata 30256maxresident)k
16inputs+168outputs (0major+27920minor)pagefaults 0swaps
    ./fast/fingerprint/FingerprintVariablesParameters_test.tla
required error output is missing
Command exited with non-zero status 3
0.05user 0.03system 0:00.08elapsed 102%CPU (0avgtext+0avgdata 21488maxresident)k
8inputs+104outputs (0major+14628minor)pagefaults 0swaps
    ./fast/language/EXCEPTMultipleBrackets_test.tla
0.08user 0.01system 0:00.07elapsed 133%CPU (0avgtext+0avgdata 25700maxresident)k
8inputs+104outputs (0major+22077minor)pagefaults 0swaps
    ./fast/language/EXTENDS_in_submodule_test.tla
0.04user 0.00system 0:00.05elapsed 100%CPU (0avgtext+0avgdata 21416maxresident)k
24inputs+128outputs (0major+9112minor)pagefaults 0swaps
    ./fast/language/INSTANCE_inside_LET_fingerprint_test.tla
0.06user 0.03system 0:00.08elapsed 116%CPU (0avgtext+0avgdata 25768maxresident)k
8inputs+144outputs (0major+14205minor)pagefaults 0swaps
    ./fast/language/INSTANCE_inside_LET_test.tla
0.05user 0.02system 0:00.06elapsed 111%CPU (0avgtext+0avgdata 25696maxresident)k
8inputs+144outputs (0major+14205minor)pagefaults 0swaps
    ./fast/language/INSTANCE_shift_due_to_omitted_modunits_test.tla
0.03user 0.01system 0:00.05elapsed 101%CPU (0avgtext+0avgdata 21376maxresident)k
8inputs+136outputs (0major+9134minor)pagefaults 0swaps
    ./fast/language/Operators_test.tla
0.05user 0.02system 0:00.06elapsed 122%CPU (0avgtext+0avgdata 25692maxresident)k
8inputs+88outputs (0major+17486minor)pagefaults 0swaps
    ./fast/language/SubrefLL_test.tla
0.33user 0.23system 0:00.27elapsed 207%CPU (0avgtext+0avgdata 25808maxresident)k
16inputs+896outputs (0major+202559minor)pagefaults 0swaps
    ./fast/language/Subref_test.tla
0.32user 0.18system 0:00.12elapsed 400%CPU (0avgtext+0avgdata 25668maxresident)k
8inputs+832outputs (0major+124138minor)pagefaults 0swaps
    ./fast/language/WFTRUE_test.tla
forbidden output is present
Command exited with non-zero status 3
0.03user 0.01system 0:00.04elapsed 100%CPU (0avgtext+0avgdata 21376maxresident)k
8inputs+64outputs (0major+7838minor)pagefaults 0swaps
    ./fast/regression/consensus/consensus_test.tla
1.34user 0.47system 0:00.99elapsed 182%CPU (0avgtext+0avgdata 35952maxresident)k
56inputs+296outputs (0major+26944minor)pagefaults 0swaps
    ./fast/regression/cooper_instantiation_test.tla
0.02user 0.01system 0:00.04elapsed 100%CPU (0avgtext+0avgdata 21456maxresident)k
8inputs+56outputs (0major+7489minor)pagefaults 0swaps
    ./fast/regression/higher_order_statement_test.tla
forbidden output is present
Command exited with non-zero status 3
0.07user 0.04system 0:00.08elapsed 134%CPU (0avgtext+0avgdata 29540maxresident)k
24inputs+176outputs (1major+23238minor)pagefaults 0swaps
    ./fast/regression/MiniProducerConsumer_test.tla
120.11user 34.26system 1:08.30elapsed 226%CPU (0avgtext+0avgdata 1013964maxresident)k
16inputs+424outputs (0major+520318minor)pagefaults 0swaps
    ./fast/regression/parameterized_instantiation_test.tla
0.09user 0.04system 0:00.13elapsed 106%CPU (0avgtext+0avgdata 25784maxresident)k
5232inputs+152outputs (63major+14123minor)pagefaults 0swaps
    ./fast/regression/setEuclid_test.tla
forbidden output is present
Command exited with non-zero status 3
14.89user 11.76system 0:26.08elapsed 102%CPU (0avgtext+0avgdata 31932maxresident)k
144inputs+1224outputs (1major+136787minor)pagefaults 0swaps
    ./fast/regression/smt_domain_check_test.tla
0.08user 0.05system 0:00.12elapsed 114%CPU (0avgtext+0avgdata 29576maxresident)k
40inputs+112outputs (0major+13703minor)pagefaults 0swaps
    ./fast/regression/z3_fingerprint_test.tla
0.13user 0.04system 0:00.17elapsed 101%CPU (0avgtext+0avgdata 21436maxresident)k
48inputs+160outputs (0major+16702minor)pagefaults 0swaps
    ./fast/russell_test.tla
0.09user 0.07system 0:00.11elapsed 149%CPU (0avgtext+0avgdata 25552maxresident)k
624inputs+160outputs (0major+27422minor)pagefaults 0swaps
    ./fast/smt_tests/advanced/functions/bijection_thm_test.tla
0.35user 0.19system 0:00.30elapsed 178%CPU (0avgtext+0avgdata 29968maxresident)k
120inputs+640outputs (0major+105806minor)pagefaults 0swaps
    ./fast/smt_tests/advanced/functions/composition_test.tla
0.09user 0.02system 0:00.10elapsed 113%CPU (0avgtext+0avgdata 27876maxresident)k
64inputs+104outputs (0major+13637minor)pagefaults 0swaps
    ./fast/smt_tests/advanced/functions/identity1_test.tla
0.06user 0.04system 0:00.09elapsed 112%CPU (0avgtext+0avgdata 25744maxresident)k
56inputs+112outputs (0major+13492minor)pagefaults 0swaps
    ./fast/smt_tests/advanced/functions/identity2_test.tla
0.07user 0.03system 0:00.09elapsed 113%CPU (0avgtext+0avgdata 29596maxresident)k
56inputs+120outputs (0major+13706minor)pagefaults 0swaps
    ./fast/smt_tests/advanced/set_theory/cantor1_test.tla
11.02user 14.20system 0:25.14elapsed 100%CPU (0avgtext+0avgdata 30156maxresident)k
96inputs+264outputs (0major+37953minor)pagefaults 0swaps
    ./fast/smt_tests/advanced/set_theory/choice_axiom2_test.tla
11.05user 14.18system 0:25.15elapsed 100%CPU (0avgtext+0avgdata 29868maxresident)k
56inputs+304outputs (0major+38622minor)pagefaults 0swaps
    ./fast/smt_tests/advanced/set_theory/choice_axiom_test.tla
0.18user 0.14system 0:00.16elapsed 203%CPU (0avgtext+0avgdata 30708maxresident)k
32inputs+304outputs (0major+57656minor)pagefaults 0swaps
    ./fast/smt_tests/advanced/set_theory/section_test.tla
11.39user 13.85system 0:25.15elapsed 100%CPU (0avgtext+0avgdata 30120maxresident)k
64inputs+328outputs (0major+38717minor)pagefaults 0swaps
    ./fast/smt_tests/advanced/tuples/tuple_as_function1_test.tla
0.15user 0.13system 0:00.17elapsed 164%CPU (0avgtext+0avgdata 27896maxresident)k
96inputs+336outputs (0major+51561minor)pagefaults 0swaps
    ./fast/smt_tests/advanced/tuples/tuple_as_function2_test.tla
0.21user 0.11system 0:00.18elapsed 177%CPU (0avgtext+0avgdata 30036maxresident)k
40inputs+336outputs (0major+61923minor)pagefaults 0swaps
    ./fast/smt_tests/basic/arith/arith10_test.tla
0.06user 0.04system 0:00.10elapsed 113%CPU (0avgtext+0avgdata 25640maxresident)k
104inputs+104outputs (0major+13491minor)pagefaults 0swaps
    ./fast/smt_tests/basic/arith/arith11_test.tla
0.07user 0.03system 0:00.10elapsed 113%CPU (0avgtext+0avgdata 25660maxresident)k
32inputs+104outputs (0major+13474minor)pagefaults 0swaps
    ./fast/smt_tests/basic/arith/arith12_test.tla
0.07user 0.03system 0:00.09elapsed 113%CPU (0avgtext+0avgdata 28108maxresident)k
56inputs+104outputs (0major+13588minor)pagefaults 0swaps
    ./fast/smt_tests/basic/arith/arith13_test.tla
0.08user 0.01system 0:00.09elapsed 113%CPU (0avgtext+0avgdata 28312maxresident)k
48inputs+104outputs (0major+13600minor)pagefaults 0swaps
    ./fast/smt_tests/basic/arith/arith14_test.tla
0.06user 0.03system 0:00.09elapsed 113%CPU (0avgtext+0avgdata 26852maxresident)k
24inputs+104outputs (0major+13598minor)pagefaults 0swaps
    ./fast/smt_tests/basic/arith/arith15_test.tla
0.05user 0.04system 0:00.08elapsed 112%CPU (0avgtext+0avgdata 25652maxresident)k
40inputs+104outputs (0major+13462minor)pagefaults 0swaps
    ./fast/smt_tests/basic/arith/arith16_test.tla
0.06user 0.03system 0:00.08elapsed 112%CPU (0avgtext+0avgdata 25668maxresident)k
48inputs+104outputs (0major+13445minor)pagefaults 0swaps
    ./fast/smt_tests/basic/arith/arith17_test.tla
0.06user 0.03system 0:00.08elapsed 111%CPU (0avgtext+0avgdata 25672maxresident)k
88inputs+104outputs (0major+13441minor)pagefaults 0swaps
    ./fast/smt_tests/basic/arith/arith18_test.tla
0.08user 0.02system 0:00.09elapsed 113%CPU (0avgtext+0avgdata 25576maxresident)k
48inputs+104outputs (0major+13426minor)pagefaults 0swaps
    ./fast/smt_tests/basic/arith/arith19_test.tla
0.07user 0.02system 0:00.08elapsed 112%CPU (0avgtext+0avgdata 25732maxresident)k
40inputs+104outputs (0major+13510minor)pagefaults 0swaps
    ./fast/smt_tests/basic/arith/arith1_test.tla
0.05user 0.04system 0:00.08elapsed 112%CPU (0avgtext+0avgdata 25632maxresident)k
56inputs+104outputs (0major+13496minor)pagefaults 0swaps
    ./fast/smt_tests/basic/arith/arith2_test.tla
0.07user 0.02system 0:00.08elapsed 111%CPU (0avgtext+0avgdata 25584maxresident)k
48inputs+104outputs (0major+13447minor)pagefaults 0swaps
    ./fast/smt_tests/basic/arith/arith3_test.tla
0.06user 0.03system 0:00.08elapsed 114%CPU (0avgtext+0avgdata 25540maxresident)k
40inputs+104outputs (0major+13501minor)pagefaults 0swaps
    ./fast/smt_tests/basic/arith/arith4_test.tla
0.06user 0.03system 0:00.08elapsed 112%CPU (0avgtext+0avgdata 25548maxresident)k
56inputs+104outputs (0major+13507minor)pagefaults 0swaps
    ./fast/smt_tests/basic/arith/arith5_test.tla
0.07user 0.02system 0:00.08elapsed 112%CPU (0avgtext+0avgdata 25648maxresident)k
32inputs+104outputs (0major+13494minor)pagefaults 0swaps
    ./fast/smt_tests/basic/arith/arith6_test.tla
0.06user 0.04system 0:00.09elapsed 114%CPU (0avgtext+0avgdata 25600maxresident)k
40inputs+104outputs (0major+13458minor)pagefaults 0swaps
    ./fast/smt_tests/basic/arith/arith7_test.tla
0.06user 0.03system 0:00.08elapsed 113%CPU (0avgtext+0avgdata 25564maxresident)k
40inputs+104outputs (0major+13466minor)pagefaults 0swaps
    ./fast/smt_tests/basic/arith/arith8_test.tla
0.06user 0.02system 0:00.08elapsed 114%CPU (0avgtext+0avgdata 25660maxresident)k
56inputs+104outputs (0major+13467minor)pagefaults 0swaps
    ./fast/smt_tests/basic/arith/arith9_test.tla
0.06user 0.02system 0:00.08elapsed 111%CPU (0avgtext+0avgdata 25500maxresident)k
40inputs+104outputs (0major+13479minor)pagefaults 0swaps
    ./fast/smt_tests/basic/epsilon/epsilon1_test.tla
0.05user 0.03system 0:00.08elapsed 112%CPU (0avgtext+0avgdata 28360maxresident)k
80inputs+104outputs (0major+13626minor)pagefaults 0swaps
    ./fast/smt_tests/basic/epsilon/epsilon2_test.tla
0.06user 0.03system 0:00.08elapsed 112%CPU (0avgtext+0avgdata 28240maxresident)k
48inputs+104outputs (0major+13656minor)pagefaults 0swaps
    ./fast/smt_tests/basic/epsilon/epsilon3_test.tla
0.06user 0.03system 0:00.08elapsed 114%CPU (0avgtext+0avgdata 28328maxresident)k
56inputs+104outputs (0major+13578minor)pagefaults 0swaps
    ./fast/smt_tests/basic/epsilon/epsilon4_test.tla
0.06user 0.02system 0:00.08elapsed 114%CPU (0avgtext+0avgdata 27940maxresident)k
24inputs+104outputs (0major+13576minor)pagefaults 0swaps
    ./fast/smt_tests/basic/extensionality/empty_set_ext_test.tla
0.07user 0.02system 0:00.08elapsed 114%CPU (0avgtext+0avgdata 28196maxresident)k
80inputs+104outputs (0major+13606minor)pagefaults 0swaps
    ./fast/smt_tests/basic/extensionality/enum_ext_test.tla
0.05user 0.04system 0:00.08elapsed 113%CPU (0avgtext+0avgdata 28084maxresident)k
40inputs+104outputs (0major+13643minor)pagefaults 0swaps
    ./fast/smt_tests/basic/extensionality/fun_ext_test.tla
0.07user 0.02system 0:00.08elapsed 113%CPU (0avgtext+0avgdata 25784maxresident)k
24inputs+104outputs (0major+13467minor)pagefaults 0swaps
    ./fast/smt_tests/basic/extensionality/set_ext_test.tla
0.06user 0.03system 0:00.08elapsed 113%CPU (0avgtext+0avgdata 30328maxresident)k
32inputs+104outputs (0major+13755minor)pagefaults 0swaps
    ./fast/smt_tests/basic/extensionality/tup_ext_test.tla
0.07user 0.02system 0:00.08elapsed 113%CPU (0avgtext+0avgdata 25824maxresident)k
56inputs+104outputs (0major+13511minor)pagefaults 0swaps
    ./fast/smt_tests/basic/firstorder/firstorder1_test.tla
0.07user 0.02system 0:00.08elapsed 113%CPU (0avgtext+0avgdata 28056maxresident)k
80inputs+104outputs (0major+13616minor)pagefaults 0swaps
    ./fast/smt_tests/basic/firstorder/firstorder1_wproof_test.tla
0.06user 0.06system 0:00.09elapsed 134%CPU (0avgtext+0avgdata 28068maxresident)k
40inputs+144outputs (0major+22989minor)pagefaults 0swaps
    ./fast/smt_tests/basic/firstorder/firstorder2_test.tla
0.06user 0.03system 0:00.08elapsed 115%CPU (0avgtext+0avgdata 28048maxresident)k
48inputs+104outputs (0major+13642minor)pagefaults 0swaps
    ./fast/smt_tests/basic/firstorder/firstorder2_wproof_test.tla
0.06user 0.05system 0:00.09elapsed 133%CPU (0avgtext+0avgdata 28432maxresident)k
32inputs+144outputs (0major+23053minor)pagefaults 0swaps
    ./fast/smt_tests/basic/firstorder/firstorder3_test.tla
0.07user 0.02system 0:00.08elapsed 117%CPU (0avgtext+0avgdata 29632maxresident)k
48inputs+104outputs (0major+13744minor)pagefaults 0swaps
    ./fast/smt_tests/basic/firstorder/firstorder3_wproof_test.tla
0.08user 0.04system 0:00.09elapsed 135%CPU (0avgtext+0avgdata 29852maxresident)k
48inputs+144outputs (0major+23422minor)pagefaults 0swaps
    ./fast/smt_tests/basic/firstorder/firstorder4_test.tla
0.08user 0.02system 0:00.08elapsed 115%CPU (0avgtext+0avgdata 30108maxresident)k
48inputs+104outputs (0major+13693minor)pagefaults 0swaps
    ./fast/smt_tests/basic/firstorder/firstorder4_wproof_test.tla
0.06user 0.07system 0:00.09elapsed 145%CPU (0avgtext+0avgdata 29876maxresident)k
48inputs+160outputs (0major+27939minor)pagefaults 0swaps
    ./fast/smt_tests/basic/firstorder/firstorder5_test.tla
0.06user 0.03system 0:00.08elapsed 113%CPU (0avgtext+0avgdata 29988maxresident)k
40inputs+104outputs (1major+13726minor)pagefaults 0swaps
    ./fast/smt_tests/basic/firstorder/firstorder5_wproof_test.tla
0.08user 0.05system 0:00.10elapsed 147%CPU (0avgtext+0avgdata 28292maxresident)k
32inputs+160outputs (0major+27856minor)pagefaults 0swaps
    ./fast/smt_tests/basic/firstorder/firstorder6_test.tla
0.06user 0.03system 0:00.08elapsed 114%CPU (0avgtext+0avgdata 29688maxresident)k
56inputs+104outputs (0major+13723minor)pagefaults 0swaps
    ./fast/smt_tests/basic/firstorder/firstorder6_wproof_test.tla
0.07user 0.06system 0:00.09elapsed 147%CPU (0avgtext+0avgdata 29924maxresident)k
40inputs+160outputs (0major+28336minor)pagefaults 0swaps
    ./fast/smt_tests/basic/function/function10_test.tla
0.05user 0.04system 0:00.09elapsed 111%CPU (0avgtext+0avgdata 25664maxresident)k
360inputs+104outputs (0major+13514minor)pagefaults 0swaps
    ./fast/smt_tests/basic/function/function11_test.tla
0.07user 0.02system 0:00.08elapsed 112%CPU (0avgtext+0avgdata 28144maxresident)k
56inputs+104outputs (0major+13664minor)pagefaults 0swaps
    ./fast/smt_tests/basic/function/function12_test.tla
11.23user 13.88system 0:25.11elapsed 100%CPU (0avgtext+0avgdata 24668maxresident)k
48inputs+152outputs (0major+14530minor)pagefaults 0swaps
    ./fast/smt_tests/basic/function/function13_test.tla
0.08user 0.03system 0:00.10elapsed 111%CPU (0avgtext+0avgdata 25640maxresident)k
48inputs+104outputs (0major+13509minor)pagefaults 0swaps
    ./fast/smt_tests/basic/function/function14_test.tla
0.06user 0.04system 0:00.10elapsed 113%CPU (0avgtext+0avgdata 28080maxresident)k
32inputs+104outputs (0major+13699minor)pagefaults 0swaps
    ./fast/smt_tests/basic/function/function15_test.tla
0.07user 0.04system 0:00.10elapsed 113%CPU (0avgtext+0avgdata 25744maxresident)k
40inputs+104outputs (0major+13490minor)pagefaults 0swaps
    ./fast/smt_tests/basic/function/function16_test.tla
11.32user 13.81system 0:25.12elapsed 100%CPU (0avgtext+0avgdata 22136maxresident)k
24inputs+152outputs (1major+13895minor)pagefaults 0swaps
    ./fast/smt_tests/basic/function/function17_test.tla
0.07user 0.05system 0:00.11elapsed 114%CPU (0avgtext+0avgdata 29984maxresident)k
40inputs+120outputs (0major+13707minor)pagefaults 0swaps
    ./fast/smt_tests/basic/function/function18_test.tla
0.07user 0.03system 0:00.10elapsed 111%CPU (0avgtext+0avgdata 25616maxresident)k
352inputs+104outputs (0major+13556minor)pagefaults 0swaps
    ./fast/smt_tests/basic/function/function1_test.tla
0.07user 0.03system 0:00.10elapsed 112%CPU (0avgtext+0avgdata 25568maxresident)k
48inputs+104outputs (0major+13467minor)pagefaults 0swaps
    ./fast/smt_tests/basic/function/function20_test.tla
0.07user 0.03system 0:00.09elapsed 113%CPU (0avgtext+0avgdata 25632maxresident)k
32inputs+104outputs (0major+13467minor)pagefaults 0swaps
    ./fast/smt_tests/basic/function/function21_test.tla
0.07user 0.02system 0:00.09elapsed 114%CPU (0avgtext+0avgdata 25584maxresident)k
32inputs+104outputs (0major+13457minor)pagefaults 0swaps
    ./fast/smt_tests/basic/function/function22_test.tla
0.06user 0.04system 0:00.09elapsed 114%CPU (0avgtext+0avgdata 25552maxresident)k
40inputs+104outputs (0major+13471minor)pagefaults 0swaps
    ./fast/smt_tests/basic/function/function23_test.tla
0.06user 0.04system 0:00.09elapsed 113%CPU (0avgtext+0avgdata 29808maxresident)k
40inputs+112outputs (1major+13658minor)pagefaults 0swaps
    ./fast/smt_tests/basic/function/function24_test.tla
0.06user 0.03system 0:00.08elapsed 112%CPU (0avgtext+0avgdata 25564maxresident)k
40inputs+104outputs (0major+13461minor)pagefaults 0swaps
    ./fast/smt_tests/basic/function/function25_test.tla
0.05user 0.04system 0:00.08elapsed 112%CPU (0avgtext+0avgdata 25564maxresident)k
32inputs+104outputs (0major+13510minor)pagefaults 0swaps
    ./fast/smt_tests/basic/function/function26_test.tla
0.06user 0.04system 0:00.09elapsed 112%CPU (0avgtext+0avgdata 25728maxresident)k
56inputs+104outputs (0major+13467minor)pagefaults 0swaps
    ./fast/smt_tests/basic/function/function27_test.tla
0.08user 0.03system 0:00.10elapsed 113%CPU (0avgtext+0avgdata 30084maxresident)k
48inputs+120outputs (0major+13752minor)pagefaults 0swaps
    ./fast/smt_tests/basic/function/function28_test.tla
0.07user 0.03system 0:00.09elapsed 115%CPU (0avgtext+0avgdata 30636maxresident)k
40inputs+120outputs (0major+13739minor)pagefaults 0swaps
    ./fast/smt_tests/basic/function/function29_test.tla
0.05user 0.04system 0:00.08elapsed 112%CPU (0avgtext+0avgdata 25608maxresident)k
72inputs+104outputs (0major+13506minor)pagefaults 0swaps
    ./fast/smt_tests/basic/function/function2_test.tla
0.06user 0.03system 0:00.08elapsed 114%CPU (0avgtext+0avgdata 28248maxresident)k
64inputs+104outputs (0major+13638minor)pagefaults 0swaps
    ./fast/smt_tests/basic/function/function30_test.tla
0.05user 0.04system 0:00.08elapsed 111%CPU (0avgtext+0avgdata 25624maxresident)k
40inputs+104outputs (0major+13534minor)pagefaults 0swaps
    ./fast/smt_tests/basic/function/function3_test.tla
0.07user 0.06system 0:00.10elapsed 127%CPU (0avgtext+0avgdata 30164maxresident)k
64inputs+128outputs (0major+18427minor)pagefaults 0swaps
    ./fast/smt_tests/basic/function/function5_test.tla
0.07user 0.02system 0:00.08elapsed 114%CPU (0avgtext+0avgdata 27972maxresident)k
48inputs+104outputs (0major+13629minor)pagefaults 0swaps
    ./fast/smt_tests/basic/function/function6_test.tla
0.06user 0.04system 0:00.09elapsed 115%CPU (0avgtext+0avgdata 25612maxresident)k
40inputs+104outputs (0major+13474minor)pagefaults 0swaps
    ./fast/smt_tests/basic/function/function7_test.tla
0.05user 0.03system 0:00.08elapsed 113%CPU (0avgtext+0avgdata 25568maxresident)k
40inputs+104outputs (0major+13437minor)pagefaults 0swaps
    ./fast/smt_tests/basic/prop/basic_test.tla
0.07user 0.03system 0:00.09elapsed 113%CPU (0avgtext+0avgdata 25688maxresident)k
72inputs+104outputs (0major+13475minor)pagefaults 0swaps
    ./fast/smt_tests/basic/prop/prop10_test.tla
0.05user 0.04system 0:00.09elapsed 114%CPU (0avgtext+0avgdata 25636maxresident)k
40inputs+104outputs (0major+13498minor)pagefaults 0swaps
    ./fast/smt_tests/basic/prop/prop11_test.tla
0.07user 0.04system 0:00.10elapsed 115%CPU (0avgtext+0avgdata 28040maxresident)k
32inputs+104outputs (0major+13613minor)pagefaults 0swaps
    ./fast/smt_tests/basic/prop/prop12_test.tla
0.05user 0.03system 0:00.08elapsed 113%CPU (0avgtext+0avgdata 28196maxresident)k
40inputs+104outputs (0major+13623minor)pagefaults 0swaps
    ./fast/smt_tests/basic/prop/prop1_test.tla
0.05user 0.03system 0:00.08elapsed 114%CPU (0avgtext+0avgdata 25500maxresident)k
48inputs+104outputs (0major+13451minor)pagefaults 0swaps
    ./fast/smt_tests/basic/prop/prop2_test.tla
0.05user 0.03system 0:00.08elapsed 113%CPU (0avgtext+0avgdata 25672maxresident)k
40inputs+104outputs (0major+13466minor)pagefaults 0swaps
    ./fast/smt_tests/basic/prop/prop3_test.tla
0.06user 0.02system 0:00.08elapsed 113%CPU (0avgtext+0avgdata 25836maxresident)k
48inputs+104outputs (0major+13490minor)pagefaults 0swaps
    ./fast/smt_tests/basic/prop/prop4_test.tla
0.05user 0.03system 0:00.08elapsed 113%CPU (0avgtext+0avgdata 25796maxresident)k
32inputs+104outputs (0major+13515minor)pagefaults 0swaps
    ./fast/smt_tests/basic/prop/prop5_test.tla
0.06user 0.03system 0:00.08elapsed 112%CPU (0avgtext+0avgdata 25612maxresident)k
40inputs+104outputs (0major+13505minor)pagefaults 0swaps
    ./fast/smt_tests/basic/prop/prop6_test.tla
0.06user 0.03system 0:00.08elapsed 113%CPU (0avgtext+0avgdata 25548maxresident)k
32inputs+104outputs (0major+13459minor)pagefaults 0swaps
    ./fast/smt_tests/basic/prop/prop7_test.tla
0.06user 0.03system 0:00.08elapsed 116%CPU (0avgtext+0avgdata 28196maxresident)k
56inputs+104outputs (0major+13645minor)pagefaults 0swaps
    ./fast/smt_tests/basic/prop/prop8_test.tla
0.06user 0.03system 0:00.08elapsed 114%CPU (0avgtext+0avgdata 27928maxresident)k
48inputs+104outputs (0major+13637minor)pagefaults 0swaps
    ./fast/smt_tests/basic/prop/prop9_test.tla
0.06user 0.03system 0:00.08elapsed 112%CPU (0avgtext+0avgdata 25628maxresident)k
40inputs+104outputs (0major+13457minor)pagefaults 0swaps
    ./fast/smt_tests/basic/record/record1_test.tla
0.06user 0.03system 0:00.08elapsed 110%CPU (0avgtext+0avgdata 25688maxresident)k
88inputs+104outputs (0major+13456minor)pagefaults 0swaps
    ./fast/smt_tests/basic/record/record2_test.tla
0.06user 0.02system 0:00.08elapsed 112%CPU (0avgtext+0avgdata 25628maxresident)k
32inputs+104outputs (0major+13497minor)pagefaults 0swaps
    ./fast/smt_tests/basic/record/record3_test.tla
0.06user 0.03system 0:00.08elapsed 112%CPU (0avgtext+0avgdata 25684maxresident)k
32inputs+104outputs (0major+13488minor)pagefaults 0swaps
    ./fast/smt_tests/basic/set/set10_test.tla
0.07user 0.03system 0:00.09elapsed 113%CPU (0avgtext+0avgdata 28184maxresident)k
80inputs+104outputs (0major+13572minor)pagefaults 0swaps
    ./fast/smt_tests/basic/set/set11_test.tla
0.05user 0.03system 0:00.07elapsed 113%CPU (0avgtext+0avgdata 25636maxresident)k
24inputs+104outputs (0major+13481minor)pagefaults 0swaps
    ./fast/smt_tests/basic/set/set12_test.tla
0.05user 0.03system 0:00.07elapsed 112%CPU (0avgtext+0avgdata 25688maxresident)k
32inputs+104outputs (0major+13467minor)pagefaults 0swaps
    ./fast/smt_tests/basic/set/set13_test.tla
0.05user 0.04system 0:00.08elapsed 114%CPU (0avgtext+0avgdata 25560maxresident)k
32inputs+104outputs (0major+13443minor)pagefaults 0swaps
    ./fast/smt_tests/basic/set/set14_test.tla
0.06user 0.03system 0:00.08elapsed 115%CPU (0avgtext+0avgdata 28180maxresident)k
32inputs+104outputs (0major+13599minor)pagefaults 0swaps
    ./fast/smt_tests/basic/set/set15_test.tla
0.05user 0.04system 0:00.08elapsed 112%CPU (0avgtext+0avgdata 25692maxresident)k
24inputs+104outputs (0major+13486minor)pagefaults 0swaps
    ./fast/smt_tests/basic/set/set16_test.tla
0.06user 0.03system 0:00.08elapsed 113%CPU (0avgtext+0avgdata 29640maxresident)k
48inputs+104outputs (0major+13792minor)pagefaults 0swaps
    ./fast/smt_tests/basic/set/set17_test.tla
0.05user 0.03system 0:00.08elapsed 112%CPU (0avgtext+0avgdata 25600maxresident)k
24inputs+104outputs (0major+13480minor)pagefaults 0swaps
    ./fast/smt_tests/basic/set/set18_test.tla
0.05user 0.04system 0:00.08elapsed 114%CPU (0avgtext+0avgdata 29568maxresident)k
48inputs+104outputs (0major+13745minor)pagefaults 0swaps
    ./fast/smt_tests/basic/set/set19_test.tla
0.06user 0.02system 0:00.08elapsed 113%CPU (0avgtext+0avgdata 25616maxresident)k
24inputs+104outputs (0major+13492minor)pagefaults 0swaps
    ./fast/smt_tests/basic/set/set1_test.tla
0.06user 0.03system 0:00.08elapsed 114%CPU (0avgtext+0avgdata 28304maxresident)k
40inputs+104outputs (0major+13575minor)pagefaults 0swaps
    ./fast/smt_tests/basic/set/set2_test.tla
0.06user 0.03system 0:00.08elapsed 115%CPU (0avgtext+0avgdata 25688maxresident)k
24inputs+104outputs (0major+13442minor)pagefaults 0swaps
    ./fast/smt_tests/basic/set/set3_test.tla
0.07user 0.02system 0:00.08elapsed 113%CPU (0avgtext+0avgdata 25676maxresident)k
32inputs+104outputs (0major+13450minor)pagefaults 0swaps
    ./fast/smt_tests/basic/set/set4_test.tla
0.06user 0.02system 0:00.08elapsed 113%CPU (0avgtext+0avgdata 25576maxresident)k
40inputs+104outputs (0major+13452minor)pagefaults 0swaps
    ./fast/smt_tests/basic/set/set5_test.tla
0.06user 0.03system 0:00.08elapsed 112%CPU (0avgtext+0avgdata 25688maxresident)k
40inputs+104outputs (0major+13488minor)pagefaults 0swaps
    ./fast/smt_tests/basic/set/set6_test.tla
0.04user 0.04system 0:00.08elapsed 113%CPU (0avgtext+0avgdata 28160maxresident)k
40inputs+104outputs (0major+13627minor)pagefaults 0swaps
    ./fast/smt_tests/basic/set/set7_test.tla
0.07user 0.02system 0:00.08elapsed 112%CPU (0avgtext+0avgdata 25596maxresident)k
24inputs+104outputs (0major+13457minor)pagefaults 0swaps
    ./fast/smt_tests/basic/set/set8_test.tla
0.06user 0.02system 0:00.08elapsed 114%CPU (0avgtext+0avgdata 27996maxresident)k
32inputs+104outputs (0major+13600minor)pagefaults 0swaps
    ./fast/smt_tests/basic/set/set9_test.tla
0.06user 0.03system 0:00.08elapsed 116%CPU (0avgtext+0avgdata 28028maxresident)k
32inputs+104outputs (0major+13575minor)pagefaults 0swaps
    ./fast/smt_tests/basic/string/strings1_test.tla
0.06user 0.03system 0:00.08elapsed 113%CPU (0avgtext+0avgdata 25684maxresident)k
72inputs+104outputs (0major+13408minor)pagefaults 0swaps
    ./fast/smt_tests/basic/string/strings2_test.tla
0.07user 0.02system 0:00.08elapsed 113%CPU (0avgtext+0avgdata 25628maxresident)k
48inputs+104outputs (0major+13471minor)pagefaults 0swaps
    ./fast/smt_tests/basic/tuple/tuple1_test.tla
0.06user 0.02system 0:00.08elapsed 112%CPU (0avgtext+0avgdata 25580maxresident)k
72inputs+104outputs (0major+13415minor)pagefaults 0swaps
    ./fast/smt_tests/basic/tuple/tuple2_test.tla
0.06user 0.03system 0:00.08elapsed 112%CPU (0avgtext+0avgdata 28088maxresident)k
24inputs+104outputs (0major+13610minor)pagefaults 0swaps
    ./fast/smt_tests/basic/tuple/tuple3_test.tla
0.06user 0.03system 0:00.08elapsed 113%CPU (0avgtext+0avgdata 25628maxresident)k
40inputs+104outputs (1major+13460minor)pagefaults 0swaps
    ./fast/smt_tests/basic/tuple/tuple4_test.tla
0.05user 0.03system 0:00.08elapsed 113%CPU (0avgtext+0avgdata 25656maxresident)k
24inputs+104outputs (0major+13451minor)pagefaults 0swaps
    ./fast/smt_tests/basic/tuple/tuple5_test.tla
0.06user 0.03system 0:00.08elapsed 112%CPU (0avgtext+0avgdata 25552maxresident)k
32inputs+104outputs (0major+13468minor)pagefaults 0swaps
    ./fast/smt_tests/basic/tuple/tuple6_test.tla
0.06user 0.03system 0:00.08elapsed 114%CPU (0avgtext+0avgdata 25736maxresident)k
48inputs+104outputs (0major+13458minor)pagefaults 0swaps
    ./fast/smt_tests/basic/tuple/tuple7_test.tla
0.06user 0.03system 0:00.08elapsed 114%CPU (0avgtext+0avgdata 25668maxresident)k
24inputs+104outputs (0major+13463minor)pagefaults 0swaps
    ./fast/smt_tests/lang/user_ops_test.tla
0.30user 0.03system 0:00.32elapsed 103%CPU (0avgtext+0avgdata 25544maxresident)k
72inputs+152outputs (0major+14631minor)pagefaults 0swaps
    ./fast/smt_tests/negative/one_div_zero_test.tla
2.28user 2.83system 0:05.10elapsed 100%CPU (0avgtext+0avgdata 21456maxresident)k
56inputs+120outputs (0major+13661minor)pagefaults 0swaps
    ./fast/smt_tests/negative/zero_in_one_test.tla
2.22user 2.92system 0:05.12elapsed 100%CPU (0avgtext+0avgdata 21540maxresident)k
40inputs+136outputs (0major+13653minor)pagefaults 0swaps
    ./fast/smt_tests/rewriting_rules/quantifiers_test.tla
0.09user 0.10system 0:00.12elapsed 165%CPU (0avgtext+0avgdata 25664maxresident)k
64inputs+192outputs (0major+36950minor)pagefaults 0swaps
    ./fast/smt_tests/silly_theorems/app_ambiguity_test.tla
0.07user 0.05system 0:00.10elapsed 112%CPU (0avgtext+0avgdata 28032maxresident)k
56inputs+104outputs (0major+13728minor)pagefaults 0swaps
    ./fast/smt_tests/silly_theorems/nonempty_integer_test.tla
0.11user 0.06system 0:00.12elapsed 151%CPU (0avgtext+0avgdata 29524maxresident)k
32inputs+160outputs (0major+28242minor)pagefaults 0swaps
    ./fast/smt_tests/silly_theorems/one_implies_one_test.tla
0.05user 0.05system 0:00.09elapsed 118%CPU (0avgtext+0avgdata 21560maxresident)k
32inputs+104outputs (0major+13346minor)pagefaults 0swaps
    ./fast/smt_tests/silly_theorems/record_as_function_test.tla
0.07user 0.04system 0:00.10elapsed 114%CPU (0avgtext+0avgdata 29720maxresident)k
24inputs+104outputs (0major+13702minor)pagefaults 0swaps
    ./fast/smt_tests/silly_theorems/x_implies_x_test.tla
0.05user 0.03system 0:00.08elapsed 112%CPU (0avgtext+0avgdata 25508maxresident)k
32inputs+104outputs (0major+13459minor)pagefaults 0swaps
    ./medium/regression/select_bug_test.tla
22.23user 27.86system 0:50.10elapsed 100%CPU (0avgtext+0avgdata 21328maxresident)k
272inputs+144outputs (0major+9478minor)pagefaults 0swaps
    ./medium/regression/snapshot/GFX_test.tla
forbidden output is present
Command exited with non-zero status 3
242.84user 33.25system 2:54.46elapsed 158%CPU (0avgtext+0avgdata 1024876maxresident)k
24048inputs+19392outputs (207major+1875363minor)pagefaults 0swaps
    ./medium/regression/snapshot/SnapShot_test.tla
forbidden output is present
Command exited with non-zero status 3
499.88user 14.56system 7:50.42elapsed 109%CPU (0avgtext+0avgdata 3850160maxresident)k
625184inputs+43232outputs (15554major+4404746minor)pagefaults 0swaps
    ./original/fast/basic/cvc3_false_test.tla
0.04user 0.02system 0:00.08elapsed 91%CPU (0avgtext+0avgdata 21392maxresident)k
13832inputs+88outputs (53major+8534minor)pagefaults 0swaps
    ./original/fast/basic/isa_false_test.tla
0.04user 0.01system 0:00.06elapsed 100%CPU (0avgtext+0avgdata 21448maxresident)k
80inputs+96outputs (0major+8480minor)pagefaults 0swaps
    ./original/fast/basic/isa_true_test.tla
forbidden output is present
Command exited with non-zero status 3
0.05user 0.01system 0:00.06elapsed 98%CPU (0avgtext+0avgdata 21568maxresident)k
104inputs+96outputs (0major+8483minor)pagefaults 0swaps
    ./original/fast/basic/nonexistent_test.tla
0.03user 0.01system 0:00.05elapsed 100%CPU (0avgtext+0avgdata 21432maxresident)k
48inputs+56outputs (0major+7355minor)pagefaults 0swaps
    ./original/fast/basic/smt_arith_test.tla
0.07user 0.02system 0:00.08elapsed 112%CPU (0avgtext+0avgdata 25704maxresident)k
72inputs+104outputs (0major+13470minor)pagefaults 0swaps
    ./original/fast/basic/smt_false_test.tla
0.05user 0.04system 0:00.08elapsed 113%CPU (0avgtext+0avgdata 25520maxresident)k
72inputs+104outputs (0major+13490minor)pagefaults 0swaps
    ./original/fast/basic/tab_character_test.tla
0.02user 0.01system 0:00.05elapsed 69%CPU (0avgtext+0avgdata 10404maxresident)k
8inputs+16outputs (0major+2071minor)pagefaults 0swaps
    ./original/fast/basic/true_test.tla
0.04user 0.04system 0:00.08elapsed 113%CPU (0avgtext+0avgdata 25680maxresident)k
56inputs+104outputs (0major+13533minor)pagefaults 0swaps
    ./original/fast/basic/z3_arith_test.tla
0.06user 0.03system 0:00.08elapsed 112%CPU (0avgtext+0avgdata 25524maxresident)k
72inputs+104outputs (0major+13478minor)pagefaults 0swaps
    ./original/fast/basic/z3_false_test.tla
0.06user 0.03system 0:00.08elapsed 112%CPU (0avgtext+0avgdata 25536maxresident)k
72inputs+104outputs (0major+13479minor)pagefaults 0swaps
    ./original/fast/basic/zen_false_test.tla
0.06user 0.03system 0:00.08elapsed 117%CPU (0avgtext+0avgdata 21500maxresident)k
64inputs+104outputs (0major+13003minor)pagefaults 0swaps
    ./original/fast/basic/zen_true_test.tla
0.06user 0.03system 0:00.09elapsed 117%CPU (0avgtext+0avgdata 21556maxresident)k
72inputs+104outputs (0major+13023minor)pagefaults 0swaps
    ./original/fast/enabled_cdot/Cdot_test.tla
0.10user 0.06system 0:00.09elapsed 190%CPU (0avgtext+0avgdata 23312maxresident)k
72inputs+184outputs (0major+27039minor)pagefaults 0swaps
    ./original/fast/enabled_cdot/ENABLEDaxioms_test.tla
0.46user 0.33system 0:00.29elapsed 271%CPU (0avgtext+0avgdata 27912maxresident)k
432inputs+984outputs (0major+211132minor)pagefaults 0swaps
    ./original/fast/enabled_cdot/ENABLED_INSTANCE_nullary_op_test.tla
0.11user 0.05system 0:00.13elapsed 121%CPU (0avgtext+0avgdata 29688maxresident)k
472inputs+160outputs (0major+19008minor)pagefaults 0swaps
    ./original/fast/enabled_cdot/ENABLED_INSTANCE_nullary_op_two_vars_test.tla
forbidden output is present
Command exited with non-zero status 3
0.10user 0.05system 0:00.12elapsed 125%CPU (0avgtext+0avgdata 29736maxresident)k
72inputs+168outputs (0major+19001minor)pagefaults 0swaps
    ./original/fast/enabled_cdot/ENABLED_INSTANCE_op_with_args_test.tla
forbidden output is present
Command exited with non-zero status 3
0.10user 0.04system 0:00.11elapsed 125%CPU (0avgtext+0avgdata 29932maxresident)k
72inputs+168outputs (0major+19023minor)pagefaults 0swaps
    ./original/fast/enabled_cdot/Enabled_test.tla
0.33user 0.31system 0:00.21elapsed 298%CPU (0avgtext+0avgdata 29804maxresident)k
72inputs+624outputs (0major+132829minor)pagefaults 0swaps
    ./original/fast/enabled_cdot/ExpandENABLED_LET_test.tla
0.08user 0.04system 0:00.10elapsed 118%CPU (0avgtext+0avgdata 21612maxresident)k
72inputs+104outputs (0major+13051minor)pagefaults 0swaps
    ./original/fast/enabled_cdot/ExpandOnlyCdot_test.tla
0.06user 0.02system 0:00.08elapsed 100%CPU (0avgtext+0avgdata 21440maxresident)k
48inputs+88outputs (0major+8479minor)pagefaults 0swaps
    ./original/fast/enabled_cdot/ExpandOnlyENABLED_test.tla
0.06user 0.01system 0:00.08elapsed 101%CPU (0avgtext+0avgdata 21380maxresident)k
352inputs+88outputs (0major+8430minor)pagefaults 0swaps
    ./original/fast/enabled_cdot/Level_of_parametric_INSTANCE_test.tla
0.07user 0.05system 0:00.10elapsed 125%CPU (0avgtext+0avgdata 25504maxresident)k
928inputs+120outputs (3major+17846minor)pagefaults 0swaps
    ./original/fast/enabled_cdot/Level_test.tla
0.11user 0.02system 0:00.12elapsed 113%CPU (0avgtext+0avgdata 21604maxresident)k
64inputs+144outputs (0major+13819minor)pagefaults 0swaps
    ./original/fast/enabled_cdot/NestedCdot_test.tla
0.13user 0.07system 0:00.10elapsed 190%CPU (0avgtext+0avgdata 25164maxresident)k
56inputs+168outputs (0major+27823minor)pagefaults 0swaps
    ./original/fast/enabled_cdot/NestedENABLED_from_AutoUSE_test.tla
forbidden output is present
Command exited with non-zero status 3
0.05user 0.03system 0:00.08elapsed 100%CPU (0avgtext+0avgdata 21392maxresident)k
48inputs+96outputs (0major+8464minor)pagefaults 0swaps
    ./original/fast/enabled_cdot/NestedENABLED_test.tla
0.09user 0.06system 0:00.11elapsed 146%CPU (0avgtext+0avgdata 22464maxresident)k
40inputs+160outputs (0major+22654minor)pagefaults 0swaps
    ./original/fast/fingerprint/FingerprintVariablesParameters_test.tla
required error output is missing
Command exited with non-zero status 3
0.08user 0.04system 0:00.12elapsed 100%CPU (0avgtext+0avgdata 21420maxresident)k
64inputs+104outputs (0major+14603minor)pagefaults 0swaps
    ./original/fast/language/EXCEPTMultipleBrackets_test.tla
0.07user 0.05system 0:00.09elapsed 132%CPU (0avgtext+0avgdata 25688maxresident)k
320inputs+104outputs (0major+22068minor)pagefaults 0swaps
    ./original/fast/language/EXTENDS_in_submodule_test.tla
0.05user 0.02system 0:00.07elapsed 100%CPU (0avgtext+0avgdata 21492maxresident)k
376inputs+128outputs (1major+9099minor)pagefaults 0swaps
    ./original/fast/language/INSTANCE_inside_LET_fingerprint_test.tla
0.08user 0.03system 0:00.10elapsed 113%CPU (0avgtext+0avgdata 25640maxresident)k
336inputs+144outputs (0major+14198minor)pagefaults 0swaps
    ./original/fast/language/INSTANCE_inside_LET_test.tla
0.06user 0.03system 0:00.09elapsed 113%CPU (0avgtext+0avgdata 25552maxresident)k
72inputs+144outputs (0major+14214minor)pagefaults 0swaps
    ./original/fast/language/INSTANCE_shift_due_to_omitted_modunits_test.tla
0.06user 0.01system 0:00.08elapsed 101%CPU (0avgtext+0avgdata 21308maxresident)k
48inputs+136outputs (0major+9121minor)pagefaults 0swaps
    ./original/fast/language/Operators_test.tla
0.06user 0.04system 0:00.09elapsed 120%CPU (0avgtext+0avgdata 25636maxresident)k
48inputs+88outputs (0major+17470minor)pagefaults 0swaps
    ./original/fast/language/SubrefLL_test.tla
0.50user 0.33system 0:00.40elapsed 209%CPU (0avgtext+0avgdata 25808maxresident)k
72inputs+896outputs (0major+202609minor)pagefaults 0swaps
    ./original/fast/language/Subref_test.tla
0.56user 0.28system 0:00.21elapsed 400%CPU (0avgtext+0avgdata 25608maxresident)k
56inputs+832outputs (0major+124139minor)pagefaults 0swaps
    ./original/fast/language/WFTRUE_test.tla
forbidden output is present
Command exited with non-zero status 3
0.05user 0.02system 0:00.07elapsed 100%CPU (0avgtext+0avgdata 21420maxresident)k
48inputs+64outputs (0major+7864minor)pagefaults 0swaps
    ./original/fast/regression/consensus/consensus_test.tla
2.51user 0.95system 0:01.88elapsed 184%CPU (0avgtext+0avgdata 35716maxresident)k
1200inputs+296outputs (0major+26951minor)pagefaults 0swaps
    ./original/fast/regression/cooper_instantiation_test.tla
0.05user 0.02system 0:00.07elapsed 101%CPU (0avgtext+0avgdata 21380maxresident)k
48inputs+56outputs (0major+7488minor)pagefaults 0swaps
    ./original/fast/regression/higher_order_statement_test.tla
forbidden output is present
Command exited with non-zero status 3
0.13user 0.04system 0:00.13elapsed 132%CPU (0avgtext+0avgdata 29440maxresident)k
368inputs+176outputs (0major+23265minor)pagefaults 0swaps
    ./original/fast/regression/MiniProducerConsumer_test.tla
114.20user 33.27system 1:06.26elapsed 222%CPU (0avgtext+0avgdata 1014072maxresident)k
64inputs+424outputs (0major+520346minor)pagefaults 0swaps
    ./original/fast/regression/parameterized_instantiation_test.tla
0.09user 0.04system 0:00.12elapsed 110%CPU (0avgtext+0avgdata 25564maxresident)k
120inputs+152outputs (0major+14196minor)pagefaults 0swaps
    ./original/fast/regression/setEuclid_test.tla
forbidden output is present
Command exited with non-zero status 3
15.16user 11.63system 0:26.17elapsed 102%CPU (0avgtext+0avgdata 31928maxresident)k
368inputs+1232outputs (0major+136837minor)pagefaults 0swaps
    ./original/fast/regression/smt_domain_check_test.tla
0.09user 0.05system 0:00.12elapsed 114%CPU (0avgtext+0avgdata 29416maxresident)k
88inputs+112outputs (0major+13718minor)pagefaults 0swaps
    ./original/fast/regression/z3_fingerprint_test.tla
0.12user 0.06system 0:00.17elapsed 102%CPU (0avgtext+0avgdata 21460maxresident)k
72inputs+160outputs (0major+16743minor)pagefaults 0swaps
    ./original/fast/russell_test.tla
0.11user 0.06system 0:00.12elapsed 152%CPU (0avgtext+0avgdata 25628maxresident)k
64inputs+160outputs (0major+27434minor)pagefaults 0swaps
    ./original/fast/smt_tests/advanced/functions/bijection_thm_test.tla
0.35user 0.22system 0:00.32elapsed 177%CPU (0avgtext+0avgdata 30160maxresident)k
104inputs+640outputs (0major+105637minor)pagefaults 0swaps
    ./original/fast/smt_tests/advanced/functions/composition_test.tla
0.08user 0.03system 0:00.10elapsed 113%CPU (0avgtext+0avgdata 30048maxresident)k
336inputs+104outputs (0major+13643minor)pagefaults 0swaps
    ./original/fast/smt_tests/advanced/functions/identity1_test.tla
0.06user 0.04system 0:00.09elapsed 112%CPU (0avgtext+0avgdata 25548maxresident)k
56inputs+112outputs (0major+13505minor)pagefaults 0swaps
    ./original/fast/smt_tests/advanced/functions/identity2_test.tla
0.08user 0.03system 0:00.10elapsed 113%CPU (0avgtext+0avgdata 29424maxresident)k
56inputs+120outputs (0major+13715minor)pagefaults 0swaps
    ./original/fast/smt_tests/advanced/set_theory/cantor1_test.tla
10.82user 14.40system 0:25.15elapsed 100%CPU (0avgtext+0avgdata 30384maxresident)k
120inputs+264outputs (0major+37945minor)pagefaults 0swaps
    ./original/fast/smt_tests/advanced/set_theory/choice_axiom2_test.tla
11.20user 14.06system 0:25.16elapsed 100%CPU (0avgtext+0avgdata 29620maxresident)k
608inputs+304outputs (0major+38593minor)pagefaults 0swaps
    ./original/fast/smt_tests/advanced/set_theory/choice_axiom_test.tla
0.23user 0.13system 0:00.18elapsed 199%CPU (0avgtext+0avgdata 30516maxresident)k
72inputs+304outputs (0major+57654minor)pagefaults 0swaps
    ./original/fast/smt_tests/advanced/set_theory/section_test.tla
10.93user 14.32system 0:25.16elapsed 100%CPU (0avgtext+0avgdata 30188maxresident)k
40inputs+328outputs (0major+38723minor)pagefaults 0swaps
    ./original/fast/smt_tests/advanced/tuples/tuple_as_function1_test.tla
0.16user 0.12system 0:00.17elapsed 164%CPU (0avgtext+0avgdata 29908maxresident)k
128inputs+336outputs (0major+51579minor)pagefaults 0swaps
    ./original/fast/smt_tests/advanced/tuples/tuple_as_function2_test.tla
0.19user 0.12system 0:00.18elapsed 172%CPU (0avgtext+0avgdata 30036maxresident)k
64inputs+336outputs (0major+61904minor)pagefaults 0swaps
    ./original/fast/smt_tests/basic/arith/arith10_test.tla
0.06user 0.05system 0:00.10elapsed 111%CPU (0avgtext+0avgdata 25720maxresident)k
120inputs+104outputs (0major+13485minor)pagefaults 0swaps
    ./original/fast/smt_tests/basic/arith/arith11_test.tla
0.07user 0.03system 0:00.09elapsed 112%CPU (0avgtext+0avgdata 25640maxresident)k
48inputs+104outputs (0major+13493minor)pagefaults 0swaps
    ./original/fast/smt_tests/basic/arith/arith12_test.tla
0.05user 0.05system 0:00.09elapsed 114%CPU (0avgtext+0avgdata 28192maxresident)k
40inputs+104outputs (0major+13610minor)pagefaults 0swaps
    ./original/fast/smt_tests/basic/arith/arith13_test.tla
0.07user 0.03system 0:00.10elapsed 113%CPU (0avgtext+0avgdata 28252maxresident)k
48inputs+104outputs (0major+13589minor)pagefaults 0swaps
    ./original/fast/smt_tests/basic/arith/arith14_test.tla
0.06user 0.03system 0:00.09elapsed 112%CPU (0avgtext+0avgdata 26636maxresident)k
56inputs+104outputs (0major+13562minor)pagefaults 0swaps
    ./original/fast/smt_tests/basic/arith/arith15_test.tla
0.05user 0.04system 0:00.08elapsed 112%CPU (0avgtext+0avgdata 25636maxresident)k
48inputs+104outputs (0major+13464minor)pagefaults 0swaps
    ./original/fast/smt_tests/basic/arith/arith16_test.tla
0.05user 0.04system 0:00.08elapsed 114%CPU (0avgtext+0avgdata 25708maxresident)k
56inputs+104outputs (0major+13436minor)pagefaults 0swaps
    ./original/fast/smt_tests/basic/arith/arith17_test.tla
0.05user 0.04system 0:00.09elapsed 111%CPU (0avgtext+0avgdata 25716maxresident)k
72inputs+104outputs (0major+13442minor)pagefaults 0swaps
    ./original/fast/smt_tests/basic/arith/arith18_test.tla
0.05user 0.04system 0:00.09elapsed 116%CPU (0avgtext+0avgdata 25640maxresident)k
40inputs+104outputs (0major+13452minor)pagefaults 0swaps
    ./original/fast/smt_tests/basic/arith/arith19_test.tla
0.04user 0.04system 0:00.08elapsed 111%CPU (0avgtext+0avgdata 25756maxresident)k
48inputs+104outputs (0major+13510minor)pagefaults 0swaps
    ./original/fast/smt_tests/basic/arith/arith1_test.tla
0.06user 0.03system 0:00.08elapsed 115%CPU (0avgtext+0avgdata 25600maxresident)k
48inputs+104outputs (0major+13452minor)pagefaults 0swaps
    ./original/fast/smt_tests/basic/arith/arith2_test.tla
0.05user 0.04system 0:00.08elapsed 112%CPU (0avgtext+0avgdata 25644maxresident)k
80inputs+104outputs (0major+13448minor)pagefaults 0swaps
    ./original/fast/smt_tests/basic/arith/arith3_test.tla
0.06user 0.03system 0:00.08elapsed 113%CPU (0avgtext+0avgdata 25548maxresident)k
56inputs+104outputs (0major+13499minor)pagefaults 0swaps
    ./original/fast/smt_tests/basic/arith/arith4_test.tla
0.05user 0.04system 0:00.09elapsed 114%CPU (0avgtext+0avgdata 25624maxresident)k
56inputs+104outputs (0major+13505minor)pagefaults 0swaps
    ./original/fast/smt_tests/basic/arith/arith5_test.tla
0.05user 0.04system 0:00.08elapsed 113%CPU (0avgtext+0avgdata 25528maxresident)k
64inputs+104outputs (1major+13498minor)pagefaults 0swaps
    ./original/fast/smt_tests/basic/arith/arith6_test.tla
0.05user 0.04system 0:00.08elapsed 112%CPU (0avgtext+0avgdata 25624maxresident)k
64inputs+104outputs (0major+13466minor)pagefaults 0swaps
    ./original/fast/smt_tests/basic/arith/arith7_test.tla
0.05user 0.04system 0:00.08elapsed 114%CPU (0avgtext+0avgdata 25560maxresident)k
48inputs+104outputs (1major+13469minor)pagefaults 0swaps
    ./original/fast/smt_tests/basic/arith/arith8_test.tla
0.05user 0.03system 0:00.08elapsed 113%CPU (0avgtext+0avgdata 25616maxresident)k
56inputs+104outputs (0major+13484minor)pagefaults 0swaps
    ./original/fast/smt_tests/basic/arith/arith9_test.tla
0.06user 0.02system 0:00.08elapsed 111%CPU (0avgtext+0avgdata 25600maxresident)k
48inputs+104outputs (0major+13476minor)pagefaults 0swaps
    ./original/fast/smt_tests/basic/epsilon/epsilon1_test.tla
0.06user 0.03system 0:00.08elapsed 112%CPU (0avgtext+0avgdata 27992maxresident)k
96inputs+104outputs (0major+13622minor)pagefaults 0swaps
    ./original/fast/smt_tests/basic/epsilon/epsilon2_test.tla
0.06user 0.03system 0:00.08elapsed 112%CPU (0avgtext+0avgdata 28052maxresident)k
56inputs+104outputs (2major+13634minor)pagefaults 0swaps
    ./original/fast/smt_tests/basic/epsilon/epsilon3_test.tla
0.07user 0.02system 0:00.08elapsed 114%CPU (0avgtext+0avgdata 28056maxresident)k
48inputs+104outputs (0major+13590minor)pagefaults 0swaps
    ./original/fast/smt_tests/basic/epsilon/epsilon4_test.tla
0.06user 0.03system 0:00.08elapsed 112%CPU (0avgtext+0avgdata 27864maxresident)k
192inputs+104outputs (0major+13595minor)pagefaults 0swaps
    ./original/fast/smt_tests/basic/extensionality/empty_set_ext_test.tla
0.06user 0.03system 0:00.08elapsed 112%CPU (0avgtext+0avgdata 27972maxresident)k
96inputs+104outputs (0major+13606minor)pagefaults 0swaps
    ./original/fast/smt_tests/basic/extensionality/enum_ext_test.tla
0.06user 0.03system 0:00.08elapsed 113%CPU (0avgtext+0avgdata 28180maxresident)k
216inputs+104outputs (0major+13665minor)pagefaults 0swaps
    ./original/fast/smt_tests/basic/extensionality/fun_ext_test.tla
0.06user 0.03system 0:00.08elapsed 115%CPU (0avgtext+0avgdata 25528maxresident)k
48inputs+104outputs (0major+13488minor)pagefaults 0swaps
    ./original/fast/smt_tests/basic/extensionality/set_ext_test.tla
0.08user 0.03system 0:00.09elapsed 116%CPU (0avgtext+0avgdata 29896maxresident)k
48inputs+104outputs (0major+13729minor)pagefaults 0swaps
    ./original/fast/smt_tests/basic/extensionality/tup_ext_test.tla
0.05user 0.03system 0:00.08elapsed 113%CPU (0avgtext+0avgdata 25540maxresident)k
56inputs+104outputs (0major+13478minor)pagefaults 0swaps
    ./original/fast/smt_tests/basic/firstorder/firstorder1_test.tla
0.05user 0.03system 0:00.08elapsed 111%CPU (0avgtext+0avgdata 28360maxresident)k
144inputs+104outputs (0major+13630minor)pagefaults 0swaps
    ./original/fast/smt_tests/basic/firstorder/firstorder1_wproof_test.tla
0.07user 0.05system 0:00.09elapsed 133%CPU (0avgtext+0avgdata 28104maxresident)k
256inputs+144outputs (0major+23003minor)pagefaults 0swaps
    ./original/fast/smt_tests/basic/firstorder/firstorder2_test.tla
0.05user 0.03system 0:00.08elapsed 112%CPU (0avgtext+0avgdata 28220maxresident)k
64inputs+104outputs (0major+13655minor)pagefaults 0swaps
    ./original/fast/smt_tests/basic/firstorder/firstorder2_wproof_test.tla
0.08user 0.04system 0:00.09elapsed 131%CPU (0avgtext+0avgdata 28204maxresident)k
40inputs+144outputs (0major+23044minor)pagefaults 0swaps
    ./original/fast/smt_tests/basic/firstorder/firstorder3_test.tla
0.06user 0.03system 0:00.08elapsed 113%CPU (0avgtext+0avgdata 29876maxresident)k
376inputs+104outputs (0major+13725minor)pagefaults 0swaps
    ./original/fast/smt_tests/basic/firstorder/firstorder3_wproof_test.tla
0.07user 0.06system 0:00.09elapsed 140%CPU (0avgtext+0avgdata 29768maxresident)k
232inputs+144outputs (0major+23416minor)pagefaults 0swaps
    ./original/fast/smt_tests/basic/firstorder/firstorder4_test.tla
0.06user 0.03system 0:00.08elapsed 114%CPU (0avgtext+0avgdata 29904maxresident)k
280inputs+104outputs (0major+13688minor)pagefaults 0swaps
    ./original/fast/smt_tests/basic/firstorder/firstorder4_wproof_test.tla
0.09user 0.05system 0:00.10elapsed 149%CPU (0avgtext+0avgdata 30108maxresident)k
40inputs+160outputs (0major+27938minor)pagefaults 0swaps
    ./original/fast/smt_tests/basic/firstorder/firstorder5_test.tla
0.06user 0.03system 0:00.08elapsed 113%CPU (0avgtext+0avgdata 29516maxresident)k
304inputs+104outputs (0major+13736minor)pagefaults 0swaps
    ./original/fast/smt_tests/basic/firstorder/firstorder5_wproof_test.tla
0.10user 0.04system 0:00.10elapsed 141%CPU (0avgtext+0avgdata 28240maxresident)k
64inputs+160outputs (0major+27869minor)pagefaults 0swaps
    ./original/fast/smt_tests/basic/firstorder/firstorder6_test.tla
0.06user 0.04system 0:00.09elapsed 115%CPU (0avgtext+0avgdata 29812maxresident)k
64inputs+104outputs (0major+13737minor)pagefaults 0swaps
    ./original/fast/smt_tests/basic/firstorder/firstorder6_wproof_test.tla
0.09user 0.07system 0:00.11elapsed 148%CPU (0avgtext+0avgdata 29952maxresident)k
40inputs+160outputs (0major+28328minor)pagefaults 0swaps
    ./original/fast/smt_tests/basic/function/function10_test.tla
0.07user 0.02system 0:00.09elapsed 110%CPU (0avgtext+0avgdata 25524maxresident)k
392inputs+104outputs (0major+13526minor)pagefaults 0swaps
    ./original/fast/smt_tests/basic/function/function11_test.tla
0.06user 0.03system 0:00.08elapsed 114%CPU (0avgtext+0avgdata 28060maxresident)k
48inputs+104outputs (0major+13665minor)pagefaults 0swaps
    ./original/fast/smt_tests/basic/function/function12_test.tla
11.18user 13.95system 0:25.12elapsed 100%CPU (0avgtext+0avgdata 24692maxresident)k
56inputs+152outputs (0major+14523minor)pagefaults 0swaps
    ./original/fast/smt_tests/basic/function/function13_test.tla
0.07user 0.04system 0:00.10elapsed 113%CPU (0avgtext+0avgdata 25472maxresident)k
56inputs+104outputs (0major+13507minor)pagefaults 0swaps
    ./original/fast/smt_tests/basic/function/function14_test.tla
0.06user 0.04system 0:00.10elapsed 112%CPU (0avgtext+0avgdata 27976maxresident)k
40inputs+104outputs (0major+13678minor)pagefaults 0swaps
    ./original/fast/smt_tests/basic/function/function15_test.tla
0.07user 0.04system 0:00.09elapsed 112%CPU (0avgtext+0avgdata 25652maxresident)k
40inputs+104outputs (0major+13489minor)pagefaults 0swaps
    ./original/fast/smt_tests/basic/function/function16_test.tla
11.05user 14.07system 0:25.13elapsed 100%CPU (0avgtext+0avgdata 22132maxresident)k
40inputs+160outputs (0major+13896minor)pagefaults 0swaps
    ./original/fast/smt_tests/basic/function/function17_test.tla
0.08user 0.04system 0:00.11elapsed 114%CPU (0avgtext+0avgdata 29724maxresident)k
56inputs+120outputs (0major+13712minor)pagefaults 0swaps
    ./original/fast/smt_tests/basic/function/function18_test.tla
0.08user 0.03system 0:00.09elapsed 113%CPU (0avgtext+0avgdata 25688maxresident)k
32inputs+104outputs (0major+13547minor)pagefaults 0swaps
    ./original/fast/smt_tests/basic/function/function1_test.tla
0.07user 0.02system 0:00.09elapsed 112%CPU (0avgtext+0avgdata 25544maxresident)k
48inputs+104outputs (0major+13465minor)pagefaults 0swaps
    ./original/fast/smt_tests/basic/function/function20_test.tla
0.08user 0.02system 0:00.09elapsed 112%CPU (0avgtext+0avgdata 25592maxresident)k
32inputs+104outputs (0major+13474minor)pagefaults 0swaps
    ./original/fast/smt_tests/basic/function/function21_test.tla
0.06user 0.04system 0:00.09elapsed 113%CPU (0avgtext+0avgdata 25644maxresident)k
40inputs+104outputs (0major+13473minor)pagefaults 0swaps
    ./original/fast/smt_tests/basic/function/function22_test.tla
0.06user 0.03system 0:00.09elapsed 112%CPU (0avgtext+0avgdata 25592maxresident)k
304inputs+104outputs (0major+13484minor)pagefaults 0swaps
    ./original/fast/smt_tests/basic/function/function23_test.tla
0.06user 0.04system 0:00.09elapsed 115%CPU (0avgtext+0avgdata 29728maxresident)k
32inputs+112outputs (0major+13677minor)pagefaults 0swaps
    ./original/fast/smt_tests/basic/function/function24_test.tla
0.07user 0.03system 0:00.09elapsed 112%CPU (0avgtext+0avgdata 25660maxresident)k
40inputs+104outputs (0major+13476minor)pagefaults 0swaps
    ./original/fast/smt_tests/basic/function/function25_test.tla
0.06user 0.04system 0:00.09elapsed 112%CPU (0avgtext+0avgdata 25816maxresident)k
40inputs+104outputs (0major+13515minor)pagefaults 0swaps
    ./original/fast/smt_tests/basic/function/function26_test.tla
0.05user 0.04system 0:00.08elapsed 111%CPU (0avgtext+0avgdata 25564maxresident)k
40inputs+104outputs (0major+13460minor)pagefaults 0swaps
    ./original/fast/smt_tests/basic/function/function27_test.tla
0.05user 0.04system 0:00.09elapsed 113%CPU (0avgtext+0avgdata 29812maxresident)k
40inputs+120outputs (0major+13745minor)pagefaults 0swaps
    ./original/fast/smt_tests/basic/function/function28_test.tla
0.08user 0.02system 0:00.09elapsed 113%CPU (0avgtext+0avgdata 30500maxresident)k
40inputs+120outputs (0major+13730minor)pagefaults 0swaps
    ./original/fast/smt_tests/basic/function/function29_test.tla
0.06user 0.03system 0:00.08elapsed 112%CPU (0avgtext+0avgdata 25652maxresident)k
32inputs+120outputs (0major+13506minor)pagefaults 0swaps
    ./original/fast/smt_tests/basic/function/function2_test.tla
0.06user 0.03system 0:00.08elapsed 113%CPU (0avgtext+0avgdata 27884maxresident)k
56inputs+104outputs (0major+13619minor)pagefaults 0swaps
    ./original/fast/smt_tests/basic/function/function30_test.tla
0.05user 0.04system 0:00.09elapsed 113%CPU (0avgtext+0avgdata 25684maxresident)k
32inputs+104outputs (0major+13531minor)pagefaults 0swaps
    ./original/fast/smt_tests/basic/function/function3_test.tla
0.08user 0.04system 0:00.10elapsed 127%CPU (0avgtext+0avgdata 29628maxresident)k
40inputs+128outputs (0major+18425minor)pagefaults 0swaps
    ./original/fast/smt_tests/basic/function/function5_test.tla
0.05user 0.04system 0:00.08elapsed 113%CPU (0avgtext+0avgdata 27816maxresident)k
56inputs+104outputs (0major+13646minor)pagefaults 0swaps
    ./original/fast/smt_tests/basic/function/function6_test.tla
0.05user 0.04system 0:00.09elapsed 113%CPU (0avgtext+0avgdata 25680maxresident)k
32inputs+104outputs (0major+13503minor)pagefaults 0swaps
    ./original/fast/smt_tests/basic/function/function7_test.tla
0.05user 0.04system 0:00.08elapsed 111%CPU (0avgtext+0avgdata 25544maxresident)k
40inputs+104outputs (0major+13436minor)pagefaults 0swaps
    ./original/fast/smt_tests/basic/prop/basic_test.tla
0.05user 0.04system 0:00.08elapsed 112%CPU (0avgtext+0avgdata 25512maxresident)k
88inputs+104outputs (0major+13484minor)pagefaults 0swaps
    ./original/fast/smt_tests/basic/prop/prop10_test.tla
0.05user 0.04system 0:00.08elapsed 112%CPU (0avgtext+0avgdata 25648maxresident)k
40inputs+104outputs (0major+13506minor)pagefaults 0swaps
    ./original/fast/smt_tests/basic/prop/prop11_test.tla
0.06user 0.04system 0:00.09elapsed 113%CPU (0avgtext+0avgdata 28180maxresident)k
40inputs+104outputs (0major+13613minor)pagefaults 0swaps
    ./original/fast/smt_tests/basic/prop/prop12_test.tla
0.07user 0.02system 0:00.08elapsed 113%CPU (0avgtext+0avgdata 28144maxresident)k
40inputs+104outputs (0major+13631minor)pagefaults 0swaps
    ./original/fast/smt_tests/basic/prop/prop1_test.tla
0.06user 0.02system 0:00.08elapsed 111%CPU (0avgtext+0avgdata 25596maxresident)k
40inputs+104outputs (0major+13466minor)pagefaults 0swaps
    ./original/fast/smt_tests/basic/prop/prop2_test.tla
0.06user 0.03system 0:00.09elapsed 114%CPU (0avgtext+0avgdata 25536maxresident)k
40inputs+104outputs (0major+13461minor)pagefaults 0swaps
    ./original/fast/smt_tests/basic/prop/prop3_test.tla
0.06user 0.03system 0:00.08elapsed 114%CPU (0avgtext+0avgdata 25684maxresident)k
40inputs+104outputs (0major+13520minor)pagefaults 0swaps
    ./original/fast/smt_tests/basic/prop/prop4_test.tla
0.05user 0.04system 0:00.08elapsed 112%CPU (0avgtext+0avgdata 25568maxresident)k
48inputs+104outputs (0major+13508minor)pagefaults 0swaps
    ./original/fast/smt_tests/basic/prop/prop5_test.tla
0.07user 0.02system 0:00.08elapsed 113%CPU (0avgtext+0avgdata 25632maxresident)k
32inputs+104outputs (0major+13515minor)pagefaults 0swaps
    ./original/fast/smt_tests/basic/prop/prop6_test.tla
0.06user 0.03system 0:00.08elapsed 112%CPU (0avgtext+0avgdata 25636maxresident)k
48inputs+104outputs (0major+13492minor)pagefaults 0swaps
    ./original/fast/smt_tests/basic/prop/prop7_test.tla
0.06user 0.03system 0:00.09elapsed 115%CPU (0avgtext+0avgdata 28036maxresident)k
40inputs+104outputs (0major+13654minor)pagefaults 0swaps
    ./original/fast/smt_tests/basic/prop/prop8_test.tla
0.05user 0.05system 0:00.09elapsed 115%CPU (0avgtext+0avgdata 28028maxresident)k
64inputs+104outputs (0major+13644minor)pagefaults 0swaps
    ./original/fast/smt_tests/basic/prop/prop9_test.tla
0.06user 0.03system 0:00.08elapsed 112%CPU (0avgtext+0avgdata 25536maxresident)k
32inputs+104outputs (0major+13453minor)pagefaults 0swaps
    ./original/fast/smt_tests/basic/record/record1_test.tla
0.05user 0.04system 0:00.09elapsed 115%CPU (0avgtext+0avgdata 25728maxresident)k
80inputs+104outputs (0major+13436minor)pagefaults 0swaps
    ./original/fast/smt_tests/basic/record/record2_test.tla
0.06user 0.04system 0:00.09elapsed 110%CPU (0avgtext+0avgdata 25656maxresident)k
48inputs+104outputs (0major+13501minor)pagefaults 0swaps
    ./original/fast/smt_tests/basic/record/record3_test.tla
0.05user 0.04system 0:00.08elapsed 113%CPU (0avgtext+0avgdata 25516maxresident)k
32inputs+104outputs (0major+13486minor)pagefaults 0swaps
    ./original/fast/smt_tests/basic/set/set10_test.tla
0.06user 0.03system 0:00.08elapsed 112%CPU (0avgtext+0avgdata 28292maxresident)k
336inputs+104outputs (0major+13577minor)pagefaults 0swaps
    ./original/fast/smt_tests/basic/set/set11_test.tla
0.05user 0.04system 0:00.08elapsed 113%CPU (0avgtext+0avgdata 25540maxresident)k
48inputs+104outputs (0major+13488minor)pagefaults 0swaps
    ./original/fast/smt_tests/basic/set/set12_test.tla
0.05user 0.04system 0:00.08elapsed 111%CPU (0avgtext+0avgdata 25736maxresident)k
328inputs+104outputs (1major+13468minor)pagefaults 0swaps
    ./original/fast/smt_tests/basic/set/set13_test.tla
0.05user 0.03system 0:00.08elapsed 113%CPU (0avgtext+0avgdata 25576maxresident)k
40inputs+104outputs (0major+13455minor)pagefaults 0swaps
    ./original/fast/smt_tests/basic/set/set14_test.tla
0.06user 0.03system 0:00.08elapsed 113%CPU (0avgtext+0avgdata 28000maxresident)k
56inputs+104outputs (0major+13611minor)pagefaults 0swaps
    ./original/fast/smt_tests/basic/set/set15_test.tla
0.07user 0.02system 0:00.08elapsed 111%CPU (0avgtext+0avgdata 25584maxresident)k
48inputs+104outputs (0major+13486minor)pagefaults 0swaps
    ./original/fast/smt_tests/basic/set/set16_test.tla
0.07user 0.02system 0:00.08elapsed 114%CPU (0avgtext+0avgdata 29416maxresident)k
32inputs+104outputs (0major+13794minor)pagefaults 0swaps
    ./original/fast/smt_tests/basic/set/set17_test.tla
0.06user 0.03system 0:00.08elapsed 115%CPU (0avgtext+0avgdata 25540maxresident)k
40inputs+104outputs (0major+13486minor)pagefaults 0swaps
    ./original/fast/smt_tests/basic/set/set18_test.tla
0.05user 0.04system 0:00.08elapsed 116%CPU (0avgtext+0avgdata 29744maxresident)k
40inputs+104outputs (0major+13763minor)pagefaults 0swaps
    ./original/fast/smt_tests/basic/set/set19_test.tla
0.06user 0.03system 0:00.08elapsed 113%CPU (0avgtext+0avgdata 25584maxresident)k
32inputs+104outputs (0major+13493minor)pagefaults 0swaps
    ./original/fast/smt_tests/basic/set/set1_test.tla
0.05user 0.03system 0:00.08elapsed 114%CPU (0avgtext+0avgdata 28104maxresident)k
40inputs+104outputs (0major+13577minor)pagefaults 0swaps
    ./original/fast/smt_tests/basic/set/set2_test.tla
0.06user 0.03system 0:00.08elapsed 113%CPU (0avgtext+0avgdata 25624maxresident)k
32inputs+104outputs (0major+13444minor)pagefaults 0swaps
    ./original/fast/smt_tests/basic/set/set3_test.tla
0.05user 0.03system 0:00.08elapsed 113%CPU (0avgtext+0avgdata 25684maxresident)k
40inputs+104outputs (0major+13447minor)pagefaults 0swaps
    ./original/fast/smt_tests/basic/set/set4_test.tla
0.08user 0.01system 0:00.08elapsed 111%CPU (0avgtext+0avgdata 25684maxresident)k
64inputs+104outputs (0major+13507minor)pagefaults 0swaps
    ./original/fast/smt_tests/basic/set/set5_test.tla
0.05user 0.03system 0:00.08elapsed 113%CPU (0avgtext+0avgdata 25516maxresident)k
32inputs+104outputs (0major+13505minor)pagefaults 0swaps
    ./original/fast/smt_tests/basic/set/set6_test.tla
0.06user 0.03system 0:00.08elapsed 115%CPU (0avgtext+0avgdata 28188maxresident)k
32inputs+104outputs (0major+13634minor)pagefaults 0swaps
    ./original/fast/smt_tests/basic/set/set7_test.tla
0.06user 0.03system 0:00.08elapsed 115%CPU (0avgtext+0avgdata 25624maxresident)k
56inputs+104outputs (0major+13447minor)pagefaults 0swaps
    ./original/fast/smt_tests/basic/set/set8_test.tla
0.07user 0.02system 0:00.08elapsed 113%CPU (0avgtext+0avgdata 27920maxresident)k
48inputs+104outputs (0major+13589minor)pagefaults 0swaps
    ./original/fast/smt_tests/basic/set/set9_test.tla
0.05user 0.04system 0:00.08elapsed 112%CPU (0avgtext+0avgdata 27936maxresident)k
40inputs+104outputs (0major+13589minor)pagefaults 0swaps
    ./original/fast/smt_tests/basic/string/strings1_test.tla
0.06user 0.03system 0:00.08elapsed 111%CPU (0avgtext+0avgdata 25580maxresident)k
104inputs+104outputs (0major+13454minor)pagefaults 0swaps
    ./original/fast/smt_tests/basic/string/strings2_test.tla
0.05user 0.04system 0:00.08elapsed 113%CPU (0avgtext+0avgdata 25604maxresident)k
40inputs+104outputs (0major+13472minor)pagefaults 0swaps
    ./original/fast/smt_tests/basic/tuple/tuple1_test.tla
0.06user 0.02system 0:00.08elapsed 112%CPU (0avgtext+0avgdata 25680maxresident)k
88inputs+104outputs (0major+13429minor)pagefaults 0swaps
    ./original/fast/smt_tests/basic/tuple/tuple2_test.tla
0.08user 0.02system 0:00.09elapsed 113%CPU (0avgtext+0avgdata 27876maxresident)k
32inputs+104outputs (0major+13619minor)pagefaults 0swaps
    ./original/fast/smt_tests/basic/tuple/tuple3_test.tla
0.06user 0.03system 0:00.09elapsed 112%CPU (0avgtext+0avgdata 25536maxresident)k
48inputs+104outputs (0major+13455minor)pagefaults 0swaps
    ./original/fast/smt_tests/basic/tuple/tuple4_test.tla
0.07user 0.02system 0:00.08elapsed 114%CPU (0avgtext+0avgdata 25532maxresident)k
32inputs+104outputs (1major+13440minor)pagefaults 0swaps
    ./original/fast/smt_tests/basic/tuple/tuple5_test.tla
0.05user 0.04system 0:00.08elapsed 113%CPU (0avgtext+0avgdata 25620maxresident)k
48inputs+104outputs (0major+13495minor)pagefaults 0swaps
    ./original/fast/smt_tests/basic/tuple/tuple6_test.tla
0.05user 0.03system 0:00.08elapsed 111%CPU (0avgtext+0avgdata 25608maxresident)k
32inputs+104outputs (0major+13460minor)pagefaults 0swaps
    ./original/fast/smt_tests/basic/tuple/tuple7_test.tla
0.06user 0.03system 0:00.08elapsed 113%CPU (0avgtext+0avgdata 25568maxresident)k
48inputs+104outputs (0major+13481minor)pagefaults 0swaps
    ./original/fast/smt_tests/lang/user_ops_test.tla
0.30user 0.03system 0:00.33elapsed 102%CPU (0avgtext+0avgdata 25748maxresident)k
88inputs+152outputs (0major+14628minor)pagefaults 0swaps
    ./original/fast/smt_tests/negative/one_div_zero_test.tla
2.21user 2.91system 0:05.10elapsed 100%CPU (0avgtext+0avgdata 21472maxresident)k
104inputs+120outputs (0major+13699minor)pagefaults 0swaps
    ./original/fast/smt_tests/negative/zero_in_one_test.tla
2.30user 2.84system 0:05.12elapsed 100%CPU (0avgtext+0avgdata 21488maxresident)k
56inputs+120outputs (0major+13643minor)pagefaults 0swaps
    ./original/fast/smt_tests/rewriting_rules/quantifiers_test.tla
0.09user 0.11system 0:00.12elapsed 163%CPU (0avgtext+0avgdata 25692maxresident)k
112inputs+192outputs (0major+36928minor)pagefaults 0swaps
    ./original/fast/smt_tests/silly_theorems/app_ambiguity_test.tla
0.09user 0.03system 0:00.10elapsed 112%CPU (0avgtext+0avgdata 27956maxresident)k
96inputs+120outputs (0major+13729minor)pagefaults 0swaps
    ./original/fast/smt_tests/silly_theorems/nonempty_integer_test.tla
0.09user 0.08system 0:00.11elapsed 150%CPU (0avgtext+0avgdata 30876maxresident)k
32inputs+160outputs (0major+28269minor)pagefaults 0swaps
    ./original/fast/smt_tests/silly_theorems/one_implies_one_test.tla
0.08user 0.02system 0:00.09elapsed 118%CPU (0avgtext+0avgdata 21536maxresident)k
32inputs+104outputs (0major+13355minor)pagefaults 0swaps
    ./original/fast/smt_tests/silly_theorems/record_as_function_test.tla
0.08user 0.02system 0:00.10elapsed 115%CPU (0avgtext+0avgdata 29788maxresident)k
40inputs+104outputs (0major+13665minor)pagefaults 0swaps
    ./original/fast/smt_tests/silly_theorems/x_implies_x_test.tla
0.05user 0.04system 0:00.08elapsed 112%CPU (0avgtext+0avgdata 25564maxresident)k
32inputs+104outputs (0major+13450minor)pagefaults 0swaps
    ./original/medium/regression/select_bug_test.tla
22.21user 27.84system 0:50.10elapsed 99%CPU (0avgtext+0avgdata 21388maxresident)k
88inputs+144outputs (0major+9494minor)pagefaults 0swaps
    ./original/medium/regression/snapshot/GFX_test.tla
forbidden output is present
Command exited with non-zero status 3
261.76user 33.67system 2:50.85elapsed 172%CPU (0avgtext+0avgdata 1027084maxresident)k
512inputs+19448outputs (0major+2113555minor)pagefaults 0swaps
    ./original/medium/regression/snapshot/SnapShot_test.tla
forbidden output is present
Command exited with non-zero status 3
493.62user 11.09system 7:44.39elapsed 108%CPU (0avgtext+0avgdata 3925268maxresident)k
151048inputs+43160outputs (4657major+4427692minor)pagefaults 0swaps
###### 2023-11-07 21:40:54 ./TOOLS/do_tests .
    ./fast/basic/cvc3_false_test.tla
0.03user 0.03system 0:00.06elapsed 100%CPU (0avgtext+0avgdata 21500maxresident)k
552inputs+88outputs (0major+8564minor)pagefaults 0swaps
    ./fast/basic/isa_false_test.tla
0.05user 0.01system 0:00.06elapsed 101%CPU (0avgtext+0avgdata 21340maxresident)k
32inputs+96outputs (0major+8488minor)pagefaults 0swaps
    ./fast/basic/isa_true_test.tla
forbidden output is present
Command exited with non-zero status 3
0.04user 0.01system 0:00.05elapsed 101%CPU (0avgtext+0avgdata 21480maxresident)k
40inputs+96outputs (0major+8498minor)pagefaults 0swaps
    ./fast/basic/smt_arith_test.tla
0.04user 0.03system 0:00.06elapsed 111%CPU (0avgtext+0avgdata 25604maxresident)k
32inputs+104outputs (0major+13482minor)pagefaults 0swaps
    ./fast/basic/smt_false_test.tla
0.06user 0.01system 0:00.06elapsed 113%CPU (0avgtext+0avgdata 25752maxresident)k
32inputs+104outputs (0major+13493minor)pagefaults 0swaps
    ./fast/basic/true_test.tla
0.04user 0.02system 0:00.05elapsed 111%CPU (0avgtext+0avgdata 25716maxresident)k
32inputs+104outputs (0major+13513minor)pagefaults 0swaps
    ./fast/basic/z3_arith_test.tla
0.04user 0.02system 0:00.06elapsed 114%CPU (0avgtext+0avgdata 25736maxresident)k
32inputs+104outputs (0major+13472minor)pagefaults 0swaps
    ./fast/basic/z3_false_test.tla
0.03user 0.02system 0:00.05elapsed 113%CPU (0avgtext+0avgdata 25624maxresident)k
32inputs+104outputs (0major+13473minor)pagefaults 0swaps
    ./fast/basic/zen_false_test.tla
0.05user 0.02system 0:00.06elapsed 121%CPU (0avgtext+0avgdata 21448maxresident)k
32inputs+104outputs (0major+13022minor)pagefaults 0swaps
    ./fast/basic/zen_true_test.tla
0.04user 0.02system 0:00.06elapsed 116%CPU (0avgtext+0avgdata 21500maxresident)k
32inputs+104outputs (0major+13036minor)pagefaults 0swaps
    ./fast/enabled_cdot/AutoUSE_fingerprint/AutoUSE_fingerprint_test.tla
required error output is missing
Command exited with non-zero status 3
0.09user 0.02system 0:00.11elapsed 100%CPU (0avgtext+0avgdata 21360maxresident)k
312inputs+176outputs (0major+17212minor)pagefaults 0swaps
    ./fast/enabled_cdot/Cdot_test.tla
0.07user 0.05system 0:00.07elapsed 180%CPU (0avgtext+0avgdata 23232maxresident)k
32inputs+184outputs (0major+27019minor)pagefaults 0swaps
    ./fast/enabled_cdot/ENABLEDaxioms_conj_fingerprinting/ENABLEDaxioms_conj_fingerprinting_test.tla
required error output is missing
Command exited with non-zero status 3
0.08user 0.02system 0:00.10elapsed 101%CPU (0avgtext+0avgdata 21448maxresident)k
72inputs+176outputs (0major+17176minor)pagefaults 0swaps
    ./fast/enabled_cdot/ENABLEDaxioms_conj_hidden_actions_test.tla
0.03user 0.01system 0:00.05elapsed 100%CPU (0avgtext+0avgdata 21384maxresident)k
80inputs+88outputs (0major+8449minor)pagefaults 0swaps
    ./fast/enabled_cdot/ENABLEDaxioms_conj_test.tla
forbidden output is present
Command exited with non-zero status 3
0.03user 0.02system 0:00.05elapsed 101%CPU (0avgtext+0avgdata 21364maxresident)k
32inputs+96outputs (0major+8538minor)pagefaults 0swaps
    ./fast/enabled_cdot/ENABLEDaxioms_conj_visible_actions_fail_test.tla
0.03user 0.01system 0:00.05elapsed 100%CPU (0avgtext+0avgdata 21500maxresident)k
32inputs+88outputs (0major+8399minor)pagefaults 0swaps
    ./fast/enabled_cdot/ENABLEDaxioms_conj_visible_actions_test.tla
forbidden output is present
Command exited with non-zero status 3
0.04user 0.01system 0:00.05elapsed 101%CPU (0avgtext+0avgdata 21380maxresident)k
32inputs+88outputs (0major+8460minor)pagefaults 0swaps
    ./fast/enabled_cdot/ENABLEDaxioms_test.tla
forbidden output is present
Command exited with non-zero status 3
0.04user 0.01system 0:00.05elapsed 101%CPU (0avgtext+0avgdata 21444maxresident)k
32inputs+104outputs (0major+8547minor)pagefaults 0swaps
    ./fast/enabled_cdot/ENABLED_INSTANCE_nullary_op_test.tla
0.06user 0.04system 0:00.08elapsed 123%CPU (0avgtext+0avgdata 29848maxresident)k
56inputs+160outputs (0major+19015minor)pagefaults 0swaps
    ./fast/enabled_cdot/ENABLED_INSTANCE_nullary_op_two_vars_test.tla
forbidden output is present
Command exited with non-zero status 3
0.05user 0.04system 0:00.07elapsed 123%CPU (0avgtext+0avgdata 29912maxresident)k
32inputs+168outputs (0major+19002minor)pagefaults 0swaps
    ./fast/enabled_cdot/ENABLED_INSTANCE_op_with_args_test.tla
forbidden output is present
Command exited with non-zero status 3
0.05user 0.04system 0:00.08elapsed 125%CPU (0avgtext+0avgdata 29896maxresident)k
32inputs+168outputs (0major+19023minor)pagefaults 0swaps
    ./fast/enabled_cdot/ENABLEDrewrites_assignment_level_fingerprint/ENABLEDrewrites_assignment_level_fingerprint_test.tla
required error output is missing
Command exited with non-zero status 3
0.07user 0.02system 0:00.09elapsed 101%CPU (0avgtext+0avgdata 21484maxresident)k
48inputs+96outputs (0major+15567minor)pagefaults 0swaps
    ./fast/enabled_cdot/ENABLEDrewrites_bpragma_fingerprint/ENABLEDrewrites_bpragma_fingerprint_test.tla
required error output is missing
Command exited with non-zero status 3
0.07user 0.04system 0:00.11elapsed 102%CPU (0avgtext+0avgdata 21380maxresident)k
80inputs+136outputs (0major+16407minor)pagefaults 0swaps
    ./fast/enabled_cdot/ENABLEDrewrites_case_level_fingerprint/ENABLEDrewrites_case_level_fingerprint_test.tla
required error output is missing
Command exited with non-zero status 3
0.09user 0.02system 0:00.11elapsed 100%CPU (0avgtext+0avgdata 21488maxresident)k
48inputs+96outputs (0major+15536minor)pagefaults 0swaps
    ./fast/enabled_cdot/ENABLEDrewrites_conj_level_fingerprint/ENABLEDrewrites_conj_level_fingerprint_test.tla
required error output is missing
Command exited with non-zero status 3
0.07user 0.02system 0:00.09elapsed 100%CPU (0avgtext+0avgdata 21516maxresident)k
48inputs+96outputs (0major+15600minor)pagefaults 0swaps
    ./fast/enabled_cdot/ENABLEDrewrites_exist_level_fingerprint/ENABLEDrewrites_exist_level_fingerprint_test.tla
required error output is missing
Command exited with non-zero status 3
0.07user 0.04system 0:00.11elapsed 100%CPU (0avgtext+0avgdata 21380maxresident)k
48inputs+96outputs (0major+15608minor)pagefaults 0swaps
    ./fast/enabled_cdot/ENABLEDrewrites_mem_level_fingerprint/ENABLEDrewrites_mem_level_fingerprint_test.tla
required error output is missing
Command exited with non-zero status 3
0.07user 0.02system 0:00.09elapsed 101%CPU (0avgtext+0avgdata 21512maxresident)k
48inputs+96outputs (0major+15594minor)pagefaults 0swaps
    ./fast/enabled_cdot/ENABLEDrewrites_state_level_fingerprint/ENABLEDrewrites_state_level_fingerprint_test.tla
required error output is missing
Command exited with non-zero status 3
0.08user 0.03system 0:00.12elapsed 100%CPU (0avgtext+0avgdata 21380maxresident)k
48inputs+96outputs (0major+15513minor)pagefaults 0swaps
    ./fast/enabled_cdot/ENABLEDrewrites_ternary_level_fingerprint/ENABLEDrewrites_ternary_level_fingerprint_test.tla
required error output is missing
Command exited with non-zero status 3
0.08user 0.04system 0:00.12elapsed 100%CPU (0avgtext+0avgdata 21436maxresident)k
48inputs+96outputs (0major+15525minor)pagefaults 0swaps
    ./fast/enabled_cdot/ENABLEDrewrites_test.tla
wrong result code
Command exited with non-zero status 3
0.03user 0.02system 0:00.06elapsed 101%CPU (0avgtext+0avgdata 21364maxresident)k
16inputs+48outputs (0major+7722minor)pagefaults 0swaps
    ./fast/enabled_cdot/ENABLEDrules_fingerprint_levels/ENABLEDrules_fingerprint_levels_test.tla
required error output is missing
Command exited with non-zero status 3
0.07user 0.02system 0:00.10elapsed 101%CPU (0avgtext+0avgdata 21368maxresident)k
48inputs+96outputs (0major+15646minor)pagefaults 0swaps
    ./fast/enabled_cdot/ENABLEDrules_test.tla
wrong result code
Command exited with non-zero status 3
0.04user 0.02system 0:00.06elapsed 101%CPU (0avgtext+0avgdata 21312maxresident)k
8inputs+48outputs (0major+7615minor)pagefaults 0swaps
    ./fast/enabled_cdot/Enabled_test.tla
0.24user 0.19system 0:00.14elapsed 304%CPU (0avgtext+0avgdata 30056maxresident)k
48inputs+624outputs (0major+132814minor)pagefaults 0swaps
    ./fast/enabled_cdot/ExpandENABLED_LET_test.tla
0.05user 0.01system 0:00.05elapsed 118%CPU (0avgtext+0avgdata 21528maxresident)k
32inputs+104outputs (0major+13026minor)pagefaults 0swaps
    ./fast/enabled_cdot/ExpandENABLED_level_fingerprint/ExpandENABLED_level_fingerprint_test.tla
required error output is missing
Command exited with non-zero status 3
0.07user 0.03system 0:00.10elapsed 102%CPU (0avgtext+0avgdata 21452maxresident)k
72inputs+184outputs (0major+17212minor)pagefaults 0swaps
    ./fast/enabled_cdot/ExpandOnlyCdot_test.tla
0.04user 0.01system 0:00.05elapsed 101%CPU (0avgtext+0avgdata 21488maxresident)k
304inputs+88outputs (0major+8445minor)pagefaults 0swaps
    ./fast/enabled_cdot/ExpandOnlyENABLED_test.tla
0.04user 0.00system 0:00.05elapsed 101%CPU (0avgtext+0avgdata 21484maxresident)k
32inputs+88outputs (0major+8433minor)pagefaults 0swaps
    ./fast/enabled_cdot/LevelComparisonCONSTANT_Module_Scope_test.tla
required error output is missing
Command exited with non-zero status 3
0.05user 0.02system 0:00.06elapsed 114%CPU (0avgtext+0avgdata 25568maxresident)k
32inputs+104outputs (0major+13511minor)pagefaults 0swaps
    ./fast/enabled_cdot/LevelComparisonCONSTANT_THEOREM_Scope_test.tla
required error output is missing
Command exited with non-zero status 3
0.06user 0.01system 0:00.07elapsed 114%CPU (0avgtext+0avgdata 25672maxresident)k
32inputs+104outputs (0major+13540minor)pagefaults 0swaps
    ./fast/enabled_cdot/LevelComparisonSTATE_Scope_test.tla
required error output is missing
Command exited with non-zero status 3
0.05user 0.03system 0:00.08elapsed 116%CPU (0avgtext+0avgdata 25696maxresident)k
32inputs+104outputs (0major+13521minor)pagefaults 0swaps
    ./fast/enabled_cdot/LevelComparison_test.tla
forbidden output is present
Command exited with non-zero status 3
0.09user 0.05system 0:00.08elapsed 167%CPU (0avgtext+0avgdata 25836maxresident)k
32inputs+224outputs (0major+41819minor)pagefaults 0swaps
    ./fast/enabled_cdot/Level_of_parametric_INSTANCE_test.tla
0.05user 0.03system 0:00.06elapsed 128%CPU (0avgtext+0avgdata 25780maxresident)k
32inputs+120outputs (0major+17837minor)pagefaults 0swaps
    ./fast/enabled_cdot/Level_test.tla
0.04user 0.01system 0:00.06elapsed 101%CPU (0avgtext+0avgdata 21476maxresident)k
32inputs+120outputs (0major+9110minor)pagefaults 0swaps
    ./fast/enabled_cdot/NestedCdot_test.tla
0.09user 0.03system 0:00.06elapsed 190%CPU (0avgtext+0avgdata 25036maxresident)k
32inputs+168outputs (0major+27810minor)pagefaults 0swaps
    ./fast/enabled_cdot/NestedENABLED_from_AutoUSE_test.tla
forbidden output is present
Command exited with non-zero status 3
0.03user 0.01system 0:00.05elapsed 100%CPU (0avgtext+0avgdata 21304maxresident)k
32inputs+96outputs (0major+8470minor)pagefaults 0swaps
    ./fast/enabled_cdot/NestedENABLED_test.tla
0.06user 0.05system 0:00.07elapsed 146%CPU (0avgtext+0avgdata 22460maxresident)k
32inputs+160outputs (0major+22634minor)pagefaults 0swaps
    ./fast/enabled_cdot/UnsoundCoalescingThmDecl_test.tla
0.08user 0.03system 0:00.08elapsed 151%CPU (0avgtext+0avgdata 30176maxresident)k
32inputs+168outputs (0major+27937minor)pagefaults 0swaps
    ./fast/fingerprint/FingerprintVariablesParameters_test.tla
required error output is missing
Command exited with non-zero status 3
0.05user 0.03system 0:00.08elapsed 101%CPU (0avgtext+0avgdata 21392maxresident)k
32inputs+104outputs (0major+14597minor)pagefaults 0swaps
    ./fast/language/EXCEPTMultipleBrackets_test.tla
0.05user 0.04system 0:00.07elapsed 131%CPU (0avgtext+0avgdata 25764maxresident)k
32inputs+104outputs (0major+22067minor)pagefaults 0swaps
    ./fast/language/EXTENDS_in_submodule_test.tla
0.03user 0.01system 0:00.05elapsed 98%CPU (0avgtext+0avgdata 21348maxresident)k
80inputs+128outputs (1major+9119minor)pagefaults 0swaps
    ./fast/language/INSTANCE_inside_LET_fingerprint_test.tla
0.06user 0.02system 0:00.07elapsed 114%CPU (0avgtext+0avgdata 25524maxresident)k
32inputs+144outputs (0major+14189minor)pagefaults 0swaps
    ./fast/language/INSTANCE_inside_LET_test.tla
0.05user 0.03system 0:00.07elapsed 113%CPU (0avgtext+0avgdata 25852maxresident)k
32inputs+144outputs (0major+14187minor)pagefaults 0swaps
    ./fast/language/INSTANCE_shift_due_to_omitted_modunits_test.tla
0.03user 0.02system 0:00.05elapsed 101%CPU (0avgtext+0avgdata 21484maxresident)k
32inputs+136outputs (0major+9124minor)pagefaults 0swaps
    ./fast/language/Operators_test.tla
0.06user 0.03system 0:00.07elapsed 128%CPU (0avgtext+0avgdata 25712maxresident)k
32inputs+88outputs (0major+17490minor)pagefaults 0swaps
    ./fast/language/SubrefLL_test.tla
0.33user 0.25system 0:00.28elapsed 210%CPU (0avgtext+0avgdata 25836maxresident)k
48inputs+896outputs (0major+202677minor)pagefaults 0swaps
    ./fast/language/Subref_test.tla
0.35user 0.15system 0:00.13elapsed 387%CPU (0avgtext+0avgdata 25804maxresident)k
40inputs+832outputs (22major+124121minor)pagefaults 0swaps
    ./fast/language/WFTRUE_test.tla
forbidden output is present
Command exited with non-zero status 3
0.03user 0.00system 0:00.04elapsed 100%CPU (0avgtext+0avgdata 21320maxresident)k
32inputs+64outputs (0major+7848minor)pagefaults 0swaps
    ./fast/regression/consensus/consensus_test.tla
1.35user 0.48system 0:01.00elapsed 182%CPU (0avgtext+0avgdata 35976maxresident)k
176inputs+296outputs (0major+26928minor)pagefaults 0swaps
    ./fast/regression/cooper_instantiation_test.tla
0.02user 0.01system 0:00.04elapsed 100%CPU (0avgtext+0avgdata 21488maxresident)k
32inputs+56outputs (0major+7482minor)pagefaults 0swaps
    ./fast/regression/higher_order_statement_test.tla
forbidden output is present
Command exited with non-zero status 3
0.09user 0.03system 0:00.10elapsed 136%CPU (0avgtext+0avgdata 29580maxresident)k
312inputs+176outputs (0major+23239minor)pagefaults 0swaps
    ./fast/regression/MiniProducerConsumer_test.tla
73.10user 26.83system 0:52.31elapsed 191%CPU (0avgtext+0avgdata 1383956maxresident)k
288inputs+448outputs (1major+609244minor)pagefaults 0swaps
    ./fast/regression/parameterized_instantiation_test.tla
0.04user 0.03system 0:00.07elapsed 97%CPU (0avgtext+0avgdata 25488maxresident)k
7832inputs+152outputs (97major+14114minor)pagefaults 0swaps
    ./fast/regression/setEuclid_test.tla
forbidden output is present
Command exited with non-zero status 3
14.49user 11.43system 0:25.60elapsed 101%CPU (0avgtext+0avgdata 31984maxresident)k
328inputs+1224outputs (5major+136937minor)pagefaults 0swaps
    ./fast/regression/smt_domain_check_test.tla
0.05user 0.02system 0:00.06elapsed 114%CPU (0avgtext+0avgdata 29540maxresident)k
56inputs+112outputs (0major+13708minor)pagefaults 0swaps
    ./fast/regression/z3_fingerprint_test.tla
0.07user 0.03system 0:00.10elapsed 101%CPU (0avgtext+0avgdata 21408maxresident)k
48inputs+160outputs (0major+16720minor)pagefaults 0swaps
    ./fast/russell_test.tla
0.10user 0.02system 0:00.08elapsed 150%CPU (0avgtext+0avgdata 25760maxresident)k
312inputs+160outputs (0major+27436minor)pagefaults 0swaps
    ./fast/smt_tests/advanced/functions/bijection_thm_test.tla
0.24user 0.12system 0:00.20elapsed 181%CPU (0avgtext+0avgdata 30088maxresident)k
104inputs+640outputs (0major+105622minor)pagefaults 0swaps
    ./fast/smt_tests/advanced/functions/composition_test.tla
0.04user 0.03system 0:00.06elapsed 112%CPU (0avgtext+0avgdata 27888maxresident)k
56inputs+104outputs (0major+13643minor)pagefaults 0swaps
    ./fast/smt_tests/advanced/functions/identity1_test.tla
0.04user 0.02system 0:00.06elapsed 112%CPU (0avgtext+0avgdata 25552maxresident)k
48inputs+112outputs (0major+13497minor)pagefaults 0swaps
    ./fast/smt_tests/advanced/functions/identity2_test.tla
0.05user 0.02system 0:00.06elapsed 115%CPU (0avgtext+0avgdata 29256maxresident)k
48inputs+120outputs (0major+13688minor)pagefaults 0swaps
    ./fast/smt_tests/advanced/set_theory/cantor1_test.tla
10.77user 14.36system 0:25.10elapsed 100%CPU (0avgtext+0avgdata 30044maxresident)k
96inputs+264outputs (0major+37919minor)pagefaults 0swaps
    ./fast/smt_tests/advanced/set_theory/choice_axiom2_test.tla
10.48user 14.68system 0:25.11elapsed 100%CPU (0avgtext+0avgdata 29848maxresident)k
72inputs+304outputs (0major+38645minor)pagefaults 0swaps
    ./fast/smt_tests/advanced/set_theory/choice_axiom_test.tla
0.18user 0.15system 0:00.16elapsed 201%CPU (0avgtext+0avgdata 30332maxresident)k
56inputs+304outputs (0major+57655minor)pagefaults 0swaps
    ./fast/smt_tests/advanced/set_theory/section_test.tla
10.88user 14.36system 0:25.17elapsed 100%CPU (0avgtext+0avgdata 30008maxresident)k
304inputs+336outputs (0major+38701minor)pagefaults 0swaps
    ./fast/smt_tests/advanced/tuples/tuple_as_function1_test.tla
0.17user 0.11system 0:00.17elapsed 167%CPU (0avgtext+0avgdata 30004maxresident)k
88inputs+336outputs (0major+51602minor)pagefaults 0swaps
    ./fast/smt_tests/advanced/tuples/tuple_as_function2_test.tla
0.21user 0.09system 0:00.17elapsed 177%CPU (0avgtext+0avgdata 30120maxresident)k
32inputs+336outputs (0major+61910minor)pagefaults 0swaps
    ./fast/smt_tests/basic/arith/arith10_test.tla
0.06user 0.04system 0:00.10elapsed 111%CPU (0avgtext+0avgdata 25572maxresident)k
96inputs+104outputs (0major+13483minor)pagefaults 0swaps
    ./fast/smt_tests/basic/arith/arith11_test.tla
0.06user 0.05system 0:00.09elapsed 113%CPU (0avgtext+0avgdata 25656maxresident)k
48inputs+104outputs (0major+13484minor)pagefaults 0swaps
    ./fast/smt_tests/basic/arith/arith12_test.tla
0.06user 0.03system 0:00.09elapsed 113%CPU (0avgtext+0avgdata 28056maxresident)k
48inputs+104outputs (0major+13605minor)pagefaults 0swaps
    ./fast/smt_tests/basic/arith/arith13_test.tla
0.07user 0.02system 0:00.09elapsed 114%CPU (0avgtext+0avgdata 27940maxresident)k
56inputs+104outputs (0major+13586minor)pagefaults 0swaps
    ./fast/smt_tests/basic/arith/arith14_test.tla
0.07user 0.03system 0:00.09elapsed 111%CPU (0avgtext+0avgdata 26720maxresident)k
56inputs+104outputs (0major+13590minor)pagefaults 0swaps
    ./fast/smt_tests/basic/arith/arith15_test.tla
0.06user 0.03system 0:00.08elapsed 112%CPU (0avgtext+0avgdata 25556maxresident)k
32inputs+104outputs (0major+13459minor)pagefaults 0swaps
    ./fast/smt_tests/basic/arith/arith16_test.tla
0.05user 0.04system 0:00.09elapsed 113%CPU (0avgtext+0avgdata 25488maxresident)k
40inputs+104outputs (0major+13429minor)pagefaults 0swaps
    ./fast/smt_tests/basic/arith/arith17_test.tla
0.07user 0.02system 0:00.08elapsed 113%CPU (0avgtext+0avgdata 25544maxresident)k
40inputs+104outputs (0major+13441minor)pagefaults 0swaps
    ./fast/smt_tests/basic/arith/arith18_test.tla
0.06user 0.03system 0:00.08elapsed 114%CPU (0avgtext+0avgdata 25548maxresident)k
48inputs+104outputs (0major+13412minor)pagefaults 0swaps
    ./fast/smt_tests/basic/arith/arith19_test.tla
0.05user 0.04system 0:00.09elapsed 111%CPU (0avgtext+0avgdata 25572maxresident)k
40inputs+104outputs (0major+13506minor)pagefaults 0swaps
    ./fast/smt_tests/basic/arith/arith1_test.tla
0.05user 0.03system 0:00.08elapsed 112%CPU (0avgtext+0avgdata 25564maxresident)k
48inputs+104outputs (0major+13494minor)pagefaults 0swaps
    ./fast/smt_tests/basic/arith/arith2_test.tla
0.06user 0.04system 0:00.10elapsed 116%CPU (0avgtext+0avgdata 25560maxresident)k
32inputs+104outputs (0major+13442minor)pagefaults 0swaps
    ./fast/smt_tests/basic/arith/arith3_test.tla
0.07user 0.02system 0:00.08elapsed 113%CPU (0avgtext+0avgdata 25664maxresident)k
32inputs+104outputs (0major+13516minor)pagefaults 0swaps
    ./fast/smt_tests/basic/arith/arith4_test.tla
0.05user 0.04system 0:00.08elapsed 113%CPU (0avgtext+0avgdata 25716maxresident)k
32inputs+104outputs (0major+13513minor)pagefaults 0swaps
    ./fast/smt_tests/basic/arith/arith5_test.tla
0.06user 0.03system 0:00.08elapsed 111%CPU (0avgtext+0avgdata 25544maxresident)k
64inputs+104outputs (0major+13501minor)pagefaults 0swaps
    ./fast/smt_tests/basic/arith/arith6_test.tla
0.05user 0.04system 0:00.08elapsed 112%CPU (0avgtext+0avgdata 25620maxresident)k
40inputs+104outputs (0major+13468minor)pagefaults 0swaps
    ./fast/smt_tests/basic/arith/arith7_test.tla
0.06user 0.02system 0:00.08elapsed 113%CPU (0avgtext+0avgdata 25660maxresident)k
40inputs+104outputs (0major+13475minor)pagefaults 0swaps
    ./fast/smt_tests/basic/arith/arith8_test.tla
0.05user 0.03system 0:00.08elapsed 114%CPU (0avgtext+0avgdata 25672maxresident)k
40inputs+104outputs (1major+13471minor)pagefaults 0swaps
    ./fast/smt_tests/basic/arith/arith9_test.tla
0.05user 0.04system 0:00.08elapsed 114%CPU (0avgtext+0avgdata 25560maxresident)k
32inputs+104outputs (0major+13464minor)pagefaults 0swaps
    ./fast/smt_tests/basic/epsilon/epsilon1_test.tla
0.05user 0.04system 0:00.09elapsed 110%CPU (0avgtext+0avgdata 27988maxresident)k
64inputs+104outputs (0major+13621minor)pagefaults 0swaps
    ./fast/smt_tests/basic/epsilon/epsilon2_test.tla
0.06user 0.04system 0:00.09elapsed 113%CPU (0avgtext+0avgdata 28128maxresident)k
56inputs+104outputs (0major+13654minor)pagefaults 0swaps
    ./fast/smt_tests/basic/epsilon/epsilon3_test.tla
0.07user 0.03system 0:00.09elapsed 113%CPU (0avgtext+0avgdata 27980maxresident)k
40inputs+104outputs (0major+13588minor)pagefaults 0swaps
    ./fast/smt_tests/basic/epsilon/epsilon4_test.tla
0.06user 0.04system 0:00.08elapsed 114%CPU (0avgtext+0avgdata 28156maxresident)k
48inputs+104outputs (0major+13556minor)pagefaults 0swaps
    ./fast/smt_tests/basic/extensionality/empty_set_ext_test.tla
0.06user 0.03system 0:00.08elapsed 114%CPU (0avgtext+0avgdata 28072maxresident)k
72inputs+104outputs (0major+13602minor)pagefaults 0swaps
    ./fast/smt_tests/basic/extensionality/enum_ext_test.tla
0.07user 0.03system 0:00.08elapsed 117%CPU (0avgtext+0avgdata 27912maxresident)k
40inputs+104outputs (0major+13646minor)pagefaults 0swaps
    ./fast/smt_tests/basic/extensionality/fun_ext_test.tla
0.06user 0.03system 0:00.08elapsed 114%CPU (0avgtext+0avgdata 25540maxresident)k
40inputs+104outputs (0major+13475minor)pagefaults 0swaps
    ./fast/smt_tests/basic/extensionality/set_ext_test.tla
0.06user 0.02system 0:00.08elapsed 115%CPU (0avgtext+0avgdata 29728maxresident)k
48inputs+104outputs (0major+13735minor)pagefaults 0swaps
    ./fast/smt_tests/basic/extensionality/tup_ext_test.tla
0.06user 0.03system 0:00.09elapsed 112%CPU (0avgtext+0avgdata 25600maxresident)k
40inputs+104outputs (0major+13489minor)pagefaults 0swaps
    ./fast/smt_tests/basic/firstorder/firstorder1_test.tla
0.05user 0.04system 0:00.08elapsed 113%CPU (0avgtext+0avgdata 28036maxresident)k
64inputs+104outputs (0major+13618minor)pagefaults 0swaps
    ./fast/smt_tests/basic/firstorder/firstorder1_wproof_test.tla
0.08user 0.04system 0:00.10elapsed 133%CPU (0avgtext+0avgdata 28040maxresident)k
48inputs+144outputs (0major+22998minor)pagefaults 0swaps
    ./fast/smt_tests/basic/firstorder/firstorder2_test.tla
0.07user 0.02system 0:00.08elapsed 113%CPU (0avgtext+0avgdata 28204maxresident)k
40inputs+104outputs (0major+13625minor)pagefaults 0swaps
    ./fast/smt_tests/basic/firstorder/firstorder2_wproof_test.tla
0.07user 0.04system 0:00.09elapsed 134%CPU (0avgtext+0avgdata 28036maxresident)k
40inputs+144outputs (0major+23046minor)pagefaults 0swaps
    ./fast/smt_tests/basic/firstorder/firstorder3_test.tla
0.06user 0.03system 0:00.08elapsed 113%CPU (0avgtext+0avgdata 29828maxresident)k
40inputs+104outputs (0major+13746minor)pagefaults 0swaps
    ./fast/smt_tests/basic/firstorder/firstorder3_wproof_test.tla
0.07user 0.05system 0:00.09elapsed 137%CPU (0avgtext+0avgdata 29828maxresident)k
40inputs+144outputs (0major+23412minor)pagefaults 0swaps
    ./fast/smt_tests/basic/firstorder/firstorder4_test.tla
0.06user 0.03system 0:00.08elapsed 114%CPU (0avgtext+0avgdata 29628maxresident)k
40inputs+104outputs (0major+13679minor)pagefaults 0swaps
    ./fast/smt_tests/basic/firstorder/firstorder4_wproof_test.tla
0.08user 0.06system 0:00.10elapsed 145%CPU (0avgtext+0avgdata 30160maxresident)k
40inputs+160outputs (0major+27921minor)pagefaults 0swaps
    ./fast/smt_tests/basic/firstorder/firstorder5_test.tla
0.07user 0.02system 0:00.08elapsed 115%CPU (0avgtext+0avgdata 29772maxresident)k
40inputs+104outputs (0major+13747minor)pagefaults 0swaps
    ./fast/smt_tests/basic/firstorder/firstorder5_wproof_test.tla
0.09user 0.05system 0:00.10elapsed 146%CPU (0avgtext+0avgdata 28180maxresident)k
40inputs+160outputs (0major+27866minor)pagefaults 0swaps
    ./fast/smt_tests/basic/firstorder/firstorder6_test.tla
0.06user 0.04system 0:00.09elapsed 116%CPU (0avgtext+0avgdata 29800maxresident)k
32inputs+104outputs (0major+13725minor)pagefaults 0swaps
    ./fast/smt_tests/basic/firstorder/firstorder6_wproof_test.tla
0.10user 0.05system 0:00.10elapsed 146%CPU (0avgtext+0avgdata 29968maxresident)k
48inputs+160outputs (0major+28325minor)pagefaults 0swaps
    ./fast/smt_tests/basic/function/function10_test.tla
0.07user 0.02system 0:00.09elapsed 111%CPU (0avgtext+0avgdata 25564maxresident)k
360inputs+104outputs (0major+13521minor)pagefaults 0swaps
    ./fast/smt_tests/basic/function/function11_test.tla
0.07user 0.03system 0:00.09elapsed 114%CPU (0avgtext+0avgdata 27904maxresident)k
32inputs+104outputs (0major+13660minor)pagefaults 0swaps
    ./fast/smt_tests/basic/function/function12_test.tla
11.07user 14.06system 0:25.11elapsed 100%CPU (0avgtext+0avgdata 24656maxresident)k
288inputs+152outputs (0major+14521minor)pagefaults 0swaps
    ./fast/smt_tests/basic/function/function13_test.tla
0.07user 0.03system 0:00.10elapsed 112%CPU (0avgtext+0avgdata 25540maxresident)k
56inputs+104outputs (0major+13497minor)pagefaults 0swaps
    ./fast/smt_tests/basic/function/function14_test.tla
0.07user 0.04system 0:00.10elapsed 114%CPU (0avgtext+0avgdata 28020maxresident)k
48inputs+104outputs (0major+13674minor)pagefaults 0swaps
    ./fast/smt_tests/basic/function/function15_test.tla
0.06user 0.04system 0:00.09elapsed 112%CPU (0avgtext+0avgdata 25580maxresident)k
48inputs+104outputs (0major+13489minor)pagefaults 0swaps
    ./fast/smt_tests/basic/function/function16_test.tla
10.87user 14.26system 0:25.12elapsed 100%CPU (0avgtext+0avgdata 22028maxresident)k
64inputs+152outputs (0major+13893minor)pagefaults 0swaps
    ./fast/smt_tests/basic/function/function17_test.tla
0.08user 0.05system 0:00.11elapsed 112%CPU (0avgtext+0avgdata 29820maxresident)k
56inputs+120outputs (0major+13720minor)pagefaults 0swaps
    ./fast/smt_tests/basic/function/function18_test.tla
0.07user 0.04system 0:00.10elapsed 113%CPU (0avgtext+0avgdata 25816maxresident)k
32inputs+104outputs (0major+13578minor)pagefaults 0swaps
    ./fast/smt_tests/basic/function/function1_test.tla
0.06user 0.04system 0:00.09elapsed 111%CPU (0avgtext+0avgdata 25684maxresident)k
32inputs+104outputs (0major+13460minor)pagefaults 0swaps
    ./fast/smt_tests/basic/function/function20_test.tla
0.06user 0.03system 0:00.09elapsed 113%CPU (0avgtext+0avgdata 25708maxresident)k
40inputs+104outputs (1major+13491minor)pagefaults 0swaps
    ./fast/smt_tests/basic/function/function21_test.tla
0.05user 0.03system 0:00.08elapsed 112%CPU (0avgtext+0avgdata 25508maxresident)k
40inputs+104outputs (0major+13472minor)pagefaults 0swaps
    ./fast/smt_tests/basic/function/function22_test.tla
0.05user 0.04system 0:00.08elapsed 112%CPU (0avgtext+0avgdata 25532maxresident)k
32inputs+104outputs (0major+13466minor)pagefaults 0swaps
    ./fast/smt_tests/basic/function/function23_test.tla
0.08user 0.03system 0:00.10elapsed 114%CPU (0avgtext+0avgdata 29676maxresident)k
32inputs+112outputs (0major+13662minor)pagefaults 0swaps
    ./fast/smt_tests/basic/function/function24_test.tla
0.08user 0.03system 0:00.10elapsed 112%CPU (0avgtext+0avgdata 25612maxresident)k
56inputs+104outputs (0major+13466minor)pagefaults 0swaps
    ./fast/smt_tests/basic/function/function25_test.tla
0.06user 0.03system 0:00.08elapsed 113%CPU (0avgtext+0avgdata 25680maxresident)k
48inputs+104outputs (0major+13489minor)pagefaults 0swaps
    ./fast/smt_tests/basic/function/function26_test.tla
0.07user 0.02system 0:00.08elapsed 112%CPU (0avgtext+0avgdata 25500maxresident)k
40inputs+104outputs (0major+13467minor)pagefaults 0swaps
    ./fast/smt_tests/basic/function/function27_test.tla
0.07user 0.03system 0:00.09elapsed 113%CPU (0avgtext+0avgdata 30040maxresident)k
40inputs+120outputs (0major+13741minor)pagefaults 0swaps
    ./fast/smt_tests/basic/function/function28_test.tla
0.06user 0.04system 0:00.09elapsed 115%CPU (0avgtext+0avgdata 30072maxresident)k
32inputs+120outputs (0major+13720minor)pagefaults 0swaps
    ./fast/smt_tests/basic/function/function29_test.tla
0.06user 0.02system 0:00.08elapsed 112%CPU (0avgtext+0avgdata 25460maxresident)k
32inputs+104outputs (0major+13531minor)pagefaults 0swaps
    ./fast/smt_tests/basic/function/function2_test.tla
0.06user 0.03system 0:00.08elapsed 114%CPU (0avgtext+0avgdata 28068maxresident)k
40inputs+104outputs (0major+13651minor)pagefaults 0swaps
    ./fast/smt_tests/basic/function/function30_test.tla
0.06user 0.03system 0:00.08elapsed 112%CPU (0avgtext+0avgdata 25512maxresident)k
32inputs+104outputs (0major+13526minor)pagefaults 0swaps
    ./fast/smt_tests/basic/function/function3_test.tla
0.08user 0.05system 0:00.11elapsed 127%CPU (0avgtext+0avgdata 29632maxresident)k
48inputs+128outputs (0major+18403minor)pagefaults 0swaps
    ./fast/smt_tests/basic/function/function5_test.tla
0.05user 0.04system 0:00.08elapsed 114%CPU (0avgtext+0avgdata 27932maxresident)k
56inputs+104outputs (0major+13621minor)pagefaults 0swaps
    ./fast/smt_tests/basic/function/function6_test.tla
0.05user 0.04system 0:00.08elapsed 116%CPU (0avgtext+0avgdata 25684maxresident)k
40inputs+104outputs (0major+13477minor)pagefaults 0swaps
    ./fast/smt_tests/basic/function/function7_test.tla
0.05user 0.03system 0:00.08elapsed 113%CPU (0avgtext+0avgdata 25664maxresident)k
56inputs+104outputs (0major+13431minor)pagefaults 0swaps
    ./fast/smt_tests/basic/prop/basic_test.tla
0.05user 0.04system 0:00.08elapsed 112%CPU (0avgtext+0avgdata 25708maxresident)k
72inputs+104outputs (0major+13488minor)pagefaults 0swaps
    ./fast/smt_tests/basic/prop/prop10_test.tla
0.07user 0.02system 0:00.08elapsed 113%CPU (0avgtext+0avgdata 25648maxresident)k
32inputs+104outputs (0major+13505minor)pagefaults 0swaps
    ./fast/smt_tests/basic/prop/prop11_test.tla
0.05user 0.03system 0:00.08elapsed 114%CPU (0avgtext+0avgdata 28000maxresident)k
40inputs+104outputs (0major+13615minor)pagefaults 0swaps
    ./fast/smt_tests/basic/prop/prop12_test.tla
0.05user 0.05system 0:00.08elapsed 114%CPU (0avgtext+0avgdata 28188maxresident)k
40inputs+104outputs (0major+13614minor)pagefaults 0swaps
    ./fast/smt_tests/basic/prop/prop1_test.tla
0.06user 0.03system 0:00.08elapsed 111%CPU (0avgtext+0avgdata 25624maxresident)k
48inputs+104outputs (0major+13447minor)pagefaults 0swaps
    ./fast/smt_tests/basic/prop/prop2_test.tla
0.06user 0.03system 0:00.08elapsed 113%CPU (0avgtext+0avgdata 25588maxresident)k
32inputs+104outputs (0major+13469minor)pagefaults 0swaps
    ./fast/smt_tests/basic/prop/prop3_test.tla
0.06user 0.03system 0:00.08elapsed 113%CPU (0avgtext+0avgdata 25660maxresident)k
32inputs+104outputs (0major+13514minor)pagefaults 0swaps
    ./fast/smt_tests/basic/prop/prop4_test.tla
0.05user 0.04system 0:00.08elapsed 111%CPU (0avgtext+0avgdata 25648maxresident)k
32inputs+104outputs (0major+13500minor)pagefaults 0swaps
    ./fast/smt_tests/basic/prop/prop5_test.tla
0.04user 0.04system 0:00.07elapsed 114%CPU (0avgtext+0avgdata 25644maxresident)k
32inputs+104outputs (1major+13507minor)pagefaults 0swaps
    ./fast/smt_tests/basic/prop/prop6_test.tla
0.06user 0.03system 0:00.08elapsed 114%CPU (0avgtext+0avgdata 25728maxresident)k
32inputs+104outputs (0major+13471minor)pagefaults 0swaps
    ./fast/smt_tests/basic/prop/prop7_test.tla
0.06user 0.03system 0:00.08elapsed 114%CPU (0avgtext+0avgdata 28208maxresident)k
48inputs+104outputs (0major+13638minor)pagefaults 0swaps
    ./fast/smt_tests/basic/prop/prop8_test.tla
0.06user 0.02system 0:00.08elapsed 116%CPU (0avgtext+0avgdata 28160maxresident)k
40inputs+104outputs (0major+13630minor)pagefaults 0swaps
    ./fast/smt_tests/basic/prop/prop9_test.tla
0.05user 0.03system 0:00.08elapsed 111%CPU (0avgtext+0avgdata 25600maxresident)k
32inputs+104outputs (0major+13450minor)pagefaults 0swaps
    ./fast/smt_tests/basic/record/record1_test.tla
0.06user 0.03system 0:00.08elapsed 111%CPU (0avgtext+0avgdata 25608maxresident)k
88inputs+104outputs (0major+13456minor)pagefaults 0swaps
    ./fast/smt_tests/basic/record/record2_test.tla
0.05user 0.03system 0:00.08elapsed 112%CPU (0avgtext+0avgdata 25656maxresident)k
32inputs+104outputs (0major+13488minor)pagefaults 0swaps
    ./fast/smt_tests/basic/record/record3_test.tla
0.07user 0.03system 0:00.09elapsed 114%CPU (0avgtext+0avgdata 25496maxresident)k
32inputs+104outputs (0major+13462minor)pagefaults 0swaps
    ./fast/smt_tests/basic/set/set10_test.tla
0.06user 0.03system 0:00.08elapsed 113%CPU (0avgtext+0avgdata 27924maxresident)k
72inputs+104outputs (0major+13578minor)pagefaults 0swaps
    ./fast/smt_tests/basic/set/set11_test.tla
0.06user 0.02system 0:00.08elapsed 113%CPU (0avgtext+0avgdata 25588maxresident)k
32inputs+104outputs (0major+13465minor)pagefaults 0swaps
    ./fast/smt_tests/basic/set/set12_test.tla
0.06user 0.02system 0:00.08elapsed 112%CPU (0avgtext+0avgdata 25580maxresident)k
32inputs+104outputs (0major+13484minor)pagefaults 0swaps
    ./fast/smt_tests/basic/set/set13_test.tla
0.05user 0.04system 0:00.08elapsed 112%CPU (0avgtext+0avgdata 25604maxresident)k
40inputs+104outputs (0major+13439minor)pagefaults 0swaps
    ./fast/smt_tests/basic/set/set14_test.tla
0.05user 0.03system 0:00.08elapsed 113%CPU (0avgtext+0avgdata 28152maxresident)k
40inputs+104outputs (0major+13595minor)pagefaults 0swaps
    ./fast/smt_tests/basic/set/set15_test.tla
0.06user 0.03system 0:00.08elapsed 117%CPU (0avgtext+0avgdata 25556maxresident)k
32inputs+104outputs (0major+13487minor)pagefaults 0swaps
    ./fast/smt_tests/basic/set/set16_test.tla
0.06user 0.03system 0:00.08elapsed 114%CPU (0avgtext+0avgdata 29744maxresident)k
40inputs+104outputs (0major+13798minor)pagefaults 0swaps
    ./fast/smt_tests/basic/set/set17_test.tla
0.05user 0.04system 0:00.08elapsed 111%CPU (0avgtext+0avgdata 25568maxresident)k
56inputs+104outputs (0major+13478minor)pagefaults 0swaps
    ./fast/smt_tests/basic/set/set18_test.tla
0.06user 0.03system 0:00.08elapsed 115%CPU (0avgtext+0avgdata 29524maxresident)k
48inputs+104outputs (0major+13751minor)pagefaults 0swaps
    ./fast/smt_tests/basic/set/set19_test.tla
0.06user 0.04system 0:00.09elapsed 105%CPU (0avgtext+0avgdata 25776maxresident)k
32inputs+104outputs (0major+13513minor)pagefaults 0swaps
    ./fast/smt_tests/basic/set/set1_test.tla
0.05user 0.04system 0:00.08elapsed 114%CPU (0avgtext+0avgdata 28056maxresident)k
40inputs+104outputs (0major+13583minor)pagefaults 0swaps
    ./fast/smt_tests/basic/set/set2_test.tla
0.06user 0.04system 0:00.09elapsed 114%CPU (0avgtext+0avgdata 25464maxresident)k
48inputs+104outputs (0major+13467minor)pagefaults 0swaps
    ./fast/smt_tests/basic/set/set3_test.tla
0.06user 0.03system 0:00.08elapsed 112%CPU (0avgtext+0avgdata 25528maxresident)k
32inputs+104outputs (0major+13439minor)pagefaults 0swaps
    ./fast/smt_tests/basic/set/set4_test.tla
0.06user 0.04system 0:00.08elapsed 112%CPU (0avgtext+0avgdata 25568maxresident)k
32inputs+104outputs (0major+13448minor)pagefaults 0swaps
    ./fast/smt_tests/basic/set/set5_test.tla
0.05user 0.03system 0:00.08elapsed 113%CPU (0avgtext+0avgdata 25620maxresident)k
40inputs+104outputs (0major+13484minor)pagefaults 0swaps
    ./fast/smt_tests/basic/set/set6_test.tla
0.06user 0.03system 0:00.08elapsed 114%CPU (0avgtext+0avgdata 28240maxresident)k
40inputs+104outputs (0major+13609minor)pagefaults 0swaps
    ./fast/smt_tests/basic/set/set7_test.tla
0.06user 0.03system 0:00.08elapsed 112%CPU (0avgtext+0avgdata 25736maxresident)k
32inputs+104outputs (0major+13450minor)pagefaults 0swaps
    ./fast/smt_tests/basic/set/set8_test.tla
0.06user 0.03system 0:00.08elapsed 113%CPU (0avgtext+0avgdata 28220maxresident)k
40inputs+104outputs (0major+13595minor)pagefaults 0swaps
    ./fast/smt_tests/basic/set/set9_test.tla
0.06user 0.03system 0:00.08elapsed 112%CPU (0avgtext+0avgdata 28004maxresident)k
40inputs+104outputs (0major+13579minor)pagefaults 0swaps
    ./fast/smt_tests/basic/string/strings1_test.tla
0.05user 0.04system 0:00.08elapsed 114%CPU (0avgtext+0avgdata 25588maxresident)k
64inputs+104outputs (0major+13426minor)pagefaults 0swaps
    ./fast/smt_tests/basic/string/strings2_test.tla
0.06user 0.02system 0:00.08elapsed 113%CPU (0avgtext+0avgdata 25648maxresident)k
40inputs+104outputs (0major+13469minor)pagefaults 0swaps
    ./fast/smt_tests/basic/tuple/tuple1_test.tla
0.06user 0.02system 0:00.08elapsed 113%CPU (0avgtext+0avgdata 25588maxresident)k
64inputs+104outputs (0major+13414minor)pagefaults 0swaps
    ./fast/smt_tests/basic/tuple/tuple2_test.tla
0.05user 0.05system 0:00.09elapsed 113%CPU (0avgtext+0avgdata 28032maxresident)k
32inputs+104outputs (0major+13628minor)pagefaults 0swaps
    ./fast/smt_tests/basic/tuple/tuple3_test.tla
0.06user 0.03system 0:00.09elapsed 111%CPU (0avgtext+0avgdata 25560maxresident)k
40inputs+104outputs (0major+13447minor)pagefaults 0swaps
    ./fast/smt_tests/basic/tuple/tuple4_test.tla
0.06user 0.04system 0:00.08elapsed 118%CPU (0avgtext+0avgdata 25596maxresident)k
32inputs+104outputs (1major+13427minor)pagefaults 0swaps
    ./fast/smt_tests/basic/tuple/tuple5_test.tla
0.04user 0.04system 0:00.08elapsed 113%CPU (0avgtext+0avgdata 25496maxresident)k
32inputs+104outputs (0major+13471minor)pagefaults 0swaps
    ./fast/smt_tests/basic/tuple/tuple6_test.tla
0.05user 0.03system 0:00.07elapsed 112%CPU (0avgtext+0avgdata 25588maxresident)k
40inputs+104outputs (0major+13463minor)pagefaults 0swaps
    ./fast/smt_tests/basic/tuple/tuple7_test.tla
0.05user 0.03system 0:00.08elapsed 112%CPU (0avgtext+0avgdata 25600maxresident)k
40inputs+104outputs (0major+13487minor)pagefaults 0swaps
    ./fast/smt_tests/lang/user_ops_test.tla
0.30user 0.02system 0:00.31elapsed 102%CPU (0avgtext+0avgdata 25552maxresident)k
64inputs+152outputs (0major+14621minor)pagefaults 0swaps
    ./fast/smt_tests/negative/one_div_zero_test.tla
2.25user 2.86system 0:05.09elapsed 100%CPU (0avgtext+0avgdata 21508maxresident)k
64inputs+120outputs (0major+13681minor)pagefaults 0swaps
    ./fast/smt_tests/negative/zero_in_one_test.tla
2.30user 2.84system 0:05.12elapsed 100%CPU (0avgtext+0avgdata 21536maxresident)k
32inputs+120outputs (0major+13654minor)pagefaults 0swaps
    ./fast/smt_tests/rewriting_rules/quantifiers_test.tla
0.10user 0.10system 0:00.12elapsed 160%CPU (0avgtext+0avgdata 25704maxresident)k
64inputs+192outputs (0major+36949minor)pagefaults 0swaps
    ./fast/smt_tests/silly_theorems/app_ambiguity_test.tla
0.06user 0.04system 0:00.10elapsed 111%CPU (0avgtext+0avgdata 27928maxresident)k
64inputs+104outputs (0major+13732minor)pagefaults 0swaps
    ./fast/smt_tests/silly_theorems/nonempty_integer_test.tla
0.09user 0.07system 0:00.11elapsed 155%CPU (0avgtext+0avgdata 29640maxresident)k
32inputs+160outputs (0major+28234minor)pagefaults 0swaps
    ./fast/smt_tests/silly_theorems/one_implies_one_test.tla
0.09user 0.02system 0:00.09elapsed 119%CPU (0avgtext+0avgdata 21552maxresident)k
32inputs+104outputs (0major+13336minor)pagefaults 0swaps
    ./fast/smt_tests/silly_theorems/record_as_function_test.tla
0.07user 0.03system 0:00.09elapsed 115%CPU (0avgtext+0avgdata 29632maxresident)k
32inputs+104outputs (0major+13702minor)pagefaults 0swaps
    ./fast/smt_tests/silly_theorems/x_implies_x_test.tla
0.06user 0.03system 0:00.08elapsed 113%CPU (0avgtext+0avgdata 25568maxresident)k
32inputs+104outputs (0major+13459minor)pagefaults 0swaps
    ./medium/regression/select_bug_test.tla
21.54user 28.55system 0:50.10elapsed 100%CPU (0avgtext+0avgdata 21380maxresident)k
88inputs+144outputs (0major+9490minor)pagefaults 0swaps
    ./medium/regression/snapshot/GFX_test.tla
forbidden output is present
Command exited with non-zero status 3
209.94user 34.29system 2:39.52elapsed 153%CPU (0avgtext+0avgdata 3625924maxresident)k
519008inputs+19592outputs (21638major+3041224minor)pagefaults 0swaps
    ./medium/regression/snapshot/SnapShot_test.tla
forbidden output is present
Command exited with non-zero status 3
444.34user 17.47system 7:21.71elapsed 104%CPU (0avgtext+0avgdata 3852028maxresident)k
1081872inputs+43376outputs (5838major+4312227minor)pagefaults 0swaps
    ./original/fast/basic/cvc3_false_test.tla
0.05user 0.02system 0:00.07elapsed 92%CPU (0avgtext+0avgdata 21384maxresident)k
13416inputs+88outputs (54major+8535minor)pagefaults 0swaps
    ./original/fast/basic/isa_false_test.tla
0.05user 0.01system 0:00.06elapsed 101%CPU (0avgtext+0avgdata 21416maxresident)k
64inputs+96outputs (0major+8482minor)pagefaults 0swaps
    ./original/fast/basic/isa_true_test.tla
forbidden output is present
Command exited with non-zero status 3
0.04user 0.02system 0:00.06elapsed 101%CPU (0avgtext+0avgdata 21376maxresident)k
64inputs+96outputs (0major+8485minor)pagefaults 0swaps
    ./original/fast/basic/nonexistent_test.tla
0.04user 0.00system 0:00.05elapsed 100%CPU (0avgtext+0avgdata 21504maxresident)k
328inputs+56outputs (0major+7364minor)pagefaults 0swaps
    ./original/fast/basic/smt_arith_test.tla
0.05user 0.03system 0:00.08elapsed 115%CPU (0avgtext+0avgdata 25656maxresident)k
64inputs+104outputs (0major+13472minor)pagefaults 0swaps
    ./original/fast/basic/smt_false_test.tla
0.06user 0.03system 0:00.08elapsed 113%CPU (0avgtext+0avgdata 25680maxresident)k
64inputs+104outputs (0major+13487minor)pagefaults 0swaps
    ./original/fast/basic/tab_character_test.tla
0.02user 0.01system 0:00.05elapsed 74%CPU (0avgtext+0avgdata 10256maxresident)k
8inputs+16outputs (0major+2077minor)pagefaults 0swaps
    ./original/fast/basic/true_test.tla
0.06user 0.03system 0:00.08elapsed 112%CPU (0avgtext+0avgdata 25692maxresident)k
352inputs+104outputs (0major+13536minor)pagefaults 0swaps
    ./original/fast/basic/z3_arith_test.tla
0.05user 0.03system 0:00.08elapsed 113%CPU (0avgtext+0avgdata 25800maxresident)k
64inputs+104outputs (0major+13465minor)pagefaults 0swaps
    ./original/fast/basic/z3_false_test.tla
0.05user 0.03system 0:00.08elapsed 113%CPU (0avgtext+0avgdata 25608maxresident)k
64inputs+104outputs (0major+13482minor)pagefaults 0swaps
    ./original/fast/basic/zen_false_test.tla
0.05user 0.05system 0:00.08elapsed 121%CPU (0avgtext+0avgdata 21560maxresident)k
72inputs+104outputs (0major+13031minor)pagefaults 0swaps
    ./original/fast/basic/zen_true_test.tla
0.07user 0.02system 0:00.08elapsed 120%CPU (0avgtext+0avgdata 21492maxresident)k
56inputs+104outputs (0major+12997minor)pagefaults 0swaps
    ./original/fast/enabled_cdot/Cdot_test.tla
0.11user 0.04system 0:00.08elapsed 190%CPU (0avgtext+0avgdata 23336maxresident)k
48inputs+184outputs (0major+27032minor)pagefaults 0swaps
    ./original/fast/enabled_cdot/ENABLEDaxioms_test.tla
0.38user 0.37system 0:00.27elapsed 277%CPU (0avgtext+0avgdata 28020maxresident)k
424inputs+984outputs (0major+211130minor)pagefaults 0swaps
    ./original/fast/enabled_cdot/ENABLED_INSTANCE_nullary_op_test.tla
0.10user 0.05system 0:00.12elapsed 121%CPU (0avgtext+0avgdata 29704maxresident)k
176inputs+160outputs (0major+19045minor)pagefaults 0swaps
    ./original/fast/enabled_cdot/ENABLED_INSTANCE_nullary_op_two_vars_test.tla
forbidden output is present
Command exited with non-zero status 3
0.10user 0.04system 0:00.11elapsed 125%CPU (0avgtext+0avgdata 29840maxresident)k
328inputs+168outputs (0major+18993minor)pagefaults 0swaps
    ./original/fast/enabled_cdot/ENABLED_INSTANCE_op_with_args_test.tla
forbidden output is present
Command exited with non-zero status 3
0.10user 0.04system 0:00.12elapsed 123%CPU (0avgtext+0avgdata 29824maxresident)k
384inputs+168outputs (0major+19025minor)pagefaults 0swaps
    ./original/fast/enabled_cdot/Enabled_test.tla
0.35user 0.28system 0:00.21elapsed 298%CPU (0avgtext+0avgdata 29968maxresident)k
72inputs+624outputs (0major+132810minor)pagefaults 0swaps
    ./original/fast/enabled_cdot/ExpandENABLED_LET_test.tla
0.06user 0.05system 0:00.09elapsed 119%CPU (0avgtext+0avgdata 21624maxresident)k
64inputs+104outputs (0major+13033minor)pagefaults 0swaps
    ./original/fast/enabled_cdot/ExpandOnlyCdot_test.tla
0.05user 0.02system 0:00.08elapsed 101%CPU (0avgtext+0avgdata 21380maxresident)k
56inputs+88outputs (0major+8463minor)pagefaults 0swaps
    ./original/fast/enabled_cdot/ExpandOnlyENABLED_test.tla
0.06user 0.02system 0:00.07elapsed 102%CPU (0avgtext+0avgdata 21332maxresident)k
40inputs+88outputs (0major+8416minor)pagefaults 0swaps
    ./original/fast/enabled_cdot/Level_of_parametric_INSTANCE_test.tla
0.09user 0.04system 0:00.10elapsed 125%CPU (0avgtext+0avgdata 25576maxresident)k
312inputs+120outputs (3major+17853minor)pagefaults 0swaps
    ./original/fast/enabled_cdot/Level_test.tla
0.08user 0.04system 0:00.11elapsed 114%CPU (0avgtext+0avgdata 21636maxresident)k
56inputs+144outputs (0major+13799minor)pagefaults 0swaps
    ./original/fast/enabled_cdot/NestedCdot_test.tla
0.11user 0.06system 0:00.09elapsed 182%CPU (0avgtext+0avgdata 25116maxresident)k
40inputs+168outputs (0major+27834minor)pagefaults 0swaps
    ./original/fast/enabled_cdot/NestedENABLED_from_AutoUSE_test.tla
forbidden output is present
Command exited with non-zero status 3
0.04user 0.03system 0:00.07elapsed 101%CPU (0avgtext+0avgdata 21332maxresident)k
96inputs+96outputs (0major+8487minor)pagefaults 0swaps
    ./original/fast/enabled_cdot/NestedENABLED_test.tla
0.09user 0.05system 0:00.09elapsed 149%CPU (0avgtext+0avgdata 22460maxresident)k
64inputs+160outputs (0major+22626minor)pagefaults 0swaps
    ./original/fast/fingerprint/FingerprintVariablesParameters_test.tla
required error output is missing
Command exited with non-zero status 3
0.06user 0.05system 0:00.12elapsed 100%CPU (0avgtext+0avgdata 21504maxresident)k
56inputs+104outputs (0major+14610minor)pagefaults 0swaps
    ./original/fast/language/EXCEPTMultipleBrackets_test.tla
0.09user 0.03system 0:00.08elapsed 135%CPU (0avgtext+0avgdata 25652maxresident)k
56inputs+104outputs (0major+22070minor)pagefaults 0swaps
    ./original/fast/language/EXTENDS_in_submodule_test.tla
0.04user 0.02system 0:00.07elapsed 100%CPU (0avgtext+0avgdata 21400maxresident)k
160inputs+128outputs (0major+9111minor)pagefaults 0swaps
    ./original/fast/language/INSTANCE_inside_LET_fingerprint_test.tla
0.07user 0.03system 0:00.09elapsed 112%CPU (0avgtext+0avgdata 25692maxresident)k
56inputs+144outputs (0major+14197minor)pagefaults 0swaps
    ./original/fast/language/INSTANCE_inside_LET_test.tla
0.05user 0.04system 0:00.09elapsed 112%CPU (0avgtext+0avgdata 25684maxresident)k
64inputs+144outputs (0major+14226minor)pagefaults 0swaps
    ./original/fast/language/INSTANCE_shift_due_to_omitted_modunits_test.tla
0.06user 0.01system 0:00.07elapsed 101%CPU (0avgtext+0avgdata 21536maxresident)k
56inputs+136outputs (0major+9133minor)pagefaults 0swaps
    ./original/fast/language/Operators_test.tla
0.08user 0.02system 0:00.08elapsed 121%CPU (0avgtext+0avgdata 25708maxresident)k
48inputs+88outputs (0major+17469minor)pagefaults 0swaps
    ./original/fast/language/SubrefLL_test.tla
0.52user 0.29system 0:00.38elapsed 209%CPU (0avgtext+0avgdata 25796maxresident)k
72inputs+896outputs (0major+202564minor)pagefaults 0swaps
    ./original/fast/language/Subref_test.tla
0.55user 0.25system 0:00.19elapsed 413%CPU (0avgtext+0avgdata 25748maxresident)k
56inputs+832outputs (0major+124137minor)pagefaults 0swaps
    ./original/fast/language/WFTRUE_test.tla
forbidden output is present
Command exited with non-zero status 3
0.04user 0.02system 0:00.07elapsed 100%CPU (0avgtext+0avgdata 21408maxresident)k
64inputs+64outputs (0major+7846minor)pagefaults 0swaps
    ./original/fast/regression/consensus/consensus_test.tla
2.41user 0.90system 0:01.80elapsed 183%CPU (0avgtext+0avgdata 35708maxresident)k
720inputs+296outputs (0major+26919minor)pagefaults 0swaps
    ./original/fast/regression/cooper_instantiation_test.tla
0.05user 0.02system 0:00.07elapsed 101%CPU (0avgtext+0avgdata 21376maxresident)k
48inputs+56outputs (0major+7499minor)pagefaults 0swaps
    ./original/fast/regression/higher_order_statement_test.tla
forbidden output is present
Command exited with non-zero status 3
0.12user 0.05system 0:00.13elapsed 132%CPU (0avgtext+0avgdata 29516maxresident)k
96inputs+176outputs (0major+23251minor)pagefaults 0swaps
    ./original/fast/regression/MiniProducerConsumer_test.tla
105.02user 31.42system 1:02.67elapsed 217%CPU (0avgtext+0avgdata 1014376maxresident)k
80inputs+424outputs (0major+520237minor)pagefaults 0swaps
    ./original/fast/regression/parameterized_instantiation_test.tla
0.09user 0.03system 0:00.11elapsed 112%CPU (0avgtext+0avgdata 25716maxresident)k
552inputs+152outputs (0major+14207minor)pagefaults 0swaps
    ./original/fast/regression/setEuclid_test.tla
forbidden output is present
Command exited with non-zero status 3
14.90user 11.71system 0:26.05elapsed 102%CPU (0avgtext+0avgdata 31948maxresident)k
160inputs+1232outputs (0major+136874minor)pagefaults 0swaps
    ./original/fast/regression/smt_domain_check_test.tla
0.11user 0.04system 0:00.14elapsed 113%CPU (0avgtext+0avgdata 29460maxresident)k
64inputs+112outputs (1major+13707minor)pagefaults 0swaps
    ./original/fast/regression/z3_fingerprint_test.tla
0.12user 0.08system 0:00.19elapsed 102%CPU (0avgtext+0avgdata 21396maxresident)k
64inputs+160outputs (0major+16722minor)pagefaults 0swaps
    ./original/fast/russell_test.tla
0.10user 0.09system 0:00.13elapsed 149%CPU (0avgtext+0avgdata 25752maxresident)k
248inputs+160outputs (0major+27434minor)pagefaults 0swaps
    ./original/fast/smt_tests/advanced/functions/bijection_thm_test.tla
0.43user 0.18system 0:00.35elapsed 172%CPU (0avgtext+0avgdata 30092maxresident)k
120inputs+640outputs (0major+105801minor)pagefaults 0swaps
    ./original/fast/smt_tests/advanced/functions/composition_test.tla
0.08user 0.03system 0:00.10elapsed 113%CPU (0avgtext+0avgdata 30100maxresident)k
80inputs+104outputs (0major+13646minor)pagefaults 0swaps
    ./original/fast/smt_tests/advanced/functions/identity1_test.tla
0.07user 0.04system 0:00.10elapsed 112%CPU (0avgtext+0avgdata 25712maxresident)k
40inputs+112outputs (0major+13496minor)pagefaults 0swaps
    ./original/fast/smt_tests/advanced/functions/identity2_test.tla
0.08user 0.03system 0:00.10elapsed 113%CPU (0avgtext+0avgdata 29532maxresident)k
40inputs+120outputs (0major+13715minor)pagefaults 0swaps
    ./original/fast/smt_tests/advanced/set_theory/cantor1_test.tla
11.09user 14.13system 0:25.15elapsed 100%CPU (0avgtext+0avgdata 30344maxresident)k
80inputs+264outputs (0major+37941minor)pagefaults 0swaps
    ./original/fast/smt_tests/advanced/set_theory/choice_axiom2_test.tla
10.66user 14.57system 0:25.17elapsed 100%CPU (0avgtext+0avgdata 29876maxresident)k
344inputs+304outputs (0major+38647minor)pagefaults 0swaps
    ./original/fast/smt_tests/advanced/set_theory/choice_axiom_test.tla
0.20user 0.15system 0:00.17elapsed 208%CPU (0avgtext+0avgdata 30168maxresident)k
80inputs+304outputs (0major+57640minor)pagefaults 0swaps
    ./original/fast/smt_tests/advanced/set_theory/section_test.tla
10.97user 14.28system 0:25.15elapsed 100%CPU (0avgtext+0avgdata 30080maxresident)k
56inputs+328outputs (0major+38750minor)pagefaults 0swaps
    ./original/fast/smt_tests/advanced/tuples/tuple_as_function1_test.tla
0.18user 0.09system 0:00.16elapsed 164%CPU (0avgtext+0avgdata 27920maxresident)k
72inputs+336outputs (0major+51572minor)pagefaults 0swaps
    ./original/fast/smt_tests/advanced/tuples/tuple_as_function2_test.tla
0.19user 0.12system 0:00.18elapsed 175%CPU (0avgtext+0avgdata 29972maxresident)k
48inputs+336outputs (0major+61901minor)pagefaults 0swaps
    ./original/fast/smt_tests/basic/arith/arith10_test.tla
0.07user 0.03system 0:00.10elapsed 110%CPU (0avgtext+0avgdata 25724maxresident)k
104inputs+104outputs (0major+13474minor)pagefaults 0swaps
    ./original/fast/smt_tests/basic/arith/arith11_test.tla
0.08user 0.03system 0:00.11elapsed 109%CPU (0avgtext+0avgdata 25708maxresident)k
48inputs+104outputs (0major+13459minor)pagefaults 0swaps
    ./original/fast/smt_tests/basic/arith/arith12_test.tla
0.07user 0.03system 0:00.10elapsed 107%CPU (0avgtext+0avgdata 28080maxresident)k
48inputs+104outputs (0major+13617minor)pagefaults 0swaps
    ./original/fast/smt_tests/basic/arith/arith13_test.tla
0.07user 0.03system 0:00.09elapsed 113%CPU (0avgtext+0avgdata 28256maxresident)k
64inputs+104outputs (0major+13601minor)pagefaults 0swaps
    ./original/fast/smt_tests/basic/arith/arith14_test.tla
0.07user 0.03system 0:00.09elapsed 113%CPU (0avgtext+0avgdata 26836maxresident)k
64inputs+104outputs (0major+13585minor)pagefaults 0swaps
    ./original/fast/smt_tests/basic/arith/arith15_test.tla
0.05user 0.04system 0:00.08elapsed 112%CPU (0avgtext+0avgdata 25572maxresident)k
40inputs+104outputs (0major+13468minor)pagefaults 0swaps
    ./original/fast/smt_tests/basic/arith/arith16_test.tla
0.06user 0.03system 0:00.09elapsed 113%CPU (0avgtext+0avgdata 25724maxresident)k
48inputs+104outputs (0major+13437minor)pagefaults 0swaps
    ./original/fast/smt_tests/basic/arith/arith17_test.tla
0.06user 0.03system 0:00.08elapsed 111%CPU (0avgtext+0avgdata 25660maxresident)k
48inputs+104outputs (0major+13435minor)pagefaults 0swaps
    ./original/fast/smt_tests/basic/arith/arith18_test.tla
0.05user 0.04system 0:00.08elapsed 113%CPU (0avgtext+0avgdata 25776maxresident)k
40inputs+104outputs (0major+13435minor)pagefaults 0swaps
    ./original/fast/smt_tests/basic/arith/arith19_test.tla
0.06user 0.02system 0:00.08elapsed 114%CPU (0avgtext+0avgdata 25684maxresident)k
40inputs+104outputs (0major+13503minor)pagefaults 0swaps
    ./original/fast/smt_tests/basic/arith/arith1_test.tla
0.06user 0.03system 0:00.08elapsed 111%CPU (0avgtext+0avgdata 25688maxresident)k
64inputs+104outputs (0major+13492minor)pagefaults 0swaps
    ./original/fast/smt_tests/basic/arith/arith2_test.tla
0.06user 0.03system 0:00.08elapsed 112%CPU (0avgtext+0avgdata 25676maxresident)k
64inputs+104outputs (0major+13437minor)pagefaults 0swaps
    ./original/fast/smt_tests/basic/arith/arith3_test.tla
0.06user 0.02system 0:00.08elapsed 111%CPU (0avgtext+0avgdata 25708maxresident)k
40inputs+104outputs (0major+13527minor)pagefaults 0swaps
    ./original/fast/smt_tests/basic/arith/arith4_test.tla
0.06user 0.03system 0:00.08elapsed 114%CPU (0avgtext+0avgdata 25596maxresident)k
56inputs+104outputs (0major+13503minor)pagefaults 0swaps
    ./original/fast/smt_tests/basic/arith/arith5_test.tla
0.06user 0.03system 0:00.08elapsed 112%CPU (0avgtext+0avgdata 25656maxresident)k
88inputs+104outputs (0major+13505minor)pagefaults 0swaps
    ./original/fast/smt_tests/basic/arith/arith6_test.tla
0.05user 0.04system 0:00.08elapsed 111%CPU (0avgtext+0avgdata 25584maxresident)k
64inputs+104outputs (0major+13462minor)pagefaults 0swaps
    ./original/fast/smt_tests/basic/arith/arith7_test.tla
0.07user 0.02system 0:00.08elapsed 113%CPU (0avgtext+0avgdata 25728maxresident)k
64inputs+104outputs (0major+13459minor)pagefaults 0swaps
    ./original/fast/smt_tests/basic/arith/arith8_test.tla
0.05user 0.04system 0:00.08elapsed 112%CPU (0avgtext+0avgdata 25680maxresident)k
48inputs+104outputs (0major+13476minor)pagefaults 0swaps
    ./original/fast/smt_tests/basic/arith/arith9_test.tla
0.05user 0.04system 0:00.08elapsed 114%CPU (0avgtext+0avgdata 25640maxresident)k
48inputs+104outputs (0major+13466minor)pagefaults 0swaps
    ./original/fast/smt_tests/basic/epsilon/epsilon1_test.tla
0.06user 0.03system 0:00.09elapsed 112%CPU (0avgtext+0avgdata 28188maxresident)k
96inputs+104outputs (0major+13633minor)pagefaults 0swaps
    ./original/fast/smt_tests/basic/epsilon/epsilon2_test.tla
0.06user 0.03system 0:00.08elapsed 114%CPU (0avgtext+0avgdata 28076maxresident)k
48inputs+104outputs (0major+13627minor)pagefaults 0swaps
    ./original/fast/smt_tests/basic/epsilon/epsilon3_test.tla
0.08user 0.01system 0:00.09elapsed 113%CPU (0avgtext+0avgdata 28048maxresident)k
48inputs+104outputs (0major+13581minor)pagefaults 0swaps
    ./original/fast/smt_tests/basic/epsilon/epsilon4_test.tla
0.06user 0.03system 0:00.08elapsed 117%CPU (0avgtext+0avgdata 28208maxresident)k
48inputs+104outputs (0major+13563minor)pagefaults 0swaps
    ./original/fast/smt_tests/basic/extensionality/empty_set_ext_test.tla
0.06user 0.03system 0:00.09elapsed 111%CPU (0avgtext+0avgdata 28252maxresident)k
72inputs+104outputs (0major+13603minor)pagefaults 0swaps
    ./original/fast/smt_tests/basic/extensionality/enum_ext_test.tla
0.06user 0.03system 0:00.08elapsed 114%CPU (0avgtext+0avgdata 28184maxresident)k
48inputs+104outputs (0major+13652minor)pagefaults 0swaps
    ./original/fast/smt_tests/basic/extensionality/fun_ext_test.tla
0.05user 0.04system 0:00.08elapsed 110%CPU (0avgtext+0avgdata 25716maxresident)k
72inputs+104outputs (0major+13492minor)pagefaults 0swaps
    ./original/fast/smt_tests/basic/extensionality/set_ext_test.tla
0.05user 0.04system 0:00.08elapsed 115%CPU (0avgtext+0avgdata 30044maxresident)k
48inputs+104outputs (0major+13741minor)pagefaults 0swaps
    ./original/fast/smt_tests/basic/extensionality/tup_ext_test.tla
0.05user 0.04system 0:00.08elapsed 112%CPU (0avgtext+0avgdata 25676maxresident)k
48inputs+104outputs (0major+13482minor)pagefaults 0swaps
    ./original/fast/smt_tests/basic/firstorder/firstorder1_test.tla
0.06user 0.03system 0:00.08elapsed 113%CPU (0avgtext+0avgdata 28328maxresident)k
88inputs+104outputs (0major+13635minor)pagefaults 0swaps
    ./original/fast/smt_tests/basic/firstorder/firstorder1_wproof_test.tla
0.07user 0.04system 0:00.09elapsed 136%CPU (0avgtext+0avgdata 28268maxresident)k
40inputs+144outputs (0major+22996minor)pagefaults 0swaps
    ./original/fast/smt_tests/basic/firstorder/firstorder2_test.tla
0.07user 0.02system 0:00.08elapsed 111%CPU (0avgtext+0avgdata 28316maxresident)k
40inputs+104outputs (1major+13659minor)pagefaults 0swaps
    ./original/fast/smt_tests/basic/firstorder/firstorder2_wproof_test.tla
0.07user 0.05system 0:00.09elapsed 136%CPU (0avgtext+0avgdata 28160maxresident)k
48inputs+144outputs (0major+23041minor)pagefaults 0swaps
    ./original/fast/smt_tests/basic/firstorder/firstorder3_test.tla
0.05user 0.04system 0:00.08elapsed 114%CPU (0avgtext+0avgdata 29580maxresident)k
56inputs+104outputs (1major+13771minor)pagefaults 0swaps
    ./original/fast/smt_tests/basic/firstorder/firstorder3_wproof_test.tla
0.06user 0.05system 0:00.09elapsed 136%CPU (0avgtext+0avgdata 29848maxresident)k
40inputs+144outputs (0major+23411minor)pagefaults 0swaps
    ./original/fast/smt_tests/basic/firstorder/firstorder4_test.tla
0.05user 0.04system 0:00.08elapsed 116%CPU (0avgtext+0avgdata 29684maxresident)k
40inputs+104outputs (0major+13704minor)pagefaults 0swaps
    ./original/fast/smt_tests/basic/firstorder/firstorder4_wproof_test.tla
0.07user 0.07system 0:00.10elapsed 143%CPU (0avgtext+0avgdata 30028maxresident)k
320inputs+160outputs (0major+27944minor)pagefaults 0swaps
    ./original/fast/smt_tests/basic/firstorder/firstorder5_test.tla
0.05user 0.04system 0:00.08elapsed 113%CPU (0avgtext+0avgdata 29624maxresident)k
328inputs+104outputs (0major+13738minor)pagefaults 0swaps
    ./original/fast/smt_tests/basic/firstorder/firstorder5_wproof_test.tla
0.07user 0.08system 0:00.10elapsed 146%CPU (0avgtext+0avgdata 28336maxresident)k
32inputs+160outputs (0major+27867minor)pagefaults 0swaps
    ./original/fast/smt_tests/basic/firstorder/firstorder6_test.tla
0.07user 0.03system 0:00.09elapsed 114%CPU (0avgtext+0avgdata 29604maxresident)k
40inputs+104outputs (0major+13724minor)pagefaults 0swaps
    ./original/fast/smt_tests/basic/firstorder/firstorder6_wproof_test.tla
0.09user 0.05system 0:00.10elapsed 150%CPU (0avgtext+0avgdata 29632maxresident)k
48inputs+160outputs (0major+28347minor)pagefaults 0swaps
    ./original/fast/smt_tests/basic/function/function10_test.tla
0.06user 0.03system 0:00.08elapsed 111%CPU (0avgtext+0avgdata 25680maxresident)k
352inputs+104outputs (0major+13515minor)pagefaults 0swaps
    ./original/fast/smt_tests/basic/function/function11_test.tla
0.06user 0.04system 0:00.09elapsed 113%CPU (0avgtext+0avgdata 28064maxresident)k
32inputs+104outputs (0major+13659minor)pagefaults 0swaps
    ./original/fast/smt_tests/basic/function/function12_test.tla
10.74user 14.40system 0:25.12elapsed 100%CPU (0avgtext+0avgdata 24724maxresident)k
32inputs+152outputs (0major+14535minor)pagefaults 0swaps
    ./original/fast/smt_tests/basic/function/function13_test.tla
0.08user 0.04system 0:00.11elapsed 112%CPU (0avgtext+0avgdata 25572maxresident)k
64inputs+104outputs (0major+13509minor)pagefaults 0swaps
    ./original/fast/smt_tests/basic/function/function14_test.tla
0.08user 0.04system 0:00.10elapsed 113%CPU (0avgtext+0avgdata 28092maxresident)k
32inputs+104outputs (0major+13664minor)pagefaults 0swaps
    ./original/fast/smt_tests/basic/function/function15_test.tla
0.07user 0.04system 0:00.10elapsed 112%CPU (0avgtext+0avgdata 25664maxresident)k
64inputs+104outputs (0major+13498minor)pagefaults 0swaps
    ./original/fast/smt_tests/basic/function/function16_test.tla
10.93user 14.20system 0:25.13elapsed 100%CPU (0avgtext+0avgdata 22068maxresident)k
48inputs+152outputs (0major+13913minor)pagefaults 0swaps
    ./original/fast/smt_tests/basic/function/function17_test.tla
0.09user 0.04system 0:00.12elapsed 113%CPU (0avgtext+0avgdata 29820maxresident)k
72inputs+120outputs (1major+13732minor)pagefaults 0swaps
    ./original/fast/smt_tests/basic/function/function18_test.tla
0.08user 0.02system 0:00.09elapsed 113%CPU (0avgtext+0avgdata 25700maxresident)k
48inputs+104outputs (0major+13541minor)pagefaults 0swaps
    ./original/fast/smt_tests/basic/function/function1_test.tla
0.06user 0.05system 0:00.09elapsed 112%CPU (0avgtext+0avgdata 25644maxresident)k
32inputs+104outputs (0major+13457minor)pagefaults 0swaps
    ./original/fast/smt_tests/basic/function/function20_test.tla
0.06user 0.04system 0:00.09elapsed 112%CPU (0avgtext+0avgdata 25744maxresident)k
48inputs+104outputs (0major+13495minor)pagefaults 0swaps
    ./original/fast/smt_tests/basic/function/function21_test.tla
0.08user 0.02system 0:00.09elapsed 111%CPU (0avgtext+0avgdata 25632maxresident)k
32inputs+104outputs (0major+13451minor)pagefaults 0swaps
    ./original/fast/smt_tests/basic/function/function22_test.tla
0.07user 0.02system 0:00.08elapsed 112%CPU (0avgtext+0avgdata 25632maxresident)k
40inputs+104outputs (0major+13464minor)pagefaults 0swaps
    ./original/fast/smt_tests/basic/function/function23_test.tla
0.06user 0.04system 0:00.09elapsed 115%CPU (0avgtext+0avgdata 29864maxresident)k
40inputs+112outputs (0major+13671minor)pagefaults 0swaps
    ./original/fast/smt_tests/basic/function/function24_test.tla
0.06user 0.02system 0:00.08elapsed 112%CPU (0avgtext+0avgdata 25600maxresident)k
40inputs+104outputs (0major+13460minor)pagefaults 0swaps
    ./original/fast/smt_tests/basic/function/function25_test.tla
0.08user 0.02system 0:00.09elapsed 111%CPU (0avgtext+0avgdata 25604maxresident)k
72inputs+104outputs (0major+13508minor)pagefaults 0swaps
    ./original/fast/smt_tests/basic/function/function26_test.tla
0.06user 0.04system 0:00.10elapsed 100%CPU (0avgtext+0avgdata 25664maxresident)k
40inputs+104outputs (0major+13477minor)pagefaults 0swaps
    ./original/fast/smt_tests/basic/function/function27_test.tla
0.07user 0.04system 0:00.09elapsed 114%CPU (0avgtext+0avgdata 30168maxresident)k
40inputs+120outputs (0major+13729minor)pagefaults 0swaps
    ./original/fast/smt_tests/basic/function/function28_test.tla
0.07user 0.04system 0:00.09elapsed 114%CPU (0avgtext+0avgdata 30540maxresident)k
32inputs+120outputs (0major+13729minor)pagefaults 0swaps
    ./original/fast/smt_tests/basic/function/function29_test.tla
0.08user 0.01system 0:00.09elapsed 112%CPU (0avgtext+0avgdata 25580maxresident)k
40inputs+104outputs (0major+13514minor)pagefaults 0swaps
    ./original/fast/smt_tests/basic/function/function2_test.tla
0.06user 0.04system 0:00.09elapsed 114%CPU (0avgtext+0avgdata 28072maxresident)k
48inputs+104outputs (0major+13645minor)pagefaults 0swaps
    ./original/fast/smt_tests/basic/function/function30_test.tla
0.07user 0.03system 0:00.09elapsed 111%CPU (0avgtext+0avgdata 25628maxresident)k
48inputs+104outputs (0major+13529minor)pagefaults 0swaps
    ./original/fast/smt_tests/basic/function/function3_test.tla
0.09user 0.04system 0:00.10elapsed 127%CPU (0avgtext+0avgdata 29680maxresident)k
32inputs+128outputs (0major+18397minor)pagefaults 0swaps
    ./original/fast/smt_tests/basic/function/function5_test.tla
0.05user 0.03system 0:00.08elapsed 113%CPU (0avgtext+0avgdata 27968maxresident)k
40inputs+104outputs (0major+13630minor)pagefaults 0swaps
    ./original/fast/smt_tests/basic/function/function6_test.tla
0.06user 0.03system 0:00.08elapsed 112%CPU (0avgtext+0avgdata 25684maxresident)k
48inputs+104outputs (0major+13477minor)pagefaults 0swaps
    ./original/fast/smt_tests/basic/function/function7_test.tla
0.05user 0.03system 0:00.08elapsed 112%CPU (0avgtext+0avgdata 25632maxresident)k
328inputs+104outputs (0major+13443minor)pagefaults 0swaps
    ./original/fast/smt_tests/basic/prop/basic_test.tla
0.07user 0.02system 0:00.08elapsed 111%CPU (0avgtext+0avgdata 25696maxresident)k
336inputs+104outputs (0major+13473minor)pagefaults 0swaps
    ./original/fast/smt_tests/basic/prop/prop10_test.tla
0.07user 0.02system 0:00.08elapsed 112%CPU (0avgtext+0avgdata 25636maxresident)k
56inputs+104outputs (0major+13469minor)pagefaults 0swaps
    ./original/fast/smt_tests/basic/prop/prop11_test.tla
0.05user 0.04system 0:00.08elapsed 114%CPU (0avgtext+0avgdata 28192maxresident)k
32inputs+104outputs (0major+13633minor)pagefaults 0swaps
    ./original/fast/smt_tests/basic/prop/prop12_test.tla
0.05user 0.04system 0:00.08elapsed 114%CPU (0avgtext+0avgdata 28208maxresident)k
40inputs+104outputs (0major+13618minor)pagefaults 0swaps
    ./original/fast/smt_tests/basic/prop/prop1_test.tla
0.06user 0.04system 0:00.08elapsed 113%CPU (0avgtext+0avgdata 25716maxresident)k
40inputs+104outputs (0major+13459minor)pagefaults 0swaps
    ./original/fast/smt_tests/basic/prop/prop2_test.tla
0.05user 0.03system 0:00.08elapsed 112%CPU (0avgtext+0avgdata 25756maxresident)k
32inputs+104outputs (0major+13460minor)pagefaults 0swaps
    ./original/fast/smt_tests/basic/prop/prop3_test.tla
0.05user 0.04system 0:00.08elapsed 112%CPU (0avgtext+0avgdata 25624maxresident)k
40inputs+104outputs (0major+13516minor)pagefaults 0swaps
    ./original/fast/smt_tests/basic/prop/prop4_test.tla
0.07user 0.02system 0:00.08elapsed 116%CPU (0avgtext+0avgdata 25696maxresident)k
40inputs+104outputs (0major+13515minor)pagefaults 0swaps
    ./original/fast/smt_tests/basic/prop/prop5_test.tla
0.05user 0.03system 0:00.08elapsed 113%CPU (0avgtext+0avgdata 25716maxresident)k
48inputs+104outputs (0major+13507minor)pagefaults 0swaps
    ./original/fast/smt_tests/basic/prop/prop6_test.tla
0.06user 0.02system 0:00.08elapsed 112%CPU (0avgtext+0avgdata 25572maxresident)k
32inputs+104outputs (0major+13490minor)pagefaults 0swaps
    ./original/fast/smt_tests/basic/prop/prop7_test.tla
0.06user 0.03system 0:00.08elapsed 112%CPU (0avgtext+0avgdata 28036maxresident)k
40inputs+104outputs (0major+13639minor)pagefaults 0swaps
    ./original/fast/smt_tests/basic/prop/prop8_test.tla
0.06user 0.02system 0:00.08elapsed 115%CPU (0avgtext+0avgdata 28024maxresident)k
48inputs+104outputs (0major+13627minor)pagefaults 0swaps
    ./original/fast/smt_tests/basic/prop/prop9_test.tla
0.05user 0.04system 0:00.08elapsed 114%CPU (0avgtext+0avgdata 25720maxresident)k
32inputs+104outputs (0major+13450minor)pagefaults 0swaps
    ./original/fast/smt_tests/basic/record/record1_test.tla
0.06user 0.03system 0:00.08elapsed 113%CPU (0avgtext+0avgdata 25648maxresident)k
80inputs+104outputs (1major+13451minor)pagefaults 0swaps
    ./original/fast/smt_tests/basic/record/record2_test.tla
0.06user 0.03system 0:00.08elapsed 112%CPU (0avgtext+0avgdata 25816maxresident)k
40inputs+104outputs (0major+13514minor)pagefaults 0swaps
    ./original/fast/smt_tests/basic/record/record3_test.tla
0.06user 0.04system 0:00.09elapsed 114%CPU (0avgtext+0avgdata 25712maxresident)k
48inputs+104outputs (0major+13479minor)pagefaults 0swaps
    ./original/fast/smt_tests/basic/set/set10_test.tla
0.07user 0.02system 0:00.08elapsed 110%CPU (0avgtext+0avgdata 28276maxresident)k
624inputs+104outputs (0major+13584minor)pagefaults 0swaps
    ./original/fast/smt_tests/basic/set/set11_test.tla
0.04user 0.04system 0:00.07elapsed 113%CPU (0avgtext+0avgdata 25644maxresident)k
48inputs+104outputs (0major+13477minor)pagefaults 0swaps
    ./original/fast/smt_tests/basic/set/set12_test.tla
0.05user 0.03system 0:00.08elapsed 113%CPU (0avgtext+0avgdata 25720maxresident)k
32inputs+104outputs (0major+13497minor)pagefaults 0swaps
    ./original/fast/smt_tests/basic/set/set13_test.tla
0.06user 0.02system 0:00.08elapsed 114%CPU (0avgtext+0avgdata 25728maxresident)k
40inputs+104outputs (0major+13437minor)pagefaults 0swaps
    ./original/fast/smt_tests/basic/set/set14_test.tla
0.06user 0.02system 0:00.08elapsed 114%CPU (0avgtext+0avgdata 28100maxresident)k
40inputs+104outputs (0major+13599minor)pagefaults 0swaps
    ./original/fast/smt_tests/basic/set/set15_test.tla
0.06user 0.03system 0:00.08elapsed 112%CPU (0avgtext+0avgdata 25696maxresident)k
56inputs+104outputs (0major+13483minor)pagefaults 0swaps
    ./original/fast/smt_tests/basic/set/set16_test.tla
0.06user 0.03system 0:00.09elapsed 113%CPU (0avgtext+0avgdata 29788maxresident)k
32inputs+104outputs (0major+13797minor)pagefaults 0swaps
    ./original/fast/smt_tests/basic/set/set17_test.tla
0.06user 0.03system 0:00.08elapsed 112%CPU (0avgtext+0avgdata 25788maxresident)k
40inputs+104outputs (0major+13478minor)pagefaults 0swaps
    ./original/fast/smt_tests/basic/set/set18_test.tla
0.06user 0.03system 0:00.08elapsed 114%CPU (0avgtext+0avgdata 29880maxresident)k
32inputs+104outputs (0major+13752minor)pagefaults 0swaps
    ./original/fast/smt_tests/basic/set/set19_test.tla
0.06user 0.03system 0:00.08elapsed 112%CPU (0avgtext+0avgdata 25600maxresident)k
40inputs+104outputs (0major+13504minor)pagefaults 0swaps
    ./original/fast/smt_tests/basic/set/set1_test.tla
0.06user 0.03system 0:00.08elapsed 115%CPU (0avgtext+0avgdata 28304maxresident)k
48inputs+104outputs (0major+13585minor)pagefaults 0swaps
    ./original/fast/smt_tests/basic/set/set2_test.tla
0.06user 0.02system 0:00.08elapsed 113%CPU (0avgtext+0avgdata 25756maxresident)k
48inputs+104outputs (0major+13482minor)pagefaults 0swaps
    ./original/fast/smt_tests/basic/set/set3_test.tla
0.06user 0.03system 0:00.08elapsed 112%CPU (0avgtext+0avgdata 25704maxresident)k
40inputs+104outputs (0major+13463minor)pagefaults 0swaps
    ./original/fast/smt_tests/basic/set/set4_test.tla
0.05user 0.04system 0:00.08elapsed 111%CPU (0avgtext+0avgdata 25696maxresident)k
32inputs+104outputs (0major+13465minor)pagefaults 0swaps
    ./original/fast/smt_tests/basic/set/set5_test.tla
0.07user 0.03system 0:00.09elapsed 115%CPU (0avgtext+0avgdata 25868maxresident)k
40inputs+104outputs (0major+13502minor)pagefaults 0swaps
    ./original/fast/smt_tests/basic/set/set6_test.tla
0.05user 0.05system 0:00.09elapsed 115%CPU (0avgtext+0avgdata 28420maxresident)k
56inputs+104outputs (0major+13619minor)pagefaults 0swaps
    ./original/fast/smt_tests/basic/set/set7_test.tla
0.06user 0.03system 0:00.08elapsed 111%CPU (0avgtext+0avgdata 25696maxresident)k
48inputs+104outputs (0major+13474minor)pagefaults 0swaps
    ./original/fast/smt_tests/basic/set/set8_test.tla
0.06user 0.02system 0:00.08elapsed 112%CPU (0avgtext+0avgdata 27992maxresident)k
40inputs+104outputs (0major+13603minor)pagefaults 0swaps
    ./original/fast/smt_tests/basic/set/set9_test.tla
0.06user 0.03system 0:00.08elapsed 114%CPU (0avgtext+0avgdata 28104maxresident)k
40inputs+104outputs (0major+13589minor)pagefaults 0swaps
    ./original/fast/smt_tests/basic/string/strings1_test.tla
0.05user 0.03system 0:00.08elapsed 110%CPU (0avgtext+0avgdata 25752maxresident)k
72inputs+104outputs (0major+13457minor)pagefaults 0swaps
    ./original/fast/smt_tests/basic/string/strings2_test.tla
0.05user 0.03system 0:00.08elapsed 112%CPU (0avgtext+0avgdata 25580maxresident)k
40inputs+104outputs (0major+13461minor)pagefaults 0swaps
    ./original/fast/smt_tests/basic/tuple/tuple1_test.tla
0.05user 0.04system 0:00.09elapsed 114%CPU (0avgtext+0avgdata 25696maxresident)k
80inputs+104outputs (0major+13420minor)pagefaults 0swaps
    ./original/fast/smt_tests/basic/tuple/tuple2_test.tla
0.06user 0.02system 0:00.08elapsed 113%CPU (0avgtext+0avgdata 28036maxresident)k
40inputs+104outputs (0major+13604minor)pagefaults 0swaps
    ./original/fast/smt_tests/basic/tuple/tuple3_test.tla
0.06user 0.02system 0:00.08elapsed 113%CPU (0avgtext+0avgdata 25704maxresident)k
40inputs+104outputs (0major+13474minor)pagefaults 0swaps
    ./original/fast/smt_tests/basic/tuple/tuple4_test.tla
0.05user 0.03system 0:00.07elapsed 115%CPU (0avgtext+0avgdata 25636maxresident)k
40inputs+104outputs (0major+13424minor)pagefaults 0swaps
    ./original/fast/smt_tests/basic/tuple/tuple5_test.tla
0.05user 0.04system 0:00.08elapsed 113%CPU (0avgtext+0avgdata 25608maxresident)k
32inputs+104outputs (0major+13480minor)pagefaults 0swaps
    ./original/fast/smt_tests/basic/tuple/tuple6_test.tla
0.06user 0.03system 0:00.08elapsed 111%CPU (0avgtext+0avgdata 25704maxresident)k
40inputs+104outputs (0major+13459minor)pagefaults 0swaps
    ./original/fast/smt_tests/basic/tuple/tuple7_test.tla
0.06user 0.02system 0:00.08elapsed 112%CPU (0avgtext+0avgdata 25756maxresident)k
32inputs+104outputs (0major+13490minor)pagefaults 0swaps
    ./original/fast/smt_tests/lang/user_ops_test.tla
0.29user 0.04system 0:00.32elapsed 102%CPU (0avgtext+0avgdata 25776maxresident)k
72inputs+152outputs (0major+14642minor)pagefaults 0swaps
    ./original/fast/smt_tests/negative/one_div_zero_test.tla
2.27user 2.84system 0:05.10elapsed 100%CPU (0avgtext+0avgdata 21560maxresident)k
88inputs+136outputs (0major+13685minor)pagefaults 0swaps
    ./original/fast/smt_tests/negative/zero_in_one_test.tla
2.40user 2.73system 0:05.12elapsed 100%CPU (0avgtext+0avgdata 21472maxresident)k
56inputs+120outputs (0major+13654minor)pagefaults 0swaps
    ./original/fast/smt_tests/rewriting_rules/quantifiers_test.tla
0.13user 0.07system 0:00.12elapsed 165%CPU (0avgtext+0avgdata 25728maxresident)k
64inputs+192outputs (0major+36968minor)pagefaults 0swaps
    ./original/fast/smt_tests/silly_theorems/app_ambiguity_test.tla
0.08user 0.03system 0:00.10elapsed 112%CPU (0avgtext+0avgdata 28040maxresident)k
56inputs+104outputs (0major+13713minor)pagefaults 0swaps
    ./original/fast/smt_tests/silly_theorems/nonempty_integer_test.tla
0.10user 0.06system 0:00.11elapsed 153%CPU (0avgtext+0avgdata 29696maxresident)k
40inputs+160outputs (0major+28229minor)pagefaults 0swaps
    ./original/fast/smt_tests/silly_theorems/one_implies_one_test.tla
0.06user 0.04system 0:00.09elapsed 118%CPU (0avgtext+0avgdata 21560maxresident)k
56inputs+104outputs (0major+13365minor)pagefaults 0swaps
    ./original/fast/smt_tests/silly_theorems/record_as_function_test.tla
0.07user 0.04system 0:00.09elapsed 113%CPU (0avgtext+0avgdata 29720maxresident)k
32inputs+104outputs (0major+13684minor)pagefaults 0swaps
    ./original/fast/smt_tests/silly_theorems/x_implies_x_test.tla
0.05user 0.04system 0:00.08elapsed 113%CPU (0avgtext+0avgdata 25748maxresident)k
32inputs+104outputs (0major+13480minor)pagefaults 0swaps
    ./original/medium/regression/select_bug_test.tla
22.07user 28.02system 0:50.10elapsed 99%CPU (0avgtext+0avgdata 21384maxresident)k
64inputs+144outputs (0major+9483minor)pagefaults 0swaps
    ./original/medium/regression/snapshot/GFX_test.tla
forbidden output is present
Command exited with non-zero status 3
253.23user 32.77system 2:46.98elapsed 171%CPU (0avgtext+0avgdata 1017484maxresident)k
9504inputs+19288outputs (24major+2110598minor)pagefaults 0swaps
    ./original/medium/regression/snapshot/SnapShot_test.tla
forbidden output is present
Command exited with non-zero status 3
483.76user 12.35system 7:40.13elapsed 107%CPU (0avgtext+0avgdata 3852288maxresident)k
232312inputs+43640outputs (1255major+4324497minor)pagefaults 0swaps
###### 2023-11-11 15:03:19 ./TOOLS/do_tests .
    ./fast/basic/cvc3_false_test.tla
0.05user 0.01system 0:00.06elapsed 100%CPU (0avgtext+0avgdata 21292maxresident)k
416inputs+88outputs (0major+8553minor)pagefaults 0swaps
    ./fast/basic/isa_false_test.tla
0.04user 0.01system 0:00.06elapsed 98%CPU (0avgtext+0avgdata 21316maxresident)k
576inputs+96outputs (0major+8480minor)pagefaults 0swaps
    ./fast/basic/isa_true_test.tla
forbidden output is present
Command exited with non-zero status 3
0.03user 0.01system 0:00.05elapsed 101%CPU (0avgtext+0avgdata 21364maxresident)k
56inputs+96outputs (0major+8490minor)pagefaults 0swaps
    ./fast/basic/smt_arith_test.tla
0.04user 0.03system 0:00.07elapsed 114%CPU (0avgtext+0avgdata 25572maxresident)k
72inputs+104outputs (0major+13478minor)pagefaults 0swaps
    ./fast/basic/smt_false_test.tla
0.05user 0.02system 0:00.07elapsed 111%CPU (0avgtext+0avgdata 25532maxresident)k
88inputs+104outputs (0major+13494minor)pagefaults 0swaps
    ./fast/basic/true_test.tla
0.04user 0.02system 0:00.06elapsed 112%CPU (0avgtext+0avgdata 25552maxresident)k
56inputs+104outputs (0major+13532minor)pagefaults 0swaps
    ./fast/basic/z3_arith_test.tla
0.04user 0.02system 0:00.06elapsed 112%CPU (0avgtext+0avgdata 25532maxresident)k
48inputs+104outputs (1major+13489minor)pagefaults 0swaps
    ./fast/basic/z3_false_test.tla
0.03user 0.03system 0:00.06elapsed 113%CPU (0avgtext+0avgdata 25724maxresident)k
64inputs+104outputs (0major+13492minor)pagefaults 0swaps
    ./fast/basic/zen_false_test.tla
0.05user 0.02system 0:00.06elapsed 118%CPU (0avgtext+0avgdata 21352maxresident)k
48inputs+104outputs (0major+13014minor)pagefaults 0swaps
    ./fast/basic/zen_true_test.tla
0.05user 0.02system 0:00.06elapsed 122%CPU (0avgtext+0avgdata 21552maxresident)k
224inputs+104outputs (3major+13046minor)pagefaults 0swaps
    ./fast/enabled_cdot/AutoUSE_fingerprint/AutoUSE_fingerprint_test.tla
required error output is missing
Command exited with non-zero status 3
0.07user 0.04system 0:00.11elapsed 99%CPU (0avgtext+0avgdata 21424maxresident)k
936inputs+176outputs (0major+17191minor)pagefaults 0swaps
    ./fast/enabled_cdot/Cdot_test.tla
0.08user 0.04system 0:00.07elapsed 182%CPU (0avgtext+0avgdata 23300maxresident)k
248inputs+184outputs (0major+27042minor)pagefaults 0swaps
    ./fast/enabled_cdot/ENABLEDaxioms_conj_fingerprinting/ENABLEDaxioms_conj_fingerprinting_test.tla
required error output is missing
Command exited with non-zero status 3
0.07user 0.03system 0:00.10elapsed 101%CPU (0avgtext+0avgdata 21428maxresident)k
120inputs+176outputs (0major+17135minor)pagefaults 0swaps
    ./fast/enabled_cdot/ENABLEDaxioms_conj_hidden_actions_test.tla
0.04user 0.01system 0:00.05elapsed 101%CPU (0avgtext+0avgdata 21368maxresident)k
96inputs+88outputs (0major+8453minor)pagefaults 0swaps
    ./fast/enabled_cdot/ENABLEDaxioms_conj_test.tla
forbidden output is present
Command exited with non-zero status 3
0.04user 0.00system 0:00.05elapsed 100%CPU (0avgtext+0avgdata 21396maxresident)k
72inputs+96outputs (0major+8511minor)pagefaults 0swaps
    ./fast/enabled_cdot/ENABLEDaxioms_conj_visible_actions_fail_test.tla
0.03user 0.01system 0:00.05elapsed 100%CPU (0avgtext+0avgdata 21460maxresident)k
56inputs+88outputs (0major+8414minor)pagefaults 0swaps
    ./fast/enabled_cdot/ENABLEDaxioms_conj_visible_actions_test.tla
forbidden output is present
Command exited with non-zero status 3
0.03user 0.02system 0:00.05elapsed 101%CPU (0avgtext+0avgdata 21468maxresident)k
40inputs+88outputs (0major+8456minor)pagefaults 0swaps
    ./fast/enabled_cdot/ENABLEDaxioms_test.tla
forbidden output is present
Command exited with non-zero status 3
0.06user 0.01system 0:00.07elapsed 100%CPU (0avgtext+0avgdata 21472maxresident)k
72inputs+104outputs (0major+8564minor)pagefaults 0swaps
    ./fast/enabled_cdot/ENABLED_INSTANCE_nullary_op_test.tla
0.05user 0.04system 0:00.07elapsed 125%CPU (0avgtext+0avgdata 29868maxresident)k
80inputs+160outputs (0major+19016minor)pagefaults 0swaps
    ./fast/enabled_cdot/ENABLED_INSTANCE_nullary_op_two_vars_test.tla
forbidden output is present
Command exited with non-zero status 3
0.05user 0.04system 0:00.08elapsed 123%CPU (0avgtext+0avgdata 29780maxresident)k
64inputs+168outputs (0major+19033minor)pagefaults 0swaps
    ./fast/enabled_cdot/ENABLED_INSTANCE_op_with_args_test.tla
forbidden output is present
Command exited with non-zero status 3
0.07user 0.02system 0:00.08elapsed 125%CPU (0avgtext+0avgdata 29836maxresident)k
40inputs+168outputs (0major+19011minor)pagefaults 0swaps
    ./fast/enabled_cdot/ENABLEDrewrites_assignment_level_fingerprint/ENABLEDrewrites_assignment_level_fingerprint_test.tla
required error output is missing
Command exited with non-zero status 3
0.08user 0.02system 0:00.11elapsed 100%CPU (0avgtext+0avgdata 21484maxresident)k
72inputs+96outputs (0major+15568minor)pagefaults 0swaps
    ./fast/enabled_cdot/ENABLEDrewrites_bpragma_fingerprint/ENABLEDrewrites_bpragma_fingerprint_test.tla
required error output is missing
Command exited with non-zero status 3
0.06user 0.05system 0:00.11elapsed 100%CPU (0avgtext+0avgdata 21460maxresident)k
240inputs+136outputs (0major+16408minor)pagefaults 0swaps
    ./fast/enabled_cdot/ENABLEDrewrites_case_level_fingerprint/ENABLEDrewrites_case_level_fingerprint_test.tla
required error output is missing
Command exited with non-zero status 3
0.06user 0.03system 0:00.10elapsed 101%CPU (0avgtext+0avgdata 21456maxresident)k
64inputs+96outputs (0major+15540minor)pagefaults 0swaps
    ./fast/enabled_cdot/ENABLEDrewrites_conj_level_fingerprint/ENABLEDrewrites_conj_level_fingerprint_test.tla
required error output is missing
Command exited with non-zero status 3
0.07user 0.04system 0:00.12elapsed 100%CPU (0avgtext+0avgdata 21560maxresident)k
56inputs+96outputs (0major+15600minor)pagefaults 0swaps
    ./fast/enabled_cdot/ENABLEDrewrites_exist_level_fingerprint/ENABLEDrewrites_exist_level_fingerprint_test.tla
required error output is missing
Command exited with non-zero status 3
0.08user 0.03system 0:00.11elapsed 100%CPU (0avgtext+0avgdata 21476maxresident)k
56inputs+96outputs (0major+15624minor)pagefaults 0swaps
    ./fast/enabled_cdot/ENABLEDrewrites_mem_level_fingerprint/ENABLEDrewrites_mem_level_fingerprint_test.tla
required error output is missing
Command exited with non-zero status 3
0.06user 0.04system 0:00.10elapsed 101%CPU (0avgtext+0avgdata 21416maxresident)k
72inputs+96outputs (0major+15603minor)pagefaults 0swaps
    ./fast/enabled_cdot/ENABLEDrewrites_state_level_fingerprint/ENABLEDrewrites_state_level_fingerprint_test.tla
required error output is missing
Command exited with non-zero status 3
0.06user 0.04system 0:00.10elapsed 100%CPU (0avgtext+0avgdata 21460maxresident)k
48inputs+104outputs (0major+15525minor)pagefaults 0swaps
    ./fast/enabled_cdot/ENABLEDrewrites_ternary_level_fingerprint/ENABLEDrewrites_ternary_level_fingerprint_test.tla
required error output is missing
Command exited with non-zero status 3
0.07user 0.02system 0:00.10elapsed 100%CPU (0avgtext+0avgdata 21464maxresident)k
48inputs+96outputs (0major+15541minor)pagefaults 0swaps
    ./fast/enabled_cdot/ENABLEDrewrites_test.tla
wrong result code
Command exited with non-zero status 3
0.03user 0.01system 0:00.05elapsed 100%CPU (0avgtext+0avgdata 21416maxresident)k
216inputs+48outputs (0major+7729minor)pagefaults 0swaps
    ./fast/enabled_cdot/ENABLEDrules_fingerprint_levels/ENABLEDrules_fingerprint_levels_test.tla
required error output is missing
Command exited with non-zero status 3
0.07user 0.02system 0:00.10elapsed 100%CPU (0avgtext+0avgdata 21520maxresident)k
64inputs+96outputs (0major+15629minor)pagefaults 0swaps
    ./fast/enabled_cdot/ENABLEDrules_test.tla
wrong result code
Command exited with non-zero status 3
0.04user 0.01system 0:00.05elapsed 101%CPU (0avgtext+0avgdata 21388maxresident)k
8inputs+48outputs (0major+7630minor)pagefaults 0swaps
    ./fast/enabled_cdot/Enabled_test.tla
0.25user 0.18system 0:00.14elapsed 295%CPU (0avgtext+0avgdata 29844maxresident)k
56inputs+624outputs (1major+132764minor)pagefaults 0swaps
    ./fast/enabled_cdot/ExpandENABLED_LET_test.tla
0.03user 0.03system 0:00.05elapsed 117%CPU (0avgtext+0avgdata 21560maxresident)k
48inputs+104outputs (0major+13044minor)pagefaults 0swaps
    ./fast/enabled_cdot/ExpandENABLED_level_fingerprint/ExpandENABLED_level_fingerprint_test.tla
required error output is missing
Command exited with non-zero status 3
0.07user 0.03system 0:00.11elapsed 100%CPU (0avgtext+0avgdata 21520maxresident)k
112inputs+184outputs (0major+17216minor)pagefaults 0swaps
    ./fast/enabled_cdot/ExpandOnlyCdot_test.tla
0.04user 0.01system 0:00.05elapsed 100%CPU (0avgtext+0avgdata 21392maxresident)k
40inputs+88outputs (0major+8457minor)pagefaults 0swaps
    ./fast/enabled_cdot/ExpandOnlyENABLED_test.tla
0.03user 0.02system 0:00.05elapsed 101%CPU (0avgtext+0avgdata 21364maxresident)k
40inputs+88outputs (0major+8417minor)pagefaults 0swaps
    ./fast/enabled_cdot/LevelComparisonCONSTANT_Module_Scope_test.tla
required error output is missing
Command exited with non-zero status 3
0.04user 0.04system 0:00.07elapsed 117%CPU (0avgtext+0avgdata 25476maxresident)k
40inputs+104outputs (0major+13490minor)pagefaults 0swaps
    ./fast/enabled_cdot/LevelComparisonCONSTANT_THEOREM_Scope_test.tla
required error output is missing
Command exited with non-zero status 3
0.05user 0.01system 0:00.06elapsed 112%CPU (0avgtext+0avgdata 25672maxresident)k
48inputs+104outputs (0major+13526minor)pagefaults 0swaps
    ./fast/enabled_cdot/LevelComparisonSTATE_Scope_test.tla
required error output is missing
Command exited with non-zero status 3
0.04user 0.02system 0:00.06elapsed 115%CPU (0avgtext+0avgdata 25768maxresident)k
56inputs+104outputs (0major+13515minor)pagefaults 0swaps
    ./fast/enabled_cdot/LevelComparison_test.tla
forbidden output is present
Command exited with non-zero status 3
0.06user 0.06system 0:00.08elapsed 166%CPU (0avgtext+0avgdata 25648maxresident)k
40inputs+224outputs (0major+41838minor)pagefaults 0swaps
    ./fast/enabled_cdot/Level_of_parametric_INSTANCE_test.tla
0.04user 0.04system 0:00.06elapsed 126%CPU (0avgtext+0avgdata 25660maxresident)k
64inputs+120outputs (0major+17868minor)pagefaults 0swaps
    ./fast/enabled_cdot/Level_test.tla
0.05user 0.01system 0:00.06elapsed 101%CPU (0avgtext+0avgdata 21408maxresident)k
64inputs+120outputs (0major+9112minor)pagefaults 0swaps
    ./fast/enabled_cdot/NestedCdot_test.tla
0.09user 0.04system 0:00.07elapsed 187%CPU (0avgtext+0avgdata 25036maxresident)k
40inputs+168outputs (0major+27821minor)pagefaults 0swaps
    ./fast/enabled_cdot/NestedENABLED_from_AutoUSE_test.tla
forbidden output is present
Command exited with non-zero status 3
0.03user 0.01system 0:00.05elapsed 101%CPU (0avgtext+0avgdata 21328maxresident)k
56inputs+96outputs (0major+8456minor)pagefaults 0swaps
    ./fast/enabled_cdot/NestedENABLED_test.tla
0.06user 0.03system 0:00.06elapsed 153%CPU (0avgtext+0avgdata 22464maxresident)k
32inputs+160outputs (0major+22660minor)pagefaults 0swaps
    ./fast/enabled_cdot/UnsoundCoalescingThmDecl_test.tla
0.05user 0.06system 0:00.07elapsed 150%CPU (0avgtext+0avgdata 29988maxresident)k
56inputs+168outputs (0major+27927minor)pagefaults 0swaps
    ./fast/fingerprint/FingerprintVariablesParameters_test.tla
required error output is missing
Command exited with non-zero status 3
0.04user 0.03system 0:00.08elapsed 101%CPU (0avgtext+0avgdata 21552maxresident)k
56inputs+104outputs (0major+14603minor)pagefaults 0swaps
    ./fast/language/EXCEPTMultipleBrackets_test.tla
0.04user 0.03system 0:00.06elapsed 137%CPU (0avgtext+0avgdata 25592maxresident)k
48inputs+104outputs (0major+22084minor)pagefaults 0swaps
    ./fast/language/EXTENDS_in_submodule_test.tla
0.04user 0.00system 0:00.05elapsed 100%CPU (0avgtext+0avgdata 21448maxresident)k
136inputs+128outputs (0major+9115minor)pagefaults 0swaps
    ./fast/language/INSTANCE_inside_LET_fingerprint_test.tla
0.05user 0.02system 0:00.07elapsed 112%CPU (0avgtext+0avgdata 25604maxresident)k
48inputs+144outputs (0major+14211minor)pagefaults 0swaps
    ./fast/language/INSTANCE_inside_LET_test.tla
0.03user 0.04system 0:00.06elapsed 113%CPU (0avgtext+0avgdata 25744maxresident)k
32inputs+144outputs (0major+14218minor)pagefaults 0swaps
    ./fast/language/INSTANCE_shift_due_to_omitted_modunits_test.tla
0.03user 0.02system 0:00.05elapsed 101%CPU (0avgtext+0avgdata 21492maxresident)k
40inputs+136outputs (0major+9131minor)pagefaults 0swaps
    ./fast/language/Operators_test.tla
0.07user 0.01system 0:00.07elapsed 118%CPU (0avgtext+0avgdata 25652maxresident)k
32inputs+88outputs (0major+17465minor)pagefaults 0swaps
    ./fast/language/SubrefLL_test.tla
0.34user 0.23system 0:00.28elapsed 206%CPU (0avgtext+0avgdata 25852maxresident)k
72inputs+896outputs (0major+202577minor)pagefaults 0swaps
    ./fast/language/Subref_test.tla
0.34user 0.17system 0:00.13elapsed 390%CPU (0avgtext+0avgdata 25680maxresident)k
56inputs+832outputs (45major+124108minor)pagefaults 0swaps
    ./fast/language/WFTRUE_test.tla
forbidden output is present
Command exited with non-zero status 3
0.03user 0.01system 0:00.04elapsed 100%CPU (0avgtext+0avgdata 21328maxresident)k
32inputs+64outputs (0major+7853minor)pagefaults 0swaps
    ./fast/regression/consensus/consensus_test.tla
1.36user 0.45system 0:01.00elapsed 182%CPU (0avgtext+0avgdata 35948maxresident)k
240inputs+296outputs (1major+26940minor)pagefaults 0swaps
    ./fast/regression/cooper_instantiation_test.tla
0.03user 0.00system 0:00.04elapsed 100%CPU (0avgtext+0avgdata 21408maxresident)k
32inputs+56outputs (0major+7486minor)pagefaults 0swaps
    ./fast/regression/higher_order_statement_test.tla
forbidden output is present
Command exited with non-zero status 3
0.07user 0.03system 0:00.08elapsed 139%CPU (0avgtext+0avgdata 29588maxresident)k
80inputs+176outputs (0major+23241minor)pagefaults 0swaps
    ./fast/regression/MiniProducerConsumer_test.tla
113.21user 33.70system 1:05.79elapsed 223%CPU (0avgtext+0avgdata 1014588maxresident)k
32inputs+424outputs (0major+520447minor)pagefaults 0swaps
    ./fast/regression/parameterized_instantiation_test.tla
0.08user 0.06system 0:00.13elapsed 111%CPU (0avgtext+0avgdata 26640maxresident)k
5800inputs+152outputs (54major+14120minor)pagefaults 0swaps
    ./fast/regression/setEuclid_test.tla
forbidden output is present
Command exited with non-zero status 3
14.59user 12.13system 0:26.10elapsed 102%CPU (0avgtext+0avgdata 31956maxresident)k
664inputs+1224outputs (5major+136842minor)pagefaults 0swaps
    ./fast/regression/smt_domain_check_test.tla
0.09user 0.04system 0:00.12elapsed 114%CPU (0avgtext+0avgdata 29412maxresident)k
56inputs+112outputs (0major+13707minor)pagefaults 0swaps
    ./fast/regression/z3_fingerprint_test.tla
0.11user 0.06system 0:00.17elapsed 101%CPU (0avgtext+0avgdata 21364maxresident)k
48inputs+160outputs (0major+16695minor)pagefaults 0swaps
    ./fast/russell_test.tla
0.12user 0.07system 0:00.12elapsed 160%CPU (0avgtext+0avgdata 25556maxresident)k
592inputs+160outputs (0major+27427minor)pagefaults 0swaps
    ./fast/smt_tests/advanced/functions/bijection_thm_test.tla
0.37user 0.20system 0:00.32elapsed 177%CPU (0avgtext+0avgdata 29944maxresident)k
328inputs+640outputs (0major+105766minor)pagefaults 0swaps
    ./fast/smt_tests/advanced/functions/composition_test.tla
0.08user 0.03system 0:00.10elapsed 112%CPU (0avgtext+0avgdata 27832maxresident)k
32inputs+104outputs (0major+13649minor)pagefaults 0swaps
    ./fast/smt_tests/advanced/functions/identity1_test.tla
0.09user 0.03system 0:00.10elapsed 114%CPU (0avgtext+0avgdata 25620maxresident)k
32inputs+112outputs (0major+13497minor)pagefaults 0swaps
    ./fast/smt_tests/advanced/functions/identity2_test.tla
0.08user 0.03system 0:00.10elapsed 113%CPU (0avgtext+0avgdata 29408maxresident)k
40inputs+120outputs (0major+13699minor)pagefaults 0swaps
    ./fast/smt_tests/advanced/set_theory/cantor1_test.tla
10.97user 14.23system 0:25.13elapsed 100%CPU (0avgtext+0avgdata 30348maxresident)k
80inputs+264outputs (0major+37949minor)pagefaults 0swaps
    ./fast/smt_tests/advanced/set_theory/choice_axiom2_test.tla
11.12user 14.13system 0:25.16elapsed 100%CPU (0avgtext+0avgdata 29744maxresident)k
56inputs+304outputs (0major+38669minor)pagefaults 0swaps
    ./fast/smt_tests/advanced/set_theory/choice_axiom_test.tla
0.22user 0.13system 0:00.17elapsed 205%CPU (0avgtext+0avgdata 30416maxresident)k
48inputs+304outputs (0major+57677minor)pagefaults 0swaps
    ./fast/smt_tests/advanced/set_theory/section_test.tla
10.91user 14.34system 0:25.16elapsed 100%CPU (0avgtext+0avgdata 29880maxresident)k
32inputs+328outputs (0major+38735minor)pagefaults 0swaps
    ./fast/smt_tests/advanced/tuples/tuple_as_function1_test.tla
0.17user 0.12system 0:00.18elapsed 166%CPU (0avgtext+0avgdata 27884maxresident)k
64inputs+336outputs (0major+51599minor)pagefaults 0swaps
    ./fast/smt_tests/advanced/tuples/tuple_as_function2_test.tla
0.18user 0.15system 0:00.20elapsed 172%CPU (0avgtext+0avgdata 30036maxresident)k
40inputs+336outputs (0major+61919minor)pagefaults 0swaps
    ./fast/smt_tests/basic/arith/arith10_test.tla
0.07user 0.04system 0:00.10elapsed 112%CPU (0avgtext+0avgdata 25584maxresident)k
80inputs+104outputs (0major+13485minor)pagefaults 0swaps
    ./fast/smt_tests/basic/arith/arith11_test.tla
0.08user 0.03system 0:00.10elapsed 112%CPU (0avgtext+0avgdata 25740maxresident)k
48inputs+104outputs (0major+13504minor)pagefaults 0swaps
    ./fast/smt_tests/basic/arith/arith12_test.tla
0.09user 0.02system 0:00.10elapsed 115%CPU (0avgtext+0avgdata 28248maxresident)k
32inputs+104outputs (0major+13620minor)pagefaults 0swaps
    ./fast/smt_tests/basic/arith/arith13_test.tla
0.07user 0.03system 0:00.09elapsed 112%CPU (0avgtext+0avgdata 28148maxresident)k
32inputs+104outputs (0major+13613minor)pagefaults 0swaps
    ./fast/smt_tests/basic/arith/arith14_test.tla
0.07user 0.03system 0:00.09elapsed 114%CPU (0avgtext+0avgdata 26756maxresident)k
40inputs+104outputs (1major+13598minor)pagefaults 0swaps
    ./fast/smt_tests/basic/arith/arith15_test.tla
0.06user 0.03system 0:00.09elapsed 113%CPU (0avgtext+0avgdata 25540maxresident)k
32inputs+104outputs (0major+13462minor)pagefaults 0swaps
    ./fast/smt_tests/basic/arith/arith16_test.tla
0.07user 0.03system 0:00.09elapsed 111%CPU (0avgtext+0avgdata 25572maxresident)k
32inputs+104outputs (0major+13411minor)pagefaults 0swaps
    ./fast/smt_tests/basic/arith/arith17_test.tla
0.06user 0.03system 0:00.09elapsed 113%CPU (0avgtext+0avgdata 25592maxresident)k
32inputs+104outputs (0major+13441minor)pagefaults 0swaps
    ./fast/smt_tests/basic/arith/arith18_test.tla
0.06user 0.03system 0:00.08elapsed 111%CPU (0avgtext+0avgdata 25648maxresident)k
32inputs+104outputs (0major+13447minor)pagefaults 0swaps
    ./fast/smt_tests/basic/arith/arith19_test.tla
0.06user 0.03system 0:00.08elapsed 113%CPU (0avgtext+0avgdata 25552maxresident)k
32inputs+104outputs (0major+13499minor)pagefaults 0swaps
    ./fast/smt_tests/basic/arith/arith1_test.tla
0.05user 0.04system 0:00.08elapsed 113%CPU (0avgtext+0avgdata 25576maxresident)k
32inputs+104outputs (0major+13512minor)pagefaults 0swaps
    ./fast/smt_tests/basic/arith/arith2_test.tla
0.06user 0.05system 0:00.10elapsed 113%CPU (0avgtext+0avgdata 25732maxresident)k
32inputs+104outputs (1major+13423minor)pagefaults 0swaps
    ./fast/smt_tests/basic/arith/arith3_test.tla
0.06user 0.03system 0:00.08elapsed 112%CPU (0avgtext+0avgdata 25752maxresident)k
40inputs+104outputs (0major+13512minor)pagefaults 0swaps
    ./fast/smt_tests/basic/arith/arith4_test.tla
0.05user 0.04system 0:00.08elapsed 114%CPU (0avgtext+0avgdata 25648maxresident)k
32inputs+104outputs (0major+13511minor)pagefaults 0swaps
    ./fast/smt_tests/basic/arith/arith5_test.tla
0.06user 0.03system 0:00.08elapsed 112%CPU (0avgtext+0avgdata 25616maxresident)k
32inputs+104outputs (0major+13514minor)pagefaults 0swaps
    ./fast/smt_tests/basic/arith/arith6_test.tla
0.07user 0.02system 0:00.08elapsed 112%CPU (0avgtext+0avgdata 25628maxresident)k
32inputs+104outputs (0major+13457minor)pagefaults 0swaps
    ./fast/smt_tests/basic/arith/arith7_test.tla
0.07user 0.03system 0:00.09elapsed 115%CPU (0avgtext+0avgdata 25812maxresident)k
32inputs+104outputs (0major+13460minor)pagefaults 0swaps
    ./fast/smt_tests/basic/arith/arith8_test.tla
0.05user 0.03system 0:00.08elapsed 111%CPU (0avgtext+0avgdata 25604maxresident)k
40inputs+104outputs (0major+13467minor)pagefaults 0swaps
    ./fast/smt_tests/basic/arith/arith9_test.tla
0.06user 0.03system 0:00.08elapsed 113%CPU (0avgtext+0avgdata 25416maxresident)k
32inputs+104outputs (0major+13457minor)pagefaults 0swaps
    ./fast/smt_tests/basic/epsilon/epsilon1_test.tla
0.07user 0.03system 0:00.09elapsed 114%CPU (0avgtext+0avgdata 28068maxresident)k
72inputs+104outputs (0major+13622minor)pagefaults 0swaps
    ./fast/smt_tests/basic/epsilon/epsilon2_test.tla
0.06user 0.03system 0:00.08elapsed 113%CPU (0avgtext+0avgdata 28036maxresident)k
40inputs+104outputs (0major+13654minor)pagefaults 0swaps
    ./fast/smt_tests/basic/epsilon/epsilon3_test.tla
0.06user 0.04system 0:00.09elapsed 113%CPU (0avgtext+0avgdata 28072maxresident)k
32inputs+104outputs (0major+13579minor)pagefaults 0swaps
    ./fast/smt_tests/basic/epsilon/epsilon4_test.tla
0.06user 0.03system 0:00.09elapsed 113%CPU (0avgtext+0avgdata 28088maxresident)k
32inputs+104outputs (0major+13573minor)pagefaults 0swaps
    ./fast/smt_tests/basic/extensionality/empty_set_ext_test.tla
0.07user 0.03system 0:00.08elapsed 113%CPU (0avgtext+0avgdata 27972maxresident)k
72inputs+104outputs (0major+13590minor)pagefaults 0swaps
    ./fast/smt_tests/basic/extensionality/enum_ext_test.tla
0.06user 0.04system 0:00.09elapsed 111%CPU (0avgtext+0avgdata 28196maxresident)k
32inputs+104outputs (0major+13650minor)pagefaults 0swaps
    ./fast/smt_tests/basic/extensionality/fun_ext_test.tla
0.05user 0.04system 0:00.08elapsed 112%CPU (0avgtext+0avgdata 25616maxresident)k
32inputs+104outputs (0major+13493minor)pagefaults 0swaps
    ./fast/smt_tests/basic/extensionality/set_ext_test.tla
0.07user 0.03system 0:00.09elapsed 114%CPU (0avgtext+0avgdata 30064maxresident)k
104inputs+104outputs (0major+13737minor)pagefaults 0swaps
    ./fast/smt_tests/basic/extensionality/tup_ext_test.tla
0.06user 0.04system 0:00.08elapsed 112%CPU (0avgtext+0avgdata 25608maxresident)k
40inputs+104outputs (0major+13490minor)pagefaults 0swaps
    ./fast/smt_tests/basic/firstorder/firstorder1_test.tla
0.07user 0.03system 0:00.09elapsed 111%CPU (0avgtext+0avgdata 28184maxresident)k
64inputs+104outputs (0major+13634minor)pagefaults 0swaps
    ./fast/smt_tests/basic/firstorder/firstorder1_wproof_test.tla
0.09user 0.03system 0:00.10elapsed 135%CPU (0avgtext+0avgdata 28120maxresident)k
32inputs+144outputs (0major+23017minor)pagefaults 0swaps
    ./fast/smt_tests/basic/firstorder/firstorder2_test.tla
0.05user 0.04system 0:00.09elapsed 112%CPU (0avgtext+0avgdata 28016maxresident)k
32inputs+104outputs (0major+13642minor)pagefaults 0swaps
    ./fast/smt_tests/basic/firstorder/firstorder2_wproof_test.tla
0.10user 0.04system 0:00.10elapsed 132%CPU (0avgtext+0avgdata 28124maxresident)k
40inputs+144outputs (0major+23049minor)pagefaults 0swaps
    ./fast/smt_tests/basic/firstorder/firstorder3_test.tla
0.07user 0.04system 0:00.10elapsed 112%CPU (0avgtext+0avgdata 29860maxresident)k
48inputs+104outputs (0major+13747minor)pagefaults 0swaps
    ./fast/smt_tests/basic/firstorder/firstorder3_wproof_test.tla
0.09user 0.06system 0:00.10elapsed 139%CPU (0avgtext+0avgdata 29692maxresident)k
32inputs+144outputs (0major+23430minor)pagefaults 0swaps
    ./fast/smt_tests/basic/firstorder/firstorder4_test.tla
0.06user 0.04system 0:00.09elapsed 114%CPU (0avgtext+0avgdata 29948maxresident)k
48inputs+104outputs (0major+13693minor)pagefaults 0swaps
    ./fast/smt_tests/basic/firstorder/firstorder4_wproof_test.tla
0.09user 0.06system 0:00.11elapsed 145%CPU (0avgtext+0avgdata 30156maxresident)k
32inputs+160outputs (0major+27939minor)pagefaults 0swaps
    ./fast/smt_tests/basic/firstorder/firstorder5_test.tla
0.07user 0.03system 0:00.09elapsed 114%CPU (0avgtext+0avgdata 29932maxresident)k
32inputs+104outputs (0major+13753minor)pagefaults 0swaps
    ./fast/smt_tests/basic/firstorder/firstorder5_wproof_test.tla
0.10user 0.07system 0:00.11elapsed 147%CPU (0avgtext+0avgdata 28072maxresident)k
32inputs+160outputs (0major+27861minor)pagefaults 0swaps
    ./fast/smt_tests/basic/firstorder/firstorder6_test.tla
0.07user 0.04system 0:00.09elapsed 113%CPU (0avgtext+0avgdata 29932maxresident)k
32inputs+104outputs (0major+13718minor)pagefaults 0swaps
    ./fast/smt_tests/basic/firstorder/firstorder6_wproof_test.tla
0.10user 0.05system 0:00.10elapsed 147%CPU (0avgtext+0avgdata 29724maxresident)k
32inputs+160outputs (0major+28318minor)pagefaults 0swaps
    ./fast/smt_tests/basic/function/function10_test.tla
0.07user 0.03system 0:00.09elapsed 112%CPU (0avgtext+0avgdata 25572maxresident)k
584inputs+104outputs (0major+13517minor)pagefaults 0swaps
    ./fast/smt_tests/basic/function/function11_test.tla
0.06user 0.04system 0:00.09elapsed 114%CPU (0avgtext+0avgdata 28048maxresident)k
32inputs+104outputs (0major+13647minor)pagefaults 0swaps
    ./fast/smt_tests/basic/function/function12_test.tla
10.84user 14.30system 0:25.12elapsed 100%CPU (0avgtext+0avgdata 24764maxresident)k
48inputs+152outputs (0major+14525minor)pagefaults 0swaps
    ./fast/smt_tests/basic/function/function13_test.tla
0.08user 0.04system 0:00.11elapsed 112%CPU (0avgtext+0avgdata 25560maxresident)k
40inputs+104outputs (0major+13507minor)pagefaults 0swaps
    ./fast/smt_tests/basic/function/function14_test.tla
0.08user 0.03system 0:00.11elapsed 112%CPU (0avgtext+0avgdata 28016maxresident)k
32inputs+104outputs (0major+13682minor)pagefaults 0swaps
    ./fast/smt_tests/basic/function/function15_test.tla
0.08user 0.03system 0:00.10elapsed 114%CPU (0avgtext+0avgdata 25580maxresident)k
32inputs+104outputs (0major+13492minor)pagefaults 0swaps
    ./fast/smt_tests/basic/function/function16_test.tla
11.11user 14.03system 0:25.12elapsed 100%CPU (0avgtext+0avgdata 22076maxresident)k
40inputs+152outputs (0major+13906minor)pagefaults 0swaps
    ./fast/smt_tests/basic/function/function17_test.tla
0.08user 0.05system 0:00.12elapsed 114%CPU (0avgtext+0avgdata 29824maxresident)k
40inputs+120outputs (0major+13714minor)pagefaults 0swaps
    ./fast/smt_tests/basic/function/function18_test.tla
0.08user 0.04system 0:00.10elapsed 112%CPU (0avgtext+0avgdata 25616maxresident)k
32inputs+104outputs (0major+13567minor)pagefaults 0swaps
    ./fast/smt_tests/basic/function/function1_test.tla
0.06user 0.05system 0:00.10elapsed 113%CPU (0avgtext+0avgdata 25516maxresident)k
40inputs+104outputs (0major+13445minor)pagefaults 0swaps
    ./fast/smt_tests/basic/function/function20_test.tla
0.08user 0.02system 0:00.10elapsed 111%CPU (0avgtext+0avgdata 25540maxresident)k
40inputs+104outputs (0major+13501minor)pagefaults 0swaps
    ./fast/smt_tests/basic/function/function21_test.tla
0.05user 0.04system 0:00.09elapsed 113%CPU (0avgtext+0avgdata 25624maxresident)k
40inputs+104outputs (0major+13456minor)pagefaults 0swaps
    ./fast/smt_tests/basic/function/function22_test.tla
0.06user 0.04system 0:00.09elapsed 112%CPU (0avgtext+0avgdata 25508maxresident)k
32inputs+104outputs (0major+13472minor)pagefaults 0swaps
    ./fast/smt_tests/basic/function/function23_test.tla
0.08user 0.03system 0:00.10elapsed 114%CPU (0avgtext+0avgdata 29816maxresident)k
40inputs+112outputs (0major+13672minor)pagefaults 0swaps
    ./fast/smt_tests/basic/function/function24_test.tla
0.06user 0.03system 0:00.08elapsed 113%CPU (0avgtext+0avgdata 25700maxresident)k
32inputs+104outputs (0major+13473minor)pagefaults 0swaps
    ./fast/smt_tests/basic/function/function25_test.tla
0.06user 0.03system 0:00.09elapsed 112%CPU (0avgtext+0avgdata 25636maxresident)k
32inputs+104outputs (0major+13491minor)pagefaults 0swaps
    ./fast/smt_tests/basic/function/function26_test.tla
0.06user 0.05system 0:00.10elapsed 115%CPU (0avgtext+0avgdata 25576maxresident)k
32inputs+104outputs (0major+13458minor)pagefaults 0swaps
    ./fast/smt_tests/basic/function/function27_test.tla
0.05user 0.05system 0:00.09elapsed 114%CPU (0avgtext+0avgdata 30076maxresident)k
40inputs+120outputs (0major+13748minor)pagefaults 0swaps
    ./fast/smt_tests/basic/function/function28_test.tla
0.08user 0.04system 0:00.10elapsed 113%CPU (0avgtext+0avgdata 30596maxresident)k
32inputs+120outputs (0major+13730minor)pagefaults 0swaps
    ./fast/smt_tests/basic/function/function29_test.tla
0.08user 0.02system 0:00.09elapsed 111%CPU (0avgtext+0avgdata 25568maxresident)k
32inputs+104outputs (0major+13517minor)pagefaults 0swaps
    ./fast/smt_tests/basic/function/function2_test.tla
0.05user 0.04system 0:00.08elapsed 114%CPU (0avgtext+0avgdata 28020maxresident)k
304inputs+104outputs (0major+13651minor)pagefaults 0swaps
    ./fast/smt_tests/basic/function/function30_test.tla
0.06user 0.03system 0:00.09elapsed 112%CPU (0avgtext+0avgdata 25552maxresident)k
32inputs+104outputs (0major+13523minor)pagefaults 0swaps
    ./fast/smt_tests/basic/function/function3_test.tla
0.09user 0.05system 0:00.11elapsed 127%CPU (0avgtext+0avgdata 29600maxresident)k
40inputs+128outputs (0major+18414minor)pagefaults 0swaps
    ./fast/smt_tests/basic/function/function5_test.tla
0.06user 0.03system 0:00.08elapsed 113%CPU (0avgtext+0avgdata 28052maxresident)k
40inputs+104outputs (0major+13670minor)pagefaults 0swaps
    ./fast/smt_tests/basic/function/function6_test.tla
0.06user 0.04system 0:00.09elapsed 114%CPU (0avgtext+0avgdata 25560maxresident)k
32inputs+104outputs (0major+13481minor)pagefaults 0swaps
    ./fast/smt_tests/basic/function/function7_test.tla
0.07user 0.02system 0:00.08elapsed 111%CPU (0avgtext+0avgdata 25616maxresident)k
32inputs+104outputs (0major+13450minor)pagefaults 0swaps
    ./fast/smt_tests/basic/prop/basic_test.tla
0.05user 0.04system 0:00.09elapsed 111%CPU (0avgtext+0avgdata 25620maxresident)k
72inputs+104outputs (0major+13502minor)pagefaults 0swaps
    ./fast/smt_tests/basic/prop/prop10_test.tla
0.06user 0.03system 0:00.08elapsed 113%CPU (0avgtext+0avgdata 25504maxresident)k
32inputs+104outputs (0major+13490minor)pagefaults 0swaps
    ./fast/smt_tests/basic/prop/prop11_test.tla
0.04user 0.05system 0:00.08elapsed 114%CPU (0avgtext+0avgdata 28080maxresident)k
40inputs+104outputs (0major+13642minor)pagefaults 0swaps
    ./fast/smt_tests/basic/prop/prop12_test.tla
0.06user 0.03system 0:00.08elapsed 115%CPU (0avgtext+0avgdata 27992maxresident)k
48inputs+104outputs (0major+13617minor)pagefaults 0swaps
    ./fast/smt_tests/basic/prop/prop1_test.tla
0.06user 0.04system 0:00.08elapsed 113%CPU (0avgtext+0avgdata 25580maxresident)k
48inputs+104outputs (0major+13439minor)pagefaults 0swaps
    ./fast/smt_tests/basic/prop/prop2_test.tla
0.07user 0.02system 0:00.08elapsed 115%CPU (0avgtext+0avgdata 25476maxresident)k
32inputs+104outputs (0major+13466minor)pagefaults 0swaps
    ./fast/smt_tests/basic/prop/prop3_test.tla
0.06user 0.03system 0:00.08elapsed 113%CPU (0avgtext+0avgdata 25648maxresident)k
32inputs+104outputs (0major+13508minor)pagefaults 0swaps
    ./fast/smt_tests/basic/prop/prop4_test.tla
0.06user 0.04system 0:00.09elapsed 111%CPU (0avgtext+0avgdata 25632maxresident)k
40inputs+104outputs (0major+13512minor)pagefaults 0swaps
    ./fast/smt_tests/basic/prop/prop5_test.tla
0.06user 0.03system 0:00.08elapsed 111%CPU (0avgtext+0avgdata 25416maxresident)k
32inputs+104outputs (0major+13526minor)pagefaults 0swaps
    ./fast/smt_tests/basic/prop/prop6_test.tla
0.06user 0.04system 0:00.09elapsed 114%CPU (0avgtext+0avgdata 25692maxresident)k
32inputs+104outputs (0major+13464minor)pagefaults 0swaps
    ./fast/smt_tests/basic/prop/prop7_test.tla
0.06user 0.03system 0:00.08elapsed 114%CPU (0avgtext+0avgdata 28160maxresident)k
32inputs+104outputs (2major+13636minor)pagefaults 0swaps
    ./fast/smt_tests/basic/prop/prop8_test.tla
0.05user 0.05system 0:00.09elapsed 115%CPU (0avgtext+0avgdata 28028maxresident)k
40inputs+104outputs (0major+13639minor)pagefaults 0swaps
    ./fast/smt_tests/basic/prop/prop9_test.tla
0.07user 0.03system 0:00.09elapsed 112%CPU (0avgtext+0avgdata 25560maxresident)k
32inputs+104outputs (0major+13449minor)pagefaults 0swaps
    ./fast/smt_tests/basic/record/record1_test.tla
0.05user 0.04system 0:00.09elapsed 114%CPU (0avgtext+0avgdata 25512maxresident)k
64inputs+104outputs (0major+13434minor)pagefaults 0swaps
    ./fast/smt_tests/basic/record/record2_test.tla
0.07user 0.03system 0:00.09elapsed 111%CPU (0avgtext+0avgdata 25476maxresident)k
32inputs+104outputs (0major+13505minor)pagefaults 0swaps
    ./fast/smt_tests/basic/record/record3_test.tla
0.07user 0.02system 0:00.08elapsed 111%CPU (0avgtext+0avgdata 25544maxresident)k
32inputs+104outputs (0major+13489minor)pagefaults 0swaps
    ./fast/smt_tests/basic/set/set10_test.tla
0.06user 0.03system 0:00.09elapsed 111%CPU (0avgtext+0avgdata 28044maxresident)k
72inputs+104outputs (0major+13587minor)pagefaults 0swaps
    ./fast/smt_tests/basic/set/set11_test.tla
0.05user 0.04system 0:00.09elapsed 114%CPU (0avgtext+0avgdata 25568maxresident)k
32inputs+104outputs (0major+13492minor)pagefaults 0swaps
    ./fast/smt_tests/basic/set/set12_test.tla
0.07user 0.02system 0:00.08elapsed 113%CPU (0avgtext+0avgdata 25648maxresident)k
32inputs+104outputs (0major+13463minor)pagefaults 0swaps
    ./fast/smt_tests/basic/set/set13_test.tla
0.06user 0.03system 0:00.08elapsed 111%CPU (0avgtext+0avgdata 25544maxresident)k
32inputs+104outputs (0major+13443minor)pagefaults 0swaps
    ./fast/smt_tests/basic/set/set14_test.tla
0.06user 0.03system 0:00.09elapsed 113%CPU (0avgtext+0avgdata 28064maxresident)k
32inputs+104outputs (0major+13634minor)pagefaults 0swaps
    ./fast/smt_tests/basic/set/set15_test.tla
0.06user 0.03system 0:00.08elapsed 112%CPU (0avgtext+0avgdata 25692maxresident)k
32inputs+104outputs (0major+13488minor)pagefaults 0swaps
    ./fast/smt_tests/basic/set/set16_test.tla
0.07user 0.03system 0:00.09elapsed 115%CPU (0avgtext+0avgdata 29584maxresident)k
32inputs+104outputs (0major+13779minor)pagefaults 0swaps
    ./fast/smt_tests/basic/set/set17_test.tla
0.04user 0.06system 0:00.09elapsed 113%CPU (0avgtext+0avgdata 25496maxresident)k
40inputs+104outputs (0major+13469minor)pagefaults 0swaps
    ./fast/smt_tests/basic/set/set18_test.tla
0.06user 0.04system 0:00.09elapsed 115%CPU (0avgtext+0avgdata 29796maxresident)k
32inputs+104outputs (0major+13757minor)pagefaults 0swaps
    ./fast/smt_tests/basic/set/set19_test.tla
0.05user 0.04system 0:00.08elapsed 112%CPU (0avgtext+0avgdata 25608maxresident)k
32inputs+104outputs (0major+13506minor)pagefaults 0swaps
    ./fast/smt_tests/basic/set/set1_test.tla
0.06user 0.03system 0:00.08elapsed 113%CPU (0avgtext+0avgdata 28200maxresident)k
296inputs+104outputs (0major+13583minor)pagefaults 0swaps
    ./fast/smt_tests/basic/set/set2_test.tla
0.06user 0.03system 0:00.08elapsed 113%CPU (0avgtext+0avgdata 25604maxresident)k
40inputs+104outputs (0major+13459minor)pagefaults 0swaps
    ./fast/smt_tests/basic/set/set3_test.tla
0.05user 0.04system 0:00.08elapsed 112%CPU (0avgtext+0avgdata 25624maxresident)k
40inputs+104outputs (0major+13454minor)pagefaults 0swaps
    ./fast/smt_tests/basic/set/set4_test.tla
0.06user 0.03system 0:00.08elapsed 112%CPU (0avgtext+0avgdata 25524maxresident)k
32inputs+104outputs (0major+13446minor)pagefaults 0swaps
    ./fast/smt_tests/basic/set/set5_test.tla
0.05user 0.05system 0:00.09elapsed 115%CPU (0avgtext+0avgdata 25588maxresident)k
32inputs+104outputs (0major+13505minor)pagefaults 0swaps
    ./fast/smt_tests/basic/set/set6_test.tla
0.07user 0.03system 0:00.09elapsed 114%CPU (0avgtext+0avgdata 27932maxresident)k
32inputs+104outputs (0major+13610minor)pagefaults 0swaps
    ./fast/smt_tests/basic/set/set7_test.tla
0.07user 0.04system 0:00.09elapsed 115%CPU (0avgtext+0avgdata 25508maxresident)k
32inputs+104outputs (0major+13472minor)pagefaults 0swaps
    ./fast/smt_tests/basic/set/set8_test.tla
0.06user 0.03system 0:00.08elapsed 114%CPU (0avgtext+0avgdata 28132maxresident)k
32inputs+104outputs (0major+13597minor)pagefaults 0swaps
    ./fast/smt_tests/basic/set/set9_test.tla
0.06user 0.03system 0:00.09elapsed 113%CPU (0avgtext+0avgdata 28104maxresident)k
32inputs+104outputs (0major+13576minor)pagefaults 0swaps
    ./fast/smt_tests/basic/string/strings1_test.tla
0.06user 0.03system 0:00.08elapsed 113%CPU (0avgtext+0avgdata 25560maxresident)k
72inputs+104outputs (0major+13430minor)pagefaults 0swaps
    ./fast/smt_tests/basic/string/strings2_test.tla
0.04user 0.04system 0:00.08elapsed 113%CPU (0avgtext+0avgdata 25572maxresident)k
48inputs+104outputs (0major+13481minor)pagefaults 0swaps
    ./fast/smt_tests/basic/tuple/tuple1_test.tla
0.06user 0.03system 0:00.08elapsed 112%CPU (0avgtext+0avgdata 25576maxresident)k
64inputs+104outputs (0major+13404minor)pagefaults 0swaps
    ./fast/smt_tests/basic/tuple/tuple2_test.tla
0.08user 0.03system 0:00.10elapsed 114%CPU (0avgtext+0avgdata 27892maxresident)k
32inputs+104outputs (0major+13603minor)pagefaults 0swaps
    ./fast/smt_tests/basic/tuple/tuple3_test.tla
0.06user 0.03system 0:00.08elapsed 112%CPU (0avgtext+0avgdata 25568maxresident)k
32inputs+104outputs (0major+13457minor)pagefaults 0swaps
    ./fast/smt_tests/basic/tuple/tuple4_test.tla
0.07user 0.02system 0:00.08elapsed 113%CPU (0avgtext+0avgdata 25632maxresident)k
40inputs+104outputs (0major+13433minor)pagefaults 0swaps
    ./fast/smt_tests/basic/tuple/tuple5_test.tla
0.05user 0.04system 0:00.08elapsed 112%CPU (0avgtext+0avgdata 25588maxresident)k
40inputs+104outputs (0major+13500minor)pagefaults 0swaps
    ./fast/smt_tests/basic/tuple/tuple6_test.tla
0.08user 0.02system 0:00.09elapsed 112%CPU (0avgtext+0avgdata 25660maxresident)k
32inputs+104outputs (0major+13452minor)pagefaults 0swaps
    ./fast/smt_tests/basic/tuple/tuple7_test.tla
0.05user 0.04system 0:00.08elapsed 112%CPU (0avgtext+0avgdata 25628maxresident)k
40inputs+104outputs (0major+13478minor)pagefaults 0swaps
    ./fast/smt_tests/lang/user_ops_test.tla
0.30user 0.03system 0:00.33elapsed 102%CPU (0avgtext+0avgdata 25720maxresident)k
64inputs+152outputs (0major+14617minor)pagefaults 0swaps
    ./fast/smt_tests/negative/one_div_zero_test.tla
2.31user 2.82system 0:05.12elapsed 100%CPU (0avgtext+0avgdata 21492maxresident)k
64inputs+120outputs (0major+13701minor)pagefaults 0swaps
    ./fast/smt_tests/negative/zero_in_one_test.tla
2.32user 2.82system 0:05.13elapsed 100%CPU (0avgtext+0avgdata 21452maxresident)k
32inputs+136outputs (0major+13647minor)pagefaults 0swaps
    ./fast/smt_tests/rewriting_rules/quantifiers_test.tla
0.10user 0.10system 0:00.12elapsed 164%CPU (0avgtext+0avgdata 25652maxresident)k
64inputs+192outputs (0major+36934minor)pagefaults 0swaps
    ./fast/smt_tests/silly_theorems/app_ambiguity_test.tla
0.07user 0.04system 0:00.11elapsed 113%CPU (0avgtext+0avgdata 28128maxresident)k
72inputs+104outputs (0major+13731minor)pagefaults 0swaps
    ./fast/smt_tests/silly_theorems/nonempty_integer_test.tla
0.12user 0.05system 0:00.11elapsed 151%CPU (0avgtext+0avgdata 30868maxresident)k
32inputs+160outputs (0major+28244minor)pagefaults 0swaps
    ./fast/smt_tests/silly_theorems/one_implies_one_test.tla
0.08user 0.03system 0:00.10elapsed 117%CPU (0avgtext+0avgdata 21484maxresident)k
40inputs+104outputs (0major+13355minor)pagefaults 0swaps
    ./fast/smt_tests/silly_theorems/record_as_function_test.tla
0.07user 0.04system 0:00.09elapsed 114%CPU (0avgtext+0avgdata 29608maxresident)k
32inputs+104outputs (0major+13687minor)pagefaults 0swaps
    ./fast/smt_tests/silly_theorems/x_implies_x_test.tla
0.06user 0.04system 0:00.09elapsed 113%CPU (0avgtext+0avgdata 25624maxresident)k
32inputs+104outputs (0major+13448minor)pagefaults 0swaps
    ./medium/regression/select_bug_test.tla
22.19user 27.89system 0:50.10elapsed 99%CPU (0avgtext+0avgdata 21416maxresident)k
96inputs+144outputs (0major+9497minor)pagefaults 0swaps
    ./medium/regression/snapshot/GFX_test.tla
forbidden output is present
Command exited with non-zero status 3
219.38user 36.19system 2:55.36elapsed 145%CPU (0avgtext+0avgdata 1027128maxresident)k
32848inputs+19304outputs (249major+1862143minor)pagefaults 0swaps
    ./medium/regression/snapshot/SnapShot_test.tla
forbidden output is present
Command exited with non-zero status 3
504.48user 13.10system 7:56.80elapsed 108%CPU (0avgtext+0avgdata 3851156maxresident)k
311448inputs+43248outputs (2439major+4380738minor)pagefaults 0swaps
    ./original/fast/basic/cvc3_false_test.tla
0.04user 0.02system 0:00.08elapsed 89%CPU (0avgtext+0avgdata 21280maxresident)k
14232inputs+88outputs (54major+8534minor)pagefaults 0swaps
    ./original/fast/basic/isa_false_test.tla
0.04user 0.02system 0:00.07elapsed 100%CPU (0avgtext+0avgdata 21296maxresident)k
72inputs+96outputs (0major+8485minor)pagefaults 0swaps
    ./original/fast/basic/isa_true_test.tla
forbidden output is present
Command exited with non-zero status 3
0.05user 0.01system 0:00.07elapsed 101%CPU (0avgtext+0avgdata 21532maxresident)k
48inputs+96outputs (0major+8490minor)pagefaults 0swaps
    ./original/fast/basic/nonexistent_test.tla
0.04user 0.01system 0:00.06elapsed 100%CPU (0avgtext+0avgdata 21352maxresident)k
336inputs+56outputs (0major+7354minor)pagefaults 0swaps
    ./original/fast/basic/smt_arith_test.tla
0.06user 0.03system 0:00.08elapsed 112%CPU (0avgtext+0avgdata 25564maxresident)k
344inputs+104outputs (0major+13482minor)pagefaults 0swaps
    ./original/fast/basic/smt_false_test.tla
0.05user 0.04system 0:00.08elapsed 112%CPU (0avgtext+0avgdata 25568maxresident)k
72inputs+104outputs (0major+13464minor)pagefaults 0swaps
    ./original/fast/basic/tab_character_test.tla
0.03user 0.00system 0:00.05elapsed 69%CPU (0avgtext+0avgdata 10356maxresident)k
8inputs+16outputs (0major+2060minor)pagefaults 0swaps
    ./original/fast/basic/true_test.tla
0.04user 0.05system 0:00.08elapsed 112%CPU (0avgtext+0avgdata 25612maxresident)k
56inputs+104outputs (0major+13524minor)pagefaults 0swaps
    ./original/fast/basic/z3_arith_test.tla
0.06user 0.03system 0:00.09elapsed 113%CPU (0avgtext+0avgdata 25648maxresident)k
336inputs+104outputs (0major+13477minor)pagefaults 0swaps
    ./original/fast/basic/z3_false_test.tla
0.06user 0.03system 0:00.09elapsed 112%CPU (0avgtext+0avgdata 25572maxresident)k
248inputs+104outputs (0major+13481minor)pagefaults 0swaps
    ./original/fast/basic/zen_false_test.tla
0.08user 0.02system 0:00.10elapsed 114%CPU (0avgtext+0avgdata 21424maxresident)k
344inputs+104outputs (0major+13023minor)pagefaults 0swaps
    ./original/fast/basic/zen_true_test.tla
0.08user 0.03system 0:00.09elapsed 119%CPU (0avgtext+0avgdata 21528maxresident)k
56inputs+104outputs (0major+13022minor)pagefaults 0swaps
    ./original/fast/enabled_cdot/Cdot_test.tla
0.10user 0.07system 0:00.09elapsed 184%CPU (0avgtext+0avgdata 23284maxresident)k
80inputs+184outputs (0major+27041minor)pagefaults 0swaps
    ./original/fast/enabled_cdot/ENABLEDaxioms_test.tla
0.42user 0.42system 0:00.30elapsed 275%CPU (0avgtext+0avgdata 28012maxresident)k
664inputs+984outputs (0major+211175minor)pagefaults 0swaps
    ./original/fast/enabled_cdot/ENABLED_INSTANCE_nullary_op_test.tla
0.12user 0.05system 0:00.14elapsed 123%CPU (0avgtext+0avgdata 29620maxresident)k
424inputs+160outputs (1major+19017minor)pagefaults 0swaps
    ./original/fast/enabled_cdot/ENABLED_INSTANCE_nullary_op_two_vars_test.tla
forbidden output is present
Command exited with non-zero status 3
0.08user 0.08system 0:00.12elapsed 124%CPU (0avgtext+0avgdata 29744maxresident)k
104inputs+168outputs (0major+18988minor)pagefaults 0swaps
    ./original/fast/enabled_cdot/ENABLED_INSTANCE_op_with_args_test.tla
forbidden output is present
Command exited with non-zero status 3
0.10user 0.06system 0:00.12elapsed 124%CPU (0avgtext+0avgdata 29992maxresident)k
432inputs+168outputs (0major+19048minor)pagefaults 0swaps
    ./original/fast/enabled_cdot/Enabled_test.tla
0.38user 0.29system 0:00.23elapsed 294%CPU (0avgtext+0avgdata 29876maxresident)k
80inputs+624outputs (2major+132812minor)pagefaults 0swaps
    ./original/fast/enabled_cdot/ExpandENABLED_LET_test.tla
0.09user 0.03system 0:00.10elapsed 119%CPU (0avgtext+0avgdata 21516maxresident)k
64inputs+104outputs (0major+13046minor)pagefaults 0swaps
    ./original/fast/enabled_cdot/ExpandOnlyCdot_test.tla
0.05user 0.02system 0:00.08elapsed 101%CPU (0avgtext+0avgdata 21424maxresident)k
56inputs+88outputs (0major+8454minor)pagefaults 0swaps
    ./original/fast/enabled_cdot/ExpandOnlyENABLED_test.tla
0.05user 0.02system 0:00.08elapsed 102%CPU (0avgtext+0avgdata 21388maxresident)k
56inputs+88outputs (0major+8440minor)pagefaults 0swaps
    ./original/fast/enabled_cdot/Level_of_parametric_INSTANCE_test.tla
0.08user 0.05system 0:00.10elapsed 127%CPU (0avgtext+0avgdata 25564maxresident)k
312inputs+120outputs (2major+17843minor)pagefaults 0swaps
    ./original/fast/enabled_cdot/Level_test.tla
0.09user 0.04system 0:00.12elapsed 113%CPU (0avgtext+0avgdata 21536maxresident)k
56inputs+144outputs (0major+13714minor)pagefaults 0swaps
    ./original/fast/enabled_cdot/NestedCdot_test.tla
0.12user 0.07system 0:00.10elapsed 186%CPU (0avgtext+0avgdata 25044maxresident)k
64inputs+168outputs (0major+27801minor)pagefaults 0swaps
    ./original/fast/enabled_cdot/NestedENABLED_from_AutoUSE_test.tla
forbidden output is present
Command exited with non-zero status 3
0.07user 0.01system 0:00.08elapsed 100%CPU (0avgtext+0avgdata 21424maxresident)k
264inputs+96outputs (0major+8461minor)pagefaults 0swaps
    ./original/fast/enabled_cdot/NestedENABLED_test.tla
0.09user 0.06system 0:00.10elapsed 149%CPU (0avgtext+0avgdata 22444maxresident)k
56inputs+160outputs (0major+22653minor)pagefaults 0swaps
    ./original/fast/fingerprint/FingerprintVariablesParameters_test.tla
required error output is missing
Command exited with non-zero status 3
0.08user 0.05system 0:00.13elapsed 100%CPU (0avgtext+0avgdata 21420maxresident)k
304inputs+104outputs (0major+14635minor)pagefaults 0swaps
    ./original/fast/language/EXCEPTMultipleBrackets_test.tla
0.07user 0.05system 0:00.09elapsed 133%CPU (0avgtext+0avgdata 25588maxresident)k
72inputs+104outputs (0major+22078minor)pagefaults 0swaps
    ./original/fast/language/EXTENDS_in_submodule_test.tla
0.05user 0.03system 0:00.08elapsed 98%CPU (0avgtext+0avgdata 21352maxresident)k
176inputs+128outputs (0major+9086minor)pagefaults 0swaps
    ./original/fast/language/INSTANCE_inside_LET_fingerprint_test.tla
0.06user 0.04system 0:00.09elapsed 112%CPU (0avgtext+0avgdata 25628maxresident)k
64inputs+144outputs (0major+14226minor)pagefaults 0swaps
    ./original/fast/language/INSTANCE_inside_LET_test.tla
0.07user 0.03system 0:00.09elapsed 113%CPU (0avgtext+0avgdata 25712maxresident)k
232inputs+144outputs (0major+14215minor)pagefaults 0swaps
    ./original/fast/language/INSTANCE_shift_due_to_omitted_modunits_test.tla
0.06user 0.03system 0:00.09elapsed 101%CPU (0avgtext+0avgdata 21380maxresident)k
232inputs+136outputs (0major+9115minor)pagefaults 0swaps
    ./original/fast/language/Operators_test.tla
0.07user 0.04system 0:00.09elapsed 121%CPU (0avgtext+0avgdata 25672maxresident)k
32inputs+88outputs (0major+17480minor)pagefaults 0swaps
    ./original/fast/language/SubrefLL_test.tla
0.53user 0.35system 0:00.42elapsed 208%CPU (0avgtext+0avgdata 25716maxresident)k
352inputs+896outputs (0major+202599minor)pagefaults 0swaps
    ./original/fast/language/Subref_test.tla
0.58user 0.28system 0:00.21elapsed 401%CPU (0avgtext+0avgdata 25576maxresident)k
48inputs+832outputs (0major+124129minor)pagefaults 0swaps
    ./original/fast/language/WFTRUE_test.tla
forbidden output is present
Command exited with non-zero status 3
0.05user 0.02system 0:00.08elapsed 98%CPU (0avgtext+0avgdata 21336maxresident)k
48inputs+64outputs (0major+7844minor)pagefaults 0swaps
    ./original/fast/regression/consensus/consensus_test.tla
2.58user 0.96system 0:01.93elapsed 183%CPU (0avgtext+0avgdata 35856maxresident)k
648inputs+296outputs (0major+26939minor)pagefaults 0swaps
    ./original/fast/regression/cooper_instantiation_test.tla
0.05user 0.02system 0:00.07elapsed 100%CPU (0avgtext+0avgdata 21368maxresident)k
56inputs+56outputs (0major+7488minor)pagefaults 0swaps
    ./original/fast/regression/higher_order_statement_test.tla
forbidden output is present
Command exited with non-zero status 3
0.11user 0.07system 0:00.14elapsed 132%CPU (0avgtext+0avgdata 29468maxresident)k
112inputs+176outputs (0major+23254minor)pagefaults 0swaps
    ./original/fast/regression/MiniProducerConsumer_test.tla
111.65user 34.08system 1:05.67elapsed 221%CPU (0avgtext+0avgdata 1015372maxresident)k
64inputs+432outputs (0major+520637minor)pagefaults 0swaps
    ./original/fast/regression/parameterized_instantiation_test.tla
0.08user 0.04system 0:00.11elapsed 113%CPU (0avgtext+0avgdata 25644maxresident)k
128inputs+152outputs (0major+14196minor)pagefaults 0swaps
    ./original/fast/regression/setEuclid_test.tla
forbidden output is present
Command exited with non-zero status 3
14.88user 11.82system 0:26.09elapsed 102%CPU (0avgtext+0avgdata 32020maxresident)k
128inputs+1192outputs (0major+136834minor)pagefaults 0swaps
    ./original/fast/regression/smt_domain_check_test.tla
0.09user 0.05system 0:00.13elapsed 113%CPU (0avgtext+0avgdata 29452maxresident)k
64inputs+112outputs (0major+13696minor)pagefaults 0swaps
    ./original/fast/regression/z3_fingerprint_test.tla
0.11user 0.06system 0:00.18elapsed 101%CPU (0avgtext+0avgdata 21436maxresident)k
112inputs+160outputs (0major+16738minor)pagefaults 0swaps
    ./original/fast/russell_test.tla
0.13user 0.06system 0:00.12elapsed 160%CPU (0avgtext+0avgdata 25676maxresident)k
88inputs+160outputs (0major+27453minor)pagefaults 0swaps
    ./original/fast/smt_tests/advanced/functions/bijection_thm_test.tla
0.38user 0.20system 0:00.33elapsed 175%CPU (0avgtext+0avgdata 29996maxresident)k
136inputs+640outputs (0major+105716minor)pagefaults 0swaps
    ./original/fast/smt_tests/advanced/functions/composition_test.tla
0.07user 0.04system 0:00.10elapsed 113%CPU (0avgtext+0avgdata 27872maxresident)k
56inputs+104outputs (0major+13662minor)pagefaults 0swaps
    ./original/fast/smt_tests/advanced/functions/identity1_test.tla
0.08user 0.02system 0:00.10elapsed 112%CPU (0avgtext+0avgdata 25640maxresident)k
48inputs+112outputs (0major+13493minor)pagefaults 0swaps
    ./original/fast/smt_tests/advanced/functions/identity2_test.tla
0.08user 0.03system 0:00.10elapsed 114%CPU (0avgtext+0avgdata 29516maxresident)k
48inputs+120outputs (0major+13717minor)pagefaults 0swaps
    ./original/fast/smt_tests/advanced/set_theory/cantor1_test.tla
11.02user 14.20system 0:25.14elapsed 100%CPU (0avgtext+0avgdata 30140maxresident)k
136inputs+264outputs (0major+37942minor)pagefaults 0swaps
    ./original/fast/smt_tests/advanced/set_theory/choice_axiom2_test.tla
10.89user 14.36system 0:25.16elapsed 100%CPU (0avgtext+0avgdata 29760maxresident)k
72inputs+304outputs (0major+38657minor)pagefaults 0swaps
    ./original/fast/smt_tests/advanced/set_theory/choice_axiom_test.tla
0.20user 0.15system 0:00.17elapsed 206%CPU (0avgtext+0avgdata 30616maxresident)k
80inputs+304outputs (0major+57642minor)pagefaults 0swaps
    ./original/fast/smt_tests/advanced/set_theory/section_test.tla
11.08user 14.17system 0:25.17elapsed 100%CPU (0avgtext+0avgdata 29964maxresident)k
48inputs+328outputs (0major+38710minor)pagefaults 0swaps
    ./original/fast/smt_tests/advanced/tuples/tuple_as_function1_test.tla
0.18user 0.12system 0:00.18elapsed 162%CPU (0avgtext+0avgdata 29996maxresident)k
112inputs+336outputs (0major+51603minor)pagefaults 0swaps
    ./original/fast/smt_tests/advanced/tuples/tuple_as_function2_test.tla
0.18user 0.14system 0:00.18elapsed 176%CPU (0avgtext+0avgdata 29968maxresident)k
48inputs+336outputs (0major+61913minor)pagefaults 0swaps
    ./original/fast/smt_tests/basic/arith/arith10_test.tla
0.07user 0.04system 0:00.10elapsed 111%CPU (0avgtext+0avgdata 25652maxresident)k
112inputs+104outputs (0major+13504minor)pagefaults 0swaps
    ./original/fast/smt_tests/basic/arith/arith11_test.tla
0.07user 0.03system 0:00.09elapsed 113%CPU (0avgtext+0avgdata 25672maxresident)k
48inputs+104outputs (0major+13475minor)pagefaults 0swaps
    ./original/fast/smt_tests/basic/arith/arith12_test.tla
0.07user 0.03system 0:00.10elapsed 113%CPU (0avgtext+0avgdata 28060maxresident)k
48inputs+104outputs (0major+13624minor)pagefaults 0swaps
    ./original/fast/smt_tests/basic/arith/arith13_test.tla
0.06user 0.04system 0:00.09elapsed 113%CPU (0avgtext+0avgdata 28008maxresident)k
40inputs+104outputs (0major+13591minor)pagefaults 0swaps
    ./original/fast/smt_tests/basic/arith/arith14_test.tla
0.08user 0.02system 0:00.09elapsed 112%CPU (0avgtext+0avgdata 26576maxresident)k
64inputs+104outputs (0major+13591minor)pagefaults 0swaps
    ./original/fast/smt_tests/basic/arith/arith15_test.tla
0.07user 0.03system 0:00.09elapsed 113%CPU (0avgtext+0avgdata 25580maxresident)k
56inputs+104outputs (0major+13455minor)pagefaults 0swaps
    ./original/fast/smt_tests/basic/arith/arith16_test.tla
0.07user 0.03system 0:00.09elapsed 112%CPU (0avgtext+0avgdata 25632maxresident)k
64inputs+104outputs (0major+13422minor)pagefaults 0swaps
    ./original/fast/smt_tests/basic/arith/arith17_test.tla
0.05user 0.04system 0:00.09elapsed 112%CPU (0avgtext+0avgdata 25640maxresident)k
56inputs+104outputs (0major+13455minor)pagefaults 0swaps
    ./original/fast/smt_tests/basic/arith/arith18_test.tla
0.06user 0.03system 0:00.08elapsed 112%CPU (0avgtext+0avgdata 25604maxresident)k
64inputs+112outputs (0major+13460minor)pagefaults 0swaps
    ./original/fast/smt_tests/basic/arith/arith19_test.tla
0.05user 0.04system 0:00.08elapsed 112%CPU (0avgtext+0avgdata 25536maxresident)k
32inputs+104outputs (0major+13504minor)pagefaults 0swaps
    ./original/fast/smt_tests/basic/arith/arith1_test.tla
0.05user 0.04system 0:00.08elapsed 111%CPU (0avgtext+0avgdata 25656maxresident)k
64inputs+104outputs (0major+13507minor)pagefaults 0swaps
    ./original/fast/smt_tests/basic/arith/arith2_test.tla
0.06user 0.03system 0:00.09elapsed 111%CPU (0avgtext+0avgdata 25732maxresident)k
80inputs+104outputs (0major+13427minor)pagefaults 0swaps
    ./original/fast/smt_tests/basic/arith/arith3_test.tla
0.06user 0.02system 0:00.08elapsed 112%CPU (0avgtext+0avgdata 25620maxresident)k
48inputs+104outputs (0major+13508minor)pagefaults 0swaps
    ./original/fast/smt_tests/basic/arith/arith4_test.tla
0.05user 0.04system 0:00.08elapsed 111%CPU (0avgtext+0avgdata 25620maxresident)k
40inputs+104outputs (0major+13515minor)pagefaults 0swaps
    ./original/fast/smt_tests/basic/arith/arith5_test.tla
0.06user 0.04system 0:00.09elapsed 113%CPU (0avgtext+0avgdata 25696maxresident)k
56inputs+104outputs (0major+13499minor)pagefaults 0swaps
    ./original/fast/smt_tests/basic/arith/arith6_test.tla
0.06user 0.03system 0:00.08elapsed 113%CPU (0avgtext+0avgdata 25676maxresident)k
48inputs+104outputs (0major+13465minor)pagefaults 0swaps
    ./original/fast/smt_tests/basic/arith/arith7_test.tla
0.05user 0.04system 0:00.09elapsed 112%CPU (0avgtext+0avgdata 25612maxresident)k
56inputs+104outputs (0major+13468minor)pagefaults 0swaps
    ./original/fast/smt_tests/basic/arith/arith8_test.tla
0.06user 0.03system 0:00.09elapsed 113%CPU (0avgtext+0avgdata 25588maxresident)k
48inputs+104outputs (0major+13477minor)pagefaults 0swaps
    ./original/fast/smt_tests/basic/arith/arith9_test.tla
0.06user 0.03system 0:00.08elapsed 112%CPU (0avgtext+0avgdata 25616maxresident)k
48inputs+104outputs (0major+13480minor)pagefaults 0swaps
    ./original/fast/smt_tests/basic/epsilon/epsilon1_test.tla
0.06user 0.03system 0:00.09elapsed 111%CPU (0avgtext+0avgdata 28112maxresident)k
96inputs+104outputs (0major+13633minor)pagefaults 0swaps
    ./original/fast/smt_tests/basic/epsilon/epsilon2_test.tla
0.05user 0.04system 0:00.09elapsed 114%CPU (0avgtext+0avgdata 28008maxresident)k
32inputs+104outputs (0major+13627minor)pagefaults 0swaps
    ./original/fast/smt_tests/basic/epsilon/epsilon3_test.tla
0.07user 0.03system 0:00.09elapsed 113%CPU (0avgtext+0avgdata 28040maxresident)k
72inputs+104outputs (0major+13571minor)pagefaults 0swaps
    ./original/fast/smt_tests/basic/epsilon/epsilon4_test.tla
0.06user 0.04system 0:00.09elapsed 114%CPU (0avgtext+0avgdata 28008maxresident)k
64inputs+104outputs (0major+13582minor)pagefaults 0swaps
    ./original/fast/smt_tests/basic/extensionality/empty_set_ext_test.tla
0.06user 0.03system 0:00.09elapsed 110%CPU (0avgtext+0avgdata 28156maxresident)k
128inputs+104outputs (0major+13601minor)pagefaults 0swaps
    ./original/fast/smt_tests/basic/extensionality/enum_ext_test.tla
0.05user 0.04system 0:00.08elapsed 113%CPU (0avgtext+0avgdata 28060maxresident)k
48inputs+104outputs (0major+13641minor)pagefaults 0swaps
    ./original/fast/smt_tests/basic/extensionality/fun_ext_test.tla
0.05user 0.04system 0:00.08elapsed 113%CPU (0avgtext+0avgdata 25636maxresident)k
40inputs+104outputs (0major+13470minor)pagefaults 0swaps
    ./original/fast/smt_tests/basic/extensionality/set_ext_test.tla
0.08user 0.02system 0:00.09elapsed 115%CPU (0avgtext+0avgdata 30352maxresident)k
64inputs+104outputs (0major+13751minor)pagefaults 0swaps
    ./original/fast/smt_tests/basic/extensionality/tup_ext_test.tla
0.06user 0.03system 0:00.09elapsed 113%CPU (0avgtext+0avgdata 25604maxresident)k
304inputs+104outputs (1major+13472minor)pagefaults 0swaps
    ./original/fast/smt_tests/basic/firstorder/firstorder1_test.tla
0.07user 0.03system 0:00.09elapsed 113%CPU (0avgtext+0avgdata 28260maxresident)k
104inputs+104outputs (0major+13640minor)pagefaults 0swaps
    ./original/fast/smt_tests/basic/firstorder/firstorder1_wproof_test.tla
0.09user 0.04system 0:00.10elapsed 133%CPU (0avgtext+0avgdata 28108maxresident)k
160inputs+144outputs (0major+22999minor)pagefaults 0swaps
    ./original/fast/smt_tests/basic/firstorder/firstorder2_test.tla
0.05user 0.04system 0:00.09elapsed 113%CPU (0avgtext+0avgdata 28076maxresident)k
32inputs+104outputs (0major+13665minor)pagefaults 0swaps
    ./original/fast/smt_tests/basic/firstorder/firstorder2_wproof_test.tla
0.08user 0.05system 0:00.10elapsed 131%CPU (0avgtext+0avgdata 28040maxresident)k
48inputs+144outputs (0major+23057minor)pagefaults 0swaps
    ./original/fast/smt_tests/basic/firstorder/firstorder3_test.tla
0.06user 0.04system 0:00.09elapsed 113%CPU (0avgtext+0avgdata 29760maxresident)k
592inputs+104outputs (0major+13732minor)pagefaults 0swaps
    ./original/fast/smt_tests/basic/firstorder/firstorder3_wproof_test.tla
0.06user 0.07system 0:00.10elapsed 137%CPU (0avgtext+0avgdata 29644maxresident)k
64inputs+144outputs (0major+23420minor)pagefaults 0swaps
    ./original/fast/smt_tests/basic/firstorder/firstorder4_test.tla
0.07user 0.03system 0:00.09elapsed 114%CPU (0avgtext+0avgdata 29836maxresident)k
64inputs+104outputs (0major+13698minor)pagefaults 0swaps
    ./original/fast/smt_tests/basic/firstorder/firstorder4_wproof_test.tla
0.08user 0.06system 0:00.10elapsed 150%CPU (0avgtext+0avgdata 29780maxresident)k
584inputs+160outputs (0major+27950minor)pagefaults 0swaps
    ./original/fast/smt_tests/basic/firstorder/firstorder5_test.tla
0.05user 0.04system 0:00.09elapsed 113%CPU (0avgtext+0avgdata 29864maxresident)k
320inputs+104outputs (0major+13747minor)pagefaults 0swaps
    ./original/fast/smt_tests/basic/firstorder/firstorder5_wproof_test.tla
0.08user 0.07system 0:00.10elapsed 147%CPU (0avgtext+0avgdata 28208maxresident)k
56inputs+160outputs (0major+27878minor)pagefaults 0swaps
    ./original/fast/smt_tests/basic/firstorder/firstorder6_test.tla
0.08user 0.02system 0:00.10elapsed 116%CPU (0avgtext+0avgdata 29844maxresident)k
56inputs+104outputs (0major+13747minor)pagefaults 0swaps
    ./original/fast/smt_tests/basic/firstorder/firstorder6_wproof_test.tla
0.10user 0.05system 0:00.11elapsed 147%CPU (0avgtext+0avgdata 29928maxresident)k
56inputs+160outputs (0major+28320minor)pagefaults 0swaps
    ./original/fast/smt_tests/basic/function/function10_test.tla
0.05user 0.04system 0:00.09elapsed 111%CPU (0avgtext+0avgdata 25568maxresident)k
448inputs+104outputs (0major+13523minor)pagefaults 0swaps
    ./original/fast/smt_tests/basic/function/function11_test.tla
0.07user 0.03system 0:00.09elapsed 113%CPU (0avgtext+0avgdata 27760maxresident)k
56inputs+104outputs (0major+13675minor)pagefaults 0swaps
    ./original/fast/smt_tests/basic/function/function12_test.tla
11.08user 14.05system 0:25.11elapsed 100%CPU (0avgtext+0avgdata 24684maxresident)k
40inputs+152outputs (0major+14525minor)pagefaults 0swaps
    ./original/fast/smt_tests/basic/function/function13_test.tla
0.08user 0.04system 0:00.11elapsed 112%CPU (0avgtext+0avgdata 25688maxresident)k
64inputs+104outputs (0major+13503minor)pagefaults 0swaps
    ./original/fast/smt_tests/basic/function/function14_test.tla
0.08user 0.03system 0:00.10elapsed 113%CPU (0avgtext+0avgdata 28092maxresident)k
56inputs+104outputs (0major+13687minor)pagefaults 0swaps
    ./original/fast/smt_tests/basic/function/function15_test.tla
0.08user 0.03system 0:00.10elapsed 113%CPU (0avgtext+0avgdata 25520maxresident)k
48inputs+104outputs (0major+13506minor)pagefaults 0swaps
    ./original/fast/smt_tests/basic/function/function16_test.tla
10.90user 14.24system 0:25.12elapsed 100%CPU (0avgtext+0avgdata 22128maxresident)k
32inputs+160outputs (0major+13866minor)pagefaults 0swaps
    ./original/fast/smt_tests/basic/function/function17_test.tla
0.08user 0.05system 0:00.12elapsed 114%CPU (0avgtext+0avgdata 29544maxresident)k
320inputs+120outputs (0major+13718minor)pagefaults 0swaps
    ./original/fast/smt_tests/basic/function/function18_test.tla
0.07user 0.04system 0:00.10elapsed 112%CPU (0avgtext+0avgdata 25516maxresident)k
40inputs+104outputs (0major+13567minor)pagefaults 0swaps
    ./original/fast/smt_tests/basic/function/function1_test.tla
0.07user 0.04system 0:00.10elapsed 114%CPU (0avgtext+0avgdata 25540maxresident)k
40inputs+104outputs (0major+13464minor)pagefaults 0swaps
    ./original/fast/smt_tests/basic/function/function20_test.tla
0.07user 0.03system 0:00.10elapsed 111%CPU (0avgtext+0avgdata 25580maxresident)k
320inputs+104outputs (0major+13502minor)pagefaults 0swaps
    ./original/fast/smt_tests/basic/function/function21_test.tla
0.08user 0.02system 0:00.09elapsed 114%CPU (0avgtext+0avgdata 25512maxresident)k
40inputs+104outputs (0major+13467minor)pagefaults 0swaps
    ./original/fast/smt_tests/basic/function/function22_test.tla
0.06user 0.04system 0:00.09elapsed 114%CPU (0avgtext+0avgdata 25480maxresident)k
40inputs+104outputs (0major+13469minor)pagefaults 0swaps
    ./original/fast/smt_tests/basic/function/function23_test.tla
0.07user 0.03system 0:00.09elapsed 114%CPU (0avgtext+0avgdata 29856maxresident)k
56inputs+112outputs (0major+13665minor)pagefaults 0swaps
    ./original/fast/smt_tests/basic/function/function24_test.tla
0.07user 0.04system 0:00.09elapsed 114%CPU (0avgtext+0avgdata 25672maxresident)k
48inputs+104outputs (0major+13468minor)pagefaults 0swaps
    ./original/fast/smt_tests/basic/function/function25_test.tla
0.07user 0.03system 0:00.10elapsed 111%CPU (0avgtext+0avgdata 25624maxresident)k
40inputs+104outputs (0major+13480minor)pagefaults 0swaps
    ./original/fast/smt_tests/basic/function/function26_test.tla
0.06user 0.03system 0:00.09elapsed 112%CPU (0avgtext+0avgdata 25628maxresident)k
48inputs+104outputs (0major+13453minor)pagefaults 0swaps
    ./original/fast/smt_tests/basic/function/function27_test.tla
0.07user 0.03system 0:00.09elapsed 113%CPU (0avgtext+0avgdata 30128maxresident)k
40inputs+120outputs (0major+13747minor)pagefaults 0swaps
    ./original/fast/smt_tests/basic/function/function28_test.tla
0.08user 0.03system 0:00.09elapsed 114%CPU (0avgtext+0avgdata 30732maxresident)k
48inputs+120outputs (0major+13734minor)pagefaults 0swaps
    ./original/fast/smt_tests/basic/function/function29_test.tla
0.06user 0.04system 0:00.09elapsed 112%CPU (0avgtext+0avgdata 25764maxresident)k
40inputs+104outputs (0major+13531minor)pagefaults 0swaps
    ./original/fast/smt_tests/basic/function/function2_test.tla
0.06user 0.03system 0:00.09elapsed 114%CPU (0avgtext+0avgdata 27964maxresident)k
48inputs+104outputs (0major+13612minor)pagefaults 0swaps
    ./original/fast/smt_tests/basic/function/function30_test.tla
0.07user 0.02system 0:00.09elapsed 113%CPU (0avgtext+0avgdata 25752maxresident)k
56inputs+104outputs (0major+13534minor)pagefaults 0swaps
    ./original/fast/smt_tests/basic/function/function3_test.tla
0.09user 0.04system 0:00.11elapsed 127%CPU (0avgtext+0avgdata 29596maxresident)k
64inputs+128outputs (0major+18399minor)pagefaults 0swaps
    ./original/fast/smt_tests/basic/function/function5_test.tla
0.07user 0.03system 0:00.09elapsed 112%CPU (0avgtext+0avgdata 27976maxresident)k
48inputs+104outputs (0major+13649minor)pagefaults 0swaps
    ./original/fast/smt_tests/basic/function/function6_test.tla
0.07user 0.03system 0:00.09elapsed 113%CPU (0avgtext+0avgdata 25676maxresident)k
32inputs+104outputs (0major+13468minor)pagefaults 0swaps
    ./original/fast/smt_tests/basic/function/function7_test.tla
0.06user 0.04system 0:00.09elapsed 111%CPU (0avgtext+0avgdata 25552maxresident)k
40inputs+104outputs (0major+13422minor)pagefaults 0swaps
    ./original/fast/smt_tests/basic/prop/basic_test.tla
0.04user 0.05system 0:00.09elapsed 112%CPU (0avgtext+0avgdata 25568maxresident)k
368inputs+104outputs (0major+13483minor)pagefaults 0swaps
    ./original/fast/smt_tests/basic/prop/prop10_test.tla
0.07user 0.02system 0:00.08elapsed 112%CPU (0avgtext+0avgdata 25628maxresident)k
48inputs+104outputs (0major+13494minor)pagefaults 0swaps
    ./original/fast/smt_tests/basic/prop/prop11_test.tla
0.06user 0.03system 0:00.09elapsed 114%CPU (0avgtext+0avgdata 28152maxresident)k
32inputs+104outputs (0major+13621minor)pagefaults 0swaps
    ./original/fast/smt_tests/basic/prop/prop12_test.tla
0.05user 0.04system 0:00.08elapsed 115%CPU (0avgtext+0avgdata 28124maxresident)k
32inputs+104outputs (0major+13620minor)pagefaults 0swaps
    ./original/fast/smt_tests/basic/prop/prop1_test.tla
0.06user 0.04system 0:00.09elapsed 111%CPU (0avgtext+0avgdata 25644maxresident)k
72inputs+104outputs (0major+13451minor)pagefaults 0swaps
    ./original/fast/smt_tests/basic/prop/prop2_test.tla
0.05user 0.04system 0:00.08elapsed 112%CPU (0avgtext+0avgdata 25628maxresident)k
40inputs+104outputs (0major+13488minor)pagefaults 0swaps
    ./original/fast/smt_tests/basic/prop/prop3_test.tla
0.06user 0.03system 0:00.09elapsed 113%CPU (0avgtext+0avgdata 25672maxresident)k
32inputs+104outputs (0major+13508minor)pagefaults 0swaps
    ./original/fast/smt_tests/basic/prop/prop4_test.tla
0.07user 0.02system 0:00.08elapsed 114%CPU (0avgtext+0avgdata 25620maxresident)k
40inputs+104outputs (0major+13506minor)pagefaults 0swaps
    ./original/fast/smt_tests/basic/prop/prop5_test.tla
0.06user 0.04system 0:00.09elapsed 114%CPU (0avgtext+0avgdata 25672maxresident)k
48inputs+104outputs (0major+13503minor)pagefaults 0swaps
    ./original/fast/smt_tests/basic/prop/prop6_test.tla
0.05user 0.04system 0:00.08elapsed 113%CPU (0avgtext+0avgdata 25672maxresident)k
56inputs+104outputs (0major+13472minor)pagefaults 0swaps
    ./original/fast/smt_tests/basic/prop/prop7_test.tla
0.07user 0.03system 0:00.09elapsed 114%CPU (0avgtext+0avgdata 28156maxresident)k
56inputs+104outputs (0major+13633minor)pagefaults 0swaps
    ./original/fast/smt_tests/basic/prop/prop8_test.tla
0.07user 0.02system 0:00.08elapsed 112%CPU (0avgtext+0avgdata 28152maxresident)k
40inputs+104outputs (0major+13654minor)pagefaults 0swaps
    ./original/fast/smt_tests/basic/prop/prop9_test.tla
0.06user 0.03system 0:00.08elapsed 113%CPU (0avgtext+0avgdata 25568maxresident)k
48inputs+104outputs (0major+13462minor)pagefaults 0swaps
    ./original/fast/smt_tests/basic/record/record1_test.tla
0.06user 0.04system 0:00.09elapsed 112%CPU (0avgtext+0avgdata 25508maxresident)k
88inputs+104outputs (0major+13450minor)pagefaults 0swaps
    ./original/fast/smt_tests/basic/record/record2_test.tla
0.07user 0.03system 0:00.09elapsed 111%CPU (0avgtext+0avgdata 25576maxresident)k
64inputs+104outputs (0major+13489minor)pagefaults 0swaps
    ./original/fast/smt_tests/basic/record/record3_test.tla
0.07user 0.03system 0:00.09elapsed 113%CPU (0avgtext+0avgdata 25492maxresident)k
56inputs+104outputs (0major+13490minor)pagefaults 0swaps
    ./original/fast/smt_tests/basic/set/set10_test.tla
0.06user 0.04system 0:00.09elapsed 110%CPU (0avgtext+0avgdata 27996maxresident)k
368inputs+104outputs (0major+13583minor)pagefaults 0swaps
    ./original/fast/smt_tests/basic/set/set11_test.tla
0.07user 0.02system 0:00.08elapsed 113%CPU (0avgtext+0avgdata 25632maxresident)k
40inputs+104outputs (0major+13483minor)pagefaults 0swaps
    ./original/fast/smt_tests/basic/set/set12_test.tla
0.05user 0.04system 0:00.08elapsed 112%CPU (0avgtext+0avgdata 25568maxresident)k
32inputs+104outputs (0major+13489minor)pagefaults 0swaps
    ./original/fast/smt_tests/basic/set/set13_test.tla
0.07user 0.03system 0:00.09elapsed 113%CPU (0avgtext+0avgdata 25584maxresident)k
48inputs+104outputs (0major+13451minor)pagefaults 0swaps
    ./original/fast/smt_tests/basic/set/set14_test.tla
0.07user 0.03system 0:00.09elapsed 115%CPU (0avgtext+0avgdata 28072maxresident)k
32inputs+104outputs (0major+13602minor)pagefaults 0swaps
    ./original/fast/smt_tests/basic/set/set15_test.tla
0.05user 0.05system 0:00.09elapsed 112%CPU (0avgtext+0avgdata 25508maxresident)k
40inputs+104outputs (0major+13488minor)pagefaults 0swaps
    ./original/fast/smt_tests/basic/set/set16_test.tla
0.05user 0.04system 0:00.09elapsed 113%CPU (0avgtext+0avgdata 29524maxresident)k
48inputs+104outputs (0major+13800minor)pagefaults 0swaps
    ./original/fast/smt_tests/basic/set/set17_test.tla
0.05user 0.04system 0:00.09elapsed 112%CPU (0avgtext+0avgdata 25588maxresident)k
40inputs+104outputs (0major+13501minor)pagefaults 0swaps
    ./original/fast/smt_tests/basic/set/set18_test.tla
0.08user 0.03system 0:00.09elapsed 115%CPU (0avgtext+0avgdata 29628maxresident)k
48inputs+104outputs (0major+13754minor)pagefaults 0swaps
    ./original/fast/smt_tests/basic/set/set19_test.tla
0.05user 0.03system 0:00.08elapsed 112%CPU (0avgtext+0avgdata 25748maxresident)k
288inputs+104outputs (0major+13491minor)pagefaults 0swaps
    ./original/fast/smt_tests/basic/set/set1_test.tla
0.07user 0.02system 0:00.08elapsed 114%CPU (0avgtext+0avgdata 28156maxresident)k
56inputs+104outputs (0major+13585minor)pagefaults 0swaps
    ./original/fast/smt_tests/basic/set/set2_test.tla
0.05user 0.04system 0:00.08elapsed 113%CPU (0avgtext+0avgdata 25568maxresident)k
48inputs+104outputs (0major+13477minor)pagefaults 0swaps
    ./original/fast/smt_tests/basic/set/set3_test.tla
0.08user 0.01system 0:00.08elapsed 112%CPU (0avgtext+0avgdata 25804maxresident)k
56inputs+104outputs (0major+13474minor)pagefaults 0swaps
    ./original/fast/smt_tests/basic/set/set4_test.tla
0.07user 0.03system 0:00.09elapsed 115%CPU (0avgtext+0avgdata 25708maxresident)k
48inputs+104outputs (0major+13460minor)pagefaults 0swaps
    ./original/fast/smt_tests/basic/set/set5_test.tla
0.06user 0.03system 0:00.08elapsed 114%CPU (0avgtext+0avgdata 25548maxresident)k
32inputs+104outputs (0major+13479minor)pagefaults 0swaps
    ./original/fast/smt_tests/basic/set/set6_test.tla
0.05user 0.05system 0:00.08elapsed 113%CPU (0avgtext+0avgdata 28152maxresident)k
40inputs+104outputs (0major+13631minor)pagefaults 0swaps
    ./original/fast/smt_tests/basic/set/set7_test.tla
0.05user 0.04system 0:00.08elapsed 112%CPU (0avgtext+0avgdata 25572maxresident)k
40inputs+104outputs (0major+13464minor)pagefaults 0swaps
    ./original/fast/smt_tests/basic/set/set8_test.tla
0.06user 0.03system 0:00.08elapsed 113%CPU (0avgtext+0avgdata 28148maxresident)k
40inputs+104outputs (0major+13612minor)pagefaults 0swaps
    ./original/fast/smt_tests/basic/set/set9_test.tla
0.06user 0.04system 0:00.09elapsed 114%CPU (0avgtext+0avgdata 28192maxresident)k
48inputs+104outputs (0major+13591minor)pagefaults 0swaps
    ./original/fast/smt_tests/basic/string/strings1_test.tla
0.06user 0.03system 0:00.08elapsed 112%CPU (0avgtext+0avgdata 25684maxresident)k
80inputs+104outputs (0major+13445minor)pagefaults 0swaps
    ./original/fast/smt_tests/basic/string/strings2_test.tla
0.07user 0.02system 0:00.08elapsed 113%CPU (0avgtext+0avgdata 25608maxresident)k
56inputs+104outputs (0major+13467minor)pagefaults 0swaps
    ./original/fast/smt_tests/basic/tuple/tuple1_test.tla
0.07user 0.02system 0:00.08elapsed 111%CPU (0avgtext+0avgdata 25620maxresident)k
128inputs+104outputs (0major+13426minor)pagefaults 0swaps
    ./original/fast/smt_tests/basic/tuple/tuple2_test.tla
0.07user 0.04system 0:00.10elapsed 116%CPU (0avgtext+0avgdata 28104maxresident)k
40inputs+104outputs (0major+13595minor)pagefaults 0swaps
    ./original/fast/smt_tests/basic/tuple/tuple3_test.tla
0.06user 0.04system 0:00.09elapsed 112%CPU (0avgtext+0avgdata 25532maxresident)k
40inputs+104outputs (0major+13457minor)pagefaults 0swaps
    ./original/fast/smt_tests/basic/tuple/tuple4_test.tla
0.07user 0.02system 0:00.09elapsed 113%CPU (0avgtext+0avgdata 25724maxresident)k
40inputs+104outputs (0major+13447minor)pagefaults 0swaps
    ./original/fast/smt_tests/basic/tuple/tuple5_test.tla
0.07user 0.03system 0:00.09elapsed 115%CPU (0avgtext+0avgdata 25636maxresident)k
56inputs+104outputs (0major+13507minor)pagefaults 0swaps
    ./original/fast/smt_tests/basic/tuple/tuple6_test.tla
0.06user 0.03system 0:00.08elapsed 112%CPU (0avgtext+0avgdata 25628maxresident)k
40inputs+104outputs (0major+13455minor)pagefaults 0swaps
    ./original/fast/smt_tests/basic/tuple/tuple7_test.tla
0.05user 0.03system 0:00.08elapsed 114%CPU (0avgtext+0avgdata 25728maxresident)k
56inputs+104outputs (0major+13485minor)pagefaults 0swaps
    ./original/fast/smt_tests/lang/user_ops_test.tla
0.30user 0.03system 0:00.33elapsed 102%CPU (0avgtext+0avgdata 25568maxresident)k
88inputs+152outputs (0major+14608minor)pagefaults 0swaps
    ./original/fast/smt_tests/negative/one_div_zero_test.tla
2.20user 2.92system 0:05.10elapsed 100%CPU (0avgtext+0avgdata 21540maxresident)k
112inputs+136outputs (0major+13688minor)pagefaults 0swaps
    ./original/fast/smt_tests/negative/zero_in_one_test.tla
2.30user 2.84system 0:05.13elapsed 100%CPU (0avgtext+0avgdata 21528maxresident)k
304inputs+120outputs (0major+13655minor)pagefaults 0swaps
    ./original/fast/smt_tests/rewriting_rules/quantifiers_test.tla
0.12user 0.09system 0:00.13elapsed 164%CPU (0avgtext+0avgdata 25720maxresident)k
80inputs+192outputs (0major+36944minor)pagefaults 0swaps
    ./original/fast/smt_tests/silly_theorems/app_ambiguity_test.tla
0.08user 0.04system 0:00.11elapsed 114%CPU (0avgtext+0avgdata 28012maxresident)k
88inputs+104outputs (0major+13737minor)pagefaults 0swaps
    ./original/fast/smt_tests/silly_theorems/nonempty_integer_test.tla
0.12user 0.05system 0:00.12elapsed 152%CPU (0avgtext+0avgdata 30728maxresident)k
32inputs+160outputs (0major+28265minor)pagefaults 0swaps
    ./original/fast/smt_tests/silly_theorems/one_implies_one_test.tla
0.06user 0.05system 0:00.10elapsed 117%CPU (0avgtext+0avgdata 21492maxresident)k
32inputs+104outputs (0major+13365minor)pagefaults 0swaps
    ./original/fast/smt_tests/silly_theorems/record_as_function_test.tla
0.07user 0.04system 0:00.10elapsed 114%CPU (0avgtext+0avgdata 29792maxresident)k
32inputs+104outputs (0major+13700minor)pagefaults 0swaps
    ./original/fast/smt_tests/silly_theorems/x_implies_x_test.tla
0.07user 0.03system 0:00.09elapsed 112%CPU (0avgtext+0avgdata 25452maxresident)k
56inputs+104outputs (0major+13474minor)pagefaults 0swaps
    ./original/medium/regression/select_bug_test.tla
22.13user 27.96system 0:50.10elapsed 99%CPU (0avgtext+0avgdata 21416maxresident)k
80inputs+144outputs (0major+9500minor)pagefaults 0swaps
    ./original/medium/regression/snapshot/GFX_test.tla
forbidden output is present
Command exited with non-zero status 3
223.81user 33.22system 2:55.35elapsed 146%CPU (0avgtext+0avgdata 1004636maxresident)k
456inputs+19400outputs (1major+1857516minor)pagefaults 0swaps
    ./original/medium/regression/snapshot/SnapShot_test.tla
forbidden output is present
Command exited with non-zero status 3
504.25user 12.52system 7:55.62elapsed 108%CPU (0avgtext+0avgdata 3875988maxresident)k
283208inputs+43000outputs (1493major+4386102minor)pagefaults 0swaps
###### 2023-11-11 21:01:51 ./TOOLS/do_tests .
    ./fast/basic/cvc3_false_test.tla
0.04user 0.02system 0:00.06elapsed 98%CPU (0avgtext+0avgdata 21388maxresident)k
528inputs+88outputs (0major+8570minor)pagefaults 0swaps
    ./fast/basic/isa_false_test.tla
0.03user 0.01system 0:00.05elapsed 102%CPU (0avgtext+0avgdata 21428maxresident)k
40inputs+96outputs (0major+8458minor)pagefaults 0swaps
    ./fast/basic/isa_true_test.tla
forbidden output is present
Command exited with non-zero status 3
0.02user 0.02system 0:00.05elapsed 101%CPU (0avgtext+0avgdata 21296maxresident)k
32inputs+96outputs (0major+8475minor)pagefaults 0swaps
    ./fast/basic/smt_arith_test.tla
0.05user 0.02system 0:00.07elapsed 114%CPU (0avgtext+0avgdata 25792maxresident)k
16inputs+104outputs (0major+13463minor)pagefaults 0swaps
    ./fast/basic/smt_false_test.tla
0.04user 0.02system 0:00.06elapsed 112%CPU (0avgtext+0avgdata 25596maxresident)k
16inputs+104outputs (0major+13474minor)pagefaults 0swaps
    ./fast/basic/true_test.tla
0.04user 0.02system 0:00.06elapsed 113%CPU (0avgtext+0avgdata 25756maxresident)k
16inputs+104outputs (0major+13533minor)pagefaults 0swaps
    ./fast/basic/z3_arith_test.tla
0.04user 0.02system 0:00.06elapsed 113%CPU (0avgtext+0avgdata 25664maxresident)k
16inputs+104outputs (0major+13475minor)pagefaults 0swaps
    ./fast/basic/z3_false_test.tla
0.06user 0.00system 0:00.06elapsed 116%CPU (0avgtext+0avgdata 25580maxresident)k
16inputs+104outputs (0major+13491minor)pagefaults 0swaps
    ./fast/basic/zen_false_test.tla
0.04user 0.02system 0:00.06elapsed 118%CPU (0avgtext+0avgdata 21448maxresident)k
16inputs+104outputs (0major+13010minor)pagefaults 0swaps
    ./fast/basic/zen_true_test.tla
0.06user 0.01system 0:00.06elapsed 120%CPU (0avgtext+0avgdata 21516maxresident)k
136inputs+104outputs (5major+13018minor)pagefaults 0swaps
    ./fast/enabled_cdot/AutoUSE_fingerprint/AutoUSE_fingerprint_test.tla
required error output is missing
Command exited with non-zero status 3
0.07user 0.03system 0:00.10elapsed 100%CPU (0avgtext+0avgdata 21512maxresident)k
264inputs+176outputs (0major+17222minor)pagefaults 0swaps
    ./fast/enabled_cdot/Cdot_test.tla
0.08user 0.04system 0:00.07elapsed 182%CPU (0avgtext+0avgdata 23248maxresident)k
264inputs+184outputs (0major+27036minor)pagefaults 0swaps
    ./fast/enabled_cdot/ENABLEDaxioms_conj_fingerprinting/ENABLEDaxioms_conj_fingerprinting_test.tla
required error output is missing
Command exited with non-zero status 3
0.08user 0.02system 0:00.10elapsed 102%CPU (0avgtext+0avgdata 21504maxresident)k
40inputs+176outputs (0major+17171minor)pagefaults 0swaps
    ./fast/enabled_cdot/ENABLEDaxioms_conj_hidden_actions_test.tla
0.03user 0.02system 0:00.05elapsed 100%CPU (0avgtext+0avgdata 21560maxresident)k
24inputs+88outputs (0major+8428minor)pagefaults 0swaps
    ./fast/enabled_cdot/ENABLEDaxioms_conj_test.tla
forbidden output is present
Command exited with non-zero status 3
0.04user 0.01system 0:00.05elapsed 101%CPU (0avgtext+0avgdata 21440maxresident)k
16inputs+96outputs (0major+8519minor)pagefaults 0swaps
    ./fast/enabled_cdot/ENABLEDaxioms_conj_visible_actions_fail_test.tla
0.03user 0.02system 0:00.05elapsed 101%CPU (0avgtext+0avgdata 21428maxresident)k
16inputs+88outputs (0major+8423minor)pagefaults 0swaps
    ./fast/enabled_cdot/ENABLEDaxioms_conj_visible_actions_test.tla
forbidden output is present
Command exited with non-zero status 3
0.03user 0.01system 0:00.05elapsed 101%CPU (0avgtext+0avgdata 21320maxresident)k
16inputs+88outputs (0major+8455minor)pagefaults 0swaps
    ./fast/enabled_cdot/ENABLEDaxioms_test.tla
forbidden output is present
Command exited with non-zero status 3
0.03user 0.02system 0:00.05elapsed 100%CPU (0avgtext+0avgdata 21476maxresident)k
16inputs+104outputs (0major+8573minor)pagefaults 0swaps
    ./fast/enabled_cdot/ENABLED_INSTANCE_nullary_op_test.tla
0.05user 0.04system 0:00.07elapsed 126%CPU (0avgtext+0avgdata 29820maxresident)k
24inputs+160outputs (0major+19009minor)pagefaults 0swaps
    ./fast/enabled_cdot/ENABLED_INSTANCE_nullary_op_two_vars_test.tla
forbidden output is present
Command exited with non-zero status 3
0.04user 0.05system 0:00.07elapsed 126%CPU (0avgtext+0avgdata 29912maxresident)k
16inputs+168outputs (0major+19031minor)pagefaults 0swaps
    ./fast/enabled_cdot/ENABLED_INSTANCE_op_with_args_test.tla
forbidden output is present
Command exited with non-zero status 3
0.05user 0.04system 0:00.07elapsed 126%CPU (0avgtext+0avgdata 29780maxresident)k
16inputs+168outputs (0major+19013minor)pagefaults 0swaps
    ./fast/enabled_cdot/ENABLEDrewrites_assignment_level_fingerprint/ENABLEDrewrites_assignment_level_fingerprint_test.tla
required error output is missing
Command exited with non-zero status 3
0.06user 0.02system 0:00.09elapsed 100%CPU (0avgtext+0avgdata 21504maxresident)k
32inputs+96outputs (0major+15563minor)pagefaults 0swaps
    ./fast/enabled_cdot/ENABLEDrewrites_bpragma_fingerprint/ENABLEDrewrites_bpragma_fingerprint_test.tla
required error output is missing
Command exited with non-zero status 3
0.09user 0.02system 0:00.12elapsed 100%CPU (0avgtext+0avgdata 21560maxresident)k
48inputs+136outputs (0major+16409minor)pagefaults 0swaps
    ./fast/enabled_cdot/ENABLEDrewrites_case_level_fingerprint/ENABLEDrewrites_case_level_fingerprint_test.tla
required error output is missing
Command exited with non-zero status 3
0.07user 0.02system 0:00.09elapsed 101%CPU (0avgtext+0avgdata 21380maxresident)k
32inputs+96outputs (0major+15529minor)pagefaults 0swaps
    ./fast/enabled_cdot/ENABLEDrewrites_conj_level_fingerprint/ENABLEDrewrites_conj_level_fingerprint_test.tla
required error output is missing
Command exited with non-zero status 3
0.08user 0.03system 0:00.11elapsed 100%CPU (0avgtext+0avgdata 21440maxresident)k
264inputs+96outputs (0major+15598minor)pagefaults 0swaps
    ./fast/enabled_cdot/ENABLEDrewrites_exist_level_fingerprint/ENABLEDrewrites_exist_level_fingerprint_test.tla
required error output is missing
Command exited with non-zero status 3
0.06user 0.03system 0:00.10elapsed 100%CPU (0avgtext+0avgdata 21444maxresident)k
32inputs+96outputs (0major+15618minor)pagefaults 0swaps
    ./fast/enabled_cdot/ENABLEDrewrites_mem_level_fingerprint/ENABLEDrewrites_mem_level_fingerprint_test.tla
required error output is missing
Command exited with non-zero status 3
0.07user 0.03system 0:00.10elapsed 100%CPU (0avgtext+0avgdata 21448maxresident)k
32inputs+96outputs (0major+15596minor)pagefaults 0swaps
    ./fast/enabled_cdot/ENABLEDrewrites_state_level_fingerprint/ENABLEDrewrites_state_level_fingerprint_test.tla
required error output is missing
Command exited with non-zero status 3
0.07user 0.04system 0:00.11elapsed 100%CPU (0avgtext+0avgdata 21404maxresident)k
32inputs+96outputs (0major+15515minor)pagefaults 0swaps
    ./fast/enabled_cdot/ENABLEDrewrites_ternary_level_fingerprint/ENABLEDrewrites_ternary_level_fingerprint_test.tla
required error output is missing
Command exited with non-zero status 3
0.09user 0.02system 0:00.12elapsed 100%CPU (0avgtext+0avgdata 21356maxresident)k
32inputs+96outputs (0major+15544minor)pagefaults 0swaps
    ./fast/enabled_cdot/ENABLEDrewrites_test.tla
wrong result code
Command exited with non-zero status 3
0.03user 0.01system 0:00.04elapsed 100%CPU (0avgtext+0avgdata 21444maxresident)k
8inputs+48outputs (0major+7722minor)pagefaults 0swaps
    ./fast/enabled_cdot/ENABLEDrules_fingerprint_levels/ENABLEDrules_fingerprint_levels_test.tla
required error output is missing
Command exited with non-zero status 3
0.07user 0.02system 0:00.09elapsed 100%CPU (0avgtext+0avgdata 21448maxresident)k
32inputs+96outputs (0major+15633minor)pagefaults 0swaps
    ./fast/enabled_cdot/ENABLEDrules_test.tla
wrong result code
Command exited with non-zero status 3
0.02user 0.01system 0:00.04elapsed 100%CPU (0avgtext+0avgdata 21396maxresident)k
8inputs+48outputs (0major+7617minor)pagefaults 0swaps
    ./fast/enabled_cdot/Enabled_test.tla
0.24user 0.19system 0:00.14elapsed 304%CPU (0avgtext+0avgdata 30068maxresident)k
32inputs+624outputs (0major+132832minor)pagefaults 0swaps
    ./fast/enabled_cdot/ExpandENABLED_LET_test.tla
0.03user 0.03system 0:00.05elapsed 120%CPU (0avgtext+0avgdata 21604maxresident)k
16inputs+104outputs (0major+13046minor)pagefaults 0swaps
    ./fast/enabled_cdot/ExpandENABLED_level_fingerprint/ExpandENABLED_level_fingerprint_test.tla
required error output is missing
Command exited with non-zero status 3
0.08user 0.02system 0:00.10elapsed 100%CPU (0avgtext+0avgdata 21320maxresident)k
40inputs+184outputs (0major+17174minor)pagefaults 0swaps
    ./fast/enabled_cdot/ExpandOnlyCdot_test.tla
0.03user 0.01system 0:00.05elapsed 104%CPU (0avgtext+0avgdata 21444maxresident)k
16inputs+88outputs (0major+8458minor)pagefaults 0swaps
    ./fast/enabled_cdot/ExpandOnlyENABLED_test.tla
0.03user 0.01system 0:00.05elapsed 102%CPU (0avgtext+0avgdata 21512maxresident)k
16inputs+88outputs (0major+8425minor)pagefaults 0swaps
    ./fast/enabled_cdot/LevelComparisonCONSTANT_Module_Scope_test.tla
required error output is missing
Command exited with non-zero status 3
0.06user 0.01system 0:00.06elapsed 115%CPU (0avgtext+0avgdata 25680maxresident)k
16inputs+104outputs (0major+13495minor)pagefaults 0swaps
    ./fast/enabled_cdot/LevelComparisonCONSTANT_THEOREM_Scope_test.tla
required error output is missing
Command exited with non-zero status 3
0.05user 0.01system 0:00.06elapsed 113%CPU (0avgtext+0avgdata 25536maxresident)k
16inputs+104outputs (0major+13529minor)pagefaults 0swaps
    ./fast/enabled_cdot/LevelComparisonSTATE_Scope_test.tla
required error output is missing
Command exited with non-zero status 3
0.04user 0.02system 0:00.06elapsed 113%CPU (0avgtext+0avgdata 25820maxresident)k
16inputs+104outputs (0major+13515minor)pagefaults 0swaps
    ./fast/enabled_cdot/LevelComparison_test.tla
forbidden output is present
Command exited with non-zero status 3
0.09user 0.04system 0:00.07elapsed 170%CPU (0avgtext+0avgdata 25724maxresident)k
16inputs+224outputs (0major+41834minor)pagefaults 0swaps
    ./fast/enabled_cdot/Level_of_parametric_INSTANCE_test.tla
0.05user 0.02system 0:00.06elapsed 129%CPU (0avgtext+0avgdata 25712maxresident)k
96inputs+120outputs (0major+17852minor)pagefaults 0swaps
    ./fast/enabled_cdot/Level_test.tla
0.04user 0.01system 0:00.06elapsed 101%CPU (0avgtext+0avgdata 21456maxresident)k
16inputs+120outputs (0major+9102minor)pagefaults 0swaps
    ./fast/enabled_cdot/NestedCdot_test.tla
0.09user 0.03system 0:00.07elapsed 187%CPU (0avgtext+0avgdata 25128maxresident)k
16inputs+168outputs (0major+27821minor)pagefaults 0swaps
    ./fast/enabled_cdot/NestedENABLED_from_AutoUSE_test.tla
forbidden output is present
Command exited with non-zero status 3
0.04user 0.01system 0:00.05elapsed 100%CPU (0avgtext+0avgdata 21372maxresident)k
16inputs+96outputs (0major+8475minor)pagefaults 0swaps
    ./fast/enabled_cdot/NestedENABLED_test.tla
0.07user 0.03system 0:00.07elapsed 147%CPU (0avgtext+0avgdata 22548maxresident)k
16inputs+160outputs (0major+22628minor)pagefaults 0swaps
    ./fast/enabled_cdot/UnsoundCoalescingThmDecl_test.tla
0.06user 0.05system 0:00.08elapsed 149%CPU (0avgtext+0avgdata 30004maxresident)k
16inputs+168outputs (0major+27899minor)pagefaults 0swaps
    ./fast/fingerprint/FingerprintVariablesParameters_test.tla
required error output is missing
Command exited with non-zero status 3
0.04user 0.04system 0:00.08elapsed 101%CPU (0avgtext+0avgdata 21504maxresident)k
16inputs+104outputs (0major+14610minor)pagefaults 0swaps
    ./fast/language/EXCEPTMultipleBrackets_test.tla
0.05user 0.03system 0:00.06elapsed 136%CPU (0avgtext+0avgdata 25624maxresident)k
16inputs+104outputs (0major+22079minor)pagefaults 0swaps
    ./fast/language/EXTENDS_in_submodule_test.tla
0.04user 0.01system 0:00.05elapsed 101%CPU (0avgtext+0avgdata 21440maxresident)k
64inputs+128outputs (0major+9104minor)pagefaults 0swaps
    ./fast/language/INSTANCE_inside_LET_fingerprint_test.tla
0.05user 0.01system 0:00.06elapsed 112%CPU (0avgtext+0avgdata 25596maxresident)k
16inputs+144outputs (0major+14224minor)pagefaults 0swaps
    ./fast/language/INSTANCE_inside_LET_test.tla
0.05user 0.02system 0:00.07elapsed 111%CPU (0avgtext+0avgdata 25728maxresident)k
32inputs+144outputs (0major+14208minor)pagefaults 0swaps
    ./fast/language/INSTANCE_shift_due_to_omitted_modunits_test.tla
0.04user 0.02system 0:00.05elapsed 101%CPU (0avgtext+0avgdata 21328maxresident)k
16inputs+136outputs (0major+9105minor)pagefaults 0swaps
    ./fast/language/Operators_test.tla
0.05user 0.03system 0:00.07elapsed 125%CPU (0avgtext+0avgdata 25708maxresident)k
16inputs+88outputs (0major+17480minor)pagefaults 0swaps
    ./fast/language/SubrefLL_test.tla
0.33user 0.25system 0:00.27elapsed 211%CPU (0avgtext+0avgdata 25808maxresident)k
40inputs+896outputs (0major+202569minor)pagefaults 0swaps
    ./fast/language/Subref_test.tla
0.30user 0.21system 0:00.12elapsed 402%CPU (0avgtext+0avgdata 25608maxresident)k
24inputs+832outputs (0major+124134minor)pagefaults 0swaps
    ./fast/language/WFTRUE_test.tla
forbidden output is present
Command exited with non-zero status 3
0.03user 0.00system 0:00.04elapsed 100%CPU (0avgtext+0avgdata 21460maxresident)k
32inputs+64outputs (0major+7845minor)pagefaults 0swaps
    ./fast/regression/consensus/consensus_test.tla
1.37user 0.48system 0:01.02elapsed 182%CPU (0avgtext+0avgdata 35860maxresident)k
80inputs+296outputs (0major+26932minor)pagefaults 0swaps
    ./fast/regression/cooper_instantiation_test.tla
0.03user 0.01system 0:00.04elapsed 97%CPU (0avgtext+0avgdata 21308maxresident)k
32inputs+56outputs (0major+7488minor)pagefaults 0swaps
    ./fast/regression/higher_order_statement_test.tla
forbidden output is present
Command exited with non-zero status 3
0.06user 0.05system 0:00.08elapsed 136%CPU (0avgtext+0avgdata 29432maxresident)k
24inputs+176outputs (0major+23236minor)pagefaults 0swaps
    ./fast/regression/MiniProducerConsumer_test.tla
114.73user 33.35system 1:06.45elapsed 222%CPU (0avgtext+0avgdata 1014808maxresident)k
1232inputs+424outputs (6major+520674minor)pagefaults 0swaps
    ./fast/regression/parameterized_instantiation_test.tla
0.08user 0.05system 0:00.13elapsed 105%CPU (0avgtext+0avgdata 26376maxresident)k
10792inputs+152outputs (115major+14103minor)pagefaults 0swaps
    ./fast/regression/setEuclid_test.tla
forbidden output is present
Command exited with non-zero status 3
15.04user 11.68system 0:26.11elapsed 102%CPU (0avgtext+0avgdata 31972maxresident)k
648inputs+1232outputs (3major+136974minor)pagefaults 0swaps
    ./fast/regression/smt_domain_check_test.tla
0.08user 0.06system 0:00.12elapsed 114%CPU (0avgtext+0avgdata 29456maxresident)k
328inputs+112outputs (0major+13696minor)pagefaults 0swaps
    ./fast/regression/z3_fingerprint_test.tla
0.12user 0.07system 0:00.19elapsed 102%CPU (0avgtext+0avgdata 21516maxresident)k
48inputs+160outputs (0major+16708minor)pagefaults 0swaps
    ./fast/russell_test.tla
0.10user 0.08system 0:00.12elapsed 149%CPU (0avgtext+0avgdata 25588maxresident)k
392inputs+160outputs (1major+27432minor)pagefaults 0swaps
    ./fast/smt_tests/advanced/functions/bijection_thm_test.tla
0.35user 0.21system 0:00.31elapsed 178%CPU (0avgtext+0avgdata 29988maxresident)k
120inputs+640outputs (0major+105586minor)pagefaults 0swaps
    ./fast/smt_tests/advanced/functions/composition_test.tla
0.07user 0.05system 0:00.11elapsed 113%CPU (0avgtext+0avgdata 29956maxresident)k
72inputs+104outputs (0major+13655minor)pagefaults 0swaps
    ./fast/smt_tests/advanced/functions/identity1_test.tla
0.06user 0.04system 0:00.09elapsed 111%CPU (0avgtext+0avgdata 25668maxresident)k
48inputs+112outputs (0major+13496minor)pagefaults 0swaps
    ./fast/smt_tests/advanced/functions/identity2_test.tla
0.07user 0.04system 0:00.10elapsed 112%CPU (0avgtext+0avgdata 29532maxresident)k
56inputs+120outputs (0major+13714minor)pagefaults 0swaps
    ./fast/smt_tests/advanced/set_theory/cantor1_test.tla
10.95user 14.22system 0:25.14elapsed 100%CPU (0avgtext+0avgdata 30532maxresident)k
80inputs+264outputs (0major+37929minor)pagefaults 0swaps
    ./fast/smt_tests/advanced/set_theory/choice_axiom2_test.tla
11.20user 14.06system 0:25.18elapsed 100%CPU (0avgtext+0avgdata 30024maxresident)k
48inputs+304outputs (0major+38643minor)pagefaults 0swaps
    ./fast/smt_tests/advanced/set_theory/choice_axiom_test.tla
0.22user 0.13system 0:00.17elapsed 202%CPU (0avgtext+0avgdata 30780maxresident)k
48inputs+304outputs (0major+57685minor)pagefaults 0swaps
    ./fast/smt_tests/advanced/set_theory/section_test.tla
11.00user 14.25system 0:25.16elapsed 100%CPU (0avgtext+0avgdata 29912maxresident)k
48inputs+328outputs (0major+38718minor)pagefaults 0swaps
    ./fast/smt_tests/advanced/tuples/tuple_as_function1_test.tla
0.18user 0.11system 0:00.18elapsed 162%CPU (0avgtext+0avgdata 30056maxresident)k
80inputs+336outputs (0major+51565minor)pagefaults 0swaps
    ./fast/smt_tests/advanced/tuples/tuple_as_function2_test.tla
0.21user 0.11system 0:00.19elapsed 174%CPU (0avgtext+0avgdata 29672maxresident)k
24inputs+336outputs (0major+61927minor)pagefaults 0swaps
    ./fast/smt_tests/basic/arith/arith10_test.tla
0.08user 0.02system 0:00.10elapsed 111%CPU (0avgtext+0avgdata 25592maxresident)k
528inputs+104outputs (0major+13489minor)pagefaults 0swaps
    ./fast/smt_tests/basic/arith/arith11_test.tla
0.07user 0.03system 0:00.10elapsed 113%CPU (0avgtext+0avgdata 25628maxresident)k
40inputs+104outputs (0major+13472minor)pagefaults 0swaps
    ./fast/smt_tests/basic/arith/arith12_test.tla
0.07user 0.04system 0:00.10elapsed 112%CPU (0avgtext+0avgdata 28048maxresident)k
64inputs+104outputs (0major+13620minor)pagefaults 0swaps
    ./fast/smt_tests/basic/arith/arith13_test.tla
0.06user 0.04system 0:00.09elapsed 113%CPU (0avgtext+0avgdata 28140maxresident)k
48inputs+104outputs (0major+13580minor)pagefaults 0swaps
    ./fast/smt_tests/basic/arith/arith14_test.tla
0.07user 0.03system 0:00.09elapsed 112%CPU (0avgtext+0avgdata 26780maxresident)k
48inputs+104outputs (0major+13581minor)pagefaults 0swaps
    ./fast/smt_tests/basic/arith/arith15_test.tla
0.06user 0.04system 0:00.09elapsed 113%CPU (0avgtext+0avgdata 25668maxresident)k
32inputs+104outputs (0major+13455minor)pagefaults 0swaps
    ./fast/smt_tests/basic/arith/arith16_test.tla
0.06user 0.03system 0:00.09elapsed 113%CPU (0avgtext+0avgdata 25696maxresident)k
48inputs+104outputs (0major+13440minor)pagefaults 0swaps
    ./fast/smt_tests/basic/arith/arith17_test.tla
0.08user 0.02system 0:00.09elapsed 113%CPU (0avgtext+0avgdata 25604maxresident)k
48inputs+104outputs (0major+13434minor)pagefaults 0swaps
    ./fast/smt_tests/basic/arith/arith18_test.tla
0.07user 0.03system 0:00.09elapsed 113%CPU (0avgtext+0avgdata 25580maxresident)k
32inputs+104outputs (0major+13406minor)pagefaults 0swaps
    ./fast/smt_tests/basic/arith/arith19_test.tla
0.05user 0.04system 0:00.09elapsed 112%CPU (0avgtext+0avgdata 25576maxresident)k
48inputs+104outputs (0major+13505minor)pagefaults 0swaps
    ./fast/smt_tests/basic/arith/arith1_test.tla
0.05user 0.04system 0:00.08elapsed 114%CPU (0avgtext+0avgdata 25628maxresident)k
48inputs+104outputs (0major+13516minor)pagefaults 0swaps
    ./fast/smt_tests/basic/arith/arith2_test.tla
0.05user 0.04system 0:00.10elapsed 102%CPU (0avgtext+0avgdata 25652maxresident)k
64inputs+104outputs (0major+13442minor)pagefaults 0swaps
    ./fast/smt_tests/basic/arith/arith3_test.tla
0.06user 0.05system 0:00.11elapsed 100%CPU (0avgtext+0avgdata 25572maxresident)k
48inputs+104outputs (0major+13504minor)pagefaults 0swaps
    ./fast/smt_tests/basic/arith/arith4_test.tla
0.07user 0.03system 0:00.09elapsed 112%CPU (0avgtext+0avgdata 25584maxresident)k
64inputs+104outputs (0major+13503minor)pagefaults 0swaps
    ./fast/smt_tests/basic/arith/arith5_test.tla
0.06user 0.04system 0:00.09elapsed 112%CPU (0avgtext+0avgdata 25628maxresident)k
40inputs+104outputs (0major+13513minor)pagefaults 0swaps
    ./fast/smt_tests/basic/arith/arith6_test.tla
0.06user 0.03system 0:00.09elapsed 111%CPU (0avgtext+0avgdata 25584maxresident)k
48inputs+104outputs (0major+13464minor)pagefaults 0swaps
    ./fast/smt_tests/basic/arith/arith7_test.tla
0.08user 0.02system 0:00.09elapsed 111%CPU (0avgtext+0avgdata 25620maxresident)k
40inputs+104outputs (0major+13478minor)pagefaults 0swaps
    ./fast/smt_tests/basic/arith/arith8_test.tla
0.06user 0.03system 0:00.09elapsed 113%CPU (0avgtext+0avgdata 25604maxresident)k
48inputs+104outputs (0major+13452minor)pagefaults 0swaps
    ./fast/smt_tests/basic/arith/arith9_test.tla
0.07user 0.03system 0:00.09elapsed 112%CPU (0avgtext+0avgdata 25764maxresident)k
48inputs+104outputs (0major+13451minor)pagefaults 0swaps
    ./fast/smt_tests/basic/epsilon/epsilon1_test.tla
0.06user 0.04system 0:00.09elapsed 113%CPU (0avgtext+0avgdata 27964maxresident)k
80inputs+104outputs (0major+13623minor)pagefaults 0swaps
    ./fast/smt_tests/basic/epsilon/epsilon2_test.tla
0.04user 0.05system 0:00.09elapsed 113%CPU (0avgtext+0avgdata 27996maxresident)k
56inputs+104outputs (0major+13608minor)pagefaults 0swaps
    ./fast/smt_tests/basic/epsilon/epsilon3_test.tla
0.07user 0.03system 0:00.09elapsed 113%CPU (0avgtext+0avgdata 28296maxresident)k
48inputs+104outputs (0major+13592minor)pagefaults 0swaps
    ./fast/smt_tests/basic/epsilon/epsilon4_test.tla
0.06user 0.03system 0:00.09elapsed 113%CPU (0avgtext+0avgdata 28028maxresident)k
24inputs+104outputs (0major+13572minor)pagefaults 0swaps
    ./fast/smt_tests/basic/extensionality/empty_set_ext_test.tla
0.05user 0.04system 0:00.09elapsed 112%CPU (0avgtext+0avgdata 28084maxresident)k
64inputs+104outputs (0major+13601minor)pagefaults 0swaps
    ./fast/smt_tests/basic/extensionality/enum_ext_test.tla
0.06user 0.03system 0:00.09elapsed 114%CPU (0avgtext+0avgdata 28216maxresident)k
48inputs+104outputs (0major+13640minor)pagefaults 0swaps
    ./fast/smt_tests/basic/extensionality/fun_ext_test.tla
0.07user 0.04system 0:00.10elapsed 114%CPU (0avgtext+0avgdata 25640maxresident)k
48inputs+104outputs (0major+13469minor)pagefaults 0swaps
    ./fast/smt_tests/basic/extensionality/set_ext_test.tla
0.07user 0.02system 0:00.08elapsed 114%CPU (0avgtext+0avgdata 30172maxresident)k
32inputs+104outputs (0major+13756minor)pagefaults 0swaps
    ./fast/smt_tests/basic/extensionality/tup_ext_test.tla
0.08user 0.02system 0:00.09elapsed 112%CPU (0avgtext+0avgdata 25580maxresident)k
24inputs+104outputs (0major+13491minor)pagefaults 0swaps
    ./fast/smt_tests/basic/firstorder/firstorder1_test.tla
0.07user 0.02system 0:00.09elapsed 112%CPU (0avgtext+0avgdata 28088maxresident)k
112inputs+104outputs (0major+13637minor)pagefaults 0swaps
    ./fast/smt_tests/basic/firstorder/firstorder1_wproof_test.tla
0.09user 0.04system 0:00.10elapsed 133%CPU (0avgtext+0avgdata 28060maxresident)k
56inputs+144outputs (0major+23006minor)pagefaults 0swaps
    ./fast/smt_tests/basic/firstorder/firstorder2_test.tla
0.07user 0.03system 0:00.09elapsed 114%CPU (0avgtext+0avgdata 28028maxresident)k
64inputs+104outputs (0major+13657minor)pagefaults 0swaps
    ./fast/smt_tests/basic/firstorder/firstorder2_wproof_test.tla
0.08user 0.05system 0:00.10elapsed 133%CPU (0avgtext+0avgdata 28276maxresident)k
48inputs+144outputs (0major+23056minor)pagefaults 0swaps
    ./fast/smt_tests/basic/firstorder/firstorder3_test.tla
0.05user 0.05system 0:00.09elapsed 115%CPU (0avgtext+0avgdata 29868maxresident)k
56inputs+104outputs (0major+13744minor)pagefaults 0swaps
    ./fast/smt_tests/basic/firstorder/firstorder3_wproof_test.tla
0.08user 0.05system 0:00.10elapsed 136%CPU (0avgtext+0avgdata 29936maxresident)k
48inputs+144outputs (0major+23431minor)pagefaults 0swaps
    ./fast/smt_tests/basic/firstorder/firstorder4_test.tla
0.06user 0.03system 0:00.08elapsed 114%CPU (0avgtext+0avgdata 29660maxresident)k
56inputs+104outputs (0major+13674minor)pagefaults 0swaps
    ./fast/smt_tests/basic/firstorder/firstorder4_wproof_test.tla
0.08user 0.07system 0:00.11elapsed 145%CPU (0avgtext+0avgdata 29696maxresident)k
48inputs+160outputs (0major+27939minor)pagefaults 0swaps
    ./fast/smt_tests/basic/firstorder/firstorder5_test.tla
0.07user 0.04system 0:00.09elapsed 115%CPU (0avgtext+0avgdata 29652maxresident)k
64inputs+104outputs (0major+13734minor)pagefaults 0swaps
    ./fast/smt_tests/basic/firstorder/firstorder5_wproof_test.tla
0.09user 0.05system 0:00.10elapsed 142%CPU (0avgtext+0avgdata 28128maxresident)k
56inputs+160outputs (0major+27850minor)pagefaults 0swaps
    ./fast/smt_tests/basic/firstorder/firstorder6_test.tla
0.07user 0.02system 0:00.09elapsed 115%CPU (0avgtext+0avgdata 30016maxresident)k
64inputs+104outputs (0major+13729minor)pagefaults 0swaps
    ./fast/smt_tests/basic/firstorder/firstorder6_wproof_test.tla
0.09user 0.06system 0:00.11elapsed 146%CPU (0avgtext+0avgdata 29836maxresident)k
48inputs+160outputs (0major+28317minor)pagefaults 0swaps
    ./fast/smt_tests/basic/function/function10_test.tla
0.07user 0.03system 0:00.09elapsed 111%CPU (0avgtext+0avgdata 25588maxresident)k
600inputs+104outputs (0major+13504minor)pagefaults 0swaps
    ./fast/smt_tests/basic/function/function11_test.tla
0.06user 0.04system 0:00.09elapsed 113%CPU (0avgtext+0avgdata 28036maxresident)k
56inputs+104outputs (0major+13666minor)pagefaults 0swaps
    ./fast/smt_tests/basic/function/function12_test.tla
11.19user 13.75system 0:25.12elapsed 99%CPU (0avgtext+0avgdata 24756maxresident)k
56inputs+152outputs (0major+14530minor)pagefaults 0swaps
    ./fast/smt_tests/basic/function/function13_test.tla
0.10user 0.02system 0:00.11elapsed 113%CPU (0avgtext+0avgdata 25628maxresident)k
56inputs+104outputs (0major+13490minor)pagefaults 0swaps
    ./fast/smt_tests/basic/function/function14_test.tla
0.09user 0.03system 0:00.11elapsed 114%CPU (0avgtext+0avgdata 28020maxresident)k
24inputs+104outputs (0major+13674minor)pagefaults 0swaps
    ./fast/smt_tests/basic/function/function15_test.tla
0.07user 0.04system 0:00.10elapsed 112%CPU (0avgtext+0avgdata 25640maxresident)k
32inputs+104outputs (0major+13509minor)pagefaults 0swaps
    ./fast/smt_tests/basic/function/function16_test.tla
10.79user 14.36system 0:25.13elapsed 100%CPU (0avgtext+0avgdata 22132maxresident)k
56inputs+152outputs (0major+13874minor)pagefaults 0swaps
    ./fast/smt_tests/basic/function/function17_test.tla
0.07user 0.06system 0:00.12elapsed 113%CPU (0avgtext+0avgdata 29892maxresident)k
56inputs+120outputs (1major+13743minor)pagefaults 0swaps
    ./fast/smt_tests/basic/function/function18_test.tla
0.06user 0.05system 0:00.10elapsed 112%CPU (0avgtext+0avgdata 25608maxresident)k
24inputs+104outputs (0major+13540minor)pagefaults 0swaps
    ./fast/smt_tests/basic/function/function1_test.tla
0.05user 0.05system 0:00.10elapsed 113%CPU (0avgtext+0avgdata 25612maxresident)k
288inputs+104outputs (0major+13478minor)pagefaults 0swaps
    ./fast/smt_tests/basic/function/function20_test.tla
0.07user 0.04system 0:00.10elapsed 114%CPU (0avgtext+0avgdata 25716maxresident)k
32inputs+104outputs (0major+13479minor)pagefaults 0swaps
    ./fast/smt_tests/basic/function/function21_test.tla
0.06user 0.03system 0:00.09elapsed 113%CPU (0avgtext+0avgdata 25692maxresident)k
24inputs+104outputs (0major+13486minor)pagefaults 0swaps
    ./fast/smt_tests/basic/function/function22_test.tla
0.08user 0.02system 0:00.09elapsed 114%CPU (0avgtext+0avgdata 25624maxresident)k
32inputs+104outputs (0major+13482minor)pagefaults 0swaps
    ./fast/smt_tests/basic/function/function23_test.tla
0.07user 0.03system 0:00.10elapsed 113%CPU (0avgtext+0avgdata 30008maxresident)k
32inputs+112outputs (0major+13659minor)pagefaults 0swaps
    ./fast/smt_tests/basic/function/function24_test.tla
0.07user 0.03system 0:00.09elapsed 112%CPU (0avgtext+0avgdata 25640maxresident)k
40inputs+104outputs (0major+13485minor)pagefaults 0swaps
    ./fast/smt_tests/basic/function/function25_test.tla
0.06user 0.03system 0:00.09elapsed 110%CPU (0avgtext+0avgdata 25544maxresident)k
40inputs+104outputs (0major+13508minor)pagefaults 0swaps
    ./fast/smt_tests/basic/function/function26_test.tla
0.07user 0.03system 0:00.09elapsed 113%CPU (0avgtext+0avgdata 25644maxresident)k
24inputs+104outputs (0major+13442minor)pagefaults 0swaps
    ./fast/smt_tests/basic/function/function27_test.tla
0.08user 0.03system 0:00.10elapsed 112%CPU (0avgtext+0avgdata 30180maxresident)k
32inputs+120outputs (0major+13745minor)pagefaults 0swaps
    ./fast/smt_tests/basic/function/function28_test.tla
0.07user 0.04system 0:00.10elapsed 114%CPU (0avgtext+0avgdata 30556maxresident)k
40inputs+120outputs (0major+13744minor)pagefaults 0swaps
    ./fast/smt_tests/basic/function/function29_test.tla
0.07user 0.02system 0:00.09elapsed 111%CPU (0avgtext+0avgdata 25628maxresident)k
24inputs+104outputs (0major+13518minor)pagefaults 0swaps
    ./fast/smt_tests/basic/function/function2_test.tla
0.07user 0.02system 0:00.09elapsed 113%CPU (0avgtext+0avgdata 28092maxresident)k
16inputs+104outputs (0major+13637minor)pagefaults 0swaps
    ./fast/smt_tests/basic/function/function30_test.tla
0.06user 0.03system 0:00.09elapsed 112%CPU (0avgtext+0avgdata 25668maxresident)k
40inputs+104outputs (0major+13543minor)pagefaults 0swaps
    ./fast/smt_tests/basic/function/function3_test.tla
0.06user 0.07system 0:00.11elapsed 127%CPU (0avgtext+0avgdata 30168maxresident)k
24inputs+128outputs (0major+18423minor)pagefaults 0swaps
    ./fast/smt_tests/basic/function/function5_test.tla
0.05user 0.04system 0:00.09elapsed 111%CPU (0avgtext+0avgdata 28084maxresident)k
16inputs+104outputs (0major+13633minor)pagefaults 0swaps
    ./fast/smt_tests/basic/function/function6_test.tla
0.07user 0.03system 0:00.09elapsed 112%CPU (0avgtext+0avgdata 25676maxresident)k
32inputs+104outputs (0major+13481minor)pagefaults 0swaps
    ./fast/smt_tests/basic/function/function7_test.tla
0.05user 0.04system 0:00.09elapsed 113%CPU (0avgtext+0avgdata 25724maxresident)k
24inputs+104outputs (0major+13437minor)pagefaults 0swaps
    ./fast/smt_tests/basic/prop/basic_test.tla
0.05user 0.04system 0:00.09elapsed 111%CPU (0avgtext+0avgdata 25592maxresident)k
96inputs+104outputs (0major+13482minor)pagefaults 0swaps
    ./fast/smt_tests/basic/prop/prop10_test.tla
0.06user 0.04system 0:00.09elapsed 112%CPU (0avgtext+0avgdata 25652maxresident)k
40inputs+104outputs (0major+13491minor)pagefaults 0swaps
    ./fast/smt_tests/basic/prop/prop11_test.tla
0.09user 0.01system 0:00.09elapsed 113%CPU (0avgtext+0avgdata 28008maxresident)k
56inputs+104outputs (0major+13598minor)pagefaults 0swaps
    ./fast/smt_tests/basic/prop/prop12_test.tla
0.06user 0.04system 0:00.09elapsed 112%CPU (0avgtext+0avgdata 28060maxresident)k
320inputs+104outputs (0major+13619minor)pagefaults 0swaps
    ./fast/smt_tests/basic/prop/prop1_test.tla
0.07user 0.02system 0:00.09elapsed 112%CPU (0avgtext+0avgdata 25680maxresident)k
32inputs+104outputs (0major+13462minor)pagefaults 0swaps
    ./fast/smt_tests/basic/prop/prop2_test.tla
0.05user 0.04system 0:00.09elapsed 112%CPU (0avgtext+0avgdata 25588maxresident)k
56inputs+104outputs (0major+13477minor)pagefaults 0swaps
    ./fast/smt_tests/basic/prop/prop3_test.tla
0.05user 0.04system 0:00.08elapsed 112%CPU (0avgtext+0avgdata 25752maxresident)k
32inputs+104outputs (0major+13496minor)pagefaults 0swaps
    ./fast/smt_tests/basic/prop/prop4_test.tla
0.06user 0.04system 0:00.09elapsed 112%CPU (0avgtext+0avgdata 25548maxresident)k
48inputs+104outputs (0major+13505minor)pagefaults 0swaps
    ./fast/smt_tests/basic/prop/prop5_test.tla
0.06user 0.03system 0:00.08elapsed 113%CPU (0avgtext+0avgdata 25604maxresident)k
40inputs+104outputs (0major+13485minor)pagefaults 0swaps
    ./fast/smt_tests/basic/prop/prop6_test.tla
0.08user 0.02system 0:00.09elapsed 113%CPU (0avgtext+0avgdata 25520maxresident)k
40inputs+104outputs (0major+13458minor)pagefaults 0swaps
    ./fast/smt_tests/basic/prop/prop7_test.tla
0.05user 0.04system 0:00.08elapsed 113%CPU (0avgtext+0avgdata 27940maxresident)k
40inputs+104outputs (0major+13628minor)pagefaults 0swaps
    ./fast/smt_tests/basic/prop/prop8_test.tla
0.07user 0.02system 0:00.08elapsed 113%CPU (0avgtext+0avgdata 28000maxresident)k
48inputs+104outputs (0major+13645minor)pagefaults 0swaps
    ./fast/smt_tests/basic/prop/prop9_test.tla
0.06user 0.04system 0:00.09elapsed 112%CPU (0avgtext+0avgdata 25620maxresident)k
40inputs+104outputs (0major+13444minor)pagefaults 0swaps
    ./fast/smt_tests/basic/record/record1_test.tla
0.05user 0.04system 0:00.08elapsed 111%CPU (0avgtext+0avgdata 25564maxresident)k
64inputs+104outputs (0major+13441minor)pagefaults 0swaps
    ./fast/smt_tests/basic/record/record2_test.tla
0.08user 0.02system 0:00.09elapsed 112%CPU (0avgtext+0avgdata 25540maxresident)k
16inputs+104outputs (0major+13500minor)pagefaults 0swaps
    ./fast/smt_tests/basic/record/record3_test.tla
0.05user 0.04system 0:00.09elapsed 113%CPU (0avgtext+0avgdata 25660maxresident)k
40inputs+104outputs (0major+13469minor)pagefaults 0swaps
    ./fast/smt_tests/basic/set/set10_test.tla
0.06user 0.03system 0:00.09elapsed 113%CPU (0avgtext+0avgdata 28092maxresident)k
56inputs+104outputs (0major+13584minor)pagefaults 0swaps
    ./fast/smt_tests/basic/set/set11_test.tla
0.06user 0.04system 0:00.08elapsed 113%CPU (0avgtext+0avgdata 25620maxresident)k
48inputs+104outputs (0major+13477minor)pagefaults 0swaps
    ./fast/smt_tests/basic/set/set12_test.tla
0.06user 0.04system 0:00.09elapsed 112%CPU (0avgtext+0avgdata 25648maxresident)k
32inputs+104outputs (0major+13459minor)pagefaults 0swaps
    ./fast/smt_tests/basic/set/set13_test.tla
0.06user 0.03system 0:00.08elapsed 112%CPU (0avgtext+0avgdata 25620maxresident)k
24inputs+104outputs (0major+13434minor)pagefaults 0swaps
    ./fast/smt_tests/basic/set/set14_test.tla
0.05user 0.04system 0:00.09elapsed 113%CPU (0avgtext+0avgdata 28060maxresident)k
56inputs+104outputs (0major+13595minor)pagefaults 0swaps
    ./fast/smt_tests/basic/set/set15_test.tla
0.06user 0.03system 0:00.09elapsed 112%CPU (0avgtext+0avgdata 25624maxresident)k
16inputs+104outputs (0major+13485minor)pagefaults 0swaps
    ./fast/smt_tests/basic/set/set16_test.tla
0.08user 0.02system 0:00.09elapsed 116%CPU (0avgtext+0avgdata 29932maxresident)k
24inputs+104outputs (0major+13776minor)pagefaults 0swaps
    ./fast/smt_tests/basic/set/set17_test.tla
0.06user 0.02system 0:00.08elapsed 113%CPU (0avgtext+0avgdata 25552maxresident)k
32inputs+104outputs (0major+13489minor)pagefaults 0swaps
    ./fast/smt_tests/basic/set/set18_test.tla
0.07user 0.03system 0:00.09elapsed 113%CPU (0avgtext+0avgdata 29976maxresident)k
48inputs+104outputs (0major+13744minor)pagefaults 0swaps
    ./fast/smt_tests/basic/set/set19_test.tla
0.04user 0.05system 0:00.08elapsed 112%CPU (0avgtext+0avgdata 25552maxresident)k
32inputs+104outputs (1major+13489minor)pagefaults 0swaps
    ./fast/smt_tests/basic/set/set1_test.tla
0.05user 0.04system 0:00.09elapsed 114%CPU (0avgtext+0avgdata 28016maxresident)k
16inputs+104outputs (0major+13570minor)pagefaults 0swaps
    ./fast/smt_tests/basic/set/set2_test.tla
0.06user 0.03system 0:00.08elapsed 112%CPU (0avgtext+0avgdata 25688maxresident)k
40inputs+104outputs (0major+13459minor)pagefaults 0swaps
    ./fast/smt_tests/basic/set/set3_test.tla
0.06user 0.03system 0:00.08elapsed 112%CPU (0avgtext+0avgdata 25556maxresident)k
32inputs+104outputs (0major+13456minor)pagefaults 0swaps
    ./fast/smt_tests/basic/set/set4_test.tla
0.05user 0.04system 0:00.08elapsed 112%CPU (0avgtext+0avgdata 25704maxresident)k
24inputs+104outputs (0major+13421minor)pagefaults 0swaps
    ./fast/smt_tests/basic/set/set5_test.tla
0.05user 0.04system 0:00.09elapsed 113%CPU (0avgtext+0avgdata 25620maxresident)k
32inputs+104outputs (0major+13478minor)pagefaults 0swaps
    ./fast/smt_tests/basic/set/set6_test.tla
0.06user 0.04system 0:00.09elapsed 111%CPU (0avgtext+0avgdata 28036maxresident)k
40inputs+104outputs (0major+13596minor)pagefaults 0swaps
    ./fast/smt_tests/basic/set/set7_test.tla
0.06user 0.03system 0:00.09elapsed 114%CPU (0avgtext+0avgdata 25664maxresident)k
48inputs+104outputs (0major+13450minor)pagefaults 0swaps
    ./fast/smt_tests/basic/set/set8_test.tla
0.07user 0.03system 0:00.09elapsed 114%CPU (0avgtext+0avgdata 28064maxresident)k
24inputs+104outputs (0major+13595minor)pagefaults 0swaps
    ./fast/smt_tests/basic/set/set9_test.tla
0.04user 0.05system 0:00.09elapsed 113%CPU (0avgtext+0avgdata 28132maxresident)k
56inputs+104outputs (0major+13602minor)pagefaults 0swaps
    ./fast/smt_tests/basic/string/strings1_test.tla
0.07user 0.02system 0:00.08elapsed 111%CPU (0avgtext+0avgdata 25624maxresident)k
64inputs+104outputs (0major+13438minor)pagefaults 0swaps
    ./fast/smt_tests/basic/string/strings2_test.tla
0.06user 0.03system 0:00.09elapsed 113%CPU (0avgtext+0avgdata 25636maxresident)k
48inputs+104outputs (0major+13458minor)pagefaults 0swaps
    ./fast/smt_tests/basic/tuple/tuple1_test.tla
0.06user 0.03system 0:00.09elapsed 111%CPU (0avgtext+0avgdata 25536maxresident)k
48inputs+104outputs (0major+13430minor)pagefaults 0swaps
    ./fast/smt_tests/basic/tuple/tuple2_test.tla
0.06user 0.03system 0:00.08elapsed 114%CPU (0avgtext+0avgdata 27924maxresident)k
24inputs+104outputs (0major+13598minor)pagefaults 0swaps
    ./fast/smt_tests/basic/tuple/tuple3_test.tla
0.06user 0.04system 0:00.09elapsed 111%CPU (0avgtext+0avgdata 25748maxresident)k
32inputs+104outputs (0major+13457minor)pagefaults 0swaps
    ./fast/smt_tests/basic/tuple/tuple4_test.tla
0.05user 0.03system 0:00.08elapsed 114%CPU (0avgtext+0avgdata 25684maxresident)k
16inputs+104outputs (0major+13422minor)pagefaults 0swaps
    ./fast/smt_tests/basic/tuple/tuple5_test.tla
0.05user 0.04system 0:00.09elapsed 113%CPU (0avgtext+0avgdata 25600maxresident)k
24inputs+104outputs (0major+13471minor)pagefaults 0swaps
    ./fast/smt_tests/basic/tuple/tuple6_test.tla
0.05user 0.03system 0:00.08elapsed 112%CPU (0avgtext+0avgdata 25692maxresident)k
32inputs+104outputs (0major+13453minor)pagefaults 0swaps
    ./fast/smt_tests/basic/tuple/tuple7_test.tla
0.05user 0.04system 0:00.08elapsed 113%CPU (0avgtext+0avgdata 25540maxresident)k
16inputs+104outputs (0major+13483minor)pagefaults 0swaps
    ./fast/smt_tests/lang/user_ops_test.tla
0.33user 0.03system 0:00.35elapsed 102%CPU (0avgtext+0avgdata 25604maxresident)k
40inputs+152outputs (0major+14630minor)pagefaults 0swaps
    ./fast/smt_tests/negative/one_div_zero_test.tla
2.38user 2.74system 0:05.10elapsed 100%CPU (0avgtext+0avgdata 21464maxresident)k
96inputs+120outputs (0major+13667minor)pagefaults 0swaps
    ./fast/smt_tests/negative/zero_in_one_test.tla
2.25user 2.88system 0:05.13elapsed 100%CPU (0avgtext+0avgdata 21484maxresident)k
64inputs+136outputs (0major+13653minor)pagefaults 0swaps
    ./fast/smt_tests/rewriting_rules/quantifiers_test.tla
0.12user 0.09system 0:00.13elapsed 165%CPU (0avgtext+0avgdata 25776maxresident)k
32inputs+192outputs (0major+36939minor)pagefaults 0swaps
    ./fast/smt_tests/silly_theorems/app_ambiguity_test.tla
0.08user 0.05system 0:00.11elapsed 113%CPU (0avgtext+0avgdata 27936maxresident)k
64inputs+104outputs (0major+13737minor)pagefaults 0swaps
    ./fast/smt_tests/silly_theorems/nonempty_integer_test.tla
0.13user 0.08system 0:00.15elapsed 136%CPU (0avgtext+0avgdata 30732maxresident)k
40inputs+160outputs (0major+28255minor)pagefaults 0swaps
    ./fast/smt_tests/silly_theorems/one_implies_one_test.tla
0.08user 0.04system 0:00.11elapsed 118%CPU (0avgtext+0avgdata 21464maxresident)k
48inputs+104outputs (0major+13356minor)pagefaults 0swaps
    ./fast/smt_tests/silly_theorems/record_as_function_test.tla
0.06user 0.05system 0:00.10elapsed 114%CPU (0avgtext+0avgdata 29700maxresident)k
32inputs+104outputs (0major+13701minor)pagefaults 0swaps
    ./fast/smt_tests/silly_theorems/x_implies_x_test.tla
0.07user 0.03system 0:00.09elapsed 113%CPU (0avgtext+0avgdata 25576maxresident)k
40inputs+104outputs (0major+13445minor)pagefaults 0swaps
    ./medium/regression/select_bug_test.tla
21.58user 28.52system 0:50.11elapsed 99%CPU (0avgtext+0avgdata 21456maxresident)k
56inputs+144outputs (0major+9479minor)pagefaults 0swaps
    ./medium/regression/snapshot/GFX_test.tla
forbidden output is present
Command exited with non-zero status 3
224.66user 32.83system 2:59.38elapsed 143%CPU (0avgtext+0avgdata 1016840maxresident)k
21952inputs+19176outputs (247major+1860195minor)pagefaults 0swaps
    ./medium/regression/snapshot/SnapShot_test.tla
forbidden output is present
Command exited with non-zero status 3
517.22user 11.99system 8:08.18elapsed 108%CPU (0avgtext+0avgdata 3850720maxresident)k
143384inputs+43080outputs (1092major+4360740minor)pagefaults 0swaps
    ./original/fast/basic/cvc3_false_test.tla
0.06user 0.01system 0:00.08elapsed 89%CPU (0avgtext+0avgdata 21492maxresident)k
14392inputs+88outputs (55major+8531minor)pagefaults 0swaps
    ./original/fast/basic/isa_false_test.tla
0.05user 0.02system 0:00.07elapsed 102%CPU (0avgtext+0avgdata 21312maxresident)k
80inputs+96outputs (0major+8462minor)pagefaults 0swaps
    ./original/fast/basic/isa_true_test.tla
forbidden output is present
Command exited with non-zero status 3
0.04user 0.03system 0:00.08elapsed 100%CPU (0avgtext+0avgdata 21492maxresident)k
616inputs+96outputs (0major+8481minor)pagefaults 0swaps
    ./original/fast/basic/nonexistent_test.tla
0.05user 0.01system 0:00.06elapsed 100%CPU (0avgtext+0avgdata 21376maxresident)k
64inputs+56outputs (0major+7370minor)pagefaults 0swaps
    ./original/fast/basic/smt_arith_test.tla
0.07user 0.02system 0:00.09elapsed 111%CPU (0avgtext+0avgdata 25560maxresident)k
56inputs+104outputs (0major+13465minor)pagefaults 0swaps
    ./original/fast/basic/smt_false_test.tla
0.05user 0.04system 0:00.09elapsed 113%CPU (0avgtext+0avgdata 25572maxresident)k
344inputs+104outputs (0major+13481minor)pagefaults 0swaps
    ./original/fast/basic/tab_character_test.tla
0.02user 0.01system 0:00.05elapsed 71%CPU (0avgtext+0avgdata 10268maxresident)k
16inputs+16outputs (0major+2067minor)pagefaults 0swaps
    ./original/fast/basic/true_test.tla
0.07user 0.02system 0:00.09elapsed 112%CPU (0avgtext+0avgdata 25564maxresident)k
48inputs+104outputs (0major+13521minor)pagefaults 0swaps
    ./original/fast/basic/z3_arith_test.tla
0.07user 0.03system 0:00.09elapsed 112%CPU (0avgtext+0avgdata 25624maxresident)k
448inputs+104outputs (1major+13487minor)pagefaults 0swaps
    ./original/fast/basic/z3_false_test.tla
0.06user 0.04system 0:00.09elapsed 116%CPU (0avgtext+0avgdata 25504maxresident)k
72inputs+104outputs (0major+13478minor)pagefaults 0swaps
    ./original/fast/basic/zen_false_test.tla
0.07user 0.03system 0:00.09elapsed 116%CPU (0avgtext+0avgdata 21372maxresident)k
304inputs+104outputs (0major+13014minor)pagefaults 0swaps
    ./original/fast/basic/zen_true_test.tla
0.07user 0.04system 0:00.09elapsed 119%CPU (0avgtext+0avgdata 21480maxresident)k
64inputs+104outputs (0major+13026minor)pagefaults 0swaps
    ./original/fast/enabled_cdot/Cdot_test.tla
0.10user 0.06system 0:00.09elapsed 187%CPU (0avgtext+0avgdata 23252maxresident)k
600inputs+184outputs (0major+27030minor)pagefaults 0swaps
    ./original/fast/enabled_cdot/ENABLEDaxioms_test.tla
0.36user 0.45system 0:00.30elapsed 269%CPU (0avgtext+0avgdata 28112maxresident)k
416inputs+984outputs (0major+211124minor)pagefaults 0swaps
    ./original/fast/enabled_cdot/ENABLED_INSTANCE_nullary_op_test.tla
0.09user 0.08system 0:00.14elapsed 121%CPU (0avgtext+0avgdata 29672maxresident)k
568inputs+160outputs (0major+19035minor)pagefaults 0swaps
    ./original/fast/enabled_cdot/ENABLED_INSTANCE_nullary_op_two_vars_test.tla
forbidden output is present
Command exited with non-zero status 3
0.08user 0.07system 0:00.12elapsed 124%CPU (0avgtext+0avgdata 29784maxresident)k
64inputs+168outputs (0major+18971minor)pagefaults 0swaps
    ./original/fast/enabled_cdot/ENABLED_INSTANCE_op_with_args_test.tla
forbidden output is present
Command exited with non-zero status 3
0.11user 0.05system 0:00.13elapsed 125%CPU (0avgtext+0avgdata 29728maxresident)k
264inputs+168outputs (0major+19004minor)pagefaults 0swaps
    ./original/fast/enabled_cdot/Enabled_test.tla
0.39user 0.27system 0:00.23elapsed 289%CPU (0avgtext+0avgdata 30012maxresident)k
72inputs+624outputs (0major+132756minor)pagefaults 0swaps
    ./original/fast/enabled_cdot/ExpandENABLED_LET_test.tla
0.08user 0.03system 0:00.10elapsed 117%CPU (0avgtext+0avgdata 21632maxresident)k
96inputs+104outputs (0major+13052minor)pagefaults 0swaps
    ./original/fast/enabled_cdot/ExpandOnlyCdot_test.tla
0.05user 0.03system 0:00.08elapsed 101%CPU (0avgtext+0avgdata 21380maxresident)k
296inputs+88outputs (0major+8458minor)pagefaults 0swaps
    ./original/fast/enabled_cdot/ExpandOnlyENABLED_test.tla
0.07user 0.01system 0:00.08elapsed 100%CPU (0avgtext+0avgdata 21380maxresident)k
56inputs+88outputs (0major+8427minor)pagefaults 0swaps
    ./original/fast/enabled_cdot/Level_of_parametric_INSTANCE_test.tla
0.07user 0.06system 0:00.11elapsed 126%CPU (0avgtext+0avgdata 25564maxresident)k
360inputs+120outputs (1major+17826minor)pagefaults 0swaps
    ./original/fast/enabled_cdot/Level_test.tla
0.09user 0.04system 0:00.12elapsed 114%CPU (0avgtext+0avgdata 21600maxresident)k
40inputs+144outputs (0major+13679minor)pagefaults 0swaps
    ./original/fast/enabled_cdot/NestedCdot_test.tla
0.12user 0.06system 0:00.10elapsed 187%CPU (0avgtext+0avgdata 25024maxresident)k
48inputs+168outputs (0major+27825minor)pagefaults 0swaps
    ./original/fast/enabled_cdot/NestedENABLED_from_AutoUSE_test.tla
forbidden output is present
Command exited with non-zero status 3
0.07user 0.01system 0:00.08elapsed 102%CPU (0avgtext+0avgdata 21352maxresident)k
48inputs+96outputs (0major+8472minor)pagefaults 0swaps
    ./original/fast/enabled_cdot/NestedENABLED_test.tla
0.12user 0.04system 0:00.10elapsed 150%CPU (0avgtext+0avgdata 22472maxresident)k
40inputs+160outputs (0major+22641minor)pagefaults 0swaps
    ./original/fast/fingerprint/FingerprintVariablesParameters_test.tla
required error output is missing
Command exited with non-zero status 3
0.08user 0.04system 0:00.13elapsed 100%CPU (0avgtext+0avgdata 21480maxresident)k
80inputs+104outputs (0major+14619minor)pagefaults 0swaps
    ./original/fast/language/EXCEPTMultipleBrackets_test.tla
0.06user 0.05system 0:00.09elapsed 134%CPU (0avgtext+0avgdata 25676maxresident)k
72inputs+104outputs (0major+22074minor)pagefaults 0swaps
    ./original/fast/language/EXTENDS_in_submodule_test.tla
0.05user 0.02system 0:00.08elapsed 98%CPU (0avgtext+0avgdata 21380maxresident)k
480inputs+128outputs (0major+9131minor)pagefaults 0swaps
    ./original/fast/language/INSTANCE_inside_LET_fingerprint_test.tla
0.07user 0.03system 0:00.09elapsed 112%CPU (0avgtext+0avgdata 25660maxresident)k
40inputs+144outputs (0major+14212minor)pagefaults 0swaps
    ./original/fast/language/INSTANCE_inside_LET_test.tla
0.08user 0.02system 0:00.10elapsed 113%CPU (0avgtext+0avgdata 25572maxresident)k
56inputs+144outputs (0major+14215minor)pagefaults 0swaps
    ./original/fast/language/INSTANCE_shift_due_to_omitted_modunits_test.tla
0.05user 0.02system 0:00.08elapsed 102%CPU (0avgtext+0avgdata 21480maxresident)k
48inputs+136outputs (0major+9121minor)pagefaults 0swaps
    ./original/fast/language/Operators_test.tla
0.07user 0.04system 0:00.09elapsed 120%CPU (0avgtext+0avgdata 25676maxresident)k
56inputs+88outputs (0major+17471minor)pagefaults 0swaps
    ./original/fast/language/SubrefLL_test.tla
0.52user 0.40system 0:00.44elapsed 209%CPU (0avgtext+0avgdata 25816maxresident)k
72inputs+896outputs (0major+202598minor)pagefaults 0swaps
    ./original/fast/language/Subref_test.tla
0.57user 0.31system 0:00.21elapsed 407%CPU (0avgtext+0avgdata 25668maxresident)k
56inputs+832outputs (0major+124140minor)pagefaults 0swaps
    ./original/fast/language/WFTRUE_test.tla
forbidden output is present
Command exited with non-zero status 3
0.06user 0.02system 0:00.09elapsed 101%CPU (0avgtext+0avgdata 21436maxresident)k
56inputs+64outputs (0major+7858minor)pagefaults 0swaps
    ./original/fast/regression/consensus/consensus_test.tla
2.74user 0.96system 0:02.01elapsed 183%CPU (0avgtext+0avgdata 35736maxresident)k
680inputs+296outputs (0major+26952minor)pagefaults 0swaps
    ./original/fast/regression/cooper_instantiation_test.tla
0.04user 0.03system 0:00.08elapsed 100%CPU (0avgtext+0avgdata 21312maxresident)k
64inputs+56outputs (0major+7501minor)pagefaults 0swaps
    ./original/fast/regression/higher_order_statement_test.tla
forbidden output is present
Command exited with non-zero status 3
0.11user 0.07system 0:00.14elapsed 135%CPU (0avgtext+0avgdata 29504maxresident)k
120inputs+176outputs (0major+23249minor)pagefaults 0swaps
    ./original/fast/regression/MiniProducerConsumer_test.tla
116.55user 34.42system 1:07.49elapsed 223%CPU (0avgtext+0avgdata 1013892maxresident)k
40inputs+432outputs (0major+520272minor)pagefaults 0swaps
    ./original/fast/regression/parameterized_instantiation_test.tla
0.10user 0.05system 0:00.15elapsed 103%CPU (0avgtext+0avgdata 25588maxresident)k
168inputs+152outputs (0major+14209minor)pagefaults 0swaps
    ./original/fast/regression/setEuclid_test.tla
forbidden output is present
Command exited with non-zero status 3
15.12user 11.73system 0:26.20elapsed 102%CPU (0avgtext+0avgdata 31932maxresident)k
136inputs+1232outputs (0major+136870minor)pagefaults 0swaps
    ./original/fast/regression/smt_domain_check_test.tla
0.09user 0.04system 0:00.12elapsed 115%CPU (0avgtext+0avgdata 29360maxresident)k
64inputs+112outputs (0major+13721minor)pagefaults 0swaps
    ./original/fast/regression/z3_fingerprint_test.tla
0.12user 0.06system 0:00.18elapsed 102%CPU (0avgtext+0avgdata 21428maxresident)k
344inputs+160outputs (0major+16715minor)pagefaults 0swaps
    ./original/fast/russell_test.tla
0.10user 0.08system 0:00.12elapsed 151%CPU (0avgtext+0avgdata 25700maxresident)k
368inputs+160outputs (0major+27450minor)pagefaults 0swaps
    ./original/fast/smt_tests/advanced/functions/bijection_thm_test.tla
0.40user 0.19system 0:00.33elapsed 177%CPU (0avgtext+0avgdata 30088maxresident)k
440inputs+640outputs (0major+105753minor)pagefaults 0swaps
    ./original/fast/smt_tests/advanced/functions/composition_test.tla
0.06user 0.05system 0:00.10elapsed 113%CPU (0avgtext+0avgdata 27944maxresident)k
88inputs+104outputs (1major+13651minor)pagefaults 0swaps
    ./original/fast/smt_tests/advanced/functions/identity1_test.tla
0.07user 0.04system 0:00.10elapsed 112%CPU (0avgtext+0avgdata 25660maxresident)k
40inputs+112outputs (0major+13499minor)pagefaults 0swaps
    ./original/fast/smt_tests/advanced/functions/identity2_test.tla
0.08user 0.04system 0:00.11elapsed 113%CPU (0avgtext+0avgdata 29676maxresident)k
32inputs+120outputs (0major+13728minor)pagefaults 0swaps
    ./original/fast/smt_tests/advanced/set_theory/cantor1_test.tla
10.70user 14.53system 0:25.15elapsed 100%CPU (0avgtext+0avgdata 30352maxresident)k
352inputs+272outputs (0major+37936minor)pagefaults 0swaps
    ./original/fast/smt_tests/advanced/set_theory/choice_axiom2_test.tla
11.00user 14.26system 0:25.17elapsed 100%CPU (0avgtext+0avgdata 29868maxresident)k
336inputs+304outputs (0major+38621minor)pagefaults 0swaps
    ./original/fast/smt_tests/advanced/set_theory/choice_axiom_test.tla
0.19user 0.16system 0:00.17elapsed 201%CPU (0avgtext+0avgdata 30652maxresident)k
56inputs+304outputs (0major+57671minor)pagefaults 0swaps
    ./original/fast/smt_tests/advanced/set_theory/section_test.tla
10.97user 14.29system 0:25.17elapsed 100%CPU (0avgtext+0avgdata 30020maxresident)k
48inputs+328outputs (0major+38722minor)pagefaults 0swaps
    ./original/fast/smt_tests/advanced/tuples/tuple_as_function1_test.tla
0.18user 0.13system 0:00.19elapsed 163%CPU (0avgtext+0avgdata 28000maxresident)k
104inputs+336outputs (0major+51592minor)pagefaults 0swaps
    ./original/fast/smt_tests/advanced/tuples/tuple_as_function2_test.tla
0.21user 0.13system 0:00.20elapsed 176%CPU (0avgtext+0avgdata 29904maxresident)k
120inputs+336outputs (0major+61928minor)pagefaults 0swaps
    ./original/fast/smt_tests/basic/arith/arith10_test.tla
0.07user 0.04system 0:00.10elapsed 112%CPU (0avgtext+0avgdata 25616maxresident)k
328inputs+104outputs (0major+13469minor)pagefaults 0swaps
    ./original/fast/smt_tests/basic/arith/arith11_test.tla
0.08user 0.03system 0:00.10elapsed 113%CPU (0avgtext+0avgdata 25708maxresident)k
248inputs+104outputs (0major+13483minor)pagefaults 0swaps
    ./original/fast/smt_tests/basic/arith/arith12_test.tla
0.07user 0.04system 0:00.10elapsed 112%CPU (0avgtext+0avgdata 28136maxresident)k
328inputs+104outputs (0major+13626minor)pagefaults 0swaps
    ./original/fast/smt_tests/basic/arith/arith13_test.tla
0.06user 0.04system 0:00.09elapsed 114%CPU (0avgtext+0avgdata 28168maxresident)k
40inputs+104outputs (0major+13616minor)pagefaults 0swaps
    ./original/fast/smt_tests/basic/arith/arith14_test.tla
0.07user 0.04system 0:00.10elapsed 114%CPU (0avgtext+0avgdata 26624maxresident)k
64inputs+104outputs (0major+13587minor)pagefaults 0swaps
    ./original/fast/smt_tests/basic/arith/arith15_test.tla
0.07user 0.03system 0:00.09elapsed 112%CPU (0avgtext+0avgdata 25568maxresident)k
56inputs+104outputs (0major+13433minor)pagefaults 0swaps
    ./original/fast/smt_tests/basic/arith/arith16_test.tla
0.06user 0.03system 0:00.09elapsed 113%CPU (0avgtext+0avgdata 25620maxresident)k
40inputs+104outputs (0major+13433minor)pagefaults 0swaps
    ./original/fast/smt_tests/basic/arith/arith17_test.tla
0.06user 0.04system 0:00.09elapsed 113%CPU (0avgtext+0avgdata 25648maxresident)k
48inputs+104outputs (0major+13457minor)pagefaults 0swaps
    ./original/fast/smt_tests/basic/arith/arith18_test.tla
0.05user 0.04system 0:00.09elapsed 113%CPU (0avgtext+0avgdata 25584maxresident)k
56inputs+104outputs (0major+13433minor)pagefaults 0swaps
    ./original/fast/smt_tests/basic/arith/arith19_test.tla
0.06user 0.03system 0:00.09elapsed 113%CPU (0avgtext+0avgdata 25644maxresident)k
48inputs+104outputs (0major+13498minor)pagefaults 0swaps
    ./original/fast/smt_tests/basic/arith/arith1_test.tla
0.06user 0.03system 0:00.09elapsed 112%CPU (0avgtext+0avgdata 25572maxresident)k
56inputs+104outputs (0major+13491minor)pagefaults 0swaps
    ./original/fast/smt_tests/basic/arith/arith2_test.tla
0.05user 0.04system 0:00.08elapsed 111%CPU (0avgtext+0avgdata 25624maxresident)k
48inputs+104outputs (0major+13449minor)pagefaults 0swaps
    ./original/fast/smt_tests/basic/arith/arith3_test.tla
0.05user 0.04system 0:00.09elapsed 111%CPU (0avgtext+0avgdata 25680maxresident)k
56inputs+104outputs (0major+13520minor)pagefaults 0swaps
    ./original/fast/smt_tests/basic/arith/arith4_test.tla
0.07user 0.03system 0:00.09elapsed 115%CPU (0avgtext+0avgdata 25648maxresident)k
48inputs+104outputs (0major+13522minor)pagefaults 0swaps
    ./original/fast/smt_tests/basic/arith/arith5_test.tla
0.05user 0.04system 0:00.08elapsed 111%CPU (0avgtext+0avgdata 25680maxresident)k
64inputs+104outputs (0major+13505minor)pagefaults 0swaps
    ./original/fast/smt_tests/basic/arith/arith6_test.tla
0.07user 0.03system 0:00.09elapsed 113%CPU (0avgtext+0avgdata 25652maxresident)k
56inputs+104outputs (0major+13472minor)pagefaults 0swaps
    ./original/fast/smt_tests/basic/arith/arith7_test.tla
0.05user 0.04system 0:00.08elapsed 112%CPU (0avgtext+0avgdata 25560maxresident)k
56inputs+104outputs (0major+13468minor)pagefaults 0swaps
    ./original/fast/smt_tests/basic/arith/arith8_test.tla
0.06user 0.03system 0:00.09elapsed 110%CPU (0avgtext+0avgdata 25572maxresident)k
32inputs+104outputs (0major+13470minor)pagefaults 0swaps
    ./original/fast/smt_tests/basic/arith/arith9_test.tla
0.08user 0.02system 0:00.09elapsed 113%CPU (0avgtext+0avgdata 25736maxresident)k
32inputs+104outputs (0major+13469minor)pagefaults 0swaps
    ./original/fast/smt_tests/basic/epsilon/epsilon1_test.tla
0.07user 0.03system 0:00.09elapsed 112%CPU (0avgtext+0avgdata 28260maxresident)k
120inputs+104outputs (0major+13617minor)pagefaults 0swaps
    ./original/fast/smt_tests/basic/epsilon/epsilon2_test.tla
0.08user 0.02system 0:00.09elapsed 114%CPU (0avgtext+0avgdata 27968maxresident)k
40inputs+104outputs (0major+13636minor)pagefaults 0swaps
    ./original/fast/smt_tests/basic/epsilon/epsilon3_test.tla
0.06user 0.04system 0:00.09elapsed 113%CPU (0avgtext+0avgdata 28068maxresident)k
48inputs+104outputs (0major+13592minor)pagefaults 0swaps
    ./original/fast/smt_tests/basic/epsilon/epsilon4_test.tla
0.05user 0.04system 0:00.09elapsed 113%CPU (0avgtext+0avgdata 28124maxresident)k
56inputs+104outputs (0major+13609minor)pagefaults 0swaps
    ./original/fast/smt_tests/basic/extensionality/empty_set_ext_test.tla
0.06user 0.03system 0:00.09elapsed 112%CPU (0avgtext+0avgdata 28220maxresident)k
120inputs+104outputs (0major+13607minor)pagefaults 0swaps
    ./original/fast/smt_tests/basic/extensionality/enum_ext_test.tla
0.06user 0.04system 0:00.09elapsed 114%CPU (0avgtext+0avgdata 28068maxresident)k
64inputs+104outputs (0major+13639minor)pagefaults 0swaps
    ./original/fast/smt_tests/basic/extensionality/fun_ext_test.tla
0.07user 0.03system 0:00.09elapsed 112%CPU (0avgtext+0avgdata 25528maxresident)k
48inputs+104outputs (0major+13478minor)pagefaults 0swaps
    ./original/fast/smt_tests/basic/extensionality/set_ext_test.tla
0.08user 0.03system 0:00.09elapsed 114%CPU (0avgtext+0avgdata 29928maxresident)k
48inputs+104outputs (0major+13734minor)pagefaults 0swaps
    ./original/fast/smt_tests/basic/extensionality/tup_ext_test.tla
0.06user 0.04system 0:00.09elapsed 111%CPU (0avgtext+0avgdata 25580maxresident)k
304inputs+104outputs (0major+13478minor)pagefaults 0swaps
    ./original/fast/smt_tests/basic/firstorder/firstorder1_test.tla
0.07user 0.03system 0:00.09elapsed 112%CPU (0avgtext+0avgdata 28264maxresident)k
360inputs+104outputs (0major+13647minor)pagefaults 0swaps
    ./original/fast/smt_tests/basic/firstorder/firstorder1_wproof_test.tla
0.07user 0.05system 0:00.10elapsed 133%CPU (0avgtext+0avgdata 28064maxresident)k
32inputs+144outputs (0major+23003minor)pagefaults 0swaps
    ./original/fast/smt_tests/basic/firstorder/firstorder2_test.tla
0.06user 0.04system 0:00.09elapsed 114%CPU (0avgtext+0avgdata 28148maxresident)k
40inputs+104outputs (0major+13615minor)pagefaults 0swaps
    ./original/fast/smt_tests/basic/firstorder/firstorder2_wproof_test.tla
0.08user 0.04system 0:00.10elapsed 132%CPU (0avgtext+0avgdata 28244maxresident)k
56inputs+144outputs (0major+23040minor)pagefaults 0swaps
    ./original/fast/smt_tests/basic/firstorder/firstorder3_test.tla
0.07user 0.03system 0:00.09elapsed 115%CPU (0avgtext+0avgdata 29644maxresident)k
64inputs+104outputs (0major+13738minor)pagefaults 0swaps
    ./original/fast/smt_tests/basic/firstorder/firstorder3_wproof_test.tla
0.10user 0.04system 0:00.10elapsed 138%CPU (0avgtext+0avgdata 29616maxresident)k
48inputs+144outputs (0major+23422minor)pagefaults 0swaps
    ./original/fast/smt_tests/basic/firstorder/firstorder4_test.tla
0.07user 0.03system 0:00.09elapsed 114%CPU (0avgtext+0avgdata 29700maxresident)k
56inputs+104outputs (0major+13686minor)pagefaults 0swaps
    ./original/fast/smt_tests/basic/firstorder/firstorder4_wproof_test.tla
0.09user 0.06system 0:00.11elapsed 145%CPU (0avgtext+0avgdata 29788maxresident)k
312inputs+160outputs (0major+27940minor)pagefaults 0swaps
    ./original/fast/smt_tests/basic/firstorder/firstorder5_test.tla
0.07user 0.03system 0:00.09elapsed 113%CPU (0avgtext+0avgdata 29712maxresident)k
328inputs+104outputs (0major+13756minor)pagefaults 0swaps
    ./original/fast/smt_tests/basic/firstorder/firstorder5_wproof_test.tla
0.10user 0.06system 0:00.11elapsed 143%CPU (0avgtext+0avgdata 28216maxresident)k
40inputs+160outputs (0major+27881minor)pagefaults 0swaps
    ./original/fast/smt_tests/basic/firstorder/firstorder6_test.tla
0.06user 0.04system 0:00.09elapsed 114%CPU (0avgtext+0avgdata 29840maxresident)k
32inputs+104outputs (0major+13742minor)pagefaults 0swaps
    ./original/fast/smt_tests/basic/firstorder/firstorder6_wproof_test.tla
0.09user 0.06system 0:00.10elapsed 150%CPU (0avgtext+0avgdata 29928maxresident)k
32inputs+160outputs (0major+28331minor)pagefaults 0swaps
    ./original/fast/smt_tests/basic/function/function10_test.tla
0.06user 0.04system 0:00.09elapsed 112%CPU (0avgtext+0avgdata 25820maxresident)k
640inputs+104outputs (0major+13506minor)pagefaults 0swaps
    ./original/fast/smt_tests/basic/function/function11_test.tla
0.07user 0.04system 0:00.10elapsed 113%CPU (0avgtext+0avgdata 27852maxresident)k
32inputs+104outputs (0major+13642minor)pagefaults 0swaps
    ./original/fast/smt_tests/basic/function/function12_test.tla
11.17user 13.94system 0:25.12elapsed 99%CPU (0avgtext+0avgdata 24700maxresident)k
48inputs+152outputs (0major+14515minor)pagefaults 0swaps
    ./original/fast/smt_tests/basic/function/function13_test.tla
0.08user 0.05system 0:00.11elapsed 112%CPU (0avgtext+0avgdata 25720maxresident)k
72inputs+104outputs (0major+13496minor)pagefaults 0swaps
    ./original/fast/smt_tests/basic/function/function14_test.tla
0.07user 0.05system 0:00.10elapsed 113%CPU (0avgtext+0avgdata 28064maxresident)k
48inputs+104outputs (0major+13682minor)pagefaults 0swaps
    ./original/fast/smt_tests/basic/function/function15_test.tla
0.07user 0.04system 0:00.10elapsed 111%CPU (0avgtext+0avgdata 25544maxresident)k
48inputs+104outputs (0major+13480minor)pagefaults 0swaps
    ./original/fast/smt_tests/basic/function/function16_test.tla
10.81user 14.30system 0:25.13elapsed 99%CPU (0avgtext+0avgdata 22132maxresident)k
32inputs+136outputs (0major+13874minor)pagefaults 0swaps
    ./original/fast/smt_tests/basic/function/function17_test.tla
0.09user 0.05system 0:00.12elapsed 113%CPU (0avgtext+0avgdata 29652maxresident)k
56inputs+120outputs (1major+13724minor)pagefaults 0swaps
    ./original/fast/smt_tests/basic/function/function18_test.tla
0.08user 0.04system 0:00.11elapsed 112%CPU (0avgtext+0avgdata 25676maxresident)k
40inputs+104outputs (0major+13555minor)pagefaults 0swaps
    ./original/fast/smt_tests/basic/function/function1_test.tla
0.07user 0.04system 0:00.10elapsed 114%CPU (0avgtext+0avgdata 25688maxresident)k
48inputs+104outputs (0major+13459minor)pagefaults 0swaps
    ./original/fast/smt_tests/basic/function/function20_test.tla
0.07user 0.04system 0:00.10elapsed 111%CPU (0avgtext+0avgdata 25564maxresident)k
48inputs+104outputs (0major+13464minor)pagefaults 0swaps
    ./original/fast/smt_tests/basic/function/function21_test.tla
0.06user 0.04system 0:00.10elapsed 114%CPU (0avgtext+0avgdata 25512maxresident)k
40inputs+104outputs (0major+13495minor)pagefaults 0swaps
    ./original/fast/smt_tests/basic/function/function22_test.tla
0.08user 0.02system 0:00.10elapsed 114%CPU (0avgtext+0avgdata 25716maxresident)k
56inputs+104outputs (0major+13478minor)pagefaults 0swaps
    ./original/fast/smt_tests/basic/function/function23_test.tla
0.06user 0.04system 0:00.10elapsed 114%CPU (0avgtext+0avgdata 29932maxresident)k
32inputs+112outputs (0major+13637minor)pagefaults 0swaps
    ./original/fast/smt_tests/basic/function/function24_test.tla
0.07user 0.03system 0:00.09elapsed 115%CPU (0avgtext+0avgdata 25608maxresident)k
48inputs+104outputs (0major+13457minor)pagefaults 0swaps
    ./original/fast/smt_tests/basic/function/function25_test.tla
0.05user 0.05system 0:00.09elapsed 112%CPU (0avgtext+0avgdata 25612maxresident)k
32inputs+104outputs (0major+13489minor)pagefaults 0swaps
    ./original/fast/smt_tests/basic/function/function26_test.tla
0.08user 0.03system 0:00.10elapsed 114%CPU (0avgtext+0avgdata 25740maxresident)k
56inputs+104outputs (0major+13471minor)pagefaults 0swaps
    ./original/fast/smt_tests/basic/function/function27_test.tla
0.07user 0.04system 0:00.10elapsed 113%CPU (0avgtext+0avgdata 30220maxresident)k
48inputs+120outputs (0major+13745minor)pagefaults 0swaps
    ./original/fast/smt_tests/basic/function/function28_test.tla
0.07user 0.03system 0:00.10elapsed 113%CPU (0avgtext+0avgdata 30664maxresident)k
40inputs+120outputs (0major+13731minor)pagefaults 0swaps
    ./original/fast/smt_tests/basic/function/function29_test.tla
0.06user 0.04system 0:00.09elapsed 113%CPU (0avgtext+0avgdata 25628maxresident)k
32inputs+104outputs (0major+13520minor)pagefaults 0swaps
    ./original/fast/smt_tests/basic/function/function2_test.tla
0.07user 0.03system 0:00.09elapsed 112%CPU (0avgtext+0avgdata 28184maxresident)k
48inputs+104outputs (1major+13646minor)pagefaults 0swaps
    ./original/fast/smt_tests/basic/function/function30_test.tla
0.06user 0.04system 0:00.09elapsed 111%CPU (0avgtext+0avgdata 25584maxresident)k
48inputs+104outputs (0major+13535minor)pagefaults 0swaps
    ./original/fast/smt_tests/basic/function/function3_test.tla
0.09user 0.04system 0:00.11elapsed 127%CPU (0avgtext+0avgdata 29644maxresident)k
40inputs+128outputs (0major+18409minor)pagefaults 0swaps
    ./original/fast/smt_tests/basic/function/function5_test.tla
0.08user 0.02system 0:00.09elapsed 114%CPU (0avgtext+0avgdata 27960maxresident)k
40inputs+104outputs (0major+13637minor)pagefaults 0swaps
    ./original/fast/smt_tests/basic/function/function6_test.tla
0.06user 0.04system 0:00.09elapsed 113%CPU (0avgtext+0avgdata 25680maxresident)k
40inputs+104outputs (0major+13471minor)pagefaults 0swaps
    ./original/fast/smt_tests/basic/function/function7_test.tla
0.07user 0.04system 0:00.10elapsed 112%CPU (0avgtext+0avgdata 25652maxresident)k
48inputs+104outputs (0major+13433minor)pagefaults 0swaps
    ./original/fast/smt_tests/basic/prop/basic_test.tla
0.06user 0.03system 0:00.08elapsed 111%CPU (0avgtext+0avgdata 25612maxresident)k
88inputs+104outputs (0major+13492minor)pagefaults 0swaps
    ./original/fast/smt_tests/basic/prop/prop10_test.tla
0.06user 0.03system 0:00.09elapsed 112%CPU (0avgtext+0avgdata 25632maxresident)k
40inputs+104outputs (0major+13490minor)pagefaults 0swaps
    ./original/fast/smt_tests/basic/prop/prop11_test.tla
0.05user 0.05system 0:00.09elapsed 113%CPU (0avgtext+0avgdata 28196maxresident)k
56inputs+104outputs (0major+13610minor)pagefaults 0swaps
    ./original/fast/smt_tests/basic/prop/prop12_test.tla
0.07user 0.02system 0:00.09elapsed 112%CPU (0avgtext+0avgdata 28216maxresident)k
32inputs+104outputs (0major+13608minor)pagefaults 0swaps
    ./original/fast/smt_tests/basic/prop/prop1_test.tla
0.07user 0.02system 0:00.09elapsed 111%CPU (0avgtext+0avgdata 25716maxresident)k
56inputs+104outputs (0major+13444minor)pagefaults 0swaps
    ./original/fast/smt_tests/basic/prop/prop2_test.tla
0.05user 0.05system 0:00.09elapsed 113%CPU (0avgtext+0avgdata 25556maxresident)k
56inputs+104outputs (0major+13443minor)pagefaults 0swaps
    ./original/fast/smt_tests/basic/prop/prop3_test.tla
0.06user 0.03system 0:00.08elapsed 112%CPU (0avgtext+0avgdata 25568maxresident)k
40inputs+104outputs (0major+13505minor)pagefaults 0swaps
    ./original/fast/smt_tests/basic/prop/prop4_test.tla
0.06user 0.03system 0:00.09elapsed 110%CPU (0avgtext+0avgdata 25580maxresident)k
40inputs+104outputs (0major+13492minor)pagefaults 0swaps
    ./original/fast/smt_tests/basic/prop/prop5_test.tla
0.06user 0.04system 0:00.09elapsed 111%CPU (0avgtext+0avgdata 25784maxresident)k
40inputs+104outputs (0major+13506minor)pagefaults 0swaps
    ./original/fast/smt_tests/basic/prop/prop6_test.tla
0.05user 0.04system 0:00.09elapsed 112%CPU (0avgtext+0avgdata 25576maxresident)k
56inputs+104outputs (0major+13480minor)pagefaults 0swaps
    ./original/fast/smt_tests/basic/prop/prop7_test.tla
0.06user 0.03system 0:00.09elapsed 113%CPU (0avgtext+0avgdata 28212maxresident)k
40inputs+104outputs (0major+13654minor)pagefaults 0swaps
    ./original/fast/smt_tests/basic/prop/prop8_test.tla
0.07user 0.03system 0:00.09elapsed 111%CPU (0avgtext+0avgdata 27944maxresident)k
56inputs+104outputs (0major+13618minor)pagefaults 0swaps
    ./original/fast/smt_tests/basic/prop/prop9_test.tla
0.06user 0.04system 0:00.09elapsed 112%CPU (0avgtext+0avgdata 25520maxresident)k
40inputs+104outputs (0major+13462minor)pagefaults 0swaps
    ./original/fast/smt_tests/basic/record/record1_test.tla
0.05user 0.05system 0:00.09elapsed 111%CPU (0avgtext+0avgdata 25628maxresident)k
104inputs+104outputs (0major+13456minor)pagefaults 0swaps
    ./original/fast/smt_tests/basic/record/record2_test.tla
0.08user 0.02system 0:00.09elapsed 111%CPU (0avgtext+0avgdata 25676maxresident)k
72inputs+104outputs (0major+13505minor)pagefaults 0swaps
    ./original/fast/smt_tests/basic/record/record3_test.tla
0.05user 0.04system 0:00.09elapsed 112%CPU (0avgtext+0avgdata 25548maxresident)k
32inputs+104outputs (0major+13494minor)pagefaults 0swaps
    ./original/fast/smt_tests/basic/set/set10_test.tla
0.06user 0.05system 0:00.10elapsed 110%CPU (0avgtext+0avgdata 28228maxresident)k
368inputs+104outputs (0major+13613minor)pagefaults 0swaps
    ./original/fast/smt_tests/basic/set/set11_test.tla
0.05user 0.04system 0:00.08elapsed 111%CPU (0avgtext+0avgdata 25684maxresident)k
40inputs+104outputs (0major+13493minor)pagefaults 0swaps
    ./original/fast/smt_tests/basic/set/set12_test.tla
0.07user 0.02system 0:00.09elapsed 113%CPU (0avgtext+0avgdata 25692maxresident)k
32inputs+104outputs (0major+13488minor)pagefaults 0swaps
    ./original/fast/smt_tests/basic/set/set13_test.tla
0.05user 0.04system 0:00.09elapsed 113%CPU (0avgtext+0avgdata 25664maxresident)k
48inputs+104outputs (0major+13442minor)pagefaults 0swaps
    ./original/fast/smt_tests/basic/set/set14_test.tla
0.06user 0.05system 0:00.09elapsed 115%CPU (0avgtext+0avgdata 28052maxresident)k
40inputs+104outputs (0major+13605minor)pagefaults 0swaps
    ./original/fast/smt_tests/basic/set/set15_test.tla
0.08user 0.02system 0:00.09elapsed 112%CPU (0avgtext+0avgdata 25828maxresident)k
32inputs+104outputs (0major+13498minor)pagefaults 0swaps
    ./original/fast/smt_tests/basic/set/set16_test.tla
0.07user 0.03system 0:00.09elapsed 113%CPU (0avgtext+0avgdata 29788maxresident)k
40inputs+104outputs (0major+13778minor)pagefaults 0swaps
    ./original/fast/smt_tests/basic/set/set17_test.tla
0.07user 0.03system 0:00.09elapsed 113%CPU (0avgtext+0avgdata 25524maxresident)k
40inputs+104outputs (0major+13511minor)pagefaults 0swaps
    ./original/fast/smt_tests/basic/set/set18_test.tla
0.08user 0.02system 0:00.10elapsed 114%CPU (0avgtext+0avgdata 29448maxresident)k
48inputs+104outputs (0major+13759minor)pagefaults 0swaps
    ./original/fast/smt_tests/basic/set/set19_test.tla
0.05user 0.04system 0:00.08elapsed 112%CPU (0avgtext+0avgdata 25596maxresident)k
40inputs+104outputs (0major+13506minor)pagefaults 0swaps
    ./original/fast/smt_tests/basic/set/set1_test.tla
0.06user 0.04system 0:00.09elapsed 115%CPU (0avgtext+0avgdata 28032maxresident)k
32inputs+104outputs (0major+13600minor)pagefaults 0swaps
    ./original/fast/smt_tests/basic/set/set2_test.tla
0.07user 0.03system 0:00.09elapsed 113%CPU (0avgtext+0avgdata 25788maxresident)k
40inputs+104outputs (0major+13470minor)pagefaults 0swaps
    ./original/fast/smt_tests/basic/set/set3_test.tla
0.06user 0.04system 0:00.09elapsed 112%CPU (0avgtext+0avgdata 25592maxresident)k
32inputs+104outputs (0major+13495minor)pagefaults 0swaps
    ./original/fast/smt_tests/basic/set/set4_test.tla
0.06user 0.03system 0:00.09elapsed 112%CPU (0avgtext+0avgdata 25684maxresident)k
48inputs+104outputs (0major+13443minor)pagefaults 0swaps
    ./original/fast/smt_tests/basic/set/set5_test.tla
0.05user 0.04system 0:00.08elapsed 112%CPU (0avgtext+0avgdata 25660maxresident)k
32inputs+104outputs (0major+13478minor)pagefaults 0swaps
    ./original/fast/smt_tests/basic/set/set6_test.tla
0.07user 0.03system 0:00.09elapsed 113%CPU (0avgtext+0avgdata 28020maxresident)k
40inputs+104outputs (0major+13607minor)pagefaults 0swaps
    ./original/fast/smt_tests/basic/set/set7_test.tla
0.06user 0.03system 0:00.09elapsed 113%CPU (0avgtext+0avgdata 25660maxresident)k
48inputs+104outputs (0major+13456minor)pagefaults 0swaps
    ./original/fast/smt_tests/basic/set/set8_test.tla
0.06user 0.03system 0:00.09elapsed 113%CPU (0avgtext+0avgdata 28020maxresident)k
40inputs+104outputs (0major+13606minor)pagefaults 0swaps
    ./original/fast/smt_tests/basic/set/set9_test.tla
0.07user 0.02system 0:00.09elapsed 113%CPU (0avgtext+0avgdata 28032maxresident)k
312inputs+104outputs (0major+13613minor)pagefaults 0swaps
    ./original/fast/smt_tests/basic/string/strings1_test.tla
0.06user 0.03system 0:00.08elapsed 112%CPU (0avgtext+0avgdata 25660maxresident)k
128inputs+104outputs (0major+13467minor)pagefaults 0swaps
    ./original/fast/smt_tests/basic/string/strings2_test.tla
0.06user 0.03system 0:00.08elapsed 111%CPU (0avgtext+0avgdata 25628maxresident)k
32inputs+104outputs (0major+13488minor)pagefaults 0swaps
    ./original/fast/smt_tests/basic/tuple/tuple1_test.tla
0.07user 0.02system 0:00.09elapsed 111%CPU (0avgtext+0avgdata 25628maxresident)k
120inputs+104outputs (0major+13420minor)pagefaults 0swaps
    ./original/fast/smt_tests/basic/tuple/tuple2_test.tla
0.06user 0.03system 0:00.09elapsed 113%CPU (0avgtext+0avgdata 27972maxresident)k
40inputs+104outputs (0major+13578minor)pagefaults 0swaps
    ./original/fast/smt_tests/basic/tuple/tuple3_test.tla
0.06user 0.03system 0:00.09elapsed 112%CPU (0avgtext+0avgdata 25824maxresident)k
40inputs+104outputs (0major+13465minor)pagefaults 0swaps
    ./original/fast/smt_tests/basic/tuple/tuple4_test.tla
0.05user 0.04system 0:00.09elapsed 112%CPU (0avgtext+0avgdata 25616maxresident)k
48inputs+104outputs (0major+13441minor)pagefaults 0swaps
    ./original/fast/smt_tests/basic/tuple/tuple5_test.tla
0.06user 0.03system 0:00.08elapsed 112%CPU (0avgtext+0avgdata 25640maxresident)k
32inputs+104outputs (0major+13476minor)pagefaults 0swaps
    ./original/fast/smt_tests/basic/tuple/tuple6_test.tla
0.06user 0.03system 0:00.08elapsed 113%CPU (0avgtext+0avgdata 25668maxresident)k
48inputs+104outputs (0major+13452minor)pagefaults 0swaps
    ./original/fast/smt_tests/basic/tuple/tuple7_test.tla
0.07user 0.03system 0:00.09elapsed 116%CPU (0avgtext+0avgdata 25612maxresident)k
32inputs+104outputs (0major+13459minor)pagefaults 0swaps
    ./original/fast/smt_tests/lang/user_ops_test.tla
0.33user 0.03system 0:00.35elapsed 102%CPU (0avgtext+0avgdata 25644maxresident)k
88inputs+152outputs (0major+14625minor)pagefaults 0swaps
    ./original/fast/smt_tests/negative/one_div_zero_test.tla
2.27user 2.83system 0:05.11elapsed 99%CPU (0avgtext+0avgdata 21556maxresident)k
80inputs+120outputs (0major+13683minor)pagefaults 0swaps
    ./original/fast/smt_tests/negative/zero_in_one_test.tla
2.27user 2.83system 0:05.13elapsed 99%CPU (0avgtext+0avgdata 21564maxresident)k
48inputs+120outputs (0major+13646minor)pagefaults 0swaps
    ./original/fast/smt_tests/rewriting_rules/quantifiers_test.tla
0.12user 0.10system 0:00.13elapsed 165%CPU (0avgtext+0avgdata 25704maxresident)k
88inputs+192outputs (0major+36958minor)pagefaults 0swaps
    ./original/fast/smt_tests/silly_theorems/app_ambiguity_test.tla
0.08user 0.06system 0:00.12elapsed 112%CPU (0avgtext+0avgdata 27972maxresident)k
80inputs+104outputs (0major+13749minor)pagefaults 0swaps
    ./original/fast/smt_tests/silly_theorems/nonempty_integer_test.tla
0.10user 0.08system 0:00.12elapsed 152%CPU (0avgtext+0avgdata 30828maxresident)k
48inputs+160outputs (0major+28269minor)pagefaults 0swaps
    ./original/fast/smt_tests/silly_theorems/one_implies_one_test.tla
0.09user 0.03system 0:00.10elapsed 118%CPU (0avgtext+0avgdata 21480maxresident)k
32inputs+104outputs (0major+13359minor)pagefaults 0swaps
    ./original/fast/smt_tests/silly_theorems/record_as_function_test.tla
0.07user 0.04system 0:00.10elapsed 112%CPU (0avgtext+0avgdata 29812maxresident)k
312inputs+104outputs (0major+13684minor)pagefaults 0swaps
    ./original/fast/smt_tests/silly_theorems/x_implies_x_test.tla
0.06user 0.04system 0:00.10elapsed 113%CPU (0avgtext+0avgdata 25656maxresident)k
48inputs+104outputs (0major+13463minor)pagefaults 0swaps
    ./original/medium/regression/select_bug_test.tla
22.09user 28.00system 0:50.11elapsed 99%CPU (0avgtext+0avgdata 21488maxresident)k
80inputs+144outputs (0major+9489minor)pagefaults 0swaps
    ./original/medium/regression/snapshot/GFX_test.tla
forbidden output is present
Command exited with non-zero status 3
229.40user 34.00system 3:00.18elapsed 146%CPU (0avgtext+0avgdata 1004372maxresident)k
472inputs+19232outputs (0major+1857223minor)pagefaults 0swaps
    ./original/medium/regression/snapshot/SnapShot_test.tla
forbidden output is present
Command exited with non-zero status 3
520.04user 10.82system 8:10.25elapsed 108%CPU (0avgtext+0avgdata 3857988maxresident)k
65792inputs+43608outputs (312major+4379543minor)pagefaults 0swaps
###### 2023-11-15 21:09:17 ./TOOLS/do_tests .
    ./fast/basic/cvc3_false_test.tla
0.04user 0.01system 0:00.06elapsed 100%CPU (0avgtext+0avgdata 21368maxresident)k
1048inputs+88outputs (5major+8563minor)pagefaults 0swaps
    ./fast/basic/isa_false_test.tla
0.04user 0.00system 0:00.05elapsed 101%CPU (0avgtext+0avgdata 21404maxresident)k
184inputs+96outputs (0major+8446minor)pagefaults 0swaps
    ./fast/basic/isa_true_test.tla
forbidden output is present
Command exited with non-zero status 3
0.03user 0.01system 0:00.05elapsed 100%CPU (0avgtext+0avgdata 21344maxresident)k
16inputs+96outputs (0major+8444minor)pagefaults 0swaps
    ./fast/basic/smt_arith_test.tla
0.05user 0.02system 0:00.07elapsed 117%CPU (0avgtext+0avgdata 25748maxresident)k
168inputs+104outputs (2major+13492minor)pagefaults 0swaps
    ./fast/basic/smt_false_test.tla
0.04user 0.03system 0:00.07elapsed 116%CPU (0avgtext+0avgdata 25660maxresident)k
16inputs+104outputs (0major+13472minor)pagefaults 0swaps
    ./fast/basic/true_test.tla
0.05user 0.02system 0:00.06elapsed 115%CPU (0avgtext+0avgdata 25804maxresident)k
16inputs+104outputs (0major+13557minor)pagefaults 0swaps
    ./fast/basic/z3_arith_test.tla
0.04user 0.03system 0:00.06elapsed 113%CPU (0avgtext+0avgdata 25628maxresident)k
16inputs+104outputs (0major+13476minor)pagefaults 0swaps
    ./fast/basic/z3_false_test.tla
0.04user 0.02system 0:00.06elapsed 112%CPU (0avgtext+0avgdata 25636maxresident)k
16inputs+104outputs (0major+13443minor)pagefaults 0swaps
    ./fast/basic/zen_false_test.tla
0.03user 0.04system 0:00.06elapsed 117%CPU (0avgtext+0avgdata 21464maxresident)k
16inputs+104outputs (0major+13064minor)pagefaults 0swaps
    ./fast/basic/zen_true_test.tla
0.03user 0.03system 0:00.06elapsed 119%CPU (0avgtext+0avgdata 21564maxresident)k
128inputs+104outputs (4major+13050minor)pagefaults 0swaps
    ./fast/enabled_cdot/AutoUSE_fingerprint/AutoUSE_fingerprint_test.tla
required error output is missing
Command exited with non-zero status 3
0.08user 0.04system 0:00.12elapsed 102%CPU (0avgtext+0avgdata 21484maxresident)k
40inputs+176outputs (0major+17253minor)pagefaults 0swaps
    ./fast/enabled_cdot/Cdot_test.tla
0.08user 0.05system 0:00.07elapsed 176%CPU (0avgtext+0avgdata 23316maxresident)k
16inputs+184outputs (0major+27059minor)pagefaults 0swaps
    ./fast/enabled_cdot/ENABLEDaxioms_conj_fingerprinting/ENABLEDaxioms_conj_fingerprinting_test.tla
required error output is missing
Command exited with non-zero status 3
0.08user 0.03system 0:00.11elapsed 102%CPU (0avgtext+0avgdata 21460maxresident)k
40inputs+176outputs (0major+17194minor)pagefaults 0swaps
    ./fast/enabled_cdot/ENABLEDaxioms_conj_hidden_actions_test.tla
0.05user 0.02system 0:00.07elapsed 100%CPU (0avgtext+0avgdata 21404maxresident)k
24inputs+88outputs (0major+8457minor)pagefaults 0swaps
    ./fast/enabled_cdot/ENABLEDaxioms_conj_test.tla
forbidden output is present
Command exited with non-zero status 3
0.05user 0.00system 0:00.05elapsed 100%CPU (0avgtext+0avgdata 21400maxresident)k
16inputs+96outputs (0major+8533minor)pagefaults 0swaps
    ./fast/enabled_cdot/ENABLEDaxioms_conj_visible_actions_fail_test.tla
0.04user 0.01system 0:00.06elapsed 100%CPU (0avgtext+0avgdata 21324maxresident)k
16inputs+88outputs (0major+8404minor)pagefaults 0swaps
    ./fast/enabled_cdot/ENABLEDaxioms_conj_visible_actions_test.tla
forbidden output is present
Command exited with non-zero status 3
0.05user 0.00system 0:00.05elapsed 101%CPU (0avgtext+0avgdata 21392maxresident)k
16inputs+88outputs (0major+8459minor)pagefaults 0swaps
    ./fast/enabled_cdot/ENABLEDaxioms_test.tla
forbidden output is present
Command exited with non-zero status 3
0.05user 0.01system 0:00.06elapsed 101%CPU (0avgtext+0avgdata 21332maxresident)k
16inputs+104outputs (0major+8590minor)pagefaults 0swaps
    ./fast/enabled_cdot/ENABLED_INSTANCE_nullary_op_test.tla
0.05user 0.03system 0:00.07elapsed 126%CPU (0avgtext+0avgdata 29816maxresident)k
24inputs+160outputs (0major+19017minor)pagefaults 0swaps
    ./fast/enabled_cdot/ENABLED_INSTANCE_nullary_op_two_vars_test.tla
forbidden output is present
Command exited with non-zero status 3
0.05user 0.04system 0:00.07elapsed 125%CPU (0avgtext+0avgdata 29924maxresident)k
16inputs+168outputs (0major+19020minor)pagefaults 0swaps
    ./fast/enabled_cdot/ENABLED_INSTANCE_op_with_args_test.tla
forbidden output is present
Command exited with non-zero status 3
0.06user 0.03system 0:00.07elapsed 125%CPU (0avgtext+0avgdata 29968maxresident)k
16inputs+168outputs (0major+19084minor)pagefaults 0swaps
    ./fast/enabled_cdot/ENABLEDrewrites_assignment_level_fingerprint/ENABLEDrewrites_assignment_level_fingerprint_test.tla
required error output is missing
Command exited with non-zero status 3
0.06user 0.03system 0:00.10elapsed 100%CPU (0avgtext+0avgdata 21376maxresident)k
32inputs+96outputs (0major+15599minor)pagefaults 0swaps
    ./fast/enabled_cdot/ENABLEDrewrites_bpragma_fingerprint/ENABLEDrewrites_bpragma_fingerprint_test.tla
required error output is missing
Command exited with non-zero status 3
0.07user 0.04system 0:00.12elapsed 100%CPU (0avgtext+0avgdata 21432maxresident)k
40inputs+136outputs (0major+16417minor)pagefaults 0swaps
    ./fast/enabled_cdot/ENABLEDrewrites_case_level_fingerprint/ENABLEDrewrites_case_level_fingerprint_test.tla
required error output is missing
Command exited with non-zero status 3
0.06user 0.04system 0:00.10elapsed 101%CPU (0avgtext+0avgdata 21436maxresident)k
32inputs+96outputs (0major+15571minor)pagefaults 0swaps
    ./fast/enabled_cdot/ENABLEDrewrites_conj_level_fingerprint/ENABLEDrewrites_conj_level_fingerprint_test.tla
required error output is missing
Command exited with non-zero status 3
0.09user 0.02system 0:00.11elapsed 100%CPU (0avgtext+0avgdata 21500maxresident)k
32inputs+104outputs (0major+15673minor)pagefaults 0swaps
    ./fast/enabled_cdot/ENABLEDrewrites_exist_level_fingerprint/ENABLEDrewrites_exist_level_fingerprint_test.tla
required error output is missing
Command exited with non-zero status 3
0.07user 0.04system 0:00.11elapsed 100%CPU (0avgtext+0avgdata 21396maxresident)k
32inputs+96outputs (0major+15641minor)pagefaults 0swaps
    ./fast/enabled_cdot/ENABLEDrewrites_mem_level_fingerprint/ENABLEDrewrites_mem_level_fingerprint_test.tla
required error output is missing
Command exited with non-zero status 3
0.09user 0.02system 0:00.11elapsed 100%CPU (0avgtext+0avgdata 21488maxresident)k
32inputs+96outputs (0major+15649minor)pagefaults 0swaps
    ./fast/enabled_cdot/ENABLEDrewrites_state_level_fingerprint/ENABLEDrewrites_state_level_fingerprint_test.tla
required error output is missing
Command exited with non-zero status 3
0.07user 0.04system 0:00.11elapsed 100%CPU (0avgtext+0avgdata 21432maxresident)k
32inputs+96outputs (0major+15615minor)pagefaults 0swaps
    ./fast/enabled_cdot/ENABLEDrewrites_ternary_level_fingerprint/ENABLEDrewrites_ternary_level_fingerprint_test.tla
required error output is missing
Command exited with non-zero status 3
0.07user 0.04system 0:00.11elapsed 100%CPU (0avgtext+0avgdata 21496maxresident)k
32inputs+96outputs (0major+15608minor)pagefaults 0swaps
    ./fast/enabled_cdot/ENABLEDrewrites_test.tla
wrong result code
Command exited with non-zero status 3
0.03user 0.02system 0:00.05elapsed 98%CPU (0avgtext+0avgdata 21568maxresident)k
8inputs+48outputs (0major+7753minor)pagefaults 0swaps
    ./fast/enabled_cdot/ENABLEDrules_fingerprint_levels/ENABLEDrules_fingerprint_levels_test.tla
required error output is missing
Command exited with non-zero status 3
0.07user 0.02system 0:00.10elapsed 100%CPU (0avgtext+0avgdata 21440maxresident)k
32inputs+96outputs (0major+15707minor)pagefaults 0swaps
    ./fast/enabled_cdot/ENABLEDrules_test.tla
wrong result code
Command exited with non-zero status 3
0.04user 0.01system 0:00.05elapsed 101%CPU (0avgtext+0avgdata 21432maxresident)k
8inputs+48outputs (0major+7629minor)pagefaults 0swaps
    ./fast/enabled_cdot/Enabled_test.tla
0.26user 0.19system 0:00.16elapsed 276%CPU (0avgtext+0avgdata 29952maxresident)k
32inputs+648outputs (0major+132872minor)pagefaults 0swaps
    ./fast/enabled_cdot/ExpandENABLED_LET_test.tla
0.05user 0.01system 0:00.06elapsed 118%CPU (0avgtext+0avgdata 21508maxresident)k
16inputs+104outputs (0major+13046minor)pagefaults 0swaps
    ./fast/enabled_cdot/ExpandENABLED_level_fingerprint/ExpandENABLED_level_fingerprint_test.tla
required error output is missing
Command exited with non-zero status 3
0.07user 0.03system 0:00.10elapsed 102%CPU (0avgtext+0avgdata 21436maxresident)k
40inputs+184outputs (0major+17277minor)pagefaults 0swaps
    ./fast/enabled_cdot/ExpandOnlyCdot_test.tla
0.04user 0.01system 0:00.06elapsed 101%CPU (0avgtext+0avgdata 21324maxresident)k
16inputs+88outputs (0major+8499minor)pagefaults 0swaps
    ./fast/enabled_cdot/ExpandOnlyENABLED_test.tla
0.03user 0.02system 0:00.06elapsed 100%CPU (0avgtext+0avgdata 21312maxresident)k
16inputs+88outputs (0major+8454minor)pagefaults 0swaps
    ./fast/enabled_cdot/LevelComparisonCONSTANT_Module_Scope_test.tla
required error output is missing
Command exited with non-zero status 3
0.05user 0.02system 0:00.06elapsed 114%CPU (0avgtext+0avgdata 25552maxresident)k
16inputs+104outputs (0major+13500minor)pagefaults 0swaps
    ./fast/enabled_cdot/LevelComparisonCONSTANT_THEOREM_Scope_test.tla
required error output is missing
Command exited with non-zero status 3
0.04user 0.02system 0:00.06elapsed 113%CPU (0avgtext+0avgdata 25584maxresident)k
16inputs+104outputs (0major+13498minor)pagefaults 0swaps
    ./fast/enabled_cdot/LevelComparisonSTATE_Scope_test.tla
required error output is missing
Command exited with non-zero status 3
0.04user 0.02system 0:00.06elapsed 112%CPU (0avgtext+0avgdata 25800maxresident)k
16inputs+104outputs (0major+13531minor)pagefaults 0swaps
    ./fast/enabled_cdot/LevelComparison_test.tla
forbidden output is present
Command exited with non-zero status 3
0.09user 0.04system 0:00.08elapsed 162%CPU (0avgtext+0avgdata 25708maxresident)k
16inputs+232outputs (0major+41838minor)pagefaults 0swaps
    ./fast/enabled_cdot/Level_of_parametric_INSTANCE_test.tla
0.04user 0.04system 0:00.06elapsed 130%CPU (0avgtext+0avgdata 25620maxresident)k
16inputs+120outputs (0major+17852minor)pagefaults 0swaps
    ./fast/enabled_cdot/Level_test.tla
0.04user 0.01system 0:00.06elapsed 100%CPU (0avgtext+0avgdata 21452maxresident)k
16inputs+120outputs (0major+9114minor)pagefaults 0swaps
    ./fast/enabled_cdot/NestedCdot_test.tla
0.08user 0.04system 0:00.06elapsed 193%CPU (0avgtext+0avgdata 25108maxresident)k
16inputs+168outputs (0major+27835minor)pagefaults 0swaps
    ./fast/enabled_cdot/NestedENABLED_from_AutoUSE_test.tla
forbidden output is present
Command exited with non-zero status 3
0.03user 0.01system 0:00.05elapsed 100%CPU (0avgtext+0avgdata 21436maxresident)k
16inputs+96outputs (0major+8493minor)pagefaults 0swaps
    ./fast/enabled_cdot/NestedENABLED_test.tla
0.06user 0.04system 0:00.06elapsed 153%CPU (0avgtext+0avgdata 22548maxresident)k
16inputs+160outputs (0major+22667minor)pagefaults 0swaps
    ./fast/enabled_cdot/UnsoundCoalescingThmDecl_test.tla
0.06user 0.06system 0:00.08elapsed 150%CPU (0avgtext+0avgdata 30056maxresident)k
16inputs+176outputs (0major+27973minor)pagefaults 0swaps
    ./fast/fingerprint/FingerprintVariablesParameters_test.tla
required error output is missing
Command exited with non-zero status 3
0.05user 0.03system 0:00.08elapsed 101%CPU (0avgtext+0avgdata 21492maxresident)k
16inputs+104outputs (0major+14650minor)pagefaults 0swaps
    ./fast/language/EXCEPTMultipleBrackets_test.tla
0.05user 0.07system 0:00.09elapsed 124%CPU (0avgtext+0avgdata 25700maxresident)k
16inputs+256outputs (0major+22097minor)pagefaults 0swaps
    ./fast/language/EXTENDS_in_submodule_test.tla
0.03user 0.01system 0:00.05elapsed 101%CPU (0avgtext+0avgdata 21396maxresident)k
32inputs+128outputs (0major+9124minor)pagefaults 0swaps
    ./fast/language/INSTANCE_inside_LET_fingerprint_test.tla
0.05user 0.03system 0:00.07elapsed 113%CPU (0avgtext+0avgdata 25556maxresident)k
16inputs+144outputs (0major+14200minor)pagefaults 0swaps
    ./fast/language/INSTANCE_inside_LET_test.tla
0.05user 0.01system 0:00.06elapsed 114%CPU (0avgtext+0avgdata 25696maxresident)k
16inputs+144outputs (0major+14220minor)pagefaults 0swaps
    ./fast/language/INSTANCE_shift_due_to_omitted_modunits_test.tla
0.05user 0.01system 0:00.06elapsed 101%CPU (0avgtext+0avgdata 21380maxresident)k
16inputs+136outputs (0major+9152minor)pagefaults 0swaps
    ./fast/language/Operators_test.tla
0.05user 0.03system 0:00.07elapsed 121%CPU (0avgtext+0avgdata 25640maxresident)k
16inputs+184outputs (0major+17492minor)pagefaults 0swaps
    ./fast/language/SubrefLL_test.tla
0.33user 0.25system 0:00.29elapsed 202%CPU (0avgtext+0avgdata 25844maxresident)k
32inputs+984outputs (0major+202415minor)pagefaults 0swaps
    ./fast/language/Subref_test.tla
0.28user 0.22system 0:00.12elapsed 395%CPU (0avgtext+0avgdata 25668maxresident)k
24inputs+840outputs (0major+124168minor)pagefaults 0swaps
    ./fast/language/WFTRUE_test.tla
forbidden output is present
Command exited with non-zero status 3
0.03user 0.00system 0:00.04elapsed 100%CPU (0avgtext+0avgdata 21392maxresident)k
16inputs+64outputs (0major+7862minor)pagefaults 0swaps
    ./fast/regression/consensus/consensus_test.tla
1.32user 0.51system 0:01.00elapsed 182%CPU (0avgtext+0avgdata 35896maxresident)k
64inputs+360outputs (0major+26837minor)pagefaults 0swaps
    ./fast/regression/cooper_instantiation_test.tla
0.02user 0.01system 0:00.04elapsed 100%CPU (0avgtext+0avgdata 21316maxresident)k
16inputs+56outputs (0major+7487minor)pagefaults 0swaps
    ./fast/regression/higher_order_statement_test.tla
forbidden output is present
Command exited with non-zero status 3
11.09user 14.06system 0:25.11elapsed 100%CPU (0avgtext+0avgdata 25728maxresident)k
13400inputs+232outputs (91major+23971minor)pagefaults 0swaps
    ./fast/regression/MiniProducerConsumer_test.tla
104.86user 31.71system 1:02.48elapsed 218%CPU (0avgtext+0avgdata 1014668maxresident)k
17416inputs+440outputs (85major+520439minor)pagefaults 0swaps
    ./fast/regression/parameterized_instantiation_test.tla
0.09user 0.04system 0:00.12elapsed 112%CPU (0avgtext+0avgdata 25676maxresident)k
448inputs+152outputs (0major+14214minor)pagefaults 0swaps
    ./fast/regression/setEuclid_test.tla
forbidden output is present
Command exited with non-zero status 3
13.28user 13.34system 0:25.99elapsed 102%CPU (0avgtext+0avgdata 33700maxresident)k
840inputs+2056outputs (4major+134803minor)pagefaults 0swaps
    ./fast/regression/smt_domain_check_test.tla
0.09user 0.04system 0:00.12elapsed 114%CPU (0avgtext+0avgdata 29464maxresident)k
80inputs+120outputs (0major+13707minor)pagefaults 0swaps
    ./fast/regression/z3_fingerprint_test.tla
0.13user 0.03system 0:00.16elapsed 101%CPU (0avgtext+0avgdata 21416maxresident)k
112inputs+160outputs (0major+16740minor)pagefaults 0swaps
    ./fast/russell_test.tla
0.10user 0.08system 0:00.12elapsed 146%CPU (0avgtext+0avgdata 25632maxresident)k
688inputs+168outputs (0major+27473minor)pagefaults 0swaps
    ./fast/smt_tests/advanced/functions/bijection_thm_test.tla
0.37user 0.27system 0:00.40elapsed 160%CPU (0avgtext+0avgdata 29988maxresident)k
168inputs+1120outputs (0major+105659minor)pagefaults 0swaps
    ./fast/smt_tests/advanced/functions/composition_test.tla
0.07user 0.03system 0:00.10elapsed 111%CPU (0avgtext+0avgdata 27920maxresident)k
88inputs+112outputs (0major+13680minor)pagefaults 0swaps
    ./fast/smt_tests/advanced/functions/identity1_test.tla
0.06user 0.05system 0:00.10elapsed 112%CPU (0avgtext+0avgdata 25368maxresident)k
80inputs+112outputs (0major+13511minor)pagefaults 0swaps
    ./fast/smt_tests/advanced/functions/identity2_test.tla
0.06user 0.05system 0:00.09elapsed 113%CPU (0avgtext+0avgdata 29200maxresident)k
88inputs+128outputs (0major+13712minor)pagefaults 0swaps
    ./fast/smt_tests/advanced/set_theory/cantor1_test.tla
10.84user 14.37system 0:25.15elapsed 100%CPU (0avgtext+0avgdata 30232maxresident)k
160inputs+336outputs (0major+37973minor)pagefaults 0swaps
    ./fast/smt_tests/advanced/set_theory/choice_axiom2_test.tla
11.02user 14.24system 0:25.18elapsed 100%CPU (0avgtext+0avgdata 29680maxresident)k
88inputs+432outputs (0major+38653minor)pagefaults 0swaps
    ./fast/smt_tests/advanced/set_theory/choice_axiom_test.tla
0.18user 0.16system 0:00.17elapsed 198%CPU (0avgtext+0avgdata 30368maxresident)k
104inputs+344outputs (0major+57664minor)pagefaults 0swaps
    ./fast/smt_tests/advanced/set_theory/section_test.tla
11.12user 14.13system 0:25.17elapsed 100%CPU (0avgtext+0avgdata 29692maxresident)k
56inputs+456outputs (0major+38706minor)pagefaults 0swaps
    ./fast/smt_tests/advanced/tuples/tuple_as_function1_test.tla
0.15user 0.13system 0:00.18elapsed 157%CPU (0avgtext+0avgdata 27804maxresident)k
112inputs+432outputs (0major+51595minor)pagefaults 0swaps
    ./fast/smt_tests/advanced/tuples/tuple_as_function2_test.tla
0.21user 0.12system 0:00.19elapsed 170%CPU (0avgtext+0avgdata 29776maxresident)k
80inputs+448outputs (0major+61942minor)pagefaults 0swaps
    ./fast/smt_tests/basic/arith/arith10_test.tla
0.07user 0.03system 0:00.10elapsed 111%CPU (0avgtext+0avgdata 25628maxresident)k
160inputs+104outputs (0major+13507minor)pagefaults 0swaps
    ./fast/smt_tests/basic/arith/arith11_test.tla
0.06user 0.03system 0:00.09elapsed 110%CPU (0avgtext+0avgdata 25548maxresident)k
320inputs+104outputs (0major+13497minor)pagefaults 0swaps
    ./fast/smt_tests/basic/arith/arith12_test.tla
0.06user 0.04system 0:00.10elapsed 112%CPU (0avgtext+0avgdata 28144maxresident)k
64inputs+104outputs (0major+13642minor)pagefaults 0swaps
    ./fast/smt_tests/basic/arith/arith13_test.tla
0.08user 0.02system 0:00.09elapsed 113%CPU (0avgtext+0avgdata 27988maxresident)k
48inputs+104outputs (0major+13634minor)pagefaults 0swaps
    ./fast/smt_tests/basic/arith/arith14_test.tla
0.07user 0.03system 0:00.10elapsed 113%CPU (0avgtext+0avgdata 26636maxresident)k
64inputs+112outputs (0major+13600minor)pagefaults 0swaps
    ./fast/smt_tests/basic/arith/arith15_test.tla
0.06user 0.03system 0:00.08elapsed 113%CPU (0avgtext+0avgdata 25532maxresident)k
72inputs+104outputs (0major+13496minor)pagefaults 0swaps
    ./fast/smt_tests/basic/arith/arith16_test.tla
0.05user 0.03system 0:00.08elapsed 112%CPU (0avgtext+0avgdata 25432maxresident)k
48inputs+104outputs (0major+13490minor)pagefaults 0swaps
    ./fast/smt_tests/basic/arith/arith17_test.tla
0.06user 0.03system 0:00.08elapsed 116%CPU (0avgtext+0avgdata 25420maxresident)k
48inputs+104outputs (0major+13470minor)pagefaults 0swaps
    ./fast/smt_tests/basic/arith/arith18_test.tla
0.05user 0.03system 0:00.08elapsed 112%CPU (0avgtext+0avgdata 25448maxresident)k
48inputs+104outputs (0major+13468minor)pagefaults 0swaps
    ./fast/smt_tests/basic/arith/arith19_test.tla
0.06user 0.03system 0:00.08elapsed 112%CPU (0avgtext+0avgdata 25516maxresident)k
80inputs+104outputs (0major+13489minor)pagefaults 0swaps
    ./fast/smt_tests/basic/arith/arith1_test.tla
0.06user 0.03system 0:00.08elapsed 112%CPU (0avgtext+0avgdata 25428maxresident)k
64inputs+104outputs (0major+13518minor)pagefaults 0swaps
    ./fast/smt_tests/basic/arith/arith2_test.tla
0.06user 0.03system 0:00.08elapsed 112%CPU (0avgtext+0avgdata 25420maxresident)k
64inputs+104outputs (0major+13530minor)pagefaults 0swaps
    ./fast/smt_tests/basic/arith/arith3_test.tla
0.05user 0.03system 0:00.08elapsed 110%CPU (0avgtext+0avgdata 25688maxresident)k
56inputs+104outputs (0major+13505minor)pagefaults 0swaps
    ./fast/smt_tests/basic/arith/arith4_test.tla
0.07user 0.02system 0:00.08elapsed 112%CPU (0avgtext+0avgdata 25532maxresident)k
56inputs+104outputs (0major+13523minor)pagefaults 0swaps
    ./fast/smt_tests/basic/arith/arith5_test.tla
0.05user 0.03system 0:00.08elapsed 113%CPU (0avgtext+0avgdata 25484maxresident)k
48inputs+104outputs (0major+13521minor)pagefaults 0swaps
    ./fast/smt_tests/basic/arith/arith6_test.tla
0.06user 0.03system 0:00.08elapsed 112%CPU (0avgtext+0avgdata 25576maxresident)k
48inputs+104outputs (0major+13499minor)pagefaults 0swaps
    ./fast/smt_tests/basic/arith/arith7_test.tla
0.05user 0.03system 0:00.08elapsed 114%CPU (0avgtext+0avgdata 25508maxresident)k
64inputs+104outputs (0major+13494minor)pagefaults 0swaps
    ./fast/smt_tests/basic/arith/arith8_test.tla
0.05user 0.03system 0:00.08elapsed 112%CPU (0avgtext+0avgdata 25492maxresident)k
48inputs+104outputs (0major+13496minor)pagefaults 0swaps
    ./fast/smt_tests/basic/arith/arith9_test.tla
0.06user 0.02system 0:00.08elapsed 112%CPU (0avgtext+0avgdata 25584maxresident)k
56inputs+104outputs (0major+13476minor)pagefaults 0swaps
    ./fast/smt_tests/basic/epsilon/epsilon1_test.tla
0.06user 0.03system 0:00.08elapsed 112%CPU (0avgtext+0avgdata 27964maxresident)k
136inputs+104outputs (0major+13654minor)pagefaults 0swaps
    ./fast/smt_tests/basic/epsilon/epsilon2_test.tla
0.06user 0.03system 0:00.08elapsed 112%CPU (0avgtext+0avgdata 27800maxresident)k
80inputs+104outputs (0major+13670minor)pagefaults 0swaps
    ./fast/smt_tests/basic/epsilon/epsilon3_test.tla
0.07user 0.02system 0:00.08elapsed 113%CPU (0avgtext+0avgdata 28132maxresident)k
56inputs+104outputs (0major+13592minor)pagefaults 0swaps
    ./fast/smt_tests/basic/epsilon/epsilon4_test.tla
0.07user 0.02system 0:00.08elapsed 112%CPU (0avgtext+0avgdata 28040maxresident)k
64inputs+104outputs (0major+13636minor)pagefaults 0swaps
    ./fast/smt_tests/basic/extensionality/empty_set_ext_test.tla
0.05user 0.03system 0:00.08elapsed 112%CPU (0avgtext+0avgdata 27956maxresident)k
376inputs+104outputs (0major+13619minor)pagefaults 0swaps
    ./fast/smt_tests/basic/extensionality/enum_ext_test.tla
0.05user 0.04system 0:00.08elapsed 113%CPU (0avgtext+0avgdata 28012maxresident)k
48inputs+104outputs (0major+13654minor)pagefaults 0swaps
    ./fast/smt_tests/basic/extensionality/fun_ext_test.tla
0.07user 0.03system 0:00.08elapsed 112%CPU (0avgtext+0avgdata 25364maxresident)k
48inputs+112outputs (0major+13541minor)pagefaults 0swaps
    ./fast/smt_tests/basic/extensionality/set_ext_test.tla
0.06user 0.03system 0:00.08elapsed 113%CPU (0avgtext+0avgdata 29884maxresident)k
64inputs+104outputs (0major+13774minor)pagefaults 0swaps
    ./fast/smt_tests/basic/extensionality/tup_ext_test.tla
0.06user 0.03system 0:00.08elapsed 111%CPU (0avgtext+0avgdata 25584maxresident)k
56inputs+112outputs (0major+13509minor)pagefaults 0swaps
    ./fast/smt_tests/basic/firstorder/firstorder1_test.tla
0.06user 0.03system 0:00.09elapsed 110%CPU (0avgtext+0avgdata 27988maxresident)k
144inputs+104outputs (0major+13647minor)pagefaults 0swaps
    ./fast/smt_tests/basic/firstorder/firstorder1_wproof_test.tla
0.08user 0.04system 0:00.09elapsed 132%CPU (0avgtext+0avgdata 28124maxresident)k
56inputs+152outputs (0major+22988minor)pagefaults 0swaps
    ./fast/smt_tests/basic/firstorder/firstorder2_test.tla
0.06user 0.04system 0:00.09elapsed 113%CPU (0avgtext+0avgdata 28032maxresident)k
64inputs+112outputs (0major+13680minor)pagefaults 0swaps
    ./fast/smt_tests/basic/firstorder/firstorder2_wproof_test.tla
0.09user 0.04system 0:00.10elapsed 130%CPU (0avgtext+0avgdata 28080maxresident)k
72inputs+152outputs (0major+23070minor)pagefaults 0swaps
    ./fast/smt_tests/basic/firstorder/firstorder3_test.tla
0.06user 0.03system 0:00.09elapsed 115%CPU (0avgtext+0avgdata 29596maxresident)k
56inputs+104outputs (0major+13772minor)pagefaults 0swaps
    ./fast/smt_tests/basic/firstorder/firstorder3_wproof_test.tla
0.07user 0.06system 0:00.09elapsed 135%CPU (0avgtext+0avgdata 29720maxresident)k
64inputs+144outputs (0major+23442minor)pagefaults 0swaps
    ./fast/smt_tests/basic/firstorder/firstorder4_test.tla
0.06user 0.03system 0:00.08elapsed 113%CPU (0avgtext+0avgdata 29708maxresident)k
56inputs+104outputs (0major+13720minor)pagefaults 0swaps
    ./fast/smt_tests/basic/firstorder/firstorder4_wproof_test.tla
0.10user 0.04system 0:00.10elapsed 144%CPU (0avgtext+0avgdata 29672maxresident)k
40inputs+168outputs (0major+27968minor)pagefaults 0swaps
    ./fast/smt_tests/basic/firstorder/firstorder5_test.tla
0.07user 0.03system 0:00.09elapsed 114%CPU (0avgtext+0avgdata 29644maxresident)k
56inputs+104outputs (0major+13782minor)pagefaults 0swaps
    ./fast/smt_tests/basic/firstorder/firstorder5_wproof_test.tla
0.08user 0.06system 0:00.10elapsed 141%CPU (0avgtext+0avgdata 27928maxresident)k
56inputs+184outputs (0major+27888minor)pagefaults 0swaps
    ./fast/smt_tests/basic/firstorder/firstorder6_test.tla
0.07user 0.02system 0:00.08elapsed 113%CPU (0avgtext+0avgdata 29612maxresident)k
64inputs+104outputs (1major+13747minor)pagefaults 0swaps
    ./fast/smt_tests/basic/firstorder/firstorder6_wproof_test.tla
0.08user 0.07system 0:00.10elapsed 146%CPU (0avgtext+0avgdata 29792maxresident)k
48inputs+168outputs (0major+28356minor)pagefaults 0swaps
    ./fast/smt_tests/basic/function/function10_test.tla
0.06user 0.03system 0:00.09elapsed 110%CPU (0avgtext+0avgdata 25532maxresident)k
376inputs+112outputs (0major+13531minor)pagefaults 0swaps
    ./fast/smt_tests/basic/function/function11_test.tla
0.06user 0.03system 0:00.09elapsed 113%CPU (0avgtext+0avgdata 27904maxresident)k
80inputs+112outputs (0major+13686minor)pagefaults 0swaps
    ./fast/smt_tests/basic/function/function12_test.tla
10.75user 14.35system 0:25.11elapsed 99%CPU (0avgtext+0avgdata 24740maxresident)k
56inputs+160outputs (0major+14583minor)pagefaults 0swaps
    ./fast/smt_tests/basic/function/function13_test.tla
0.07user 0.04system 0:00.10elapsed 111%CPU (0avgtext+0avgdata 25556maxresident)k
64inputs+112outputs (0major+13531minor)pagefaults 0swaps
    ./fast/smt_tests/basic/function/function14_test.tla
0.06user 0.05system 0:00.10elapsed 113%CPU (0avgtext+0avgdata 27852maxresident)k
56inputs+112outputs (0major+13697minor)pagefaults 0swaps
    ./fast/smt_tests/basic/function/function15_test.tla
0.07user 0.04system 0:00.10elapsed 111%CPU (0avgtext+0avgdata 25632maxresident)k
48inputs+128outputs (0major+13518minor)pagefaults 0swaps
    ./fast/smt_tests/basic/function/function16_test.tla
11.01user 14.12system 0:25.13elapsed 100%CPU (0avgtext+0avgdata 22148maxresident)k
64inputs+184outputs (0major+13880minor)pagefaults 0swaps
    ./fast/smt_tests/basic/function/function17_test.tla
0.09user 0.04system 0:00.12elapsed 113%CPU (0avgtext+0avgdata 29632maxresident)k
64inputs+152outputs (0major+13736minor)pagefaults 0swaps
    ./fast/smt_tests/basic/function/function18_test.tla
0.07user 0.05system 0:00.11elapsed 112%CPU (0avgtext+0avgdata 25508maxresident)k
64inputs+128outputs (0major+13581minor)pagefaults 0swaps
    ./fast/smt_tests/basic/function/function1_test.tla
0.09user 0.02system 0:00.10elapsed 112%CPU (0avgtext+0avgdata 25560maxresident)k
72inputs+104outputs (0major+13501minor)pagefaults 0swaps
    ./fast/smt_tests/basic/function/function20_test.tla
0.07user 0.03system 0:00.09elapsed 112%CPU (0avgtext+0avgdata 25712maxresident)k
80inputs+112outputs (0major+13515minor)pagefaults 0swaps
    ./fast/smt_tests/basic/function/function21_test.tla
0.07user 0.02system 0:00.09elapsed 112%CPU (0avgtext+0avgdata 25484maxresident)k
40inputs+112outputs (0major+13497minor)pagefaults 0swaps
    ./fast/smt_tests/basic/function/function22_test.tla
0.07user 0.03system 0:00.09elapsed 113%CPU (0avgtext+0avgdata 25472maxresident)k
56inputs+112outputs (0major+13485minor)pagefaults 0swaps
    ./fast/smt_tests/basic/function/function23_test.tla
0.08user 0.03system 0:00.09elapsed 115%CPU (0avgtext+0avgdata 29652maxresident)k
40inputs+112outputs (0major+13686minor)pagefaults 0swaps
    ./fast/smt_tests/basic/function/function24_test.tla
0.07user 0.02system 0:00.08elapsed 113%CPU (0avgtext+0avgdata 25516maxresident)k
48inputs+112outputs (0major+13477minor)pagefaults 0swaps
    ./fast/smt_tests/basic/function/function25_test.tla
0.07user 0.02system 0:00.09elapsed 112%CPU (0avgtext+0avgdata 25576maxresident)k
40inputs+112outputs (0major+13535minor)pagefaults 0swaps
    ./fast/smt_tests/basic/function/function26_test.tla
0.06user 0.04system 0:00.08elapsed 112%CPU (0avgtext+0avgdata 25448maxresident)k
56inputs+112outputs (0major+13486minor)pagefaults 0swaps
    ./fast/smt_tests/basic/function/function27_test.tla
0.08user 0.02system 0:00.09elapsed 113%CPU (0avgtext+0avgdata 30000maxresident)k
56inputs+128outputs (0major+13756minor)pagefaults 0swaps
    ./fast/smt_tests/basic/function/function28_test.tla
0.07user 0.03system 0:00.09elapsed 113%CPU (0avgtext+0avgdata 30264maxresident)k
48inputs+128outputs (0major+13754minor)pagefaults 0swaps
    ./fast/smt_tests/basic/function/function29_test.tla
0.07user 0.02system 0:00.08elapsed 111%CPU (0avgtext+0avgdata 25596maxresident)k
40inputs+112outputs (0major+13535minor)pagefaults 0swaps
    ./fast/smt_tests/basic/function/function2_test.tla
0.05user 0.04system 0:00.08elapsed 114%CPU (0avgtext+0avgdata 28116maxresident)k
64inputs+112outputs (0major+13647minor)pagefaults 0swaps
    ./fast/smt_tests/basic/function/function30_test.tla
0.06user 0.04system 0:00.09elapsed 112%CPU (0avgtext+0avgdata 25488maxresident)k
48inputs+112outputs (0major+13544minor)pagefaults 0swaps
    ./fast/smt_tests/basic/function/function3_test.tla
0.08user 0.05system 0:00.10elapsed 126%CPU (0avgtext+0avgdata 29852maxresident)k
40inputs+136outputs (0major+18426minor)pagefaults 0swaps
    ./fast/smt_tests/basic/function/function5_test.tla
0.06user 0.04system 0:00.08elapsed 114%CPU (0avgtext+0avgdata 27920maxresident)k
48inputs+112outputs (0major+13652minor)pagefaults 0swaps
    ./fast/smt_tests/basic/function/function6_test.tla
0.04user 0.04system 0:00.08elapsed 111%CPU (0avgtext+0avgdata 25764maxresident)k
32inputs+104outputs (0major+13518minor)pagefaults 0swaps
    ./fast/smt_tests/basic/function/function7_test.tla
0.06user 0.03system 0:00.08elapsed 114%CPU (0avgtext+0avgdata 25472maxresident)k
320inputs+104outputs (0major+13493minor)pagefaults 0swaps
    ./fast/smt_tests/basic/prop/basic_test.tla
0.06user 0.02system 0:00.08elapsed 110%CPU (0avgtext+0avgdata 25656maxresident)k
88inputs+104outputs (0major+13522minor)pagefaults 0swaps
    ./fast/smt_tests/basic/prop/prop10_test.tla
0.07user 0.02system 0:00.08elapsed 113%CPU (0avgtext+0avgdata 25656maxresident)k
32inputs+104outputs (0major+13505minor)pagefaults 0swaps
    ./fast/smt_tests/basic/prop/prop11_test.tla
0.08user 0.01system 0:00.09elapsed 112%CPU (0avgtext+0avgdata 27968maxresident)k
56inputs+112outputs (0major+13646minor)pagefaults 0swaps
    ./fast/smt_tests/basic/prop/prop12_test.tla
0.06user 0.03system 0:00.08elapsed 115%CPU (0avgtext+0avgdata 27920maxresident)k
40inputs+112outputs (0major+13642minor)pagefaults 0swaps
    ./fast/smt_tests/basic/prop/prop1_test.tla
0.06user 0.03system 0:00.09elapsed 115%CPU (0avgtext+0avgdata 25560maxresident)k
40inputs+104outputs (0major+13493minor)pagefaults 0swaps
    ./fast/smt_tests/basic/prop/prop2_test.tla
0.07user 0.02system 0:00.08elapsed 110%CPU (0avgtext+0avgdata 25636maxresident)k
64inputs+104outputs (1major+13484minor)pagefaults 0swaps
    ./fast/smt_tests/basic/prop/prop3_test.tla
0.05user 0.03system 0:00.08elapsed 112%CPU (0avgtext+0avgdata 25504maxresident)k
40inputs+104outputs (0major+13520minor)pagefaults 0swaps
    ./fast/smt_tests/basic/prop/prop4_test.tla
0.06user 0.03system 0:00.08elapsed 111%CPU (0avgtext+0avgdata 25708maxresident)k
56inputs+104outputs (0major+13545minor)pagefaults 0swaps
    ./fast/smt_tests/basic/prop/prop5_test.tla
0.05user 0.04system 0:00.08elapsed 112%CPU (0avgtext+0avgdata 25532maxresident)k
48inputs+104outputs (0major+13507minor)pagefaults 0swaps
    ./fast/smt_tests/basic/prop/prop6_test.tla
0.05user 0.04system 0:00.08elapsed 113%CPU (0avgtext+0avgdata 25764maxresident)k
56inputs+104outputs (0major+13476minor)pagefaults 0swaps
    ./fast/smt_tests/basic/prop/prop7_test.tla
0.05user 0.05system 0:00.08elapsed 113%CPU (0avgtext+0avgdata 27796maxresident)k
40inputs+104outputs (0major+13619minor)pagefaults 0swaps
    ./fast/smt_tests/basic/prop/prop8_test.tla
0.06user 0.03system 0:00.08elapsed 116%CPU (0avgtext+0avgdata 27968maxresident)k
56inputs+104outputs (1major+13621minor)pagefaults 0swaps
    ./fast/smt_tests/basic/prop/prop9_test.tla
0.06user 0.04system 0:00.09elapsed 115%CPU (0avgtext+0avgdata 25532maxresident)k
64inputs+104outputs (0major+13487minor)pagefaults 0swaps
    ./fast/smt_tests/basic/record/record1_test.tla
0.06user 0.02system 0:00.08elapsed 110%CPU (0avgtext+0avgdata 25548maxresident)k
104inputs+112outputs (0major+13460minor)pagefaults 0swaps
    ./fast/smt_tests/basic/record/record2_test.tla
0.05user 0.04system 0:00.08elapsed 111%CPU (0avgtext+0avgdata 25528maxresident)k
64inputs+128outputs (0major+13528minor)pagefaults 0swaps
    ./fast/smt_tests/basic/record/record3_test.tla
0.06user 0.03system 0:00.09elapsed 110%CPU (0avgtext+0avgdata 25496maxresident)k
64inputs+120outputs (0major+13515minor)pagefaults 0swaps
    ./fast/smt_tests/basic/set/set10_test.tla
0.06user 0.03system 0:00.08elapsed 111%CPU (0avgtext+0avgdata 28068maxresident)k
384inputs+104outputs (0major+13621minor)pagefaults 0swaps
    ./fast/smt_tests/basic/set/set11_test.tla
0.05user 0.03system 0:00.08elapsed 113%CPU (0avgtext+0avgdata 25536maxresident)k
72inputs+104outputs (0major+13504minor)pagefaults 0swaps
    ./fast/smt_tests/basic/set/set12_test.tla
0.06user 0.02system 0:00.08elapsed 113%CPU (0avgtext+0avgdata 25508maxresident)k
80inputs+104outputs (0major+13497minor)pagefaults 0swaps
    ./fast/smt_tests/basic/set/set13_test.tla
0.07user 0.02system 0:00.08elapsed 111%CPU (0avgtext+0avgdata 25700maxresident)k
48inputs+104outputs (0major+13478minor)pagefaults 0swaps
    ./fast/smt_tests/basic/set/set14_test.tla
0.05user 0.04system 0:00.08elapsed 113%CPU (0avgtext+0avgdata 28088maxresident)k
80inputs+112outputs (0major+13612minor)pagefaults 0swaps
    ./fast/smt_tests/basic/set/set15_test.tla
0.07user 0.03system 0:00.09elapsed 112%CPU (0avgtext+0avgdata 25532maxresident)k
48inputs+112outputs (0major+13507minor)pagefaults 0swaps
    ./fast/smt_tests/basic/set/set16_test.tla
0.05user 0.04system 0:00.08elapsed 112%CPU (0avgtext+0avgdata 29624maxresident)k
64inputs+104outputs (0major+13803minor)pagefaults 0swaps
    ./fast/smt_tests/basic/set/set17_test.tla
0.06user 0.03system 0:00.08elapsed 113%CPU (0avgtext+0avgdata 25460maxresident)k
48inputs+104outputs (0major+13501minor)pagefaults 0swaps
    ./fast/smt_tests/basic/set/set18_test.tla
0.06user 0.04system 0:00.09elapsed 113%CPU (0avgtext+0avgdata 29436maxresident)k
56inputs+104outputs (0major+13808minor)pagefaults 0swaps
    ./fast/smt_tests/basic/set/set19_test.tla
0.06user 0.03system 0:00.08elapsed 112%CPU (0avgtext+0avgdata 25504maxresident)k
64inputs+104outputs (0major+13514minor)pagefaults 0swaps
    ./fast/smt_tests/basic/set/set1_test.tla
0.05user 0.04system 0:00.08elapsed 111%CPU (0avgtext+0avgdata 28036maxresident)k
64inputs+104outputs (0major+13626minor)pagefaults 0swaps
    ./fast/smt_tests/basic/set/set2_test.tla
0.06user 0.03system 0:00.08elapsed 111%CPU (0avgtext+0avgdata 25468maxresident)k
56inputs+104outputs (0major+13505minor)pagefaults 0swaps
    ./fast/smt_tests/basic/set/set3_test.tla
0.05user 0.03system 0:00.08elapsed 111%CPU (0avgtext+0avgdata 25652maxresident)k
80inputs+104outputs (0major+13459minor)pagefaults 0swaps
    ./fast/smt_tests/basic/set/set4_test.tla
0.06user 0.03system 0:00.08elapsed 110%CPU (0avgtext+0avgdata 25432maxresident)k
40inputs+104outputs (0major+13483minor)pagefaults 0swaps
    ./fast/smt_tests/basic/set/set5_test.tla
0.07user 0.02system 0:00.08elapsed 113%CPU (0avgtext+0avgdata 25600maxresident)k
64inputs+104outputs (0major+13516minor)pagefaults 0swaps
    ./fast/smt_tests/basic/set/set6_test.tla
0.06user 0.03system 0:00.08elapsed 114%CPU (0avgtext+0avgdata 27968maxresident)k
72inputs+104outputs (0major+13618minor)pagefaults 0swaps
    ./fast/smt_tests/basic/set/set7_test.tla
0.06user 0.03system 0:00.08elapsed 112%CPU (0avgtext+0avgdata 25784maxresident)k
72inputs+104outputs (0major+13457minor)pagefaults 0swaps
    ./fast/smt_tests/basic/set/set8_test.tla
0.06user 0.03system 0:00.08elapsed 115%CPU (0avgtext+0avgdata 27916maxresident)k
48inputs+104outputs (0major+13597minor)pagefaults 0swaps
    ./fast/smt_tests/basic/set/set9_test.tla
0.05user 0.04system 0:00.09elapsed 112%CPU (0avgtext+0avgdata 27980maxresident)k
56inputs+104outputs (0major+13589minor)pagefaults 0swaps
    ./fast/smt_tests/basic/string/strings1_test.tla
0.05user 0.03system 0:00.08elapsed 112%CPU (0avgtext+0avgdata 25652maxresident)k
104inputs+104outputs (0major+13483minor)pagefaults 0swaps
    ./fast/smt_tests/basic/string/strings2_test.tla
0.05user 0.04system 0:00.08elapsed 111%CPU (0avgtext+0avgdata 25636maxresident)k
40inputs+104outputs (1major+13455minor)pagefaults 0swaps
    ./fast/smt_tests/basic/tuple/tuple1_test.tla
0.05user 0.03system 0:00.08elapsed 112%CPU (0avgtext+0avgdata 25528maxresident)k
352inputs+104outputs (0major+13402minor)pagefaults 0swaps
    ./fast/smt_tests/basic/tuple/tuple2_test.tla
0.07user 0.04system 0:00.09elapsed 117%CPU (0avgtext+0avgdata 27900maxresident)k
64inputs+112outputs (0major+13633minor)pagefaults 0swaps
    ./fast/smt_tests/basic/tuple/tuple3_test.tla
0.06user 0.02system 0:00.08elapsed 112%CPU (0avgtext+0avgdata 25680maxresident)k
48inputs+112outputs (0major+13448minor)pagefaults 0swaps
    ./fast/smt_tests/basic/tuple/tuple4_test.tla
0.05user 0.03system 0:00.08elapsed 114%CPU (0avgtext+0avgdata 25580maxresident)k
48inputs+104outputs (0major+13472minor)pagefaults 0swaps
    ./fast/smt_tests/basic/tuple/tuple5_test.tla
0.04user 0.05system 0:00.08elapsed 111%CPU (0avgtext+0avgdata 25552maxresident)k
48inputs+104outputs (0major+13469minor)pagefaults 0swaps
    ./fast/smt_tests/basic/tuple/tuple6_test.tla
0.06user 0.03system 0:00.08elapsed 113%CPU (0avgtext+0avgdata 25716maxresident)k
40inputs+104outputs (0major+13470minor)pagefaults 0swaps
    ./fast/smt_tests/basic/tuple/tuple7_test.tla
0.05user 0.03system 0:00.08elapsed 112%CPU (0avgtext+0avgdata 25468maxresident)k
40inputs+104outputs (0major+13531minor)pagefaults 0swaps
    ./fast/smt_tests/lang/user_ops_test.tla
0.33user 0.07system 0:00.39elapsed 102%CPU (0avgtext+0avgdata 25508maxresident)k
120inputs+672outputs (0major+14656minor)pagefaults 0swaps
    ./fast/smt_tests/negative/one_div_zero_test.tla
2.25user 2.87system 0:05.10elapsed 100%CPU (0avgtext+0avgdata 21440maxresident)k
128inputs+120outputs (0major+13699minor)pagefaults 0swaps
    ./fast/smt_tests/negative/zero_in_one_test.tla
2.30user 2.84system 0:05.12elapsed 100%CPU (0avgtext+0avgdata 21576maxresident)k
64inputs+136outputs (0major+13688minor)pagefaults 0swaps
    ./fast/smt_tests/rewriting_rules/quantifiers_test.tla
0.10user 0.10system 0:00.13elapsed 163%CPU (0avgtext+0avgdata 25596maxresident)k
120inputs+192outputs (0major+36966minor)pagefaults 0swaps
    ./fast/smt_tests/silly_theorems/app_ambiguity_test.tla
0.07user 0.04system 0:00.10elapsed 113%CPU (0avgtext+0avgdata 27800maxresident)k
96inputs+112outputs (0major+13758minor)pagefaults 0swaps
    ./fast/smt_tests/silly_theorems/nonempty_integer_test.tla
0.09user 0.07system 0:00.11elapsed 152%CPU (0avgtext+0avgdata 30724maxresident)k
56inputs+160outputs (0major+28282minor)pagefaults 0swaps
    ./fast/smt_tests/silly_theorems/one_implies_one_test.tla
0.07user 0.04system 0:00.09elapsed 117%CPU (0avgtext+0avgdata 21432maxresident)k
64inputs+104outputs (0major+13367minor)pagefaults 0swaps
    ./fast/smt_tests/silly_theorems/record_as_function_test.tla
0.08user 0.03system 0:00.10elapsed 113%CPU (0avgtext+0avgdata 29624maxresident)k
64inputs+112outputs (0major+13703minor)pagefaults 0swaps
    ./fast/smt_tests/silly_theorems/x_implies_x_test.tla
0.06user 0.03system 0:00.08elapsed 113%CPU (0avgtext+0avgdata 25476maxresident)k
64inputs+104outputs (0major+13495minor)pagefaults 0swaps
    ./medium/regression/select_bug_test.tla
22.39user 27.69system 0:50.10elapsed 99%CPU (0avgtext+0avgdata 21344maxresident)k
120inputs+144outputs (0major+9496minor)pagefaults 0swaps
    ./medium/regression/snapshot/GFX_test.tla
forbidden output is present
Command exited with non-zero status 3
175.68user 38.16system 2:24.44elapsed 148%CPU (0avgtext+0avgdata 1027064maxresident)k
944inputs+52832outputs (3major+1856001minor)pagefaults 0swaps
    ./medium/regression/snapshot/SnapShot_test.tla
forbidden output is present
Command exited with non-zero status 3
228.04user 31.06system 4:00.29elapsed 107%CPU (0avgtext+0avgdata 302064maxresident)k
141096inputs+170320outputs (473major+3076455minor)pagefaults 0swaps
    ./original/fast/basic/cvc3_false_test.tla
0.05user 0.01system 0:00.08elapsed 89%CPU (0avgtext+0avgdata 21520maxresident)k
14696inputs+88outputs (58major+8544minor)pagefaults 0swaps
    ./original/fast/basic/isa_false_test.tla
0.04user 0.02system 0:00.07elapsed 100%CPU (0avgtext+0avgdata 21376maxresident)k
88inputs+96outputs (0major+8440minor)pagefaults 0swaps
    ./original/fast/basic/isa_true_test.tla
forbidden output is present
Command exited with non-zero status 3
0.04user 0.03system 0:00.07elapsed 100%CPU (0avgtext+0avgdata 21536maxresident)k
88inputs+96outputs (0major+8447minor)pagefaults 0swaps
    ./original/fast/basic/nonexistent_test.tla
0.03user 0.02system 0:00.05elapsed 98%CPU (0avgtext+0avgdata 21564maxresident)k
64inputs+56outputs (0major+7389minor)pagefaults 0swaps
    ./original/fast/basic/smt_arith_test.tla
0.05user 0.04system 0:00.08elapsed 110%CPU (0avgtext+0avgdata 25484maxresident)k
104inputs+104outputs (0major+13478minor)pagefaults 0swaps
    ./original/fast/basic/smt_false_test.tla
0.05user 0.03system 0:00.07elapsed 114%CPU (0avgtext+0avgdata 25296maxresident)k
48inputs+104outputs (0major+13485minor)pagefaults 0swaps
    ./original/fast/basic/tab_character_test.tla
0.02user 0.01system 0:00.05elapsed 71%CPU (0avgtext+0avgdata 10320maxresident)k
16inputs+16outputs (0major+2078minor)pagefaults 0swaps
    ./original/fast/basic/true_test.tla
0.06user 0.02system 0:00.08elapsed 113%CPU (0avgtext+0avgdata 25412maxresident)k
64inputs+104outputs (0major+13550minor)pagefaults 0swaps
    ./original/fast/basic/z3_arith_test.tla
0.06user 0.02system 0:00.08elapsed 111%CPU (0avgtext+0avgdata 25292maxresident)k
56inputs+104outputs (0major+13488minor)pagefaults 0swaps
    ./original/fast/basic/z3_false_test.tla
0.05user 0.03system 0:00.08elapsed 112%CPU (0avgtext+0avgdata 25624maxresident)k
64inputs+104outputs (0major+13456minor)pagefaults 0swaps
    ./original/fast/basic/zen_false_test.tla
0.06user 0.04system 0:00.08elapsed 116%CPU (0avgtext+0avgdata 21532maxresident)k
72inputs+104outputs (0major+13063minor)pagefaults 0swaps
    ./original/fast/basic/zen_true_test.tla
0.05user 0.04system 0:00.08elapsed 120%CPU (0avgtext+0avgdata 21564maxresident)k
48inputs+104outputs (0major+13047minor)pagefaults 0swaps
    ./original/fast/enabled_cdot/Cdot_test.tla
0.09user 0.06system 0:00.08elapsed 189%CPU (0avgtext+0avgdata 23332maxresident)k
368inputs+184outputs (0major+27067minor)pagefaults 0swaps
    ./original/fast/enabled_cdot/ENABLEDaxioms_test.tla
0.40user 0.36system 0:00.28elapsed 265%CPU (0avgtext+0avgdata 27872maxresident)k
152inputs+1032outputs (0major+211187minor)pagefaults 0swaps
    ./original/fast/enabled_cdot/ENABLED_INSTANCE_nullary_op_test.tla
0.08user 0.07system 0:00.13elapsed 121%CPU (0avgtext+0avgdata 29708maxresident)k
168inputs+160outputs (0major+19038minor)pagefaults 0swaps
    ./original/fast/enabled_cdot/ENABLED_INSTANCE_nullary_op_two_vars_test.tla
forbidden output is present
Command exited with non-zero status 3
0.10user 0.04system 0:00.11elapsed 124%CPU (0avgtext+0avgdata 29604maxresident)k
56inputs+168outputs (0major+19021minor)pagefaults 0swaps
    ./original/fast/enabled_cdot/ENABLED_INSTANCE_op_with_args_test.tla
forbidden output is present
Command exited with non-zero status 3
0.09user 0.06system 0:00.12elapsed 125%CPU (0avgtext+0avgdata 29564maxresident)k
72inputs+168outputs (0major+19084minor)pagefaults 0swaps
    ./original/fast/enabled_cdot/Enabled_test.tla
0.37user 0.25system 0:00.21elapsed 292%CPU (0avgtext+0avgdata 29648maxresident)k
80inputs+648outputs (1major+132799minor)pagefaults 0swaps
    ./original/fast/enabled_cdot/ExpandENABLED_LET_test.tla
0.08user 0.02system 0:00.09elapsed 117%CPU (0avgtext+0avgdata 21572maxresident)k
80inputs+104outputs (0major+13064minor)pagefaults 0swaps
    ./original/fast/enabled_cdot/ExpandOnlyCdot_test.tla
0.05user 0.02system 0:00.08elapsed 102%CPU (0avgtext+0avgdata 21556maxresident)k
56inputs+88outputs (0major+8491minor)pagefaults 0swaps
    ./original/fast/enabled_cdot/ExpandOnlyENABLED_test.tla
0.06user 0.02system 0:00.08elapsed 101%CPU (0avgtext+0avgdata 21396maxresident)k
56inputs+88outputs (0major+8448minor)pagefaults 0swaps
    ./original/fast/enabled_cdot/Level_of_parametric_INSTANCE_test.tla
0.08user 0.04system 0:00.10elapsed 126%CPU (0avgtext+0avgdata 25260maxresident)k
464inputs+120outputs (2major+17867minor)pagefaults 0swaps
    ./original/fast/enabled_cdot/Level_test.tla
0.09user 0.04system 0:00.12elapsed 113%CPU (0avgtext+0avgdata 21552maxresident)k
80inputs+144outputs (0major+13833minor)pagefaults 0swaps
    ./original/fast/enabled_cdot/NestedCdot_test.tla
0.11user 0.07system 0:00.10elapsed 190%CPU (0avgtext+0avgdata 25044maxresident)k
56inputs+168outputs (0major+27829minor)pagefaults 0swaps
    ./original/fast/enabled_cdot/NestedENABLED_from_AutoUSE_test.tla
forbidden output is present
Command exited with non-zero status 3
0.05user 0.03system 0:00.08elapsed 101%CPU (0avgtext+0avgdata 21416maxresident)k
64inputs+96outputs (0major+8490minor)pagefaults 0swaps
    ./original/fast/enabled_cdot/NestedENABLED_test.tla
0.09user 0.05system 0:00.10elapsed 147%CPU (0avgtext+0avgdata 22456maxresident)k
40inputs+160outputs (0major+22640minor)pagefaults 0swaps
    ./original/fast/fingerprint/FingerprintVariablesParameters_test.tla
required error output is missing
Command exited with non-zero status 3
0.09user 0.03system 0:00.12elapsed 100%CPU (0avgtext+0avgdata 21400maxresident)k
328inputs+104outputs (0major+14630minor)pagefaults 0swaps
    ./original/fast/language/EXCEPTMultipleBrackets_test.tla
0.07user 0.08system 0:00.12elapsed 132%CPU (0avgtext+0avgdata 25476maxresident)k
80inputs+256outputs (0major+22090minor)pagefaults 0swaps
    ./original/fast/language/EXTENDS_in_submodule_test.tla
0.05user 0.02system 0:00.08elapsed 100%CPU (0avgtext+0avgdata 21440maxresident)k
176inputs+128outputs (0major+9145minor)pagefaults 0swaps
    ./original/fast/language/INSTANCE_inside_LET_fingerprint_test.tla
0.07user 0.03system 0:00.09elapsed 112%CPU (0avgtext+0avgdata 25304maxresident)k
48inputs+144outputs (0major+14243minor)pagefaults 0swaps
    ./original/fast/language/INSTANCE_inside_LET_test.tla
0.07user 0.02system 0:00.09elapsed 112%CPU (0avgtext+0avgdata 25480maxresident)k
144inputs+144outputs (0major+14230minor)pagefaults 0swaps
    ./original/fast/language/INSTANCE_shift_due_to_omitted_modunits_test.tla
0.06user 0.01system 0:00.08elapsed 101%CPU (0avgtext+0avgdata 21364maxresident)k
64inputs+136outputs (0major+9143minor)pagefaults 0swaps
    ./original/fast/language/Operators_test.tla
0.07user 0.03system 0:00.09elapsed 121%CPU (0avgtext+0avgdata 25640maxresident)k
296inputs+184outputs (0major+17519minor)pagefaults 0swaps
    ./original/fast/language/SubrefLL_test.tla
0.49user 0.41system 0:00.44elapsed 202%CPU (0avgtext+0avgdata 25672maxresident)k
80inputs+984outputs (0major+202388minor)pagefaults 0swaps
    ./original/fast/language/Subref_test.tla
0.53user 0.29system 0:00.20elapsed 404%CPU (0avgtext+0avgdata 25612maxresident)k
80inputs+840outputs (0major+124193minor)pagefaults 0swaps
    ./original/fast/language/WFTRUE_test.tla
forbidden output is present
Command exited with non-zero status 3
0.05user 0.02system 0:00.08elapsed 100%CPU (0avgtext+0avgdata 21372maxresident)k
40inputs+64outputs (0major+7866minor)pagefaults 0swaps
    ./original/fast/regression/consensus/consensus_test.tla
2.44user 0.94system 0:01.84elapsed 183%CPU (0avgtext+0avgdata 35492maxresident)k
640inputs+360outputs (0major+26835minor)pagefaults 0swaps
    ./original/fast/regression/cooper_instantiation_test.tla
0.05user 0.02system 0:00.07elapsed 98%CPU (0avgtext+0avgdata 21432maxresident)k
56inputs+56outputs (0major+7504minor)pagefaults 0swaps
    ./original/fast/regression/higher_order_statement_test.tla
forbidden output is present
Command exited with non-zero status 3
10.78user 14.40system 0:25.13elapsed 100%CPU (0avgtext+0avgdata 25560maxresident)k
128inputs+232outputs (0major+24006minor)pagefaults 0swaps
    ./original/fast/regression/MiniProducerConsumer_test.tla
104.28user 32.04system 1:02.65elapsed 217%CPU (0avgtext+0avgdata 1005268maxresident)k
88inputs+440outputs (0major+517532minor)pagefaults 0swaps
    ./original/fast/regression/parameterized_instantiation_test.tla
0.09user 0.02system 0:00.11elapsed 110%CPU (0avgtext+0avgdata 25648maxresident)k
408inputs+152outputs (0major+14233minor)pagefaults 0swaps
    ./original/fast/regression/setEuclid_test.tla
forbidden output is present
Command exited with non-zero status 3
13.23user 13.37system 0:25.98elapsed 102%CPU (0avgtext+0avgdata 33584maxresident)k
120inputs+2064outputs (0major+134825minor)pagefaults 0swaps
    ./original/fast/regression/smt_domain_check_test.tla
0.09user 0.04system 0:00.12elapsed 113%CPU (0avgtext+0avgdata 29348maxresident)k
64inputs+120outputs (0major+13735minor)pagefaults 0swaps
    ./original/fast/regression/z3_fingerprint_test.tla
0.11user 0.05system 0:00.16elapsed 101%CPU (0avgtext+0avgdata 21524maxresident)k
64inputs+160outputs (0major+16732minor)pagefaults 0swaps
    ./original/fast/russell_test.tla
0.12user 0.07system 0:00.12elapsed 157%CPU (0avgtext+0avgdata 25440maxresident)k
120inputs+168outputs (1major+27468minor)pagefaults 0swaps
    ./original/fast/smt_tests/advanced/functions/bijection_thm_test.tla
0.40user 0.24system 0:00.40elapsed 162%CPU (0avgtext+0avgdata 29756maxresident)k
104inputs+1120outputs (0major+105670minor)pagefaults 0swaps
    ./original/fast/smt_tests/advanced/functions/composition_test.tla
0.07user 0.04system 0:00.10elapsed 114%CPU (0avgtext+0avgdata 27816maxresident)k
32inputs+112outputs (0major+13672minor)pagefaults 0swaps
    ./original/fast/smt_tests/advanced/functions/identity1_test.tla
0.08user 0.03system 0:00.10elapsed 113%CPU (0avgtext+0avgdata 25600maxresident)k
64inputs+112outputs (0major+13496minor)pagefaults 0swaps
    ./original/fast/smt_tests/advanced/functions/identity2_test.tla
0.07user 0.04system 0:00.10elapsed 114%CPU (0avgtext+0avgdata 29192maxresident)k
88inputs+128outputs (0major+13682minor)pagefaults 0swaps
    ./original/fast/smt_tests/advanced/set_theory/cantor1_test.tla
11.01user 14.21system 0:25.15elapsed 100%CPU (0avgtext+0avgdata 30328maxresident)k
96inputs+336outputs (0major+37979minor)pagefaults 0swaps
    ./original/fast/smt_tests/advanced/set_theory/choice_axiom2_test.tla
11.05user 14.18system 0:25.16elapsed 100%CPU (0avgtext+0avgdata 29696maxresident)k
72inputs+440outputs (0major+38645minor)pagefaults 0swaps
    ./original/fast/smt_tests/advanced/set_theory/choice_axiom_test.tla
0.18user 0.15system 0:00.17elapsed 194%CPU (0avgtext+0avgdata 30500maxresident)k
80inputs+344outputs (0major+57653minor)pagefaults 0swaps
    ./original/fast/smt_tests/advanced/set_theory/section_test.tla
11.05user 14.22system 0:25.18elapsed 100%CPU (0avgtext+0avgdata 29876maxresident)k
56inputs+456outputs (0major+38724minor)pagefaults 0swaps
    ./original/fast/smt_tests/advanced/tuples/tuple_as_function1_test.tla
0.19user 0.11system 0:00.19elapsed 158%CPU (0avgtext+0avgdata 27876maxresident)k
128inputs+432outputs (0major+51608minor)pagefaults 0swaps
    ./original/fast/smt_tests/advanced/tuples/tuple_as_function2_test.tla
0.23user 0.11system 0:00.20elapsed 168%CPU (0avgtext+0avgdata 29620maxresident)k
56inputs+448outputs (0major+61948minor)pagefaults 0swaps
    ./original/fast/smt_tests/basic/arith/arith10_test.tla
0.07user 0.03system 0:00.10elapsed 111%CPU (0avgtext+0avgdata 25468maxresident)k
360inputs+104outputs (0major+13490minor)pagefaults 0swaps
    ./original/fast/smt_tests/basic/arith/arith11_test.tla
0.07user 0.03system 0:00.09elapsed 114%CPU (0avgtext+0avgdata 25440maxresident)k
40inputs+104outputs (0major+13508minor)pagefaults 0swaps
    ./original/fast/smt_tests/basic/arith/arith12_test.tla
0.07user 0.04system 0:00.10elapsed 114%CPU (0avgtext+0avgdata 28124maxresident)k
48inputs+104outputs (0major+13644minor)pagefaults 0swaps
    ./original/fast/smt_tests/basic/arith/arith13_test.tla
0.07user 0.04system 0:00.10elapsed 115%CPU (0avgtext+0avgdata 27976maxresident)k
40inputs+104outputs (0major+13632minor)pagefaults 0swaps
    ./original/fast/smt_tests/basic/arith/arith14_test.tla
0.06user 0.05system 0:00.10elapsed 114%CPU (0avgtext+0avgdata 26668maxresident)k
40inputs+112outputs (0major+13612minor)pagefaults 0swaps
    ./original/fast/smt_tests/basic/arith/arith15_test.tla
0.07user 0.02system 0:00.09elapsed 113%CPU (0avgtext+0avgdata 25452maxresident)k
320inputs+104outputs (0major+13465minor)pagefaults 0swaps
    ./original/fast/smt_tests/basic/arith/arith16_test.tla
0.05user 0.03system 0:00.08elapsed 113%CPU (0avgtext+0avgdata 25496maxresident)k
40inputs+104outputs (0major+13504minor)pagefaults 0swaps
    ./original/fast/smt_tests/basic/arith/arith17_test.tla
0.06user 0.03system 0:00.09elapsed 113%CPU (0avgtext+0avgdata 25380maxresident)k
64inputs+104outputs (0major+13504minor)pagefaults 0swaps
    ./original/fast/smt_tests/basic/arith/arith18_test.tla
0.06user 0.03system 0:00.08elapsed 114%CPU (0avgtext+0avgdata 25452maxresident)k
64inputs+104outputs (0major+13444minor)pagefaults 0swaps
    ./original/fast/smt_tests/basic/arith/arith19_test.tla
0.06user 0.03system 0:00.08elapsed 113%CPU (0avgtext+0avgdata 25708maxresident)k
64inputs+104outputs (0major+13466minor)pagefaults 0swaps
    ./original/fast/smt_tests/basic/arith/arith1_test.tla
0.07user 0.01system 0:00.08elapsed 113%CPU (0avgtext+0avgdata 25572maxresident)k
64inputs+104outputs (0major+13541minor)pagefaults 0swaps
    ./original/fast/smt_tests/basic/arith/arith2_test.tla
0.05user 0.03system 0:00.08elapsed 114%CPU (0avgtext+0avgdata 25456maxresident)k
32inputs+104outputs (0major+13539minor)pagefaults 0swaps
    ./original/fast/smt_tests/basic/arith/arith3_test.tla
0.06user 0.04system 0:00.09elapsed 113%CPU (0avgtext+0avgdata 25708maxresident)k
64inputs+104outputs (0major+13534minor)pagefaults 0swaps
    ./original/fast/smt_tests/basic/arith/arith4_test.tla
0.06user 0.04system 0:00.09elapsed 113%CPU (0avgtext+0avgdata 25620maxresident)k
312inputs+104outputs (0major+13532minor)pagefaults 0swaps
    ./original/fast/smt_tests/basic/arith/arith5_test.tla
0.05user 0.03system 0:00.08elapsed 113%CPU (0avgtext+0avgdata 25544maxresident)k
56inputs+104outputs (0major+13527minor)pagefaults 0swaps
    ./original/fast/smt_tests/basic/arith/arith6_test.tla
0.07user 0.02system 0:00.08elapsed 115%CPU (0avgtext+0avgdata 25392maxresident)k
64inputs+104outputs (0major+13499minor)pagefaults 0swaps
    ./original/fast/smt_tests/basic/arith/arith7_test.tla
0.05user 0.04system 0:00.08elapsed 112%CPU (0avgtext+0avgdata 25584maxresident)k
48inputs+104outputs (0major+13489minor)pagefaults 0swaps
    ./original/fast/smt_tests/basic/arith/arith8_test.tla
0.07user 0.02system 0:00.08elapsed 110%CPU (0avgtext+0avgdata 25456maxresident)k
48inputs+104outputs (0major+13499minor)pagefaults 0swaps
    ./original/fast/smt_tests/basic/arith/arith9_test.tla
0.06user 0.03system 0:00.08elapsed 113%CPU (0avgtext+0avgdata 25624maxresident)k
48inputs+104outputs (0major+13500minor)pagefaults 0swaps
    ./original/fast/smt_tests/basic/epsilon/epsilon1_test.tla
0.05user 0.04system 0:00.08elapsed 112%CPU (0avgtext+0avgdata 28248maxresident)k
136inputs+104outputs (0major+13652minor)pagefaults 0swaps
    ./original/fast/smt_tests/basic/epsilon/epsilon2_test.tla
0.07user 0.02system 0:00.08elapsed 113%CPU (0avgtext+0avgdata 27980maxresident)k
64inputs+104outputs (0major+13676minor)pagefaults 0swaps
    ./original/fast/smt_tests/basic/epsilon/epsilon3_test.tla
0.05user 0.04system 0:00.08elapsed 113%CPU (0avgtext+0avgdata 27872maxresident)k
64inputs+104outputs (0major+13623minor)pagefaults 0swaps
    ./original/fast/smt_tests/basic/epsilon/epsilon4_test.tla
0.04user 0.05system 0:00.08elapsed 114%CPU (0avgtext+0avgdata 28052maxresident)k
48inputs+104outputs (0major+13624minor)pagefaults 0swaps
    ./original/fast/smt_tests/basic/extensionality/empty_set_ext_test.tla
0.06user 0.03system 0:00.08elapsed 112%CPU (0avgtext+0avgdata 28128maxresident)k
120inputs+104outputs (0major+13633minor)pagefaults 0swaps
    ./original/fast/smt_tests/basic/extensionality/enum_ext_test.tla
0.05user 0.04system 0:00.08elapsed 112%CPU (0avgtext+0avgdata 28104maxresident)k
56inputs+104outputs (0major+13653minor)pagefaults 0swaps
    ./original/fast/smt_tests/basic/extensionality/fun_ext_test.tla
0.05user 0.04system 0:00.09elapsed 112%CPU (0avgtext+0avgdata 25640maxresident)k
48inputs+112outputs (0major+13544minor)pagefaults 0swaps
    ./original/fast/smt_tests/basic/extensionality/set_ext_test.tla
0.06user 0.03system 0:00.08elapsed 113%CPU (0avgtext+0avgdata 30024maxresident)k
56inputs+104outputs (0major+13771minor)pagefaults 0swaps
    ./original/fast/smt_tests/basic/extensionality/tup_ext_test.tla
0.06user 0.03system 0:00.08elapsed 112%CPU (0avgtext+0avgdata 25428maxresident)k
304inputs+112outputs (0major+13517minor)pagefaults 0swaps
    ./original/fast/smt_tests/basic/firstorder/firstorder1_test.tla
0.06user 0.03system 0:00.09elapsed 112%CPU (0avgtext+0avgdata 27988maxresident)k
136inputs+104outputs (0major+13660minor)pagefaults 0swaps
    ./original/fast/smt_tests/basic/firstorder/firstorder1_wproof_test.tla
0.08user 0.05system 0:00.10elapsed 131%CPU (0avgtext+0avgdata 27980maxresident)k
72inputs+152outputs (0major+22995minor)pagefaults 0swaps
    ./original/fast/smt_tests/basic/firstorder/firstorder2_test.tla
0.06user 0.03system 0:00.08elapsed 113%CPU (0avgtext+0avgdata 28248maxresident)k
48inputs+112outputs (0major+13669minor)pagefaults 0swaps
    ./original/fast/smt_tests/basic/firstorder/firstorder2_wproof_test.tla
0.08user 0.05system 0:00.10elapsed 133%CPU (0avgtext+0avgdata 28000maxresident)k
64inputs+152outputs (0major+23077minor)pagefaults 0swaps
    ./original/fast/smt_tests/basic/firstorder/firstorder3_test.tla
0.05user 0.05system 0:00.09elapsed 117%CPU (0avgtext+0avgdata 29716maxresident)k
56inputs+104outputs (0major+13760minor)pagefaults 0swaps
    ./original/fast/smt_tests/basic/firstorder/firstorder3_wproof_test.tla
0.08user 0.05system 0:00.09elapsed 138%CPU (0avgtext+0avgdata 29696maxresident)k
64inputs+144outputs (1major+23439minor)pagefaults 0swaps
    ./original/fast/smt_tests/basic/firstorder/firstorder4_test.tla
0.06user 0.03system 0:00.09elapsed 115%CPU (0avgtext+0avgdata 29524maxresident)k
48inputs+104outputs (0major+13700minor)pagefaults 0swaps
    ./original/fast/smt_tests/basic/firstorder/firstorder4_wproof_test.tla
0.09user 0.05system 0:00.10elapsed 145%CPU (0avgtext+0avgdata 29628maxresident)k
56inputs+168outputs (0major+27969minor)pagefaults 0swaps
    ./original/fast/smt_tests/basic/firstorder/firstorder5_test.tla
0.06user 0.03system 0:00.09elapsed 114%CPU (0avgtext+0avgdata 29592maxresident)k
48inputs+104outputs (0major+13771minor)pagefaults 0swaps
    ./original/fast/smt_tests/basic/firstorder/firstorder5_wproof_test.tla
0.09user 0.05system 0:00.11elapsed 139%CPU (0avgtext+0avgdata 28100maxresident)k
48inputs+184outputs (0major+27886minor)pagefaults 0swaps
    ./original/fast/smt_tests/basic/firstorder/firstorder6_test.tla
0.07user 0.03system 0:00.09elapsed 114%CPU (0avgtext+0avgdata 29672maxresident)k
40inputs+104outputs (1major+13772minor)pagefaults 0swaps
    ./original/fast/smt_tests/basic/firstorder/firstorder6_wproof_test.tla
0.10user 0.05system 0:00.10elapsed 146%CPU (0avgtext+0avgdata 29868maxresident)k
56inputs+168outputs (0major+28369minor)pagefaults 0swaps
    ./original/fast/smt_tests/basic/function/function10_test.tla
0.08user 0.02system 0:00.09elapsed 110%CPU (0avgtext+0avgdata 25496maxresident)k
352inputs+112outputs (0major+13531minor)pagefaults 0swaps
    ./original/fast/smt_tests/basic/function/function11_test.tla
0.06user 0.03system 0:00.09elapsed 113%CPU (0avgtext+0avgdata 27808maxresident)k
56inputs+112outputs (0major+13703minor)pagefaults 0swaps
    ./original/fast/smt_tests/basic/function/function12_test.tla
10.82user 14.31system 0:25.11elapsed 100%CPU (0avgtext+0avgdata 24692maxresident)k
40inputs+160outputs (0major+14560minor)pagefaults 0swaps
    ./original/fast/smt_tests/basic/function/function13_test.tla
0.07user 0.04system 0:00.11elapsed 112%CPU (0avgtext+0avgdata 25596maxresident)k
40inputs+112outputs (0major+13516minor)pagefaults 0swaps
    ./original/fast/smt_tests/basic/function/function14_test.tla
0.07user 0.04system 0:00.10elapsed 113%CPU (0avgtext+0avgdata 27960maxresident)k
56inputs+112outputs (0major+13697minor)pagefaults 0swaps
    ./original/fast/smt_tests/basic/function/function15_test.tla
0.07user 0.03system 0:00.10elapsed 112%CPU (0avgtext+0avgdata 25540maxresident)k
56inputs+128outputs (0major+13500minor)pagefaults 0swaps
    ./original/fast/smt_tests/basic/function/function16_test.tla
11.00user 14.14system 0:25.13elapsed 100%CPU (0avgtext+0avgdata 22136maxresident)k
64inputs+168outputs (0major+13908minor)pagefaults 0swaps
    ./original/fast/smt_tests/basic/function/function17_test.tla
0.09user 0.04system 0:00.12elapsed 112%CPU (0avgtext+0avgdata 29376maxresident)k
64inputs+152outputs (0major+13728minor)pagefaults 0swaps
    ./original/fast/smt_tests/basic/function/function18_test.tla
0.07user 0.04system 0:00.10elapsed 111%CPU (0avgtext+0avgdata 25528maxresident)k
40inputs+128outputs (0major+13586minor)pagefaults 0swaps
    ./original/fast/smt_tests/basic/function/function1_test.tla
0.07user 0.03system 0:00.09elapsed 111%CPU (0avgtext+0avgdata 25432maxresident)k
64inputs+104outputs (0major+13500minor)pagefaults 0swaps
    ./original/fast/smt_tests/basic/function/function20_test.tla
0.07user 0.04system 0:00.10elapsed 114%CPU (0avgtext+0avgdata 25664maxresident)k
48inputs+112outputs (0major+13511minor)pagefaults 0swaps
    ./original/fast/smt_tests/basic/function/function21_test.tla
0.05user 0.04system 0:00.09elapsed 113%CPU (0avgtext+0avgdata 25464maxresident)k
32inputs+112outputs (0major+13482minor)pagefaults 0swaps
    ./original/fast/smt_tests/basic/function/function22_test.tla
0.07user 0.02system 0:00.09elapsed 111%CPU (0avgtext+0avgdata 25700maxresident)k
40inputs+112outputs (0major+13494minor)pagefaults 0swaps
    ./original/fast/smt_tests/basic/function/function23_test.tla
0.08user 0.03system 0:00.09elapsed 114%CPU (0avgtext+0avgdata 29488maxresident)k
40inputs+112outputs (0major+13702minor)pagefaults 0swaps
    ./original/fast/smt_tests/basic/function/function24_test.tla
0.06user 0.03system 0:00.09elapsed 112%CPU (0avgtext+0avgdata 25632maxresident)k
40inputs+112outputs (0major+13502minor)pagefaults 0swaps
    ./original/fast/smt_tests/basic/function/function25_test.tla
0.06user 0.03system 0:00.09elapsed 112%CPU (0avgtext+0avgdata 25708maxresident)k
32inputs+112outputs (0major+13532minor)pagefaults 0swaps
    ./original/fast/smt_tests/basic/function/function26_test.tla
0.06user 0.03system 0:00.08elapsed 111%CPU (0avgtext+0avgdata 25488maxresident)k
32inputs+112outputs (0major+13492minor)pagefaults 0swaps
    ./original/fast/smt_tests/basic/function/function27_test.tla
0.08user 0.02system 0:00.09elapsed 112%CPU (0avgtext+0avgdata 29804maxresident)k
304inputs+128outputs (0major+13759minor)pagefaults 0swaps
    ./original/fast/smt_tests/basic/function/function28_test.tla
0.06user 0.04system 0:00.09elapsed 114%CPU (0avgtext+0avgdata 29884maxresident)k
56inputs+128outputs (0major+13739minor)pagefaults 0swaps
    ./original/fast/smt_tests/basic/function/function29_test.tla
0.07user 0.02system 0:00.08elapsed 112%CPU (0avgtext+0avgdata 25568maxresident)k
72inputs+112outputs (0major+13537minor)pagefaults 0swaps
    ./original/fast/smt_tests/basic/function/function2_test.tla
0.06user 0.03system 0:00.08elapsed 112%CPU (0avgtext+0avgdata 27840maxresident)k
40inputs+112outputs (0major+13653minor)pagefaults 0swaps
    ./original/fast/smt_tests/basic/function/function30_test.tla
0.06user 0.03system 0:00.08elapsed 112%CPU (0avgtext+0avgdata 25596maxresident)k
32inputs+112outputs (0major+13563minor)pagefaults 0swaps
    ./original/fast/smt_tests/basic/function/function3_test.tla
0.08user 0.05system 0:00.10elapsed 127%CPU (0avgtext+0avgdata 29852maxresident)k
32inputs+136outputs (0major+18422minor)pagefaults 0swaps
    ./original/fast/smt_tests/basic/function/function5_test.tla
0.06user 0.04system 0:00.09elapsed 114%CPU (0avgtext+0avgdata 27916maxresident)k
32inputs+112outputs (0major+13672minor)pagefaults 0swaps
    ./original/fast/smt_tests/basic/function/function6_test.tla
0.06user 0.04system 0:00.09elapsed 113%CPU (0avgtext+0avgdata 25520maxresident)k
40inputs+104outputs (0major+13515minor)pagefaults 0swaps
    ./original/fast/smt_tests/basic/function/function7_test.tla
0.06user 0.03system 0:00.08elapsed 115%CPU (0avgtext+0avgdata 25592maxresident)k
40inputs+104outputs (0major+13492minor)pagefaults 0swaps
    ./original/fast/smt_tests/basic/prop/basic_test.tla
0.06user 0.02system 0:00.08elapsed 111%CPU (0avgtext+0avgdata 25576maxresident)k
88inputs+104outputs (0major+13535minor)pagefaults 0swaps
    ./original/fast/smt_tests/basic/prop/prop10_test.tla
0.06user 0.03system 0:00.08elapsed 113%CPU (0avgtext+0avgdata 25692maxresident)k
56inputs+104outputs (0major+13513minor)pagefaults 0swaps
    ./original/fast/smt_tests/basic/prop/prop11_test.tla
0.05user 0.04system 0:00.08elapsed 112%CPU (0avgtext+0avgdata 28016maxresident)k
56inputs+112outputs (0major+13621minor)pagefaults 0swaps
    ./original/fast/smt_tests/basic/prop/prop12_test.tla
0.06user 0.04system 0:00.09elapsed 113%CPU (0avgtext+0avgdata 28072maxresident)k
40inputs+112outputs (0major+13638minor)pagefaults 0swaps
    ./original/fast/smt_tests/basic/prop/prop1_test.tla
0.06user 0.02system 0:00.08elapsed 113%CPU (0avgtext+0avgdata 25528maxresident)k
64inputs+104outputs (0major+13477minor)pagefaults 0swaps
    ./original/fast/smt_tests/basic/prop/prop2_test.tla
0.05user 0.03system 0:00.08elapsed 113%CPU (0avgtext+0avgdata 25428maxresident)k
312inputs+104outputs (0major+13484minor)pagefaults 0swaps
    ./original/fast/smt_tests/basic/prop/prop3_test.tla
0.06user 0.03system 0:00.08elapsed 112%CPU (0avgtext+0avgdata 25588maxresident)k
32inputs+104outputs (0major+13531minor)pagefaults 0swaps
    ./original/fast/smt_tests/basic/prop/prop4_test.tla
0.07user 0.02system 0:00.09elapsed 114%CPU (0avgtext+0avgdata 25576maxresident)k
32inputs+104outputs (0major+13522minor)pagefaults 0swaps
    ./original/fast/smt_tests/basic/prop/prop5_test.tla
0.06user 0.04system 0:00.09elapsed 114%CPU (0avgtext+0avgdata 25664maxresident)k
56inputs+104outputs (0major+13481minor)pagefaults 0swaps
    ./original/fast/smt_tests/basic/prop/prop6_test.tla
0.05user 0.04system 0:00.08elapsed 112%CPU (0avgtext+0avgdata 25392maxresident)k
32inputs+104outputs (0major+13494minor)pagefaults 0swaps
    ./original/fast/smt_tests/basic/prop/prop7_test.tla
0.06user 0.03system 0:00.09elapsed 113%CPU (0avgtext+0avgdata 28036maxresident)k
40inputs+104outputs (0major+13619minor)pagefaults 0swaps
    ./original/fast/smt_tests/basic/prop/prop8_test.tla
0.06user 0.03system 0:00.09elapsed 113%CPU (0avgtext+0avgdata 28168maxresident)k
32inputs+104outputs (0major+13625minor)pagefaults 0swaps
    ./original/fast/smt_tests/basic/prop/prop9_test.tla
0.06user 0.03system 0:00.09elapsed 113%CPU (0avgtext+0avgdata 25556maxresident)k
32inputs+104outputs (0major+13492minor)pagefaults 0swaps
    ./original/fast/smt_tests/basic/record/record1_test.tla
0.07user 0.03system 0:00.09elapsed 113%CPU (0avgtext+0avgdata 25556maxresident)k
104inputs+112outputs (0major+13464minor)pagefaults 0swaps
    ./original/fast/smt_tests/basic/record/record2_test.tla
0.06user 0.03system 0:00.09elapsed 111%CPU (0avgtext+0avgdata 25448maxresident)k
40inputs+128outputs (0major+13532minor)pagefaults 0swaps
    ./original/fast/smt_tests/basic/record/record3_test.tla
0.05user 0.05system 0:00.09elapsed 111%CPU (0avgtext+0avgdata 25548maxresident)k
48inputs+120outputs (0major+13498minor)pagefaults 0swaps
    ./original/fast/smt_tests/basic/set/set10_test.tla
0.05user 0.04system 0:00.08elapsed 112%CPU (0avgtext+0avgdata 28004maxresident)k
128inputs+104outputs (0major+13612minor)pagefaults 0swaps
    ./original/fast/smt_tests/basic/set/set11_test.tla
0.06user 0.03system 0:00.08elapsed 113%CPU (0avgtext+0avgdata 25544maxresident)k
56inputs+104outputs (0major+13505minor)pagefaults 0swaps
    ./original/fast/smt_tests/basic/set/set12_test.tla
0.05user 0.05system 0:00.09elapsed 113%CPU (0avgtext+0avgdata 25552maxresident)k
288inputs+104outputs (0major+13509minor)pagefaults 0swaps
    ./original/fast/smt_tests/basic/set/set13_test.tla
0.06user 0.02system 0:00.08elapsed 112%CPU (0avgtext+0avgdata 25504maxresident)k
32inputs+104outputs (0major+13482minor)pagefaults 0swaps
    ./original/fast/smt_tests/basic/set/set14_test.tla
0.05user 0.04system 0:00.08elapsed 113%CPU (0avgtext+0avgdata 28044maxresident)k
56inputs+112outputs (0major+13629minor)pagefaults 0swaps
    ./original/fast/smt_tests/basic/set/set15_test.tla
0.06user 0.03system 0:00.08elapsed 111%CPU (0avgtext+0avgdata 25432maxresident)k
48inputs+112outputs (0major+13540minor)pagefaults 0swaps
    ./original/fast/smt_tests/basic/set/set16_test.tla
0.07user 0.04system 0:00.09elapsed 115%CPU (0avgtext+0avgdata 29628maxresident)k
40inputs+104outputs (0major+13805minor)pagefaults 0swaps
    ./original/fast/smt_tests/basic/set/set17_test.tla
0.06user 0.03system 0:00.08elapsed 114%CPU (0avgtext+0avgdata 25600maxresident)k
256inputs+104outputs (0major+13518minor)pagefaults 0swaps
    ./original/fast/smt_tests/basic/set/set18_test.tla
0.05user 0.04system 0:00.08elapsed 115%CPU (0avgtext+0avgdata 29768maxresident)k
32inputs+104outputs (0major+13805minor)pagefaults 0swaps
    ./original/fast/smt_tests/basic/set/set19_test.tla
0.04user 0.04system 0:00.08elapsed 113%CPU (0avgtext+0avgdata 25444maxresident)k
56inputs+104outputs (0major+13516minor)pagefaults 0swaps
    ./original/fast/smt_tests/basic/set/set1_test.tla
0.06user 0.03system 0:00.08elapsed 114%CPU (0avgtext+0avgdata 28080maxresident)k
48inputs+104outputs (0major+13613minor)pagefaults 0swaps
    ./original/fast/smt_tests/basic/set/set2_test.tla
0.06user 0.03system 0:00.08elapsed 113%CPU (0avgtext+0avgdata 25444maxresident)k
48inputs+104outputs (0major+13472minor)pagefaults 0swaps
    ./original/fast/smt_tests/basic/set/set3_test.tla
0.05user 0.03system 0:00.08elapsed 112%CPU (0avgtext+0avgdata 25500maxresident)k
40inputs+104outputs (0major+13477minor)pagefaults 0swaps
    ./original/fast/smt_tests/basic/set/set4_test.tla
0.06user 0.03system 0:00.08elapsed 113%CPU (0avgtext+0avgdata 25548maxresident)k
48inputs+104outputs (0major+13513minor)pagefaults 0swaps
    ./original/fast/smt_tests/basic/set/set5_test.tla
0.06user 0.04system 0:00.08elapsed 114%CPU (0avgtext+0avgdata 25532maxresident)k
56inputs+104outputs (0major+13525minor)pagefaults 0swaps
    ./original/fast/smt_tests/basic/set/set6_test.tla
0.07user 0.02system 0:00.08elapsed 111%CPU (0avgtext+0avgdata 27940maxresident)k
40inputs+104outputs (1major+13635minor)pagefaults 0swaps
    ./original/fast/smt_tests/basic/set/set7_test.tla
0.07user 0.03system 0:00.09elapsed 114%CPU (0avgtext+0avgdata 25548maxresident)k
32inputs+104outputs (0major+13480minor)pagefaults 0swaps
    ./original/fast/smt_tests/basic/set/set8_test.tla
0.05user 0.05system 0:00.09elapsed 117%CPU (0avgtext+0avgdata 27936maxresident)k
40inputs+104outputs (0major+13600minor)pagefaults 0swaps
    ./original/fast/smt_tests/basic/set/set9_test.tla
0.05user 0.04system 0:00.08elapsed 113%CPU (0avgtext+0avgdata 27988maxresident)k
32inputs+104outputs (0major+13598minor)pagefaults 0swaps
    ./original/fast/smt_tests/basic/string/strings1_test.tla
0.06user 0.02system 0:00.08elapsed 110%CPU (0avgtext+0avgdata 25580maxresident)k
360inputs+104outputs (0major+13465minor)pagefaults 0swaps
    ./original/fast/smt_tests/basic/string/strings2_test.tla
0.05user 0.03system 0:00.08elapsed 113%CPU (0avgtext+0avgdata 25660maxresident)k
32inputs+104outputs (0major+13469minor)pagefaults 0swaps
    ./original/fast/smt_tests/basic/tuple/tuple1_test.tla
0.06user 0.03system 0:00.09elapsed 110%CPU (0avgtext+0avgdata 25432maxresident)k
104inputs+104outputs (0major+13450minor)pagefaults 0swaps
    ./original/fast/smt_tests/basic/tuple/tuple2_test.tla
0.07user 0.02system 0:00.09elapsed 116%CPU (0avgtext+0avgdata 28060maxresident)k
40inputs+112outputs (0major+13626minor)pagefaults 0swaps
    ./original/fast/smt_tests/basic/tuple/tuple3_test.tla
0.06user 0.02system 0:00.08elapsed 111%CPU (0avgtext+0avgdata 25448maxresident)k
48inputs+112outputs (0major+13475minor)pagefaults 0swaps
    ./original/fast/smt_tests/basic/tuple/tuple4_test.tla
0.06user 0.02system 0:00.08elapsed 114%CPU (0avgtext+0avgdata 25452maxresident)k
32inputs+104outputs (0major+13454minor)pagefaults 0swaps
    ./original/fast/smt_tests/basic/tuple/tuple5_test.tla
0.05user 0.04system 0:00.08elapsed 111%CPU (0avgtext+0avgdata 25588maxresident)k
48inputs+104outputs (0major+13489minor)pagefaults 0swaps
    ./original/fast/smt_tests/basic/tuple/tuple6_test.tla
0.05user 0.04system 0:00.08elapsed 113%CPU (0avgtext+0avgdata 25664maxresident)k
48inputs+104outputs (0major+13471minor)pagefaults 0swaps
    ./original/fast/smt_tests/basic/tuple/tuple7_test.tla
0.05user 0.03system 0:00.08elapsed 113%CPU (0avgtext+0avgdata 25664maxresident)k
48inputs+104outputs (0major+13525minor)pagefaults 0swaps
    ./original/fast/smt_tests/lang/user_ops_test.tla
0.31user 0.07system 0:00.38elapsed 102%CPU (0avgtext+0avgdata 25440maxresident)k
88inputs+672outputs (0major+14636minor)pagefaults 0swaps
    ./original/fast/smt_tests/negative/one_div_zero_test.tla
2.31user 2.80system 0:05.10elapsed 100%CPU (0avgtext+0avgdata 21492maxresident)k
88inputs+120outputs (0major+13689minor)pagefaults 0swaps
    ./original/fast/smt_tests/negative/zero_in_one_test.tla
2.26user 2.87system 0:05.13elapsed 100%CPU (0avgtext+0avgdata 21556maxresident)k
64inputs+120outputs (0major+13705minor)pagefaults 0swaps
    ./original/fast/smt_tests/rewriting_rules/quantifiers_test.tla
0.12user 0.08system 0:00.13elapsed 158%CPU (0avgtext+0avgdata 25564maxresident)k
368inputs+192outputs (0major+36980minor)pagefaults 0swaps
    ./original/fast/smt_tests/silly_theorems/app_ambiguity_test.tla
0.07user 0.04system 0:00.10elapsed 112%CPU (0avgtext+0avgdata 27932maxresident)k
120inputs+112outputs (0major+13760minor)pagefaults 0swaps
    ./original/fast/smt_tests/silly_theorems/nonempty_integer_test.tla
0.11user 0.05system 0:00.11elapsed 152%CPU (0avgtext+0avgdata 29480maxresident)k
64inputs+160outputs (0major+28281minor)pagefaults 0swaps
    ./original/fast/smt_tests/silly_theorems/one_implies_one_test.tla
0.08user 0.03system 0:00.09elapsed 115%CPU (0avgtext+0avgdata 21576maxresident)k
72inputs+104outputs (0major+13392minor)pagefaults 0swaps
    ./original/fast/smt_tests/silly_theorems/record_as_function_test.tla
0.08user 0.03system 0:00.10elapsed 112%CPU (0avgtext+0avgdata 29704maxresident)k
64inputs+112outputs (0major+13702minor)pagefaults 0swaps
    ./original/fast/smt_tests/silly_theorems/x_implies_x_test.tla
0.07user 0.02system 0:00.08elapsed 113%CPU (0avgtext+0avgdata 25648maxresident)k
48inputs+104outputs (0major+13475minor)pagefaults 0swaps
    ./original/medium/regression/select_bug_test.tla
22.13user 27.97system 0:50.10elapsed 100%CPU (0avgtext+0avgdata 21396maxresident)k
360inputs+144outputs (0major+9509minor)pagefaults 0swaps
    ./original/medium/regression/snapshot/GFX_test.tla
forbidden output is present
Command exited with non-zero status 3
178.18user 38.75system 2:25.22elapsed 149%CPU (0avgtext+0avgdata 1002776maxresident)k
416inputs+52696outputs (0major+1849996minor)pagefaults 0swaps
    ./original/medium/regression/snapshot/SnapShot_test.tla
forbidden output is present
Command exited with non-zero status 3
229.47user 34.53system 4:06.24elapsed 107%CPU (0avgtext+0avgdata 302024maxresident)k
495832inputs+170464outputs (2474major+3077019minor)pagefaults 0swaps
###### 2023-11-16 06:50:40 ./TOOLS/do_tests .
    ./fast/basic/cvc3_false_test.tla
0.04user 0.01system 0:00.05elapsed 100%CPU (0avgtext+0avgdata 21372maxresident)k
56inputs+88outputs (0major+8580minor)pagefaults 0swaps
    ./fast/basic/isa_false_test.tla
0.03user 0.01system 0:00.05elapsed 102%CPU (0avgtext+0avgdata 21364maxresident)k
16inputs+96outputs (0major+8436minor)pagefaults 0swaps
    ./fast/basic/isa_true_test.tla
forbidden output is present
Command exited with non-zero status 3
0.03user 0.02system 0:00.05elapsed 101%CPU (0avgtext+0avgdata 21428maxresident)k
16inputs+96outputs (0major+8483minor)pagefaults 0swaps
    ./fast/basic/smt_arith_test.tla
0.03user 0.04system 0:00.06elapsed 113%CPU (0avgtext+0avgdata 25744maxresident)k
16inputs+104outputs (0major+13473minor)pagefaults 0swaps
    ./fast/basic/smt_false_test.tla
0.04user 0.01system 0:00.06elapsed 111%CPU (0avgtext+0avgdata 25692maxresident)k
16inputs+104outputs (0major+13461minor)pagefaults 0swaps
    ./fast/basic/true_test.tla
0.03user 0.03system 0:00.05elapsed 113%CPU (0avgtext+0avgdata 25748maxresident)k
16inputs+104outputs (0major+13553minor)pagefaults 0swaps
    ./fast/basic/z3_arith_test.tla
0.04user 0.01system 0:00.05elapsed 112%CPU (0avgtext+0avgdata 25560maxresident)k
16inputs+104outputs (0major+13479minor)pagefaults 0swaps
    ./fast/basic/z3_false_test.tla
0.04user 0.02system 0:00.05elapsed 113%CPU (0avgtext+0avgdata 25604maxresident)k
16inputs+104outputs (0major+13443minor)pagefaults 0swaps
    ./fast/basic/zen_false_test.tla
0.04user 0.02system 0:00.06elapsed 116%CPU (0avgtext+0avgdata 21436maxresident)k
16inputs+104outputs (0major+13039minor)pagefaults 0swaps
    ./fast/basic/zen_true_test.tla
0.05user 0.01system 0:00.06elapsed 117%CPU (0avgtext+0avgdata 21588maxresident)k
128inputs+104outputs (5major+13025minor)pagefaults 0swaps
    ./fast/enabled_cdot/AutoUSE_fingerprint/AutoUSE_fingerprint_test.tla
required error output is missing
Command exited with non-zero status 3
0.06user 0.03system 0:00.10elapsed 101%CPU (0avgtext+0avgdata 21520maxresident)k
40inputs+176outputs (0major+17235minor)pagefaults 0swaps
    ./fast/enabled_cdot/Cdot_test.tla
0.08user 0.03system 0:00.06elapsed 185%CPU (0avgtext+0avgdata 23244maxresident)k
16inputs+184outputs (0major+27062minor)pagefaults 0swaps
    ./fast/enabled_cdot/ENABLEDaxioms_conj_fingerprinting/ENABLEDaxioms_conj_fingerprinting_test.tla
required error output is missing
Command exited with non-zero status 3
0.08user 0.02system 0:00.11elapsed 101%CPU (0avgtext+0avgdata 21372maxresident)k
40inputs+176outputs (0major+17174minor)pagefaults 0swaps
    ./fast/enabled_cdot/ENABLEDaxioms_conj_hidden_actions_test.tla
0.04user 0.03system 0:00.07elapsed 98%CPU (0avgtext+0avgdata 21372maxresident)k
24inputs+88outputs (0major+8441minor)pagefaults 0swaps
    ./fast/enabled_cdot/ENABLEDaxioms_conj_test.tla
forbidden output is present
Command exited with non-zero status 3
0.04user 0.01system 0:00.05elapsed 101%CPU (0avgtext+0avgdata 21392maxresident)k
16inputs+96outputs (0major+8515minor)pagefaults 0swaps
    ./fast/enabled_cdot/ENABLEDaxioms_conj_visible_actions_fail_test.tla
0.05user 0.00system 0:00.05elapsed 101%CPU (0avgtext+0avgdata 21400maxresident)k
16inputs+88outputs (0major+8440minor)pagefaults 0swaps
    ./fast/enabled_cdot/ENABLEDaxioms_conj_visible_actions_test.tla
forbidden output is present
Command exited with non-zero status 3
0.03user 0.01system 0:00.05elapsed 100%CPU (0avgtext+0avgdata 21396maxresident)k
16inputs+88outputs (0major+8451minor)pagefaults 0swaps
    ./fast/enabled_cdot/ENABLEDaxioms_test.tla
forbidden output is present
Command exited with non-zero status 3
0.04user 0.02system 0:00.06elapsed 101%CPU (0avgtext+0avgdata 21436maxresident)k
16inputs+104outputs (0major+8575minor)pagefaults 0swaps
    ./fast/enabled_cdot/ENABLED_INSTANCE_nullary_op_test.tla
0.05user 0.04system 0:00.07elapsed 125%CPU (0avgtext+0avgdata 29956maxresident)k
24inputs+160outputs (0major+19037minor)pagefaults 0swaps
    ./fast/enabled_cdot/ENABLED_INSTANCE_nullary_op_two_vars_test.tla
forbidden output is present
Command exited with non-zero status 3
0.05user 0.03system 0:00.07elapsed 125%CPU (0avgtext+0avgdata 30048maxresident)k
16inputs+168outputs (0major+19014minor)pagefaults 0swaps
    ./fast/enabled_cdot/ENABLED_INSTANCE_op_with_args_test.tla
forbidden output is present
Command exited with non-zero status 3
0.05user 0.03system 0:00.07elapsed 126%CPU (0avgtext+0avgdata 29840maxresident)k
16inputs+168outputs (0major+19073minor)pagefaults 0swaps
    ./fast/enabled_cdot/ENABLEDrewrites_assignment_level_fingerprint/ENABLEDrewrites_assignment_level_fingerprint_test.tla
required error output is missing
Command exited with non-zero status 3
0.07user 0.02system 0:00.10elapsed 101%CPU (0avgtext+0avgdata 21424maxresident)k
32inputs+96outputs (0major+15646minor)pagefaults 0swaps
    ./fast/enabled_cdot/ENABLEDrewrites_bpragma_fingerprint/ENABLEDrewrites_bpragma_fingerprint_test.tla
required error output is missing
Command exited with non-zero status 3
0.08user 0.03system 0:00.11elapsed 101%CPU (0avgtext+0avgdata 21456maxresident)k
40inputs+136outputs (0major+16417minor)pagefaults 0swaps
    ./fast/enabled_cdot/ENABLEDrewrites_case_level_fingerprint/ENABLEDrewrites_case_level_fingerprint_test.tla
required error output is missing
Command exited with non-zero status 3
0.06user 0.03system 0:00.09elapsed 100%CPU (0avgtext+0avgdata 21572maxresident)k
32inputs+96outputs (0major+15552minor)pagefaults 0swaps
    ./fast/enabled_cdot/ENABLEDrewrites_conj_level_fingerprint/ENABLEDrewrites_conj_level_fingerprint_test.tla
required error output is missing
Command exited with non-zero status 3
0.07user 0.02system 0:00.09elapsed 100%CPU (0avgtext+0avgdata 21424maxresident)k
32inputs+96outputs (0major+15626minor)pagefaults 0swaps
    ./fast/enabled_cdot/ENABLEDrewrites_exist_level_fingerprint/ENABLEDrewrites_exist_level_fingerprint_test.tla
required error output is missing
Command exited with non-zero status 3
0.07user 0.02system 0:00.09elapsed 100%CPU (0avgtext+0avgdata 21456maxresident)k
32inputs+96outputs (0major+15636minor)pagefaults 0swaps
    ./fast/enabled_cdot/ENABLEDrewrites_mem_level_fingerprint/ENABLEDrewrites_mem_level_fingerprint_test.tla
required error output is missing
Command exited with non-zero status 3
0.08user 0.02system 0:00.10elapsed 100%CPU (0avgtext+0avgdata 21508maxresident)k
32inputs+96outputs (0major+15614minor)pagefaults 0swaps
    ./fast/enabled_cdot/ENABLEDrewrites_state_level_fingerprint/ENABLEDrewrites_state_level_fingerprint_test.tla
required error output is missing
Command exited with non-zero status 3
0.06user 0.03system 0:00.09elapsed 100%CPU (0avgtext+0avgdata 21380maxresident)k
32inputs+96outputs (0major+15645minor)pagefaults 0swaps
    ./fast/enabled_cdot/ENABLEDrewrites_ternary_level_fingerprint/ENABLEDrewrites_ternary_level_fingerprint_test.tla
required error output is missing
Command exited with non-zero status 3
0.07user 0.02system 0:00.10elapsed 100%CPU (0avgtext+0avgdata 21376maxresident)k
32inputs+96outputs (0major+15589minor)pagefaults 0swaps
    ./fast/enabled_cdot/ENABLEDrewrites_test.tla
wrong result code
Command exited with non-zero status 3
0.02user 0.02system 0:00.05elapsed 100%CPU (0avgtext+0avgdata 21440maxresident)k
8inputs+48outputs (0major+7731minor)pagefaults 0swaps
    ./fast/enabled_cdot/ENABLEDrules_fingerprint_levels/ENABLEDrules_fingerprint_levels_test.tla
required error output is missing
Command exited with non-zero status 3
0.06user 0.02system 0:00.09elapsed 101%CPU (0avgtext+0avgdata 21464maxresident)k
32inputs+96outputs (0major+15659minor)pagefaults 0swaps
    ./fast/enabled_cdot/ENABLEDrules_test.tla
wrong result code
Command exited with non-zero status 3
0.03user 0.01system 0:00.05elapsed 101%CPU (0avgtext+0avgdata 21496maxresident)k
8inputs+48outputs (0major+7641minor)pagefaults 0swaps
    ./fast/enabled_cdot/Enabled_test.tla
0.21user 0.21system 0:00.14elapsed 307%CPU (0avgtext+0avgdata 30072maxresident)k
32inputs+624outputs (1major+132881minor)pagefaults 0swaps
    ./fast/enabled_cdot/ExpandENABLED_LET_test.tla
0.04user 0.03system 0:00.06elapsed 120%CPU (0avgtext+0avgdata 21608maxresident)k
16inputs+104outputs (0major+13057minor)pagefaults 0swaps
    ./fast/enabled_cdot/ExpandENABLED_level_fingerprint/ExpandENABLED_level_fingerprint_test.tla
required error output is missing
Command exited with non-zero status 3
0.06user 0.03system 0:00.09elapsed 101%CPU (0avgtext+0avgdata 21576maxresident)k
40inputs+184outputs (0major+17280minor)pagefaults 0swaps
    ./fast/enabled_cdot/ExpandOnlyCdot_test.tla
0.03user 0.01system 0:00.05elapsed 100%CPU (0avgtext+0avgdata 21384maxresident)k
16inputs+88outputs (0major+8451minor)pagefaults 0swaps
    ./fast/enabled_cdot/ExpandOnlyENABLED_test.tla
0.04user 0.01system 0:00.05elapsed 102%CPU (0avgtext+0avgdata 21516maxresident)k
16inputs+88outputs (0major+8448minor)pagefaults 0swaps
    ./fast/enabled_cdot/LevelComparisonCONSTANT_Module_Scope_test.tla
required error output is missing
Command exited with non-zero status 3
0.04user 0.02system 0:00.06elapsed 113%CPU (0avgtext+0avgdata 25768maxresident)k
16inputs+104outputs (0major+13514minor)pagefaults 0swaps
    ./fast/enabled_cdot/LevelComparisonCONSTANT_THEOREM_Scope_test.tla
required error output is missing
Command exited with non-zero status 3
0.04user 0.02system 0:00.06elapsed 113%CPU (0avgtext+0avgdata 25644maxresident)k
16inputs+104outputs (0major+13514minor)pagefaults 0swaps
    ./fast/enabled_cdot/LevelComparisonSTATE_Scope_test.tla
required error output is missing
Command exited with non-zero status 3
0.04user 0.02system 0:00.05elapsed 113%CPU (0avgtext+0avgdata 25636maxresident)k
16inputs+104outputs (2major+13523minor)pagefaults 0swaps
    ./fast/enabled_cdot/LevelComparison_test.tla
forbidden output is present
Command exited with non-zero status 3
0.09user 0.05system 0:00.08elapsed 166%CPU (0avgtext+0avgdata 25804maxresident)k
16inputs+232outputs (0major+41826minor)pagefaults 0swaps
    ./fast/enabled_cdot/Level_of_parametric_INSTANCE_test.tla
0.06user 0.03system 0:00.07elapsed 130%CPU (0avgtext+0avgdata 25600maxresident)k
16inputs+120outputs (0major+17835minor)pagefaults 0swaps
    ./fast/enabled_cdot/Level_test.tla
0.05user 0.02system 0:00.07elapsed 100%CPU (0avgtext+0avgdata 21384maxresident)k
16inputs+120outputs (0major+9113minor)pagefaults 0swaps
    ./fast/enabled_cdot/NestedCdot_test.tla
0.09user 0.03system 0:00.06elapsed 195%CPU (0avgtext+0avgdata 25048maxresident)k
16inputs+168outputs (0major+27832minor)pagefaults 0swaps
    ./fast/enabled_cdot/NestedENABLED_from_AutoUSE_test.tla
forbidden output is present
Command exited with non-zero status 3
0.03user 0.01system 0:00.05elapsed 101%CPU (0avgtext+0avgdata 21372maxresident)k
16inputs+96outputs (0major+8494minor)pagefaults 0swaps
    ./fast/enabled_cdot/NestedENABLED_test.tla
0.08user 0.02system 0:00.07elapsed 156%CPU (0avgtext+0avgdata 22552maxresident)k
16inputs+160outputs (0major+22660minor)pagefaults 0swaps
    ./fast/enabled_cdot/UnsoundCoalescingThmDecl_test.tla
0.07user 0.04system 0:00.08elapsed 150%CPU (0avgtext+0avgdata 30060maxresident)k
16inputs+168outputs (0major+27940minor)pagefaults 0swaps
    ./fast/fingerprint/FingerprintVariablesParameters_test.tla
required error output is missing
Command exited with non-zero status 3
0.05user 0.02system 0:00.08elapsed 101%CPU (0avgtext+0avgdata 21520maxresident)k
16inputs+112outputs (0major+14633minor)pagefaults 0swaps
    ./fast/language/EXCEPTMultipleBrackets_test.tla
0.04user 0.04system 0:00.05elapsed 137%CPU (0avgtext+0avgdata 25672maxresident)k
16inputs+104outputs (0major+22074minor)pagefaults 0swaps
    ./fast/language/EXTENDS_in_submodule_test.tla
0.04user 0.01system 0:00.05elapsed 101%CPU (0avgtext+0avgdata 21436maxresident)k
32inputs+128outputs (0major+9088minor)pagefaults 0swaps
    ./fast/language/INSTANCE_inside_LET_fingerprint_test.tla
0.04user 0.03system 0:00.06elapsed 112%CPU (0avgtext+0avgdata 25564maxresident)k
16inputs+144outputs (0major+14235minor)pagefaults 0swaps
    ./fast/language/INSTANCE_inside_LET_test.tla
0.05user 0.01system 0:00.06elapsed 112%CPU (0avgtext+0avgdata 25664maxresident)k
16inputs+144outputs (0major+14210minor)pagefaults 0swaps
    ./fast/language/INSTANCE_shift_due_to_omitted_modunits_test.tla
0.04user 0.01system 0:00.05elapsed 101%CPU (0avgtext+0avgdata 21328maxresident)k
16inputs+136outputs (0major+9150minor)pagefaults 0swaps
    ./fast/language/Operators_test.tla
0.03user 0.04system 0:00.06elapsed 124%CPU (0avgtext+0avgdata 25736maxresident)k
16inputs+88outputs (0major+17528minor)pagefaults 0swaps
    ./fast/language/SubrefLL_test.tla
0.31user 0.27system 0:00.28elapsed 208%CPU (0avgtext+0avgdata 25848maxresident)k
32inputs+896outputs (0major+202467minor)pagefaults 0swaps
    ./fast/language/Subref_test.tla
0.34user 0.18system 0:00.14elapsed 380%CPU (0avgtext+0avgdata 25716maxresident)k
24inputs+832outputs (0major+124200minor)pagefaults 0swaps
    ./fast/language/WFTRUE_test.tla
forbidden output is present
Command exited with non-zero status 3
0.02user 0.01system 0:00.04elapsed 100%CPU (0avgtext+0avgdata 21324maxresident)k
16inputs+64outputs (0major+7850minor)pagefaults 0swaps
    ./fast/regression/consensus/consensus_test.tla
1.44user 0.49system 0:01.07elapsed 180%CPU (0avgtext+0avgdata 35696maxresident)k
64inputs+296outputs (0major+26869minor)pagefaults 0swaps
    ./fast/regression/cooper_instantiation_test.tla
0.03user 0.00system 0:00.04elapsed 97%CPU (0avgtext+0avgdata 21376maxresident)k
16inputs+56outputs (0major+7485minor)pagefaults 0swaps
    ./fast/regression/higher_order_statement_test.tla
forbidden output is present
Command exited with non-zero status 3
11.05user 14.08system 0:25.12elapsed 100%CPU (0avgtext+0avgdata 25612maxresident)k
10320inputs+232outputs (68major+23986minor)pagefaults 0swaps
    ./fast/regression/MiniProducerConsumer_test.tla
121.08user 34.08system 1:08.90elapsed 225%CPU (0avgtext+0avgdata 1014936maxresident)k
16688inputs+424outputs (84major+520510minor)pagefaults 0swaps
    ./fast/regression/parameterized_instantiation_test.tla
0.07user 0.05system 0:00.12elapsed 111%CPU (0avgtext+0avgdata 25636maxresident)k
408inputs+152outputs (0major+14211minor)pagefaults 0swaps
    ./fast/regression/setEuclid_test.tla
forbidden output is present
Command exited with non-zero status 3
13.53user 12.97system 0:25.87elapsed 102%CPU (0avgtext+0avgdata 33548maxresident)k
704inputs+1120outputs (3major+134716minor)pagefaults 0swaps
    ./fast/regression/smt_domain_check_test.tla
0.09user 0.04system 0:00.12elapsed 114%CPU (0avgtext+0avgdata 29352maxresident)k
72inputs+112outputs (0major+13727minor)pagefaults 0swaps
    ./fast/regression/z3_fingerprint_test.tla
0.11user 0.06system 0:00.17elapsed 101%CPU (0avgtext+0avgdata 21372maxresident)k
64inputs+160outputs (0major+16725minor)pagefaults 0swaps
    ./fast/russell_test.tla
0.13user 0.06system 0:00.12elapsed 152%CPU (0avgtext+0avgdata 25592maxresident)k
272inputs+160outputs (0major+27487minor)pagefaults 0swaps
    ./fast/smt_tests/advanced/functions/bijection_thm_test.tla
0.41user 0.20system 0:00.36elapsed 166%CPU (0avgtext+0avgdata 29900maxresident)k
136inputs+640outputs (0major+105605minor)pagefaults 0swaps
    ./fast/smt_tests/advanced/functions/composition_test.tla
0.09user 0.03system 0:00.11elapsed 114%CPU (0avgtext+0avgdata 27900maxresident)k
48inputs+104outputs (0major+13665minor)pagefaults 0swaps
    ./fast/smt_tests/advanced/functions/identity1_test.tla
0.08user 0.02system 0:00.10elapsed 113%CPU (0avgtext+0avgdata 25472maxresident)k
32inputs+112outputs (0major+13520minor)pagefaults 0swaps
    ./fast/smt_tests/advanced/functions/identity2_test.tla
0.07user 0.03system 0:00.10elapsed 114%CPU (0avgtext+0avgdata 29168maxresident)k
40inputs+120outputs (0major+13733minor)pagefaults 0swaps
    ./fast/smt_tests/advanced/set_theory/cantor1_test.tla
10.88user 14.31system 0:25.14elapsed 100%CPU (0avgtext+0avgdata 30000maxresident)k
104inputs+264outputs (0major+37962minor)pagefaults 0swaps
    ./fast/smt_tests/advanced/set_theory/choice_axiom2_test.tla
11.00user 14.26system 0:25.17elapsed 100%CPU (0avgtext+0avgdata 29744maxresident)k
96inputs+304outputs (0major+38655minor)pagefaults 0swaps
    ./fast/smt_tests/advanced/set_theory/choice_axiom_test.tla
0.22user 0.19system 0:00.20elapsed 206%CPU (0avgtext+0avgdata 30484maxresident)k
72inputs+304outputs (0major+57642minor)pagefaults 0swaps
    ./fast/smt_tests/advanced/set_theory/section_test.tla
11.13user 14.17system 0:25.20elapsed 100%CPU (0avgtext+0avgdata 29980maxresident)k
56inputs+328outputs (0major+38738minor)pagefaults 0swaps
    ./fast/smt_tests/advanced/tuples/tuple_as_function1_test.tla
0.29user 0.16system 0:00.31elapsed 149%CPU (0avgtext+0avgdata 27884maxresident)k
80inputs+336outputs (0major+51571minor)pagefaults 0swaps
    ./fast/smt_tests/advanced/tuples/tuple_as_function2_test.tla
0.28user 0.18system 0:00.27elapsed 169%CPU (0avgtext+0avgdata 29672maxresident)k
56inputs+344outputs (0major+61939minor)pagefaults 0swaps
    ./fast/smt_tests/basic/arith/arith10_test.tla
0.09user 0.06system 0:00.13elapsed 111%CPU (0avgtext+0avgdata 25704maxresident)k
344inputs+104outputs (0major+13475minor)pagefaults 0swaps
    ./fast/smt_tests/basic/arith/arith11_test.tla
0.09user 0.04system 0:00.12elapsed 111%CPU (0avgtext+0avgdata 25540maxresident)k
40inputs+104outputs (0major+13475minor)pagefaults 0swaps
    ./fast/smt_tests/basic/arith/arith12_test.tla
0.09user 0.03system 0:00.11elapsed 112%CPU (0avgtext+0avgdata 28076maxresident)k
32inputs+104outputs (0major+13661minor)pagefaults 0swaps
    ./fast/smt_tests/basic/arith/arith13_test.tla
0.08user 0.04system 0:00.11elapsed 114%CPU (0avgtext+0avgdata 28016maxresident)k
40inputs+104outputs (0major+13594minor)pagefaults 0swaps
    ./fast/smt_tests/basic/arith/arith14_test.tla
0.08user 0.03system 0:00.10elapsed 111%CPU (0avgtext+0avgdata 26632maxresident)k
40inputs+104outputs (0major+13593minor)pagefaults 0swaps
    ./fast/smt_tests/basic/arith/arith15_test.tla
0.08user 0.03system 0:00.10elapsed 112%CPU (0avgtext+0avgdata 25444maxresident)k
48inputs+104outputs (0major+13442minor)pagefaults 0swaps
    ./fast/smt_tests/basic/arith/arith16_test.tla
0.08user 0.03system 0:00.10elapsed 112%CPU (0avgtext+0avgdata 25600maxresident)k
80inputs+104outputs (0major+13459minor)pagefaults 0swaps
    ./fast/smt_tests/basic/arith/arith17_test.tla
0.07user 0.03system 0:00.10elapsed 111%CPU (0avgtext+0avgdata 25468maxresident)k
48inputs+104outputs (0major+13462minor)pagefaults 0swaps
    ./fast/smt_tests/basic/arith/arith18_test.tla
0.07user 0.03system 0:00.10elapsed 113%CPU (0avgtext+0avgdata 25520maxresident)k
40inputs+104outputs (0major+13436minor)pagefaults 0swaps
    ./fast/smt_tests/basic/arith/arith19_test.tla
0.06user 0.04system 0:00.09elapsed 112%CPU (0avgtext+0avgdata 25600maxresident)k
64inputs+104outputs (0major+13508minor)pagefaults 0swaps
    ./fast/smt_tests/basic/arith/arith1_test.tla
0.08user 0.02system 0:00.09elapsed 112%CPU (0avgtext+0avgdata 25704maxresident)k
48inputs+104outputs (0major+13538minor)pagefaults 0swaps
    ./fast/smt_tests/basic/arith/arith2_test.tla
0.07user 0.02system 0:00.09elapsed 111%CPU (0avgtext+0avgdata 25528maxresident)k
40inputs+104outputs (0major+13529minor)pagefaults 0swaps
    ./fast/smt_tests/basic/arith/arith3_test.tla
0.08user 0.03system 0:00.09elapsed 114%CPU (0avgtext+0avgdata 25528maxresident)k
40inputs+104outputs (0major+13513minor)pagefaults 0swaps
    ./fast/smt_tests/basic/arith/arith4_test.tla
0.07user 0.03system 0:00.09elapsed 111%CPU (0avgtext+0avgdata 25496maxresident)k
48inputs+104outputs (0major+13541minor)pagefaults 0swaps
    ./fast/smt_tests/basic/arith/arith5_test.tla
0.06user 0.03system 0:00.08elapsed 114%CPU (0avgtext+0avgdata 25600maxresident)k
56inputs+104outputs (0major+13507minor)pagefaults 0swaps
    ./fast/smt_tests/basic/arith/arith6_test.tla
0.08user 0.03system 0:00.10elapsed 111%CPU (0avgtext+0avgdata 25608maxresident)k
80inputs+104outputs (0major+13439minor)pagefaults 0swaps
    ./fast/smt_tests/basic/arith/arith7_test.tla
0.07user 0.03system 0:00.11elapsed 106%CPU (0avgtext+0avgdata 25596maxresident)k
40inputs+104outputs (0major+13449minor)pagefaults 0swaps
    ./fast/smt_tests/basic/arith/arith8_test.tla
0.07user 0.03system 0:00.10elapsed 112%CPU (0avgtext+0avgdata 25600maxresident)k
56inputs+104outputs (0major+13444minor)pagefaults 0swaps
    ./fast/smt_tests/basic/arith/arith9_test.tla
0.07user 0.03system 0:00.09elapsed 112%CPU (0avgtext+0avgdata 25484maxresident)k
48inputs+104outputs (0major+13456minor)pagefaults 0swaps
    ./fast/smt_tests/basic/epsilon/epsilon1_test.tla
0.06user 0.04system 0:00.10elapsed 111%CPU (0avgtext+0avgdata 27908maxresident)k
120inputs+104outputs (0major+13635minor)pagefaults 0swaps
    ./fast/smt_tests/basic/epsilon/epsilon2_test.tla
0.06user 0.04system 0:00.09elapsed 113%CPU (0avgtext+0avgdata 28060maxresident)k
48inputs+104outputs (0major+13666minor)pagefaults 0swaps
    ./fast/smt_tests/basic/epsilon/epsilon3_test.tla
0.07user 0.03system 0:00.09elapsed 114%CPU (0avgtext+0avgdata 27972maxresident)k
40inputs+104outputs (0major+13597minor)pagefaults 0swaps
    ./fast/smt_tests/basic/epsilon/epsilon4_test.tla
0.07user 0.03system 0:00.09elapsed 112%CPU (0avgtext+0avgdata 27912maxresident)k
40inputs+104outputs (0major+13629minor)pagefaults 0swaps
    ./fast/smt_tests/basic/extensionality/empty_set_ext_test.tla
0.05user 0.05system 0:00.09elapsed 111%CPU (0avgtext+0avgdata 28120maxresident)k
344inputs+104outputs (0major+13591minor)pagefaults 0swaps
    ./fast/smt_tests/basic/extensionality/enum_ext_test.tla
0.07user 0.02system 0:00.09elapsed 113%CPU (0avgtext+0avgdata 28028maxresident)k
40inputs+104outputs (0major+13684minor)pagefaults 0swaps
    ./fast/smt_tests/basic/extensionality/fun_ext_test.tla
0.07user 0.03system 0:00.09elapsed 112%CPU (0avgtext+0avgdata 25548maxresident)k
80inputs+104outputs (0major+13531minor)pagefaults 0swaps
    ./fast/smt_tests/basic/extensionality/set_ext_test.tla
0.07user 0.03system 0:00.09elapsed 114%CPU (0avgtext+0avgdata 29900maxresident)k
40inputs+104outputs (0major+13771minor)pagefaults 0swaps
    ./fast/smt_tests/basic/extensionality/tup_ext_test.tla
0.07user 0.03system 0:00.09elapsed 113%CPU (0avgtext+0avgdata 25492maxresident)k
48inputs+104outputs (0major+13503minor)pagefaults 0swaps
    ./fast/smt_tests/basic/firstorder/firstorder1_test.tla
0.06user 0.04system 0:00.09elapsed 111%CPU (0avgtext+0avgdata 28096maxresident)k
104inputs+104outputs (0major+13660minor)pagefaults 0swaps
    ./fast/smt_tests/basic/firstorder/firstorder1_wproof_test.tla
0.08user 0.05system 0:00.09elapsed 133%CPU (0avgtext+0avgdata 28048maxresident)k
48inputs+144outputs (0major+22996minor)pagefaults 0swaps
    ./fast/smt_tests/basic/firstorder/firstorder2_test.tla
0.04user 0.05system 0:00.09elapsed 113%CPU (0avgtext+0avgdata 27956maxresident)k
48inputs+104outputs (0major+13636minor)pagefaults 0swaps
    ./fast/smt_tests/basic/firstorder/firstorder2_wproof_test.tla
0.07user 0.05system 0:00.09elapsed 133%CPU (0avgtext+0avgdata 27856maxresident)k
40inputs+144outputs (0major+23017minor)pagefaults 0swaps
    ./fast/smt_tests/basic/firstorder/firstorder3_test.tla
0.08user 0.02system 0:00.09elapsed 114%CPU (0avgtext+0avgdata 29756maxresident)k
48inputs+104outputs (0major+13757minor)pagefaults 0swaps
    ./fast/smt_tests/basic/firstorder/firstorder3_wproof_test.tla
0.09user 0.03system 0:00.09elapsed 137%CPU (0avgtext+0avgdata 29640maxresident)k
32inputs+144outputs (0major+23448minor)pagefaults 0swaps
    ./fast/smt_tests/basic/firstorder/firstorder4_test.tla
0.06user 0.04system 0:00.08elapsed 114%CPU (0avgtext+0avgdata 29624maxresident)k
32inputs+104outputs (0major+13681minor)pagefaults 0swaps
    ./fast/smt_tests/basic/firstorder/firstorder4_wproof_test.tla
0.09user 0.06system 0:00.10elapsed 147%CPU (0avgtext+0avgdata 29872maxresident)k
64inputs+160outputs (0major+27929minor)pagefaults 0swaps
    ./fast/smt_tests/basic/firstorder/firstorder5_test.tla
0.07user 0.03system 0:00.08elapsed 114%CPU (0avgtext+0avgdata 29640maxresident)k
32inputs+104outputs (0major+13741minor)pagefaults 0swaps
    ./fast/smt_tests/basic/firstorder/firstorder5_wproof_test.tla
0.09user 0.06system 0:00.10elapsed 144%CPU (0avgtext+0avgdata 28064maxresident)k
40inputs+160outputs (0major+27837minor)pagefaults 0swaps
    ./fast/smt_tests/basic/firstorder/firstorder6_test.tla
0.07user 0.03system 0:00.09elapsed 115%CPU (0avgtext+0avgdata 29716maxresident)k
40inputs+104outputs (0major+13735minor)pagefaults 0swaps
    ./fast/smt_tests/basic/firstorder/firstorder6_wproof_test.tla
0.07user 0.07system 0:00.10elapsed 148%CPU (0avgtext+0avgdata 29664maxresident)k
32inputs+160outputs (0major+28339minor)pagefaults 0swaps
    ./fast/smt_tests/basic/function/function10_test.tla
0.06user 0.04system 0:00.09elapsed 111%CPU (0avgtext+0avgdata 25512maxresident)k
336inputs+104outputs (0major+13540minor)pagefaults 0swaps
    ./fast/smt_tests/basic/function/function11_test.tla
0.07user 0.03system 0:00.09elapsed 113%CPU (0avgtext+0avgdata 27964maxresident)k
56inputs+104outputs (0major+13654minor)pagefaults 0swaps
    ./fast/smt_tests/basic/function/function12_test.tla
11.07user 14.07system 0:25.12elapsed 100%CPU (0avgtext+0avgdata 24668maxresident)k
40inputs+152outputs (0major+14526minor)pagefaults 0swaps
    ./fast/smt_tests/basic/function/function13_test.tla
0.08user 0.05system 0:00.11elapsed 112%CPU (0avgtext+0avgdata 25724maxresident)k
80inputs+104outputs (0major+13516minor)pagefaults 0swaps
    ./fast/smt_tests/basic/function/function14_test.tla
0.07user 0.06system 0:00.12elapsed 113%CPU (0avgtext+0avgdata 27960maxresident)k
48inputs+104outputs (0major+13684minor)pagefaults 0swaps
    ./fast/smt_tests/basic/function/function15_test.tla
0.09user 0.03system 0:00.11elapsed 113%CPU (0avgtext+0avgdata 25532maxresident)k
64inputs+104outputs (0major+13508minor)pagefaults 0swaps
    ./fast/smt_tests/basic/function/function16_test.tla
11.01user 14.13system 0:25.14elapsed 100%CPU (0avgtext+0avgdata 22064maxresident)k
48inputs+152outputs (0major+13875minor)pagefaults 0swaps
    ./fast/smt_tests/basic/function/function17_test.tla
0.09user 0.04system 0:00.12elapsed 113%CPU (0avgtext+0avgdata 29580maxresident)k
72inputs+120outputs (0major+13737minor)pagefaults 0swaps
    ./fast/smt_tests/basic/function/function18_test.tla
0.07user 0.05system 0:00.11elapsed 112%CPU (0avgtext+0avgdata 25648maxresident)k
200inputs+104outputs (0major+13518minor)pagefaults 0swaps
    ./fast/smt_tests/basic/function/function1_test.tla
0.06user 0.05system 0:00.10elapsed 113%CPU (0avgtext+0avgdata 25540maxresident)k
32inputs+104outputs (0major+13504minor)pagefaults 0swaps
    ./fast/smt_tests/basic/function/function20_test.tla
0.06user 0.04system 0:00.09elapsed 111%CPU (0avgtext+0avgdata 25572maxresident)k
48inputs+104outputs (0major+13492minor)pagefaults 0swaps
    ./fast/smt_tests/basic/function/function21_test.tla
0.06user 0.04system 0:00.09elapsed 112%CPU (0avgtext+0avgdata 25556maxresident)k
40inputs+104outputs (0major+13486minor)pagefaults 0swaps
    ./fast/smt_tests/basic/function/function22_test.tla
0.07user 0.03system 0:00.10elapsed 112%CPU (0avgtext+0avgdata 25648maxresident)k
32inputs+104outputs (0major+13484minor)pagefaults 0swaps
    ./fast/smt_tests/basic/function/function23_test.tla
0.07user 0.03system 0:00.09elapsed 113%CPU (0avgtext+0avgdata 29592maxresident)k
248inputs+112outputs (0major+13685minor)pagefaults 0swaps
    ./fast/smt_tests/basic/function/function24_test.tla
0.06user 0.04system 0:00.09elapsed 114%CPU (0avgtext+0avgdata 25436maxresident)k
32inputs+104outputs (0major+13479minor)pagefaults 0swaps
    ./fast/smt_tests/basic/function/function25_test.tla
0.07user 0.03system 0:00.09elapsed 111%CPU (0avgtext+0avgdata 25508maxresident)k
40inputs+104outputs (0major+13531minor)pagefaults 0swaps
    ./fast/smt_tests/basic/function/function26_test.tla
0.04user 0.05system 0:00.09elapsed 112%CPU (0avgtext+0avgdata 25484maxresident)k
48inputs+104outputs (0major+13479minor)pagefaults 0swaps
    ./fast/smt_tests/basic/function/function27_test.tla
0.07user 0.03system 0:00.09elapsed 113%CPU (0avgtext+0avgdata 29756maxresident)k
40inputs+120outputs (0major+13761minor)pagefaults 0swaps
    ./fast/smt_tests/basic/function/function28_test.tla
0.07user 0.03system 0:00.09elapsed 115%CPU (0avgtext+0avgdata 30352maxresident)k
40inputs+120outputs (0major+13752minor)pagefaults 0swaps
    ./fast/smt_tests/basic/function/function29_test.tla
0.07user 0.02system 0:00.08elapsed 113%CPU (0avgtext+0avgdata 25444maxresident)k
48inputs+104outputs (0major+13512minor)pagefaults 0swaps
    ./fast/smt_tests/basic/function/function2_test.tla
0.07user 0.03system 0:00.08elapsed 113%CPU (0avgtext+0avgdata 27948maxresident)k
48inputs+104outputs (0major+13631minor)pagefaults 0swaps
    ./fast/smt_tests/basic/function/function30_test.tla
0.06user 0.04system 0:00.09elapsed 110%CPU (0avgtext+0avgdata 25544maxresident)k
32inputs+104outputs (0major+13527minor)pagefaults 0swaps
    ./fast/smt_tests/basic/function/function3_test.tla
0.08user 0.04system 0:00.10elapsed 127%CPU (0avgtext+0avgdata 29832maxresident)k
32inputs+128outputs (0major+18413minor)pagefaults 0swaps
    ./fast/smt_tests/basic/function/function5_test.tla
0.08user 0.02system 0:00.09elapsed 113%CPU (0avgtext+0avgdata 27776maxresident)k
48inputs+104outputs (0major+13645minor)pagefaults 0swaps
    ./fast/smt_tests/basic/function/function6_test.tla
0.07user 0.02system 0:00.09elapsed 113%CPU (0avgtext+0avgdata 25600maxresident)k
40inputs+104outputs (0major+13510minor)pagefaults 0swaps
    ./fast/smt_tests/basic/function/function7_test.tla
0.06user 0.04system 0:00.09elapsed 112%CPU (0avgtext+0avgdata 25444maxresident)k
288inputs+104outputs (0major+13457minor)pagefaults 0swaps
    ./fast/smt_tests/basic/prop/basic_test.tla
0.05user 0.03system 0:00.08elapsed 111%CPU (0avgtext+0avgdata 25640maxresident)k
88inputs+104outputs (0major+13505minor)pagefaults 0swaps
    ./fast/smt_tests/basic/prop/prop10_test.tla
0.04user 0.04system 0:00.08elapsed 111%CPU (0avgtext+0avgdata 25612maxresident)k
32inputs+104outputs (0major+13544minor)pagefaults 0swaps
    ./fast/smt_tests/basic/prop/prop11_test.tla
0.07user 0.03system 0:00.08elapsed 112%CPU (0avgtext+0avgdata 27952maxresident)k
40inputs+104outputs (0major+13641minor)pagefaults 0swaps
    ./fast/smt_tests/basic/prop/prop12_test.tla
0.06user 0.03system 0:00.08elapsed 112%CPU (0avgtext+0avgdata 27864maxresident)k
32inputs+104outputs (0major+13607minor)pagefaults 0swaps
    ./fast/smt_tests/basic/prop/prop1_test.tla
0.06user 0.03system 0:00.08elapsed 114%CPU (0avgtext+0avgdata 25588maxresident)k
40inputs+104outputs (0major+13462minor)pagefaults 0swaps
    ./fast/smt_tests/basic/prop/prop2_test.tla
0.05user 0.04system 0:00.09elapsed 114%CPU (0avgtext+0avgdata 25436maxresident)k
32inputs+104outputs (0major+13520minor)pagefaults 0swaps
    ./fast/smt_tests/basic/prop/prop3_test.tla
0.06user 0.03system 0:00.08elapsed 113%CPU (0avgtext+0avgdata 25628maxresident)k
32inputs+104outputs (0major+13536minor)pagefaults 0swaps
    ./fast/smt_tests/basic/prop/prop4_test.tla
0.06user 0.03system 0:00.08elapsed 111%CPU (0avgtext+0avgdata 25456maxresident)k
32inputs+104outputs (0major+13515minor)pagefaults 0swaps
    ./fast/smt_tests/basic/prop/prop5_test.tla
0.07user 0.02system 0:00.08elapsed 112%CPU (0avgtext+0avgdata 25612maxresident)k
56inputs+104outputs (0major+13512minor)pagefaults 0swaps
    ./fast/smt_tests/basic/prop/prop6_test.tla
0.06user 0.03system 0:00.08elapsed 113%CPU (0avgtext+0avgdata 25536maxresident)k
32inputs+104outputs (0major+13505minor)pagefaults 0swaps
    ./fast/smt_tests/basic/prop/prop7_test.tla
0.06user 0.03system 0:00.08elapsed 112%CPU (0avgtext+0avgdata 27924maxresident)k
40inputs+104outputs (0major+13653minor)pagefaults 0swaps
    ./fast/smt_tests/basic/prop/prop8_test.tla
0.05user 0.04system 0:00.08elapsed 113%CPU (0avgtext+0avgdata 27900maxresident)k
32inputs+104outputs (0major+13644minor)pagefaults 0swaps
    ./fast/smt_tests/basic/prop/prop9_test.tla
0.05user 0.04system 0:00.08elapsed 112%CPU (0avgtext+0avgdata 25540maxresident)k
32inputs+104outputs (0major+13461minor)pagefaults 0swaps
    ./fast/smt_tests/basic/record/record1_test.tla
0.07user 0.02system 0:00.09elapsed 112%CPU (0avgtext+0avgdata 25580maxresident)k
80inputs+104outputs (0major+13463minor)pagefaults 0swaps
    ./fast/smt_tests/basic/record/record2_test.tla
0.07user 0.02system 0:00.08elapsed 112%CPU (0avgtext+0avgdata 25604maxresident)k
40inputs+104outputs (0major+13505minor)pagefaults 0swaps
    ./fast/smt_tests/basic/record/record3_test.tla
0.08user 0.02system 0:00.09elapsed 112%CPU (0avgtext+0avgdata 25600maxresident)k
40inputs+104outputs (0major+13499minor)pagefaults 0swaps
    ./fast/smt_tests/basic/set/set10_test.tla
0.07user 0.02system 0:00.09elapsed 111%CPU (0avgtext+0avgdata 27948maxresident)k
336inputs+104outputs (0major+13607minor)pagefaults 0swaps
    ./fast/smt_tests/basic/set/set11_test.tla
0.05user 0.03system 0:00.08elapsed 111%CPU (0avgtext+0avgdata 25604maxresident)k
40inputs+104outputs (0major+13484minor)pagefaults 0swaps
    ./fast/smt_tests/basic/set/set12_test.tla
0.06user 0.03system 0:00.08elapsed 112%CPU (0avgtext+0avgdata 25544maxresident)k
40inputs+104outputs (0major+13496minor)pagefaults 0swaps
    ./fast/smt_tests/basic/set/set13_test.tla
0.06user 0.03system 0:00.08elapsed 112%CPU (0avgtext+0avgdata 25568maxresident)k
72inputs+104outputs (0major+13480minor)pagefaults 0swaps
    ./fast/smt_tests/basic/set/set14_test.tla
0.05user 0.03system 0:00.08elapsed 112%CPU (0avgtext+0avgdata 27840maxresident)k
48inputs+104outputs (0major+13621minor)pagefaults 0swaps
    ./fast/smt_tests/basic/set/set15_test.tla
0.07user 0.02system 0:00.09elapsed 112%CPU (0avgtext+0avgdata 25608maxresident)k
40inputs+104outputs (0major+13523minor)pagefaults 0swaps
    ./fast/smt_tests/basic/set/set16_test.tla
0.06user 0.03system 0:00.09elapsed 113%CPU (0avgtext+0avgdata 29584maxresident)k
40inputs+104outputs (0major+13806minor)pagefaults 0swaps
    ./fast/smt_tests/basic/set/set17_test.tla
0.06user 0.03system 0:00.08elapsed 111%CPU (0avgtext+0avgdata 25560maxresident)k
40inputs+104outputs (0major+13501minor)pagefaults 0swaps
    ./fast/smt_tests/basic/set/set18_test.tla
0.07user 0.02system 0:00.09elapsed 113%CPU (0avgtext+0avgdata 29532maxresident)k
32inputs+104outputs (0major+13795minor)pagefaults 0swaps
    ./fast/smt_tests/basic/set/set19_test.tla
0.06user 0.03system 0:00.09elapsed 112%CPU (0avgtext+0avgdata 25636maxresident)k
40inputs+104outputs (0major+13482minor)pagefaults 0swaps
    ./fast/smt_tests/basic/set/set1_test.tla
0.05user 0.03system 0:00.08elapsed 113%CPU (0avgtext+0avgdata 27860maxresident)k
48inputs+104outputs (0major+13629minor)pagefaults 0swaps
    ./fast/smt_tests/basic/set/set2_test.tla
0.05user 0.04system 0:00.09elapsed 103%CPU (0avgtext+0avgdata 25576maxresident)k
48inputs+104outputs (0major+13478minor)pagefaults 0swaps
    ./fast/smt_tests/basic/set/set3_test.tla
0.06user 0.03system 0:00.09elapsed 113%CPU (0avgtext+0avgdata 25604maxresident)k
40inputs+104outputs (0major+13468minor)pagefaults 0swaps
    ./fast/smt_tests/basic/set/set4_test.tla
0.05user 0.05system 0:00.09elapsed 111%CPU (0avgtext+0avgdata 25424maxresident)k
48inputs+104outputs (0major+13485minor)pagefaults 0swaps
    ./fast/smt_tests/basic/set/set5_test.tla
0.07user 0.03system 0:00.09elapsed 112%CPU (0avgtext+0avgdata 25552maxresident)k
64inputs+104outputs (0major+13488minor)pagefaults 0swaps
    ./fast/smt_tests/basic/set/set6_test.tla
0.05user 0.04system 0:00.09elapsed 113%CPU (0avgtext+0avgdata 27944maxresident)k
40inputs+104outputs (0major+13608minor)pagefaults 0swaps
    ./fast/smt_tests/basic/set/set7_test.tla
0.07user 0.02system 0:00.09elapsed 110%CPU (0avgtext+0avgdata 25660maxresident)k
56inputs+104outputs (0major+13484minor)pagefaults 0swaps
    ./fast/smt_tests/basic/set/set8_test.tla
0.06user 0.04system 0:00.09elapsed 115%CPU (0avgtext+0avgdata 28108maxresident)k
40inputs+104outputs (0major+13613minor)pagefaults 0swaps
    ./fast/smt_tests/basic/set/set9_test.tla
0.05user 0.05system 0:00.09elapsed 115%CPU (0avgtext+0avgdata 27892maxresident)k
32inputs+104outputs (1major+13607minor)pagefaults 0swaps
    ./fast/smt_tests/basic/string/strings1_test.tla
0.06user 0.03system 0:00.09elapsed 112%CPU (0avgtext+0avgdata 25540maxresident)k
80inputs+104outputs (0major+13494minor)pagefaults 0swaps
    ./fast/smt_tests/basic/string/strings2_test.tla
0.05user 0.03system 0:00.08elapsed 113%CPU (0avgtext+0avgdata 25624maxresident)k
56inputs+104outputs (0major+13440minor)pagefaults 0swaps
    ./fast/smt_tests/basic/tuple/tuple1_test.tla
0.05user 0.04system 0:00.08elapsed 113%CPU (0avgtext+0avgdata 25668maxresident)k
72inputs+104outputs (0major+13428minor)pagefaults 0swaps
    ./fast/smt_tests/basic/tuple/tuple2_test.tla
0.08user 0.02system 0:00.09elapsed 114%CPU (0avgtext+0avgdata 27820maxresident)k
216inputs+104outputs (0major+13637minor)pagefaults 0swaps
    ./fast/smt_tests/basic/tuple/tuple3_test.tla
0.06user 0.03system 0:00.08elapsed 112%CPU (0avgtext+0avgdata 25544maxresident)k
40inputs+104outputs (0major+13483minor)pagefaults 0swaps
    ./fast/smt_tests/basic/tuple/tuple4_test.tla
0.05user 0.04system 0:00.08elapsed 112%CPU (0avgtext+0avgdata 25552maxresident)k
64inputs+104outputs (0major+13452minor)pagefaults 0swaps
    ./fast/smt_tests/basic/tuple/tuple5_test.tla
0.06user 0.03system 0:00.08elapsed 111%CPU (0avgtext+0avgdata 25532maxresident)k
32inputs+104outputs (0major+13510minor)pagefaults 0swaps
    ./fast/smt_tests/basic/tuple/tuple6_test.tla
0.06user 0.03system 0:00.08elapsed 112%CPU (0avgtext+0avgdata 25468maxresident)k
48inputs+104outputs (0major+13476minor)pagefaults 0swaps
    ./fast/smt_tests/basic/tuple/tuple7_test.tla
0.06user 0.03system 0:00.08elapsed 113%CPU (0avgtext+0avgdata 25552maxresident)k
48inputs+104outputs (0major+13523minor)pagefaults 0swaps
    ./fast/smt_tests/lang/user_ops_test.tla
0.32user 0.03system 0:00.35elapsed 102%CPU (0avgtext+0avgdata 25516maxresident)k
64inputs+152outputs (0major+14633minor)pagefaults 0swaps
    ./fast/smt_tests/negative/one_div_zero_test.tla
2.32user 2.81system 0:05.11elapsed 100%CPU (0avgtext+0avgdata 21476maxresident)k
88inputs+120outputs (0major+13705minor)pagefaults 0swaps
    ./fast/smt_tests/negative/zero_in_one_test.tla
2.28user 2.87system 0:05.13elapsed 100%CPU (0avgtext+0avgdata 21548maxresident)k
80inputs+136outputs (1major+13670minor)pagefaults 0swaps
    ./fast/smt_tests/rewriting_rules/quantifiers_test.tla
0.12user 0.10system 0:00.13elapsed 163%CPU (0avgtext+0avgdata 25632maxresident)k
88inputs+192outputs (0major+36963minor)pagefaults 0swaps
    ./fast/smt_tests/silly_theorems/app_ambiguity_test.tla
0.09user 0.03system 0:00.11elapsed 113%CPU (0avgtext+0avgdata 27820maxresident)k
88inputs+104outputs (0major+13746minor)pagefaults 0swaps
    ./fast/smt_tests/silly_theorems/nonempty_integer_test.tla
0.10user 0.07system 0:00.12elapsed 154%CPU (0avgtext+0avgdata 30496maxresident)k
40inputs+160outputs (0major+28281minor)pagefaults 0swaps
    ./fast/smt_tests/silly_theorems/one_implies_one_test.tla
0.08user 0.03system 0:00.10elapsed 117%CPU (0avgtext+0avgdata 21488maxresident)k
40inputs+104outputs (0major+13403minor)pagefaults 0swaps
    ./fast/smt_tests/silly_theorems/record_as_function_test.tla
0.07user 0.04system 0:00.09elapsed 114%CPU (0avgtext+0avgdata 29376maxresident)k
40inputs+112outputs (1major+13689minor)pagefaults 0swaps
    ./fast/smt_tests/silly_theorems/x_implies_x_test.tla
0.06user 0.04system 0:00.09elapsed 111%CPU (0avgtext+0avgdata 25488maxresident)k
40inputs+104outputs (0major+13456minor)pagefaults 0swaps
    ./medium/regression/select_bug_test.tla
22.20user 27.90system 0:50.10elapsed 99%CPU (0avgtext+0avgdata 21492maxresident)k
80inputs+144outputs (0major+9500minor)pagefaults 0swaps
    ./medium/regression/snapshot/GFX_test.tla
forbidden output is present
Command exited with non-zero status 3
216.18user 36.79system 2:30.74elapsed 167%CPU (0avgtext+0avgdata 1027204maxresident)k
424inputs+19464outputs (0major+1883258minor)pagefaults 0swaps
    ./medium/regression/snapshot/SnapShot_test.tla
forbidden output is present
Command exited with non-zero status 3
238.91user 16.83system 3:53.91elapsed 109%CPU (0avgtext+0avgdata 297468maxresident)k
44464inputs+42984outputs (425major+3075194minor)pagefaults 0swaps
    ./original/fast/basic/cvc3_false_test.tla
0.05user 0.03system 0:00.09elapsed 92%CPU (0avgtext+0avgdata 21372maxresident)k
13536inputs+88outputs (56major+8541minor)pagefaults 0swaps
    ./original/fast/basic/isa_false_test.tla
0.06user 0.02system 0:00.08elapsed 101%CPU (0avgtext+0avgdata 21448maxresident)k
104inputs+96outputs (1major+8446minor)pagefaults 0swaps
    ./original/fast/basic/isa_true_test.tla
forbidden output is present
Command exited with non-zero status 3
0.05user 0.03system 0:00.08elapsed 100%CPU (0avgtext+0avgdata 21324maxresident)k
88inputs+96outputs (1major+8489minor)pagefaults 0swaps
    ./original/fast/basic/nonexistent_test.tla
0.04user 0.02system 0:00.07elapsed 100%CPU (0avgtext+0avgdata 21384maxresident)k
64inputs+56outputs (0major+7366minor)pagefaults 0swaps
    ./original/fast/basic/smt_arith_test.tla
0.06user 0.04system 0:00.09elapsed 112%CPU (0avgtext+0avgdata 25444maxresident)k
72inputs+104outputs (0major+13481minor)pagefaults 0swaps
    ./original/fast/basic/smt_false_test.tla
0.06user 0.04system 0:00.09elapsed 111%CPU (0avgtext+0avgdata 25428maxresident)k
96inputs+104outputs (0major+13464minor)pagefaults 0swaps
    ./original/fast/basic/tab_character_test.tla
0.02user 0.01system 0:00.05elapsed 71%CPU (0avgtext+0avgdata 10200maxresident)k
16inputs+16outputs (0major+2074minor)pagefaults 0swaps
    ./original/fast/basic/true_test.tla
0.07user 0.03system 0:00.09elapsed 111%CPU (0avgtext+0avgdata 25620maxresident)k
112inputs+104outputs (0major+13489minor)pagefaults 0swaps
    ./original/fast/basic/z3_arith_test.tla
0.08user 0.02system 0:00.10elapsed 111%CPU (0avgtext+0avgdata 25384maxresident)k
88inputs+104outputs (0major+13477minor)pagefaults 0swaps
    ./original/fast/basic/z3_false_test.tla
0.06user 0.04system 0:00.09elapsed 111%CPU (0avgtext+0avgdata 25412maxresident)k
80inputs+104outputs (0major+13470minor)pagefaults 0swaps
    ./original/fast/basic/zen_false_test.tla
0.07user 0.04system 0:00.09elapsed 120%CPU (0avgtext+0avgdata 21364maxresident)k
80inputs+104outputs (0major+13032minor)pagefaults 0swaps
    ./original/fast/basic/zen_true_test.tla
0.07user 0.04system 0:00.09elapsed 117%CPU (0avgtext+0avgdata 21460maxresident)k
80inputs+104outputs (0major+13041minor)pagefaults 0swaps
    ./original/fast/enabled_cdot/Cdot_test.tla
0.13user 0.06system 0:00.10elapsed 196%CPU (0avgtext+0avgdata 23260maxresident)k
296inputs+184outputs (0major+27052minor)pagefaults 0swaps
    ./original/fast/enabled_cdot/ENABLEDaxioms_test.tla
0.45user 0.42system 0:00.32elapsed 274%CPU (0avgtext+0avgdata 27868maxresident)k
200inputs+984outputs (0major+211080minor)pagefaults 0swaps
    ./original/fast/enabled_cdot/ENABLED_INSTANCE_nullary_op_test.tla
0.12user 0.06system 0:00.15elapsed 121%CPU (0avgtext+0avgdata 29696maxresident)k
192inputs+160outputs (0major+19041minor)pagefaults 0swaps
    ./original/fast/enabled_cdot/ENABLED_INSTANCE_nullary_op_two_vars_test.tla
forbidden output is present
Command exited with non-zero status 3
0.11user 0.06system 0:00.13elapsed 125%CPU (0avgtext+0avgdata 29500maxresident)k
80inputs+168outputs (0major+19028minor)pagefaults 0swaps
    ./original/fast/enabled_cdot/ENABLED_INSTANCE_op_with_args_test.tla
forbidden output is present
Command exited with non-zero status 3
0.11user 0.06system 0:00.14elapsed 124%CPU (0avgtext+0avgdata 29484maxresident)k
96inputs+168outputs (0major+19082minor)pagefaults 0swaps
    ./original/fast/enabled_cdot/Enabled_test.tla
0.40user 0.33system 0:00.26elapsed 284%CPU (0avgtext+0avgdata 29648maxresident)k
80inputs+624outputs (0major+132866minor)pagefaults 0swaps
    ./original/fast/enabled_cdot/ExpandENABLED_LET_test.tla
0.10user 0.03system 0:00.11elapsed 118%CPU (0avgtext+0avgdata 21532maxresident)k
72inputs+104outputs (0major+13052minor)pagefaults 0swaps
    ./original/fast/enabled_cdot/ExpandOnlyCdot_test.tla
0.06user 0.03system 0:00.09elapsed 101%CPU (0avgtext+0avgdata 21320maxresident)k
88inputs+88outputs (0major+8453minor)pagefaults 0swaps
    ./original/fast/enabled_cdot/ExpandOnlyENABLED_test.tla
0.06user 0.03system 0:00.09elapsed 100%CPU (0avgtext+0avgdata 21324maxresident)k
80inputs+88outputs (0major+8443minor)pagefaults 0swaps
    ./original/fast/enabled_cdot/Level_of_parametric_INSTANCE_test.tla
0.07user 0.07system 0:00.12elapsed 126%CPU (0avgtext+0avgdata 25404maxresident)k
96inputs+120outputs (0major+17849minor)pagefaults 0swaps
    ./original/fast/enabled_cdot/Level_test.tla
0.12user 0.06system 0:00.16elapsed 113%CPU (0avgtext+0avgdata 21524maxresident)k
112inputs+144outputs (0major+13708minor)pagefaults 0swaps
    ./original/fast/enabled_cdot/NestedCdot_test.tla
0.15user 0.08system 0:00.11elapsed 199%CPU (0avgtext+0avgdata 24992maxresident)k
72inputs+168outputs (0major+27845minor)pagefaults 0swaps
    ./original/fast/enabled_cdot/NestedENABLED_from_AutoUSE_test.tla
forbidden output is present
Command exited with non-zero status 3
0.07user 0.02system 0:00.09elapsed 100%CPU (0avgtext+0avgdata 21312maxresident)k
80inputs+96outputs (0major+8504minor)pagefaults 0swaps
    ./original/fast/enabled_cdot/NestedENABLED_test.tla
0.13user 0.05system 0:00.12elapsed 156%CPU (0avgtext+0avgdata 22464maxresident)k
72inputs+160outputs (0major+22670minor)pagefaults 0swaps
    ./original/fast/fingerprint/FingerprintVariablesParameters_test.tla
required error output is missing
Command exited with non-zero status 3
0.10user 0.03system 0:00.14elapsed 100%CPU (0avgtext+0avgdata 21436maxresident)k
96inputs+104outputs (0major+14636minor)pagefaults 0swaps
    ./original/fast/language/EXCEPTMultipleBrackets_test.tla
0.07user 0.05system 0:00.09elapsed 139%CPU (0avgtext+0avgdata 25484maxresident)k
96inputs+104outputs (0major+22094minor)pagefaults 0swaps
    ./original/fast/language/EXTENDS_in_submodule_test.tla
0.06user 0.01system 0:00.08elapsed 101%CPU (0avgtext+0avgdata 21368maxresident)k
192inputs+128outputs (0major+9144minor)pagefaults 0swaps
    ./original/fast/language/INSTANCE_inside_LET_fingerprint_test.tla
0.06user 0.06system 0:00.11elapsed 109%CPU (0avgtext+0avgdata 25420maxresident)k
160inputs+144outputs (0major+14259minor)pagefaults 0swaps
    ./original/fast/language/INSTANCE_inside_LET_test.tla
0.08user 0.04system 0:00.11elapsed 112%CPU (0avgtext+0avgdata 25416maxresident)k
88inputs+144outputs (0major+14224minor)pagefaults 0swaps
    ./original/fast/language/INSTANCE_shift_due_to_omitted_modunits_test.tla
0.06user 0.03system 0:00.09elapsed 101%CPU (0avgtext+0avgdata 21336maxresident)k
88inputs+136outputs (0major+9159minor)pagefaults 0swaps
    ./original/fast/language/Operators_test.tla
0.08user 0.04system 0:00.11elapsed 122%CPU (0avgtext+0avgdata 25532maxresident)k
64inputs+88outputs (0major+17521minor)pagefaults 0swaps
    ./original/fast/language/SubrefLL_test.tla
0.56user 0.41system 0:00.47elapsed 205%CPU (0avgtext+0avgdata 25676maxresident)k
96inputs+896outputs (0major+202406minor)pagefaults 0swaps
    ./original/fast/language/Subref_test.tla
0.60user 0.36system 0:00.26elapsed 366%CPU (0avgtext+0avgdata 25468maxresident)k
80inputs+832outputs (0major+124149minor)pagefaults 0swaps
    ./original/fast/language/WFTRUE_test.tla
forbidden output is present
Command exited with non-zero status 3
0.06user 0.02system 0:00.09elapsed 101%CPU (0avgtext+0avgdata 21440maxresident)k
80inputs+64outputs (1major+7866minor)pagefaults 0swaps
    ./original/fast/regression/consensus/consensus_test.tla
2.89user 0.98system 0:02.12elapsed 182%CPU (0avgtext+0avgdata 35456maxresident)k
440inputs+296outputs (0major+26880minor)pagefaults 0swaps
    ./original/fast/regression/cooper_instantiation_test.tla
0.04user 0.03system 0:00.07elapsed 100%CPU (0avgtext+0avgdata 21428maxresident)k
48inputs+56outputs (0major+7491minor)pagefaults 0swaps
    ./original/fast/regression/higher_order_statement_test.tla
forbidden output is present
Command exited with non-zero status 3
11.13user 14.07system 0:25.14elapsed 100%CPU (0avgtext+0avgdata 25528maxresident)k
120inputs+232outputs (0major+24001minor)pagefaults 0swaps
    ./original/fast/regression/MiniProducerConsumer_test.tla
120.57user 34.66system 1:09.02elapsed 224%CPU (0avgtext+0avgdata 1014148maxresident)k
88inputs+424outputs (0major+520370minor)pagefaults 0swaps
    ./original/fast/regression/parameterized_instantiation_test.tla
0.08user 0.04system 0:00.12elapsed 109%CPU (0avgtext+0avgdata 25544maxresident)k
216inputs+152outputs (0major+14223minor)pagefaults 0swaps
    ./original/fast/regression/setEuclid_test.tla
forbidden output is present
Command exited with non-zero status 3
13.67user 12.92system 0:25.91elapsed 102%CPU (0avgtext+0avgdata 33508maxresident)k
144inputs+1128outputs (0major+134690minor)pagefaults 0swaps
    ./original/fast/regression/smt_domain_check_test.tla
0.13user 0.07system 0:00.19elapsed 114%CPU (0avgtext+0avgdata 29140maxresident)k
80inputs+112outputs (0major+13742minor)pagefaults 0swaps
    ./original/fast/regression/z3_fingerprint_test.tla
0.17user 0.10system 0:00.28elapsed 99%CPU (0avgtext+0avgdata 21516maxresident)k
88inputs+160outputs (0major+16725minor)pagefaults 0swaps
    ./original/fast/russell_test.tla
0.19user 0.12system 0:00.19elapsed 166%CPU (0avgtext+0avgdata 25604maxresident)k
104inputs+160outputs (0major+27457minor)pagefaults 0swaps
    ./original/fast/smt_tests/advanced/functions/bijection_thm_test.tla
0.65user 0.32system 0:00.57elapsed 171%CPU (0avgtext+0avgdata 29756maxresident)k
128inputs+640outputs (0major+105669minor)pagefaults 0swaps
    ./original/fast/smt_tests/advanced/functions/composition_test.tla
0.11user 0.07system 0:00.16elapsed 114%CPU (0avgtext+0avgdata 27816maxresident)k
88inputs+104outputs (0major+13673minor)pagefaults 0swaps
    ./original/fast/smt_tests/advanced/functions/identity1_test.tla
0.11user 0.08system 0:00.17elapsed 112%CPU (0avgtext+0avgdata 25452maxresident)k
48inputs+112outputs (0major+13511minor)pagefaults 0swaps
    ./original/fast/smt_tests/advanced/functions/identity2_test.tla
0.13user 0.07system 0:00.17elapsed 116%CPU (0avgtext+0avgdata 29364maxresident)k
56inputs+120outputs (0major+13721minor)pagefaults 0swaps
    ./original/fast/smt_tests/advanced/set_theory/cantor1_test.tla
11.47user 13.76system 0:25.29elapsed 99%CPU (0avgtext+0avgdata 29944maxresident)k
80inputs+272outputs (1major+37942minor)pagefaults 0swaps
    ./original/fast/smt_tests/advanced/set_theory/choice_axiom2_test.tla
11.37user 13.85system 0:25.19elapsed 100%CPU (0avgtext+0avgdata 29440maxresident)k
48inputs+304outputs (0major+38619minor)pagefaults 0swaps
    ./original/fast/smt_tests/advanced/set_theory/choice_axiom_test.tla
0.28user 0.19system 0:00.23elapsed 202%CPU (0avgtext+0avgdata 30220maxresident)k
32inputs+304outputs (0major+57672minor)pagefaults 0swaps
    ./original/fast/smt_tests/advanced/set_theory/section_test.tla
11.33user 13.91system 0:25.22elapsed 100%CPU (0avgtext+0avgdata 29812maxresident)k
24inputs+328outputs (0major+38753minor)pagefaults 0swaps
    ./original/fast/smt_tests/advanced/tuples/tuple_as_function1_test.tla
0.23user 0.11system 0:00.21elapsed 162%CPU (0avgtext+0avgdata 29760maxresident)k
56inputs+336outputs (0major+51591minor)pagefaults 0swaps
    ./original/fast/smt_tests/advanced/tuples/tuple_as_function2_test.tla
0.23user 0.15system 0:00.21elapsed 177%CPU (0avgtext+0avgdata 29772maxresident)k
48inputs+344outputs (0major+61952minor)pagefaults 0swaps
    ./original/fast/smt_tests/basic/arith/arith10_test.tla
0.07user 0.04system 0:00.10elapsed 111%CPU (0avgtext+0avgdata 25668maxresident)k
56inputs+104outputs (0major+13489minor)pagefaults 0swaps
    ./original/fast/smt_tests/basic/arith/arith11_test.tla
0.08user 0.04system 0:00.11elapsed 116%CPU (0avgtext+0avgdata 25548maxresident)k
32inputs+104outputs (0major+13477minor)pagefaults 0swaps
    ./original/fast/smt_tests/basic/arith/arith12_test.tla
0.07user 0.05system 0:00.11elapsed 114%CPU (0avgtext+0avgdata 28068maxresident)k
40inputs+104outputs (0major+13663minor)pagefaults 0swaps
    ./original/fast/smt_tests/basic/arith/arith13_test.tla
0.06user 0.05system 0:00.10elapsed 113%CPU (0avgtext+0avgdata 28008maxresident)k
32inputs+104outputs (0major+13611minor)pagefaults 0swaps
    ./original/fast/smt_tests/basic/arith/arith14_test.tla
0.06user 0.05system 0:00.10elapsed 112%CPU (0avgtext+0avgdata 26732maxresident)k
32inputs+104outputs (0major+13610minor)pagefaults 0swaps
    ./original/fast/smt_tests/basic/arith/arith15_test.tla
0.07user 0.04system 0:00.11elapsed 109%CPU (0avgtext+0avgdata 25448maxresident)k
16inputs+104outputs (2major+13454minor)pagefaults 0swaps
    ./original/fast/smt_tests/basic/arith/arith16_test.tla
0.08user 0.03system 0:00.11elapsed 111%CPU (0avgtext+0avgdata 25524maxresident)k
32inputs+104outputs (0major+13462minor)pagefaults 0swaps
    ./original/fast/smt_tests/basic/arith/arith17_test.tla
0.05user 0.06system 0:00.11elapsed 108%CPU (0avgtext+0avgdata 25532maxresident)k
32inputs+104outputs (0major+13475minor)pagefaults 0swaps
    ./original/fast/smt_tests/basic/arith/arith18_test.tla
0.07user 0.04system 0:00.10elapsed 114%CPU (0avgtext+0avgdata 25560maxresident)k
24inputs+104outputs (0major+13477minor)pagefaults 0swaps
    ./original/fast/smt_tests/basic/arith/arith19_test.tla
0.07user 0.04system 0:00.10elapsed 113%CPU (0avgtext+0avgdata 25512maxresident)k
48inputs+104outputs (0major+13530minor)pagefaults 0swaps
    ./original/fast/smt_tests/basic/arith/arith1_test.tla
0.06user 0.04system 0:00.10elapsed 112%CPU (0avgtext+0avgdata 25544maxresident)k
40inputs+104outputs (0major+13518minor)pagefaults 0swaps
    ./original/fast/smt_tests/basic/arith/arith2_test.tla
0.07user 0.03system 0:00.09elapsed 113%CPU (0avgtext+0avgdata 25448maxresident)k
16inputs+104outputs (0major+13516minor)pagefaults 0swaps
    ./original/fast/smt_tests/basic/arith/arith3_test.tla
0.07user 0.04system 0:00.10elapsed 112%CPU (0avgtext+0avgdata 25476maxresident)k
32inputs+104outputs (0major+13538minor)pagefaults 0swaps
    ./original/fast/smt_tests/basic/arith/arith4_test.tla
0.06user 0.04system 0:00.09elapsed 115%CPU (0avgtext+0avgdata 25652maxresident)k
40inputs+104outputs (0major+13533minor)pagefaults 0swaps
    ./original/fast/smt_tests/basic/arith/arith5_test.tla
0.07user 0.02system 0:00.09elapsed 113%CPU (0avgtext+0avgdata 25448maxresident)k
32inputs+104outputs (0major+13518minor)pagefaults 0swaps
    ./original/fast/smt_tests/basic/arith/arith6_test.tla
0.06user 0.03system 0:00.09elapsed 113%CPU (0avgtext+0avgdata 25544maxresident)k
32inputs+104outputs (0major+13484minor)pagefaults 0swaps
    ./original/fast/smt_tests/basic/arith/arith7_test.tla
0.06user 0.04system 0:00.09elapsed 112%CPU (0avgtext+0avgdata 25568maxresident)k
32inputs+104outputs (0major+13444minor)pagefaults 0swaps
    ./original/fast/smt_tests/basic/arith/arith8_test.tla
0.07user 0.04system 0:00.10elapsed 112%CPU (0avgtext+0avgdata 25480maxresident)k
40inputs+104outputs (0major+13466minor)pagefaults 0swaps
    ./original/fast/smt_tests/basic/arith/arith9_test.tla
0.07user 0.04system 0:00.10elapsed 111%CPU (0avgtext+0avgdata 25552maxresident)k
32inputs+104outputs (0major+13452minor)pagefaults 0swaps
    ./original/fast/smt_tests/basic/epsilon/epsilon1_test.tla
0.06user 0.04system 0:00.09elapsed 113%CPU (0avgtext+0avgdata 27988maxresident)k
24inputs+104outputs (0major+13650minor)pagefaults 0swaps
    ./original/fast/smt_tests/basic/epsilon/epsilon2_test.tla
0.08user 0.02system 0:00.10elapsed 114%CPU (0avgtext+0avgdata 28056maxresident)k
32inputs+104outputs (0major+13678minor)pagefaults 0swaps
    ./original/fast/smt_tests/basic/epsilon/epsilon3_test.tla
0.07user 0.03system 0:00.09elapsed 113%CPU (0avgtext+0avgdata 28236maxresident)k
32inputs+104outputs (0major+13609minor)pagefaults 0swaps
    ./original/fast/smt_tests/basic/epsilon/epsilon4_test.tla
0.05user 0.05system 0:00.09elapsed 112%CPU (0avgtext+0avgdata 27996maxresident)k
24inputs+104outputs (0major+13638minor)pagefaults 0swaps
    ./original/fast/smt_tests/basic/extensionality/empty_set_ext_test.tla
0.06user 0.04system 0:00.09elapsed 113%CPU (0avgtext+0avgdata 27912maxresident)k
56inputs+104outputs (0major+13608minor)pagefaults 0swaps
    ./original/fast/smt_tests/basic/extensionality/enum_ext_test.tla
0.06user 0.04system 0:00.09elapsed 113%CPU (0avgtext+0avgdata 27988maxresident)k
40inputs+104outputs (0major+13676minor)pagefaults 0swaps
    ./original/fast/smt_tests/basic/extensionality/fun_ext_test.tla
0.08user 0.02system 0:00.09elapsed 113%CPU (0avgtext+0avgdata 25548maxresident)k
16inputs+104outputs (0major+13553minor)pagefaults 0swaps
    ./original/fast/smt_tests/basic/extensionality/set_ext_test.tla
0.05user 0.05system 0:00.09elapsed 115%CPU (0avgtext+0avgdata 29780maxresident)k
16inputs+104outputs (0major+13754minor)pagefaults 0swaps
    ./original/fast/smt_tests/basic/extensionality/tup_ext_test.tla
0.07user 0.04system 0:00.10elapsed 112%CPU (0avgtext+0avgdata 25564maxresident)k
32inputs+104outputs (0major+13519minor)pagefaults 0swaps
    ./original/fast/smt_tests/basic/firstorder/firstorder1_test.tla
0.06user 0.04system 0:00.09elapsed 114%CPU (0avgtext+0avgdata 28168maxresident)k
56inputs+104outputs (0major+13653minor)pagefaults 0swaps
    ./original/fast/smt_tests/basic/firstorder/firstorder1_wproof_test.tla
0.09user 0.05system 0:00.12elapsed 129%CPU (0avgtext+0avgdata 27944maxresident)k
32inputs+144outputs (0major+22997minor)pagefaults 0swaps
    ./original/fast/smt_tests/basic/firstorder/firstorder2_test.tla
0.06user 0.04system 0:00.09elapsed 114%CPU (0avgtext+0avgdata 28000maxresident)k
40inputs+104outputs (0major+13638minor)pagefaults 0swaps
    ./original/fast/smt_tests/basic/firstorder/firstorder2_wproof_test.tla
0.08user 0.07system 0:00.10elapsed 137%CPU (0avgtext+0avgdata 28128maxresident)k
32inputs+144outputs (0major+23052minor)pagefaults 0swaps
    ./original/fast/smt_tests/basic/firstorder/firstorder3_test.tla
0.09user 0.02system 0:00.10elapsed 114%CPU (0avgtext+0avgdata 29772maxresident)k
32inputs+104outputs (0major+13766minor)pagefaults 0swaps
    ./original/fast/smt_tests/basic/firstorder/firstorder3_wproof_test.tla
0.09user 0.05system 0:00.10elapsed 141%CPU (0avgtext+0avgdata 29696maxresident)k
40inputs+144outputs (0major+23440minor)pagefaults 0swaps
    ./original/fast/smt_tests/basic/firstorder/firstorder4_test.tla
0.07user 0.03system 0:00.09elapsed 114%CPU (0avgtext+0avgdata 29856maxresident)k
48inputs+104outputs (0major+13712minor)pagefaults 0swaps
    ./original/fast/smt_tests/basic/firstorder/firstorder4_wproof_test.tla
0.08user 0.08system 0:00.11elapsed 154%CPU (0avgtext+0avgdata 29652maxresident)k
24inputs+160outputs (0major+27960minor)pagefaults 0swaps
    ./original/fast/smt_tests/basic/firstorder/firstorder5_test.tla
0.06user 0.04system 0:00.09elapsed 114%CPU (0avgtext+0avgdata 29520maxresident)k
24inputs+104outputs (0major+13733minor)pagefaults 0swaps
    ./original/fast/smt_tests/basic/firstorder/firstorder5_wproof_test.tla
0.11user 0.05system 0:00.11elapsed 146%CPU (0avgtext+0avgdata 28052maxresident)k
40inputs+160outputs (0major+27872minor)pagefaults 0swaps
    ./original/fast/smt_tests/basic/firstorder/firstorder6_test.tla
0.07user 0.03system 0:00.10elapsed 114%CPU (0avgtext+0avgdata 29652maxresident)k
24inputs+104outputs (0major+13757minor)pagefaults 0swaps
    ./original/fast/smt_tests/basic/firstorder/firstorder6_wproof_test.tla
0.11user 0.06system 0:00.11elapsed 153%CPU (0avgtext+0avgdata 29668maxresident)k
24inputs+160outputs (0major+28354minor)pagefaults 0swaps
    ./original/fast/smt_tests/basic/function/function10_test.tla
0.07user 0.03system 0:00.09elapsed 113%CPU (0avgtext+0avgdata 25552maxresident)k
32inputs+104outputs (0major+13536minor)pagefaults 0swaps
    ./original/fast/smt_tests/basic/function/function11_test.tla
0.06user 0.05system 0:00.10elapsed 113%CPU (0avgtext+0avgdata 27884maxresident)k
56inputs+104outputs (0major+13675minor)pagefaults 0swaps
    ./original/fast/smt_tests/basic/function/function12_test.tla
11.17user 13.97system 0:25.12elapsed 100%CPU (0avgtext+0avgdata 24700maxresident)k
24inputs+152outputs (1major+14545minor)pagefaults 0swaps
    ./original/fast/smt_tests/basic/function/function13_test.tla
0.07user 0.05system 0:00.11elapsed 112%CPU (0avgtext+0avgdata 25476maxresident)k
40inputs+104outputs (0major+13517minor)pagefaults 0swaps
    ./original/fast/smt_tests/basic/function/function14_test.tla
0.07user 0.05system 0:00.11elapsed 113%CPU (0avgtext+0avgdata 27960maxresident)k
32inputs+104outputs (0major+13694minor)pagefaults 0swaps
    ./original/fast/smt_tests/basic/function/function15_test.tla
0.09user 0.03system 0:00.10elapsed 112%CPU (0avgtext+0avgdata 25340maxresident)k
24inputs+104outputs (0major+13503minor)pagefaults 0swaps
    ./original/fast/smt_tests/basic/function/function16_test.tla
11.19user 13.95system 0:25.13elapsed 100%CPU (0avgtext+0avgdata 22100maxresident)k
56inputs+152outputs (0major+13877minor)pagefaults 0swaps
    ./original/fast/smt_tests/basic/function/function17_test.tla
0.10user 0.04system 0:00.13elapsed 112%CPU (0avgtext+0avgdata 29220maxresident)k
48inputs+120outputs (0major+13745minor)pagefaults 0swaps
    ./original/fast/smt_tests/basic/function/function18_test.tla
0.09user 0.03system 0:00.11elapsed 112%CPU (0avgtext+0avgdata 25484maxresident)k
40inputs+104outputs (0major+13542minor)pagefaults 0swaps
    ./original/fast/smt_tests/basic/function/function1_test.tla
0.07user 0.04system 0:00.10elapsed 113%CPU (0avgtext+0avgdata 25644maxresident)k
24inputs+104outputs (0major+13503minor)pagefaults 0swaps
    ./original/fast/smt_tests/basic/function/function20_test.tla
0.06user 0.06system 0:00.10elapsed 111%CPU (0avgtext+0avgdata 25536maxresident)k
32inputs+104outputs (0major+13482minor)pagefaults 0swaps
    ./original/fast/smt_tests/basic/function/function21_test.tla
0.05user 0.05system 0:00.10elapsed 110%CPU (0avgtext+0avgdata 25664maxresident)k
32inputs+104outputs (0major+13488minor)pagefaults 0swaps
    ./original/fast/smt_tests/basic/function/function22_test.tla
0.07user 0.03system 0:00.09elapsed 114%CPU (0avgtext+0avgdata 25460maxresident)k
32inputs+104outputs (0major+13489minor)pagefaults 0swaps
    ./original/fast/smt_tests/basic/function/function23_test.tla
0.06user 0.04system 0:00.09elapsed 114%CPU (0avgtext+0avgdata 29456maxresident)k
40inputs+112outputs (0major+13667minor)pagefaults 0swaps
    ./original/fast/smt_tests/basic/function/function24_test.tla
0.06user 0.03system 0:00.09elapsed 112%CPU (0avgtext+0avgdata 25468maxresident)k
32inputs+104outputs (0major+13495minor)pagefaults 0swaps
    ./original/fast/smt_tests/basic/function/function25_test.tla
0.06user 0.04system 0:00.10elapsed 109%CPU (0avgtext+0avgdata 25440maxresident)k
32inputs+104outputs (0major+13540minor)pagefaults 0swaps
    ./original/fast/smt_tests/basic/function/function26_test.tla
0.06user 0.04system 0:00.10elapsed 112%CPU (0avgtext+0avgdata 25552maxresident)k
32inputs+104outputs (0major+13479minor)pagefaults 0swaps
    ./original/fast/smt_tests/basic/function/function27_test.tla
0.08user 0.02system 0:00.10elapsed 114%CPU (0avgtext+0avgdata 29824maxresident)k
32inputs+120outputs (0major+13763minor)pagefaults 0swaps
    ./original/fast/smt_tests/basic/function/function28_test.tla
0.08user 0.04system 0:00.11elapsed 113%CPU (0avgtext+0avgdata 29956maxresident)k
24inputs+120outputs (0major+13750minor)pagefaults 0swaps
    ./original/fast/smt_tests/basic/function/function29_test.tla
0.07user 0.03system 0:00.09elapsed 114%CPU (0avgtext+0avgdata 25492maxresident)k
32inputs+104outputs (0major+13533minor)pagefaults 0swaps
    ./original/fast/smt_tests/basic/function/function2_test.tla
0.07user 0.05system 0:00.10elapsed 114%CPU (0avgtext+0avgdata 28016maxresident)k
32inputs+104outputs (0major+13658minor)pagefaults 0swaps
    ./original/fast/smt_tests/basic/function/function30_test.tla
0.08user 0.04system 0:00.11elapsed 112%CPU (0avgtext+0avgdata 25364maxresident)k
16inputs+104outputs (0major+13532minor)pagefaults 0swaps
    ./original/fast/smt_tests/basic/function/function3_test.tla
0.14user 0.05system 0:00.15elapsed 130%CPU (0avgtext+0avgdata 29828maxresident)k
24inputs+128outputs (0major+18455minor)pagefaults 0swaps
    ./original/fast/smt_tests/basic/function/function5_test.tla
0.08user 0.04system 0:00.11elapsed 113%CPU (0avgtext+0avgdata 27940maxresident)k
24inputs+104outputs (0major+13676minor)pagefaults 0swaps
    ./original/fast/smt_tests/basic/function/function6_test.tla
0.08user 0.05system 0:00.11elapsed 111%CPU (0avgtext+0avgdata 25556maxresident)k
48inputs+104outputs (0major+13521minor)pagefaults 0swaps
    ./original/fast/smt_tests/basic/function/function7_test.tla
0.06user 0.05system 0:00.11elapsed 112%CPU (0avgtext+0avgdata 25504maxresident)k
16inputs+104outputs (0major+13480minor)pagefaults 0swaps
    ./original/fast/smt_tests/basic/prop/basic_test.tla
0.07user 0.05system 0:00.11elapsed 111%CPU (0avgtext+0avgdata 25448maxresident)k
56inputs+104outputs (0major+13523minor)pagefaults 0swaps
    ./original/fast/smt_tests/basic/prop/prop10_test.tla
0.09user 0.03system 0:00.11elapsed 113%CPU (0avgtext+0avgdata 25496maxresident)k
16inputs+104outputs (0major+13549minor)pagefaults 0swaps
    ./original/fast/smt_tests/basic/prop/prop11_test.tla
0.09user 0.03system 0:00.11elapsed 114%CPU (0avgtext+0avgdata 27832maxresident)k
24inputs+104outputs (0major+13608minor)pagefaults 0swaps
    ./original/fast/smt_tests/basic/prop/prop12_test.tla
0.09user 0.04system 0:00.11elapsed 113%CPU (0avgtext+0avgdata 28040maxresident)k
48inputs+104outputs (0major+13615minor)pagefaults 0swaps
    ./original/fast/smt_tests/basic/prop/prop1_test.tla
0.09user 0.03system 0:00.11elapsed 112%CPU (0avgtext+0avgdata 25520maxresident)k
40inputs+104outputs (0major+13469minor)pagefaults 0swaps
    ./original/fast/smt_tests/basic/prop/prop2_test.tla
0.08user 0.04system 0:00.11elapsed 113%CPU (0avgtext+0avgdata 25600maxresident)k
32inputs+104outputs (0major+13523minor)pagefaults 0swaps
    ./original/fast/smt_tests/basic/prop/prop3_test.tla
0.07user 0.04system 0:00.10elapsed 112%CPU (0avgtext+0avgdata 25436maxresident)k
40inputs+104outputs (0major+13525minor)pagefaults 0swaps
    ./original/fast/smt_tests/basic/prop/prop4_test.tla
0.07user 0.04system 0:00.10elapsed 111%CPU (0avgtext+0avgdata 25508maxresident)k
24inputs+104outputs (0major+13523minor)pagefaults 0swaps
    ./original/fast/smt_tests/basic/prop/prop5_test.tla
0.08user 0.03system 0:00.10elapsed 113%CPU (0avgtext+0avgdata 25400maxresident)k
16inputs+104outputs (0major+13501minor)pagefaults 0swaps
    ./original/fast/smt_tests/basic/prop/prop6_test.tla
0.06user 0.05system 0:00.10elapsed 113%CPU (0avgtext+0avgdata 25480maxresident)k
32inputs+104outputs (0major+13498minor)pagefaults 0swaps
    ./original/fast/smt_tests/basic/prop/prop7_test.tla
0.06user 0.04system 0:00.09elapsed 113%CPU (0avgtext+0avgdata 28008maxresident)k
16inputs+104outputs (0major+13673minor)pagefaults 0swaps
    ./original/fast/smt_tests/basic/prop/prop8_test.tla
0.09user 0.04system 0:00.13elapsed 102%CPU (0avgtext+0avgdata 27936maxresident)k
40inputs+104outputs (1major+13647minor)pagefaults 0swaps
    ./original/fast/smt_tests/basic/prop/prop9_test.tla
0.08user 0.04system 0:00.10elapsed 114%CPU (0avgtext+0avgdata 25552maxresident)k
24inputs+104outputs (0major+13479minor)pagefaults 0swaps
    ./original/fast/smt_tests/basic/record/record1_test.tla
0.08user 0.04system 0:00.11elapsed 112%CPU (0avgtext+0avgdata 25436maxresident)k
40inputs+104outputs (0major+13480minor)pagefaults 0swaps
    ./original/fast/smt_tests/basic/record/record2_test.tla
0.08user 0.04system 0:00.11elapsed 112%CPU (0avgtext+0avgdata 25548maxresident)k
16inputs+104outputs (0major+13519minor)pagefaults 0swaps
    ./original/fast/smt_tests/basic/record/record3_test.tla
0.08user 0.05system 0:00.12elapsed 109%CPU (0avgtext+0avgdata 25368maxresident)k
40inputs+104outputs (0major+13480minor)pagefaults 0swaps
    ./original/fast/smt_tests/basic/set/set10_test.tla
0.07user 0.05system 0:00.11elapsed 113%CPU (0avgtext+0avgdata 28196maxresident)k
40inputs+104outputs (0major+13637minor)pagefaults 0swaps
    ./original/fast/smt_tests/basic/set/set11_test.tla
0.06user 0.05system 0:00.10elapsed 116%CPU (0avgtext+0avgdata 25436maxresident)k
16inputs+104outputs (0major+13519minor)pagefaults 0swaps
    ./original/fast/smt_tests/basic/set/set12_test.tla
0.09user 0.03system 0:00.11elapsed 112%CPU (0avgtext+0avgdata 25468maxresident)k
32inputs+104outputs (0major+13505minor)pagefaults 0swaps
    ./original/fast/smt_tests/basic/set/set13_test.tla
0.07user 0.05system 0:00.11elapsed 113%CPU (0avgtext+0avgdata 25404maxresident)k
32inputs+104outputs (0major+13477minor)pagefaults 0swaps
    ./original/fast/smt_tests/basic/set/set14_test.tla
0.08user 0.04system 0:00.11elapsed 113%CPU (0avgtext+0avgdata 27840maxresident)k
32inputs+104outputs (0major+13608minor)pagefaults 0swaps
    ./original/fast/smt_tests/basic/set/set15_test.tla
0.07user 0.04system 0:00.11elapsed 112%CPU (0avgtext+0avgdata 25664maxresident)k
40inputs+104outputs (0major+13522minor)pagefaults 0swaps
    ./original/fast/smt_tests/basic/set/set16_test.tla
0.07user 0.04system 0:00.10elapsed 113%CPU (0avgtext+0avgdata 29692maxresident)k
40inputs+104outputs (0major+13796minor)pagefaults 0swaps
    ./original/fast/smt_tests/basic/set/set17_test.tla
0.07user 0.04system 0:00.10elapsed 113%CPU (0avgtext+0avgdata 25644maxresident)k
32inputs+104outputs (0major+13512minor)pagefaults 0swaps
    ./original/fast/smt_tests/basic/set/set18_test.tla
0.09user 0.03system 0:00.11elapsed 113%CPU (0avgtext+0avgdata 29724maxresident)k
40inputs+104outputs (0major+13814minor)pagefaults 0swaps
    ./original/fast/smt_tests/basic/set/set19_test.tla
0.07user 0.03system 0:00.10elapsed 113%CPU (0avgtext+0avgdata 25500maxresident)k
24inputs+104outputs (0major+13512minor)pagefaults 0swaps
    ./original/fast/smt_tests/basic/set/set1_test.tla
0.07user 0.03system 0:00.09elapsed 112%CPU (0avgtext+0avgdata 27948maxresident)k
32inputs+104outputs (0major+13626minor)pagefaults 0swaps
    ./original/fast/smt_tests/basic/set/set2_test.tla
0.06user 0.04system 0:00.09elapsed 112%CPU (0avgtext+0avgdata 25600maxresident)k
16inputs+104outputs (0major+13485minor)pagefaults 0swaps
    ./original/fast/smt_tests/basic/set/set3_test.tla
0.07user 0.03system 0:00.09elapsed 114%CPU (0avgtext+0avgdata 25336maxresident)k
32inputs+104outputs (0major+13474minor)pagefaults 0swaps
    ./original/fast/smt_tests/basic/set/set4_test.tla
0.07user 0.03system 0:00.09elapsed 112%CPU (0avgtext+0avgdata 25488maxresident)k
48inputs+104outputs (0major+13472minor)pagefaults 0swaps
    ./original/fast/smt_tests/basic/set/set5_test.tla
0.06user 0.04system 0:00.09elapsed 113%CPU (0avgtext+0avgdata 25616maxresident)k
48inputs+104outputs (0major+13468minor)pagefaults 0swaps
    ./original/fast/smt_tests/basic/set/set6_test.tla
0.07user 0.03system 0:00.09elapsed 114%CPU (0avgtext+0avgdata 28164maxresident)k
32inputs+104outputs (0major+13610minor)pagefaults 0swaps
    ./original/fast/smt_tests/basic/set/set7_test.tla
0.07user 0.03system 0:00.09elapsed 113%CPU (0avgtext+0avgdata 25468maxresident)k
24inputs+104outputs (0major+13486minor)pagefaults 0swaps
    ./original/fast/smt_tests/basic/set/set8_test.tla
0.08user 0.03system 0:00.09elapsed 113%CPU (0avgtext+0avgdata 27960maxresident)k
56inputs+104outputs (0major+13614minor)pagefaults 0swaps
    ./original/fast/smt_tests/basic/set/set9_test.tla
0.06user 0.04system 0:00.09elapsed 114%CPU (0avgtext+0avgdata 27828maxresident)k
16inputs+104outputs (0major+13610minor)pagefaults 0swaps
    ./original/fast/smt_tests/basic/string/strings1_test.tla
0.06user 0.04system 0:00.09elapsed 112%CPU (0avgtext+0avgdata 25604maxresident)k
64inputs+104outputs (0major+13511minor)pagefaults 0swaps
    ./original/fast/smt_tests/basic/string/strings2_test.tla
0.07user 0.03system 0:00.09elapsed 112%CPU (0avgtext+0avgdata 25536maxresident)k
24inputs+104outputs (0major+13463minor)pagefaults 0swaps
    ./original/fast/smt_tests/basic/tuple/tuple1_test.tla
0.06user 0.04system 0:00.09elapsed 112%CPU (0avgtext+0avgdata 25580maxresident)k
56inputs+104outputs (0major+13438minor)pagefaults 0swaps
    ./original/fast/smt_tests/basic/tuple/tuple2_test.tla
0.07user 0.03system 0:00.09elapsed 113%CPU (0avgtext+0avgdata 27988maxresident)k
16inputs+104outputs (0major+13628minor)pagefaults 0swaps
    ./original/fast/smt_tests/basic/tuple/tuple3_test.tla
0.07user 0.03system 0:00.09elapsed 113%CPU (0avgtext+0avgdata 25620maxresident)k
32inputs+104outputs (0major+13487minor)pagefaults 0swaps
    ./original/fast/smt_tests/basic/tuple/tuple4_test.tla
0.07user 0.04system 0:00.09elapsed 112%CPU (0avgtext+0avgdata 25576maxresident)k
32inputs+104outputs (0major+13445minor)pagefaults 0swaps
    ./original/fast/smt_tests/basic/tuple/tuple5_test.tla
0.06user 0.04system 0:00.09elapsed 113%CPU (0avgtext+0avgdata 25524maxresident)k
32inputs+104outputs (0major+13505minor)pagefaults 0swaps
    ./original/fast/smt_tests/basic/tuple/tuple6_test.tla
0.08user 0.03system 0:00.10elapsed 113%CPU (0avgtext+0avgdata 25676maxresident)k
32inputs+104outputs (0major+13472minor)pagefaults 0swaps
    ./original/fast/smt_tests/basic/tuple/tuple7_test.tla
0.07user 0.04system 0:00.09elapsed 113%CPU (0avgtext+0avgdata 25396maxresident)k
24inputs+104outputs (0major+13511minor)pagefaults 0swaps
    ./original/fast/smt_tests/lang/user_ops_test.tla
0.36user 0.03system 0:00.38elapsed 102%CPU (0avgtext+0avgdata 25608maxresident)k
32inputs+152outputs (0major+14648minor)pagefaults 0swaps
    ./original/fast/smt_tests/negative/one_div_zero_test.tla
2.29user 2.83system 0:05.11elapsed 100%CPU (0avgtext+0avgdata 21544maxresident)k
40inputs+120outputs (0major+13701minor)pagefaults 0swaps
    ./original/fast/smt_tests/negative/zero_in_one_test.tla
2.18user 2.95system 0:05.14elapsed 99%CPU (0avgtext+0avgdata 21552maxresident)k
32inputs+136outputs (0major+13665minor)pagefaults 0swaps
    ./original/fast/smt_tests/rewriting_rules/quantifiers_test.tla
0.14user 0.10system 0:00.14elapsed 173%CPU (0avgtext+0avgdata 25600maxresident)k
24inputs+192outputs (0major+36954minor)pagefaults 0swaps
    ./original/fast/smt_tests/silly_theorems/app_ambiguity_test.tla
0.09user 0.04system 0:00.11elapsed 113%CPU (0avgtext+0avgdata 27880maxresident)k
56inputs+104outputs (0major+13746minor)pagefaults 0swaps
    ./original/fast/smt_tests/silly_theorems/nonempty_integer_test.tla
0.12user 0.07system 0:00.12elapsed 155%CPU (0avgtext+0avgdata 29556maxresident)k
32inputs+160outputs (0major+28281minor)pagefaults 0swaps
    ./original/fast/smt_tests/silly_theorems/one_implies_one_test.tla
0.07user 0.05system 0:00.10elapsed 118%CPU (0avgtext+0avgdata 21512maxresident)k
32inputs+104outputs (0major+13406minor)pagefaults 0swaps
    ./original/fast/smt_tests/silly_theorems/record_as_function_test.tla
0.09user 0.03system 0:00.11elapsed 113%CPU (0avgtext+0avgdata 29416maxresident)k
32inputs+112outputs (0major+13718minor)pagefaults 0swaps
    ./original/fast/smt_tests/silly_theorems/x_implies_x_test.tla
0.06user 0.04system 0:00.10elapsed 114%CPU (0avgtext+0avgdata 25660maxresident)k
24inputs+104outputs (0major+13499minor)pagefaults 0swaps
    ./original/medium/regression/select_bug_test.tla
22.03user 27.88system 0:50.11elapsed 99%CPU (0avgtext+0avgdata 21520maxresident)k
32inputs+152outputs (0major+9514minor)pagefaults 0swaps
    ./original/medium/regression/snapshot/GFX_test.tla
forbidden output is present
Command exited with non-zero status 3
193.71user 37.13system 2:30.89elapsed 152%CPU (0avgtext+0avgdata 1027104maxresident)k
1248inputs+19240outputs (9major+1855923minor)pagefaults 0swaps
    ./original/medium/regression/snapshot/SnapShot_test.tla
forbidden output is present
Command exited with non-zero status 3
241.09user 16.64system 3:55.25elapsed 109%CPU (0avgtext+0avgdata 299324maxresident)k
47984inputs+43024outputs (477major+3075836minor)pagefaults 0swaps
###### 2023-11-20 13:51:47 ./TOOLS/do_tests .
    ./fast/basic/cvc3_false_test.tla
0.03user 0.03system 0:00.06elapsed 100%CPU (0avgtext+0avgdata 21316maxresident)k
56inputs+88outputs (0major+8552minor)pagefaults 0swaps
    ./fast/basic/isa_false_test.tla
0.03user 0.01system 0:00.05elapsed 102%CPU (0avgtext+0avgdata 21316maxresident)k
16inputs+96outputs (0major+8433minor)pagefaults 0swaps
    ./fast/basic/isa_true_test.tla
forbidden output is present
Command exited with non-zero status 3
0.04user 0.01system 0:00.05elapsed 101%CPU (0avgtext+0avgdata 21368maxresident)k
16inputs+96outputs (0major+8487minor)pagefaults 0swaps
    ./fast/basic/smt_arith_test.tla
0.06user 0.01system 0:00.07elapsed 110%CPU (0avgtext+0avgdata 25632maxresident)k
16inputs+104outputs (0major+13478minor)pagefaults 0swaps
    ./fast/basic/smt_false_test.tla
0.03user 0.02system 0:00.05elapsed 114%CPU (0avgtext+0avgdata 25644maxresident)k
16inputs+104outputs (0major+13450minor)pagefaults 0swaps
    ./fast/basic/true_test.tla
0.04user 0.01system 0:00.05elapsed 111%CPU (0avgtext+0avgdata 25712maxresident)k
16inputs+104outputs (0major+13550minor)pagefaults 0swaps
    ./fast/basic/z3_arith_test.tla
0.04user 0.02system 0:00.06elapsed 110%CPU (0avgtext+0avgdata 25724maxresident)k
16inputs+104outputs (0major+13460minor)pagefaults 0swaps
    ./fast/basic/z3_false_test.tla
0.04user 0.03system 0:00.06elapsed 114%CPU (0avgtext+0avgdata 25624maxresident)k
16inputs+104outputs (0major+13455minor)pagefaults 0swaps
    ./fast/basic/zen_false_test.tla
0.04user 0.03system 0:00.07elapsed 121%CPU (0avgtext+0avgdata 21400maxresident)k
16inputs+104outputs (0major+13011minor)pagefaults 0swaps
    ./fast/basic/zen_true_test.tla
0.04user 0.02system 0:00.06elapsed 119%CPU (0avgtext+0avgdata 21484maxresident)k
128inputs+104outputs (4major+13062minor)pagefaults 0swaps
    ./fast/enabled_cdot/AutoUSE_fingerprint/AutoUSE_fingerprint_test.tla
required error output is missing
Command exited with non-zero status 3
0.10user 0.02system 0:00.12elapsed 101%CPU (0avgtext+0avgdata 21460maxresident)k
40inputs+176outputs (0major+17222minor)pagefaults 0swaps
    ./fast/enabled_cdot/Cdot_test.tla
0.07user 0.04system 0:00.06elapsed 174%CPU (0avgtext+0avgdata 23304maxresident)k
16inputs+208outputs (0major+27034minor)pagefaults 0swaps
    ./fast/enabled_cdot/ENABLEDaxioms_conj_fingerprinting/ENABLEDaxioms_conj_fingerprinting_test.tla
required error output is missing
Command exited with non-zero status 3
0.07user 0.03system 0:00.09elapsed 102%CPU (0avgtext+0avgdata 21328maxresident)k
40inputs+176outputs (0major+17172minor)pagefaults 0swaps
    ./fast/enabled_cdot/ENABLEDaxioms_conj_hidden_actions_test.tla
0.04user 0.01system 0:00.06elapsed 100%CPU (0avgtext+0avgdata 21376maxresident)k
24inputs+88outputs (0major+8439minor)pagefaults 0swaps
    ./fast/enabled_cdot/ENABLEDaxioms_conj_test.tla
forbidden output is present
Command exited with non-zero status 3
0.03user 0.01system 0:00.05elapsed 100%CPU (0avgtext+0avgdata 21404maxresident)k
16inputs+96outputs (0major+8507minor)pagefaults 0swaps
    ./fast/enabled_cdot/ENABLEDaxioms_conj_visible_actions_fail_test.tla
0.04user 0.01system 0:00.05elapsed 103%CPU (0avgtext+0avgdata 21436maxresident)k
16inputs+88outputs (0major+8459minor)pagefaults 0swaps
    ./fast/enabled_cdot/ENABLEDaxioms_conj_visible_actions_test.tla
forbidden output is present
Command exited with non-zero status 3
0.03user 0.02system 0:00.05elapsed 101%CPU (0avgtext+0avgdata 21432maxresident)k
16inputs+88outputs (0major+8452minor)pagefaults 0swaps
    ./fast/enabled_cdot/ENABLEDaxioms_test.tla
forbidden output is present
Command exited with non-zero status 3
0.05user 0.00system 0:00.06elapsed 101%CPU (0avgtext+0avgdata 21496maxresident)k
16inputs+104outputs (0major+8570minor)pagefaults 0swaps
    ./fast/enabled_cdot/ENABLED_INSTANCE_nullary_op_test.tla
0.06user 0.03system 0:00.07elapsed 124%CPU (0avgtext+0avgdata 29872maxresident)k
24inputs+160outputs (0major+19027minor)pagefaults 0swaps
    ./fast/enabled_cdot/ENABLED_INSTANCE_nullary_op_two_vars_test.tla
forbidden output is present
Command exited with non-zero status 3
0.05user 0.04system 0:00.07elapsed 128%CPU (0avgtext+0avgdata 30040maxresident)k
16inputs+168outputs (0major+19011minor)pagefaults 0swaps
    ./fast/enabled_cdot/ENABLED_INSTANCE_op_with_args_test.tla
forbidden output is present
Command exited with non-zero status 3
0.05user 0.03system 0:00.07elapsed 126%CPU (0avgtext+0avgdata 30068maxresident)k
16inputs+168outputs (0major+19057minor)pagefaults 0swaps
    ./fast/enabled_cdot/ENABLEDrewrites_assignment_level_fingerprint/ENABLEDrewrites_assignment_level_fingerprint_test.tla
required error output is missing
Command exited with non-zero status 3
0.06user 0.03system 0:00.09elapsed 101%CPU (0avgtext+0avgdata 21492maxresident)k
32inputs+104outputs (0major+15601minor)pagefaults 0swaps
    ./fast/enabled_cdot/ENABLEDrewrites_bpragma_fingerprint/ENABLEDrewrites_bpragma_fingerprint_test.tla
required error output is missing
Command exited with non-zero status 3
0.08user 0.02system 0:00.10elapsed 101%CPU (0avgtext+0avgdata 21444maxresident)k
40inputs+136outputs (0major+16443minor)pagefaults 0swaps
    ./fast/enabled_cdot/ENABLEDrewrites_case_level_fingerprint/ENABLEDrewrites_case_level_fingerprint_test.tla
required error output is missing
Command exited with non-zero status 3
0.06user 0.03system 0:00.10elapsed 101%CPU (0avgtext+0avgdata 21432maxresident)k
32inputs+96outputs (0major+15555minor)pagefaults 0swaps
    ./fast/enabled_cdot/ENABLEDrewrites_conj_level_fingerprint/ENABLEDrewrites_conj_level_fingerprint_test.tla
required error output is missing
Command exited with non-zero status 3
0.08user 0.03system 0:00.12elapsed 100%CPU (0avgtext+0avgdata 21448maxresident)k
32inputs+96outputs (0major+15618minor)pagefaults 0swaps
    ./fast/enabled_cdot/ENABLEDrewrites_exist_level_fingerprint/ENABLEDrewrites_exist_level_fingerprint_test.tla
required error output is missing
Command exited with non-zero status 3
0.07user 0.03system 0:00.10elapsed 100%CPU (0avgtext+0avgdata 21332maxresident)k
32inputs+96outputs (0major+15641minor)pagefaults 0swaps
    ./fast/enabled_cdot/ENABLEDrewrites_mem_level_fingerprint/ENABLEDrewrites_mem_level_fingerprint_test.tla
required error output is missing
Command exited with non-zero status 3
0.07user 0.05system 0:00.12elapsed 101%CPU (0avgtext+0avgdata 21492maxresident)k
32inputs+96outputs (0major+15608minor)pagefaults 0swaps
    ./fast/enabled_cdot/ENABLEDrewrites_state_level_fingerprint/ENABLEDrewrites_state_level_fingerprint_test.tla
required error output is missing
Command exited with non-zero status 3
0.07user 0.02system 0:00.09elapsed 101%CPU (0avgtext+0avgdata 21444maxresident)k
32inputs+96outputs (0major+15625minor)pagefaults 0swaps
    ./fast/enabled_cdot/ENABLEDrewrites_ternary_level_fingerprint/ENABLEDrewrites_ternary_level_fingerprint_test.tla
required error output is missing
Command exited with non-zero status 3
0.07user 0.04system 0:00.11elapsed 100%CPU (0avgtext+0avgdata 21576maxresident)k
32inputs+96outputs (0major+15566minor)pagefaults 0swaps
    ./fast/enabled_cdot/ENABLEDrewrites_test.tla
wrong result code
Command exited with non-zero status 3
0.04user 0.02system 0:00.06elapsed 100%CPU (0avgtext+0avgdata 21436maxresident)k
8inputs+48outputs (0major+7732minor)pagefaults 0swaps
    ./fast/enabled_cdot/ENABLEDrules_fingerprint_levels/ENABLEDrules_fingerprint_levels_test.tla
required error output is missing
Command exited with non-zero status 3
0.07user 0.02system 0:00.09elapsed 102%CPU (0avgtext+0avgdata 21444maxresident)k
32inputs+96outputs (0major+15662minor)pagefaults 0swaps
    ./fast/enabled_cdot/ENABLEDrules_test.tla
wrong result code
Command exited with non-zero status 3
0.03user 0.01system 0:00.05elapsed 98%CPU (0avgtext+0avgdata 21324maxresident)k
8inputs+48outputs (0major+7645minor)pagefaults 0swaps
    ./fast/enabled_cdot/Enabled_test.tla
0.22user 0.20system 0:00.14elapsed 287%CPU (0avgtext+0avgdata 29996maxresident)k
208inputs+624outputs (4major+132882minor)pagefaults 0swaps
    ./fast/enabled_cdot/ExpandENABLED_LET_test.tla
0.03user 0.03system 0:00.06elapsed 118%CPU (0avgtext+0avgdata 21636maxresident)k
32inputs+104outputs (2major+13041minor)pagefaults 0swaps
    ./fast/enabled_cdot/ExpandENABLED_level_fingerprint/ExpandENABLED_level_fingerprint_test.tla
required error output is missing
Command exited with non-zero status 3
0.06user 0.03system 0:00.10elapsed 101%CPU (0avgtext+0avgdata 21376maxresident)k
40inputs+184outputs (0major+17278minor)pagefaults 0swaps
    ./fast/enabled_cdot/ExpandOnlyCdot_test.tla
0.03user 0.01system 0:00.05elapsed 102%CPU (0avgtext+0avgdata 21364maxresident)k
16inputs+88outputs (0major+8470minor)pagefaults 0swaps
    ./fast/enabled_cdot/ExpandOnlyENABLED_test.tla
0.03user 0.01system 0:00.05elapsed 102%CPU (0avgtext+0avgdata 21560maxresident)k
16inputs+88outputs (0major+8416minor)pagefaults 0swaps
    ./fast/enabled_cdot/LevelComparisonCONSTANT_Module_Scope_test.tla
required error output is missing
Command exited with non-zero status 3
0.03user 0.03system 0:00.06elapsed 113%CPU (0avgtext+0avgdata 25640maxresident)k
16inputs+104outputs (0major+13509minor)pagefaults 0swaps
    ./fast/enabled_cdot/LevelComparisonCONSTANT_THEOREM_Scope_test.tla
required error output is missing
Command exited with non-zero status 3
0.05user 0.01system 0:00.06elapsed 113%CPU (0avgtext+0avgdata 25580maxresident)k
16inputs+104outputs (0major+13494minor)pagefaults 0swaps
    ./fast/enabled_cdot/LevelComparisonSTATE_Scope_test.tla
required error output is missing
Command exited with non-zero status 3
0.05user 0.01system 0:00.06elapsed 112%CPU (0avgtext+0avgdata 25592maxresident)k
16inputs+104outputs (0major+13506minor)pagefaults 0swaps
    ./fast/enabled_cdot/LevelComparison_test.tla
forbidden output is present
Command exited with non-zero status 3
0.07user 0.05system 0:00.07elapsed 163%CPU (0avgtext+0avgdata 25800maxresident)k
24inputs+232outputs (0major+41799minor)pagefaults 0swaps
    ./fast/enabled_cdot/Level_of_parametric_INSTANCE_test.tla
0.06user 0.02system 0:00.06elapsed 130%CPU (0avgtext+0avgdata 25596maxresident)k
16inputs+120outputs (0major+17848minor)pagefaults 0swaps
    ./fast/enabled_cdot/Level_test.tla
0.04user 0.02system 0:00.06elapsed 100%CPU (0avgtext+0avgdata 21328maxresident)k
16inputs+120outputs (0major+9107minor)pagefaults 0swaps
    ./fast/enabled_cdot/NestedCdot_test.tla
0.07user 0.05system 0:00.06elapsed 189%CPU (0avgtext+0avgdata 25048maxresident)k
16inputs+168outputs (0major+27827minor)pagefaults 0swaps
    ./fast/enabled_cdot/NestedENABLED_from_AutoUSE_test.tla
forbidden output is present
Command exited with non-zero status 3
0.04user 0.01system 0:00.05elapsed 100%CPU (0avgtext+0avgdata 21368maxresident)k
16inputs+96outputs (0major+8471minor)pagefaults 0swaps
    ./fast/enabled_cdot/NestedENABLED_test.tla
0.05user 0.04system 0:00.06elapsed 153%CPU (0avgtext+0avgdata 22436maxresident)k
24inputs+160outputs (0major+22642minor)pagefaults 0swaps
    ./fast/enabled_cdot/UnsoundCoalescingThmDecl_test.tla
0.06user 0.05system 0:00.07elapsed 149%CPU (0avgtext+0avgdata 30136maxresident)k
16inputs+168outputs (0major+27942minor)pagefaults 0swaps
    ./fast/fingerprint/FingerprintVariablesParameters_test.tla
required error output is missing
Command exited with non-zero status 3
0.05user 0.03system 0:00.08elapsed 101%CPU (0avgtext+0avgdata 21576maxresident)k
16inputs+104outputs (0major+14642minor)pagefaults 0swaps
    ./fast/language/EXCEPTMultipleBrackets_test.tla
0.05user 0.02system 0:00.06elapsed 140%CPU (0avgtext+0avgdata 25692maxresident)k
16inputs+104outputs (0major+22090minor)pagefaults 0swaps
    ./fast/language/EXTENDS_in_submodule_test.tla
0.04user 0.00system 0:00.05elapsed 101%CPU (0avgtext+0avgdata 21372maxresident)k
32inputs+128outputs (0major+9140minor)pagefaults 0swaps
    ./fast/language/INSTANCE_inside_LET_fingerprint_test.tla
0.04user 0.03system 0:00.06elapsed 114%CPU (0avgtext+0avgdata 25752maxresident)k
16inputs+144outputs (0major+14230minor)pagefaults 0swaps
    ./fast/language/INSTANCE_inside_LET_test.tla
0.04user 0.02system 0:00.06elapsed 114%CPU (0avgtext+0avgdata 25552maxresident)k
16inputs+144outputs (0major+14226minor)pagefaults 0swaps
    ./fast/language/INSTANCE_shift_due_to_omitted_modunits_test.tla
0.04user 0.01system 0:00.05elapsed 101%CPU (0avgtext+0avgdata 21372maxresident)k
16inputs+136outputs (0major+9148minor)pagefaults 0swaps
    ./fast/language/Operators_test.tla
0.05user 0.03system 0:00.07elapsed 120%CPU (0avgtext+0avgdata 25800maxresident)k
16inputs+88outputs (0major+17491minor)pagefaults 0swaps
    ./fast/language/SubrefLL_test.tla
0.35user 0.25system 0:00.30elapsed 203%CPU (0avgtext+0avgdata 25828maxresident)k
32inputs+896outputs (0major+202564minor)pagefaults 0swaps
    ./fast/language/Subref_test.tla
0.31user 0.19system 0:00.12elapsed 396%CPU (0avgtext+0avgdata 25844maxresident)k
552inputs+832outputs (4major+124218minor)pagefaults 0swaps
    ./fast/language/WFTRUE_test.tla
forbidden output is present
Command exited with non-zero status 3
0.03user 0.01system 0:00.04elapsed 100%CPU (0avgtext+0avgdata 21392maxresident)k
144inputs+64outputs (6major+7864minor)pagefaults 0swaps
    ./fast/regression/consensus/consensus_test.tla
1.32user 0.50system 0:01.00elapsed 182%CPU (0avgtext+0avgdata 35916maxresident)k
64inputs+296outputs (0major+26883minor)pagefaults 0swaps
    ./fast/regression/cooper_instantiation_test.tla
0.02user 0.01system 0:00.04elapsed 100%CPU (0avgtext+0avgdata 21492maxresident)k
16inputs+56outputs (0major+7471minor)pagefaults 0swaps
    ./fast/regression/higher_order_statement_test.tla
forbidden output is present
Command exited with non-zero status 3
11.06user 14.08system 0:25.14elapsed 100%CPU (0avgtext+0avgdata 25700maxresident)k
20296inputs+240outputs (354major+24242minor)pagefaults 0swaps
    ./fast/regression/MiniProducerConsumer_test.tla
122.13user 34.41system 1:09.28elapsed 225%CPU (0avgtext+0avgdata 1014356maxresident)k
18168inputs+424outputs (87major+520157minor)pagefaults 0swaps
    ./fast/regression/parameterized_instantiation_test.tla
0.09user 0.04system 0:00.12elapsed 111%CPU (0avgtext+0avgdata 25552maxresident)k
304inputs+152outputs (1major+14190minor)pagefaults 0swaps
    ./fast/regression/setEuclid_test.tla
forbidden output is present
Command exited with non-zero status 3
12.91user 13.56system 0:25.85elapsed 102%CPU (0avgtext+0avgdata 33632maxresident)k
752inputs+1120outputs (3major+134733minor)pagefaults 0swaps
    ./fast/regression/smt_domain_check_test.tla
0.09user 0.05system 0:00.12elapsed 114%CPU (0avgtext+0avgdata 29144maxresident)k
104inputs+112outputs (0major+13719minor)pagefaults 0swaps
    ./fast/regression/z3_fingerprint_test.tla
0.12user 0.06system 0:00.18elapsed 102%CPU (0avgtext+0avgdata 21456maxresident)k
48inputs+160outputs (0major+16727minor)pagefaults 0swaps
    ./fast/russell_test.tla
0.13user 0.05system 0:00.12elapsed 151%CPU (0avgtext+0avgdata 25596maxresident)k
192inputs+160outputs (0major+27465minor)pagefaults 0swaps
    ./fast/smt_tests/advanced/functions/bijection_thm_test.tla
0.38user 0.18system 0:00.32elapsed 175%CPU (0avgtext+0avgdata 29752maxresident)k
144inputs+640outputs (0major+105643minor)pagefaults 0swaps
    ./fast/smt_tests/advanced/functions/composition_test.tla
0.07user 0.04system 0:00.10elapsed 115%CPU (0avgtext+0avgdata 28056maxresident)k
72inputs+104outputs (0major+13650minor)pagefaults 0swaps
    ./fast/smt_tests/advanced/functions/identity1_test.tla
0.07user 0.04system 0:00.10elapsed 111%CPU (0avgtext+0avgdata 25576maxresident)k
72inputs+112outputs (0major+13522minor)pagefaults 0swaps
    ./fast/smt_tests/advanced/functions/identity2_test.tla
0.07user 0.04system 0:00.09elapsed 114%CPU (0avgtext+0avgdata 29120maxresident)k
104inputs+120outputs (0major+13715minor)pagefaults 0swaps
    ./fast/smt_tests/advanced/set_theory/cantor1_test.tla
11.02user 14.15system 0:25.15elapsed 100%CPU (0avgtext+0avgdata 30012maxresident)k
120inputs+264outputs (0major+37990minor)pagefaults 0swaps
    ./fast/smt_tests/advanced/set_theory/choice_axiom2_test.tla
10.98user 14.27system 0:25.16elapsed 100%CPU (0avgtext+0avgdata 29800maxresident)k
96inputs+304outputs (0major+38685minor)pagefaults 0swaps
    ./fast/smt_tests/advanced/set_theory/choice_axiom_test.tla
0.21user 0.13system 0:00.17elapsed 201%CPU (0avgtext+0avgdata 30760maxresident)k
72inputs+304outputs (0major+57652minor)pagefaults 0swaps
    ./fast/smt_tests/advanced/set_theory/section_test.tla
11.07user 14.18system 0:25.16elapsed 100%CPU (0avgtext+0avgdata 29752maxresident)k
64inputs+328outputs (0major+38738minor)pagefaults 0swaps
    ./fast/smt_tests/advanced/tuples/tuple_as_function1_test.tla
0.18user 0.11system 0:00.18elapsed 164%CPU (0avgtext+0avgdata 28020maxresident)k
120inputs+336outputs (0major+51570minor)pagefaults 0swaps
    ./fast/smt_tests/advanced/tuples/tuple_as_function2_test.tla
0.19user 0.14system 0:00.19elapsed 175%CPU (0avgtext+0avgdata 29576maxresident)k
104inputs+344outputs (0major+61959minor)pagefaults 0swaps
    ./fast/smt_tests/basic/arith/arith10_test.tla
0.07user 0.04system 0:00.10elapsed 112%CPU (0avgtext+0avgdata 25652maxresident)k
144inputs+104outputs (0major+13457minor)pagefaults 0swaps
    ./fast/smt_tests/basic/arith/arith11_test.tla
0.08user 0.03system 0:00.10elapsed 112%CPU (0avgtext+0avgdata 25772maxresident)k
72inputs+104outputs (0major+13458minor)pagefaults 0swaps
    ./fast/smt_tests/basic/arith/arith12_test.tla
0.07user 0.05system 0:00.11elapsed 114%CPU (0avgtext+0avgdata 27960maxresident)k
64inputs+104outputs (0major+13662minor)pagefaults 0swaps
    ./fast/smt_tests/basic/arith/arith13_test.tla
0.05user 0.05system 0:00.09elapsed 113%CPU (0avgtext+0avgdata 28172maxresident)k
80inputs+104outputs (0major+13586minor)pagefaults 0swaps
    ./fast/smt_tests/basic/arith/arith14_test.tla
0.07user 0.03system 0:00.09elapsed 115%CPU (0avgtext+0avgdata 26568maxresident)k
40inputs+104outputs (1major+13557minor)pagefaults 0swaps
    ./fast/smt_tests/basic/arith/arith15_test.tla
0.06user 0.04system 0:00.09elapsed 113%CPU (0avgtext+0avgdata 25560maxresident)k
48inputs+104outputs (0major+13437minor)pagefaults 0swaps
    ./fast/smt_tests/basic/arith/arith16_test.tla
0.05user 0.04system 0:00.08elapsed 112%CPU (0avgtext+0avgdata 25672maxresident)k
64inputs+104outputs (0major+13450minor)pagefaults 0swaps
    ./fast/smt_tests/basic/arith/arith17_test.tla
0.04user 0.05system 0:00.08elapsed 113%CPU (0avgtext+0avgdata 25620maxresident)k
48inputs+104outputs (0major+13461minor)pagefaults 0swaps
    ./fast/smt_tests/basic/arith/arith18_test.tla
0.07user 0.02system 0:00.08elapsed 111%CPU (0avgtext+0avgdata 25620maxresident)k
96inputs+104outputs (0major+13455minor)pagefaults 0swaps
    ./fast/smt_tests/basic/arith/arith19_test.tla
0.06user 0.03system 0:00.08elapsed 112%CPU (0avgtext+0avgdata 25652maxresident)k
48inputs+104outputs (1major+13504minor)pagefaults 0swaps
    ./fast/smt_tests/basic/arith/arith1_test.tla
0.06user 0.03system 0:00.09elapsed 113%CPU (0avgtext+0avgdata 25532maxresident)k
48inputs+104outputs (0major+13511minor)pagefaults 0swaps
    ./fast/smt_tests/basic/arith/arith2_test.tla
0.06user 0.03system 0:00.08elapsed 113%CPU (0avgtext+0avgdata 25508maxresident)k
56inputs+104outputs (0major+13514minor)pagefaults 0swaps
    ./fast/smt_tests/basic/arith/arith3_test.tla
0.06user 0.03system 0:00.08elapsed 113%CPU (0avgtext+0avgdata 25532maxresident)k
296inputs+104outputs (1major+13508minor)pagefaults 0swaps
    ./fast/smt_tests/basic/arith/arith4_test.tla
0.06user 0.02system 0:00.08elapsed 112%CPU (0avgtext+0avgdata 25532maxresident)k
56inputs+104outputs (0major+13519minor)pagefaults 0swaps
    ./fast/smt_tests/basic/arith/arith5_test.tla
0.06user 0.04system 0:00.09elapsed 114%CPU (0avgtext+0avgdata 25760maxresident)k
72inputs+104outputs (0major+13513minor)pagefaults 0swaps
    ./fast/smt_tests/basic/arith/arith6_test.tla
0.06user 0.02system 0:00.08elapsed 111%CPU (0avgtext+0avgdata 25576maxresident)k
64inputs+104outputs (0major+13479minor)pagefaults 0swaps
    ./fast/smt_tests/basic/arith/arith7_test.tla
0.04user 0.05system 0:00.08elapsed 111%CPU (0avgtext+0avgdata 25564maxresident)k
64inputs+104outputs (0major+13481minor)pagefaults 0swaps
    ./fast/smt_tests/basic/arith/arith8_test.tla
0.07user 0.03system 0:00.08elapsed 112%CPU (0avgtext+0avgdata 25648maxresident)k
56inputs+104outputs (0major+13487minor)pagefaults 0swaps
    ./fast/smt_tests/basic/arith/arith9_test.tla
0.06user 0.03system 0:00.08elapsed 113%CPU (0avgtext+0avgdata 25564maxresident)k
64inputs+104outputs (0major+13486minor)pagefaults 0swaps
    ./fast/smt_tests/basic/epsilon/epsilon1_test.tla
0.06user 0.03system 0:00.08elapsed 113%CPU (0avgtext+0avgdata 28088maxresident)k
120inputs+104outputs (0major+13642minor)pagefaults 0swaps
    ./fast/smt_tests/basic/epsilon/epsilon2_test.tla
0.06user 0.03system 0:00.08elapsed 113%CPU (0avgtext+0avgdata 27952maxresident)k
56inputs+104outputs (0major+13675minor)pagefaults 0swaps
    ./fast/smt_tests/basic/epsilon/epsilon3_test.tla
0.07user 0.03system 0:00.09elapsed 114%CPU (0avgtext+0avgdata 28012maxresident)k
48inputs+104outputs (0major+13579minor)pagefaults 0swaps
    ./fast/smt_tests/basic/epsilon/epsilon4_test.tla
0.06user 0.03system 0:00.08elapsed 114%CPU (0avgtext+0avgdata 28140maxresident)k
40inputs+104outputs (0major+13608minor)pagefaults 0swaps
    ./fast/smt_tests/basic/extensionality/empty_set_ext_test.tla
0.06user 0.03system 0:00.09elapsed 112%CPU (0avgtext+0avgdata 27940maxresident)k
104inputs+104outputs (0major+13574minor)pagefaults 0swaps
    ./fast/smt_tests/basic/extensionality/enum_ext_test.tla
0.07user 0.03system 0:00.09elapsed 113%CPU (0avgtext+0avgdata 28072maxresident)k
64inputs+104outputs (0major+13643minor)pagefaults 0swaps
    ./fast/smt_tests/basic/extensionality/fun_ext_test.tla
0.06user 0.03system 0:00.08elapsed 112%CPU (0avgtext+0avgdata 25572maxresident)k
56inputs+104outputs (0major+13534minor)pagefaults 0swaps
    ./fast/smt_tests/basic/extensionality/set_ext_test.tla
0.05user 0.04system 0:00.08elapsed 113%CPU (0avgtext+0avgdata 29916maxresident)k
64inputs+104outputs (0major+13736minor)pagefaults 0swaps
    ./fast/smt_tests/basic/extensionality/tup_ext_test.tla
0.07user 0.01system 0:00.08elapsed 112%CPU (0avgtext+0avgdata 25512maxresident)k
72inputs+104outputs (0major+13507minor)pagefaults 0swaps
    ./fast/smt_tests/basic/firstorder/firstorder1_test.tla
0.06user 0.04system 0:00.09elapsed 111%CPU (0avgtext+0avgdata 27928maxresident)k
112inputs+104outputs (0major+13648minor)pagefaults 0swaps
    ./fast/smt_tests/basic/firstorder/firstorder1_wproof_test.tla
0.09user 0.04system 0:00.10elapsed 133%CPU (0avgtext+0avgdata 28208maxresident)k
64inputs+144outputs (0major+22981minor)pagefaults 0swaps
    ./fast/smt_tests/basic/firstorder/firstorder2_test.tla
0.08user 0.02system 0:00.09elapsed 111%CPU (0avgtext+0avgdata 28000maxresident)k
72inputs+104outputs (0major+13637minor)pagefaults 0swaps
    ./fast/smt_tests/basic/firstorder/firstorder2_wproof_test.tla
0.08user 0.04system 0:00.09elapsed 133%CPU (0avgtext+0avgdata 27984maxresident)k
48inputs+144outputs (0major+23033minor)pagefaults 0swaps
    ./fast/smt_tests/basic/firstorder/firstorder3_test.tla
0.06user 0.03system 0:00.09elapsed 115%CPU (0avgtext+0avgdata 29912maxresident)k
48inputs+104outputs (0major+13747minor)pagefaults 0swaps
    ./fast/smt_tests/basic/firstorder/firstorder3_wproof_test.tla
0.07user 0.05system 0:00.09elapsed 136%CPU (0avgtext+0avgdata 29792maxresident)k
48inputs+144outputs (1major+23428minor)pagefaults 0swaps
    ./fast/smt_tests/basic/firstorder/firstorder4_test.tla
0.05user 0.04system 0:00.08elapsed 114%CPU (0avgtext+0avgdata 29952maxresident)k
48inputs+104outputs (0major+13685minor)pagefaults 0swaps
    ./fast/smt_tests/basic/firstorder/firstorder4_wproof_test.tla
0.10user 0.04system 0:00.10elapsed 145%CPU (0avgtext+0avgdata 29888maxresident)k
40inputs+160outputs (0major+27955minor)pagefaults 0swaps
    ./fast/smt_tests/basic/firstorder/firstorder5_test.tla
0.06user 0.03system 0:00.08elapsed 114%CPU (0avgtext+0avgdata 29524maxresident)k
56inputs+104outputs (1major+13726minor)pagefaults 0swaps
    ./fast/smt_tests/basic/firstorder/firstorder5_wproof_test.tla
0.10user 0.04system 0:00.10elapsed 141%CPU (0avgtext+0avgdata 28232maxresident)k
56inputs+160outputs (0major+27900minor)pagefaults 0swaps
    ./fast/smt_tests/basic/firstorder/firstorder6_test.tla
0.06user 0.04system 0:00.09elapsed 113%CPU (0avgtext+0avgdata 29764maxresident)k
32inputs+104outputs (0major+13746minor)pagefaults 0swaps
    ./fast/smt_tests/basic/firstorder/firstorder6_wproof_test.tla
0.08user 0.06system 0:00.10elapsed 147%CPU (0avgtext+0avgdata 29756maxresident)k
56inputs+160outputs (0major+28354minor)pagefaults 0swaps
    ./fast/smt_tests/basic/function/function10_test.tla
0.06user 0.03system 0:00.09elapsed 111%CPU (0avgtext+0avgdata 25604maxresident)k
360inputs+104outputs (0major+13524minor)pagefaults 0swaps
    ./fast/smt_tests/basic/function/function11_test.tla
0.06user 0.03system 0:00.09elapsed 114%CPU (0avgtext+0avgdata 27772maxresident)k
56inputs+104outputs (0major+13659minor)pagefaults 0swaps
    ./fast/smt_tests/basic/function/function12_test.tla
11.23user 13.90system 0:25.11elapsed 100%CPU (0avgtext+0avgdata 24836maxresident)k
64inputs+152outputs (1major+14550minor)pagefaults 0swaps
    ./fast/smt_tests/basic/function/function13_test.tla
0.07user 0.04system 0:00.10elapsed 111%CPU (0avgtext+0avgdata 25704maxresident)k
80inputs+104outputs (0major+13509minor)pagefaults 0swaps
    ./fast/smt_tests/basic/function/function14_test.tla
0.05user 0.05system 0:00.10elapsed 113%CPU (0avgtext+0avgdata 28044maxresident)k
56inputs+104outputs (0major+13687minor)pagefaults 0swaps
    ./fast/smt_tests/basic/function/function15_test.tla
0.06user 0.05system 0:00.10elapsed 112%CPU (0avgtext+0avgdata 25652maxresident)k
32inputs+104outputs (0major+13487minor)pagefaults 0swaps
    ./fast/smt_tests/basic/function/function16_test.tla
10.93user 14.20system 0:25.12elapsed 100%CPU (0avgtext+0avgdata 22152maxresident)k
48inputs+152outputs (0major+13875minor)pagefaults 0swaps
    ./fast/smt_tests/basic/function/function17_test.tla
0.08user 0.05system 0:00.13elapsed 111%CPU (0avgtext+0avgdata 29480maxresident)k
88inputs+120outputs (0major+13735minor)pagefaults 0swaps
    ./fast/smt_tests/basic/function/function18_test.tla
0.07user 0.04system 0:00.10elapsed 112%CPU (0avgtext+0avgdata 25532maxresident)k
48inputs+104outputs (0major+13521minor)pagefaults 0swaps
    ./fast/smt_tests/basic/function/function1_test.tla
0.06user 0.05system 0:00.10elapsed 113%CPU (0avgtext+0avgdata 25480maxresident)k
64inputs+104outputs (0major+13491minor)pagefaults 0swaps
    ./fast/smt_tests/basic/function/function20_test.tla
0.07user 0.03system 0:00.09elapsed 112%CPU (0avgtext+0avgdata 25544maxresident)k
56inputs+104outputs (0major+13465minor)pagefaults 0swaps
    ./fast/smt_tests/basic/function/function21_test.tla
0.06user 0.04system 0:00.09elapsed 113%CPU (0avgtext+0avgdata 25564maxresident)k
48inputs+104outputs (0major+13484minor)pagefaults 0swaps
    ./fast/smt_tests/basic/function/function22_test.tla
0.06user 0.03system 0:00.09elapsed 111%CPU (0avgtext+0avgdata 25684maxresident)k
40inputs+104outputs (0major+13485minor)pagefaults 0swaps
    ./fast/smt_tests/basic/function/function23_test.tla
0.08user 0.02system 0:00.09elapsed 114%CPU (0avgtext+0avgdata 29592maxresident)k
56inputs+112outputs (0major+13698minor)pagefaults 0swaps
    ./fast/smt_tests/basic/function/function24_test.tla
0.06user 0.03system 0:00.09elapsed 110%CPU (0avgtext+0avgdata 25664maxresident)k
48inputs+104outputs (0major+13471minor)pagefaults 0swaps
    ./fast/smt_tests/basic/function/function25_test.tla
0.05user 0.04system 0:00.08elapsed 112%CPU (0avgtext+0avgdata 25604maxresident)k
56inputs+104outputs (0major+13497minor)pagefaults 0swaps
    ./fast/smt_tests/basic/function/function26_test.tla
0.06user 0.03system 0:00.09elapsed 111%CPU (0avgtext+0avgdata 25572maxresident)k
56inputs+104outputs (0major+13487minor)pagefaults 0swaps
    ./fast/smt_tests/basic/function/function27_test.tla
0.06user 0.04system 0:00.10elapsed 113%CPU (0avgtext+0avgdata 29936maxresident)k
56inputs+120outputs (0major+13744minor)pagefaults 0swaps
    ./fast/smt_tests/basic/function/function28_test.tla
0.07user 0.04system 0:00.09elapsed 114%CPU (0avgtext+0avgdata 30120maxresident)k
48inputs+120outputs (0major+13740minor)pagefaults 0swaps
    ./fast/smt_tests/basic/function/function29_test.tla
0.05user 0.04system 0:00.09elapsed 112%CPU (0avgtext+0avgdata 25512maxresident)k
56inputs+104outputs (0major+13500minor)pagefaults 0swaps
    ./fast/smt_tests/basic/function/function2_test.tla
0.05user 0.04system 0:00.08elapsed 113%CPU (0avgtext+0avgdata 27916maxresident)k
48inputs+104outputs (0major+13646minor)pagefaults 0swaps
    ./fast/smt_tests/basic/function/function30_test.tla
0.06user 0.04system 0:00.09elapsed 112%CPU (0avgtext+0avgdata 25444maxresident)k
32inputs+104outputs (1major+13522minor)pagefaults 0swaps
    ./fast/smt_tests/basic/function/function3_test.tla
0.09user 0.05system 0:00.11elapsed 126%CPU (0avgtext+0avgdata 29636maxresident)k
40inputs+128outputs (0major+18415minor)pagefaults 0swaps
    ./fast/smt_tests/basic/function/function5_test.tla
0.06user 0.03system 0:00.08elapsed 113%CPU (0avgtext+0avgdata 27980maxresident)k
64inputs+104outputs (0major+13666minor)pagefaults 0swaps
    ./fast/smt_tests/basic/function/function6_test.tla
0.07user 0.04system 0:00.09elapsed 113%CPU (0avgtext+0avgdata 25476maxresident)k
48inputs+104outputs (0major+13516minor)pagefaults 0swaps
    ./fast/smt_tests/basic/function/function7_test.tla
0.05user 0.04system 0:00.08elapsed 112%CPU (0avgtext+0avgdata 25564maxresident)k
40inputs+104outputs (0major+13465minor)pagefaults 0swaps
    ./fast/smt_tests/basic/prop/basic_test.tla
0.06user 0.03system 0:00.08elapsed 113%CPU (0avgtext+0avgdata 25588maxresident)k
96inputs+104outputs (0major+13502minor)pagefaults 0swaps
    ./fast/smt_tests/basic/prop/prop10_test.tla
0.06user 0.03system 0:00.08elapsed 113%CPU (0avgtext+0avgdata 25540maxresident)k
40inputs+104outputs (0major+13540minor)pagefaults 0swaps
    ./fast/smt_tests/basic/prop/prop11_test.tla
0.07user 0.03system 0:00.09elapsed 113%CPU (0avgtext+0avgdata 27956maxresident)k
56inputs+104outputs (0major+13605minor)pagefaults 0swaps
    ./fast/smt_tests/basic/prop/prop12_test.tla
0.06user 0.03system 0:00.08elapsed 113%CPU (0avgtext+0avgdata 27972maxresident)k
64inputs+104outputs (0major+13606minor)pagefaults 0swaps
    ./fast/smt_tests/basic/prop/prop1_test.tla
0.07user 0.02system 0:00.08elapsed 111%CPU (0avgtext+0avgdata 25712maxresident)k
48inputs+104outputs (0major+13480minor)pagefaults 0swaps
    ./fast/smt_tests/basic/prop/prop2_test.tla
0.06user 0.03system 0:00.08elapsed 113%CPU (0avgtext+0avgdata 25516maxresident)k
48inputs+104outputs (0major+13517minor)pagefaults 0swaps
    ./fast/smt_tests/basic/prop/prop3_test.tla
0.06user 0.02system 0:00.08elapsed 113%CPU (0avgtext+0avgdata 25624maxresident)k
48inputs+104outputs (0major+13533minor)pagefaults 0swaps
    ./fast/smt_tests/basic/prop/prop4_test.tla
0.05user 0.04system 0:00.08elapsed 114%CPU (0avgtext+0avgdata 25548maxresident)k
48inputs+104outputs (0major+13517minor)pagefaults 0swaps
    ./fast/smt_tests/basic/prop/prop5_test.tla
0.07user 0.03system 0:00.09elapsed 115%CPU (0avgtext+0avgdata 25476maxresident)k
48inputs+104outputs (0major+13517minor)pagefaults 0swaps
    ./fast/smt_tests/basic/prop/prop6_test.tla
0.07user 0.03system 0:00.09elapsed 116%CPU (0avgtext+0avgdata 25532maxresident)k
48inputs+104outputs (0major+13474minor)pagefaults 0swaps
    ./fast/smt_tests/basic/prop/prop7_test.tla
0.07user 0.02system 0:00.08elapsed 114%CPU (0avgtext+0avgdata 28068maxresident)k
48inputs+104outputs (1major+13652minor)pagefaults 0swaps
    ./fast/smt_tests/basic/prop/prop8_test.tla
0.07user 0.03system 0:00.09elapsed 116%CPU (0avgtext+0avgdata 27868maxresident)k
40inputs+104outputs (0major+13640minor)pagefaults 0swaps
    ./fast/smt_tests/basic/prop/prop9_test.tla
0.06user 0.04system 0:00.09elapsed 112%CPU (0avgtext+0avgdata 25616maxresident)k
48inputs+104outputs (0major+13446minor)pagefaults 0swaps
    ./fast/smt_tests/basic/record/record1_test.tla
0.06user 0.04system 0:00.09elapsed 110%CPU (0avgtext+0avgdata 25716maxresident)k
96inputs+104outputs (0major+13471minor)pagefaults 0swaps
    ./fast/smt_tests/basic/record/record2_test.tla
0.07user 0.02system 0:00.08elapsed 112%CPU (0avgtext+0avgdata 25668maxresident)k
80inputs+104outputs (0major+13519minor)pagefaults 0swaps
    ./fast/smt_tests/basic/record/record3_test.tla
0.06user 0.03system 0:00.08elapsed 111%CPU (0avgtext+0avgdata 25684maxresident)k
40inputs+104outputs (0major+13514minor)pagefaults 0swaps
    ./fast/smt_tests/basic/set/set10_test.tla
0.07user 0.02system 0:00.08elapsed 112%CPU (0avgtext+0avgdata 28016maxresident)k
96inputs+104outputs (0major+13626minor)pagefaults 0swaps
    ./fast/smt_tests/basic/set/set11_test.tla
0.06user 0.03system 0:00.08elapsed 112%CPU (0avgtext+0avgdata 25652maxresident)k
56inputs+104outputs (0major+13502minor)pagefaults 0swaps
    ./fast/smt_tests/basic/set/set12_test.tla
0.06user 0.03system 0:00.08elapsed 112%CPU (0avgtext+0avgdata 25620maxresident)k
40inputs+104outputs (0major+13500minor)pagefaults 0swaps
    ./fast/smt_tests/basic/set/set13_test.tla
0.06user 0.02system 0:00.08elapsed 113%CPU (0avgtext+0avgdata 25504maxresident)k
40inputs+104outputs (0major+13479minor)pagefaults 0swaps
    ./fast/smt_tests/basic/set/set14_test.tla
0.05user 0.03system 0:00.08elapsed 114%CPU (0avgtext+0avgdata 27896maxresident)k
40inputs+104outputs (0major+13613minor)pagefaults 0swaps
    ./fast/smt_tests/basic/set/set15_test.tla
0.07user 0.02system 0:00.08elapsed 110%CPU (0avgtext+0avgdata 25584maxresident)k
56inputs+104outputs (0major+13503minor)pagefaults 0swaps
    ./fast/smt_tests/basic/set/set16_test.tla
0.06user 0.03system 0:00.09elapsed 113%CPU (0avgtext+0avgdata 29760maxresident)k
40inputs+104outputs (0major+13790minor)pagefaults 0swaps
    ./fast/smt_tests/basic/set/set17_test.tla
0.06user 0.04system 0:00.09elapsed 112%CPU (0avgtext+0avgdata 25568maxresident)k
40inputs+104outputs (0major+13485minor)pagefaults 0swaps
    ./fast/smt_tests/basic/set/set18_test.tla
0.07user 0.02system 0:00.09elapsed 114%CPU (0avgtext+0avgdata 29696maxresident)k
72inputs+104outputs (0major+13827minor)pagefaults 0swaps
    ./fast/smt_tests/basic/set/set19_test.tla
0.06user 0.03system 0:00.08elapsed 113%CPU (0avgtext+0avgdata 25708maxresident)k
64inputs+104outputs (0major+13518minor)pagefaults 0swaps
    ./fast/smt_tests/basic/set/set1_test.tla
0.05user 0.05system 0:00.09elapsed 114%CPU (0avgtext+0avgdata 28012maxresident)k
48inputs+104outputs (0major+13607minor)pagefaults 0swaps
    ./fast/smt_tests/basic/set/set2_test.tla
0.05user 0.03system 0:00.08elapsed 112%CPU (0avgtext+0avgdata 25532maxresident)k
56inputs+104outputs (0major+13470minor)pagefaults 0swaps
    ./fast/smt_tests/basic/set/set3_test.tla
0.08user 0.01system 0:00.08elapsed 113%CPU (0avgtext+0avgdata 25600maxresident)k
40inputs+104outputs (0major+13455minor)pagefaults 0swaps
    ./fast/smt_tests/basic/set/set4_test.tla
0.07user 0.03system 0:00.09elapsed 113%CPU (0avgtext+0avgdata 25608maxresident)k
48inputs+104outputs (0major+13441minor)pagefaults 0swaps
    ./fast/smt_tests/basic/set/set5_test.tla
0.06user 0.03system 0:00.08elapsed 112%CPU (0avgtext+0avgdata 25784maxresident)k
56inputs+104outputs (0major+13467minor)pagefaults 0swaps
    ./fast/smt_tests/basic/set/set6_test.tla
0.06user 0.03system 0:00.08elapsed 113%CPU (0avgtext+0avgdata 28156maxresident)k
48inputs+104outputs (0major+13602minor)pagefaults 0swaps
    ./fast/smt_tests/basic/set/set7_test.tla
0.05user 0.04system 0:00.08elapsed 114%CPU (0avgtext+0avgdata 25548maxresident)k
32inputs+104outputs (0major+13466minor)pagefaults 0swaps
    ./fast/smt_tests/basic/set/set8_test.tla
0.07user 0.02system 0:00.08elapsed 114%CPU (0avgtext+0avgdata 28040maxresident)k
48inputs+104outputs (0major+13589minor)pagefaults 0swaps
    ./fast/smt_tests/basic/set/set9_test.tla
0.05user 0.04system 0:00.08elapsed 113%CPU (0avgtext+0avgdata 28180maxresident)k
56inputs+104outputs (0major+13616minor)pagefaults 0swaps
    ./fast/smt_tests/basic/string/strings1_test.tla
0.06user 0.03system 0:00.08elapsed 111%CPU (0avgtext+0avgdata 25656maxresident)k
80inputs+104outputs (0major+13462minor)pagefaults 0swaps
    ./fast/smt_tests/basic/string/strings2_test.tla
0.07user 0.03system 0:00.08elapsed 113%CPU (0avgtext+0avgdata 25656maxresident)k
48inputs+104outputs (0major+13456minor)pagefaults 0swaps
    ./fast/smt_tests/basic/tuple/tuple1_test.tla
0.07user 0.02system 0:00.08elapsed 111%CPU (0avgtext+0avgdata 25508maxresident)k
96inputs+104outputs (0major+13440minor)pagefaults 0swaps
    ./fast/smt_tests/basic/tuple/tuple2_test.tla
0.07user 0.03system 0:00.09elapsed 115%CPU (0avgtext+0avgdata 27848maxresident)k
48inputs+104outputs (0major+13612minor)pagefaults 0swaps
    ./fast/smt_tests/basic/tuple/tuple3_test.tla
0.07user 0.03system 0:00.09elapsed 114%CPU (0avgtext+0avgdata 25596maxresident)k
56inputs+104outputs (0major+13482minor)pagefaults 0swaps
    ./fast/smt_tests/basic/tuple/tuple4_test.tla
0.06user 0.04system 0:00.09elapsed 114%CPU (0avgtext+0avgdata 25660maxresident)k
48inputs+104outputs (0major+13457minor)pagefaults 0swaps
    ./fast/smt_tests/basic/tuple/tuple5_test.tla
0.06user 0.03system 0:00.08elapsed 112%CPU (0avgtext+0avgdata 25504maxresident)k
40inputs+104outputs (0major+13461minor)pagefaults 0swaps
    ./fast/smt_tests/basic/tuple/tuple6_test.tla
0.06user 0.02system 0:00.08elapsed 111%CPU (0avgtext+0avgdata 25692maxresident)k
32inputs+104outputs (0major+13453minor)pagefaults 0swaps
    ./fast/smt_tests/basic/tuple/tuple7_test.tla
0.05user 0.03system 0:00.08elapsed 113%CPU (0avgtext+0avgdata 25616maxresident)k
32inputs+104outputs (0major+13508minor)pagefaults 0swaps
    ./fast/smt_tests/lang/user_ops_test.tla
0.29user 0.04system 0:00.33elapsed 102%CPU (0avgtext+0avgdata 25712maxresident)k
72inputs+152outputs (0major+14645minor)pagefaults 0swaps
    ./fast/smt_tests/negative/one_div_zero_test.tla
2.29user 2.82system 0:05.10elapsed 100%CPU (0avgtext+0avgdata 21580maxresident)k
88inputs+120outputs (0major+13689minor)pagefaults 0swaps
    ./fast/smt_tests/negative/zero_in_one_test.tla
2.34user 2.80system 0:05.13elapsed 100%CPU (0avgtext+0avgdata 21552maxresident)k
40inputs+136outputs (0major+13667minor)pagefaults 0swaps
    ./fast/smt_tests/rewriting_rules/quantifiers_test.tla
0.12user 0.08system 0:00.12elapsed 165%CPU (0avgtext+0avgdata 25792maxresident)k
64inputs+192outputs (0major+36948minor)pagefaults 0swaps
    ./fast/smt_tests/silly_theorems/app_ambiguity_test.tla
0.08user 0.03system 0:00.11elapsed 113%CPU (0avgtext+0avgdata 27868maxresident)k
88inputs+104outputs (0major+13741minor)pagefaults 0swaps
    ./fast/smt_tests/silly_theorems/nonempty_integer_test.tla
0.11user 0.06system 0:00.11elapsed 153%CPU (0avgtext+0avgdata 30748maxresident)k
32inputs+160outputs (0major+28253minor)pagefaults 0swaps
    ./fast/smt_tests/silly_theorems/one_implies_one_test.tla
0.08user 0.03system 0:00.10elapsed 118%CPU (0avgtext+0avgdata 21524maxresident)k
48inputs+104outputs (0major+13390minor)pagefaults 0swaps
    ./fast/smt_tests/silly_theorems/record_as_function_test.tla
0.08user 0.03system 0:00.10elapsed 114%CPU (0avgtext+0avgdata 29788maxresident)k
40inputs+112outputs (0major+13692minor)pagefaults 0swaps
    ./fast/smt_tests/silly_theorems/x_implies_x_test.tla
0.06user 0.04system 0:00.09elapsed 112%CPU (0avgtext+0avgdata 25588maxresident)k
56inputs+104outputs (0major+13479minor)pagefaults 0swaps
    ./medium/regression/select_bug_test.tla
21.96user 28.13system 0:50.10elapsed 99%CPU (0avgtext+0avgdata 21464maxresident)k
72inputs+144outputs (0major+9516minor)pagefaults 0swaps
    ./medium/regression/snapshot/GFX_test.tla
forbidden output is present
Command exited with non-zero status 3
188.92user 34.75system 2:24.63elapsed 154%CPU (0avgtext+0avgdata 1027188maxresident)k
10888inputs+19312outputs (33major+1856207minor)pagefaults 0swaps
    ./medium/regression/snapshot/SnapShot_test.tla
forbidden output is present
Command exited with non-zero status 3
235.70user 17.43system 3:49.61elapsed 110%CPU (0avgtext+0avgdata 297332maxresident)k
40416inputs+43144outputs (457major+3075339minor)pagefaults 0swaps
    ./original/fast/basic/cvc3_false_test.tla
0.07user 0.01system 0:00.09elapsed 90%CPU (0avgtext+0avgdata 21308maxresident)k
14424inputs+88outputs (59major+8540minor)pagefaults 0swaps
    ./original/fast/basic/isa_false_test.tla
0.05user 0.02system 0:00.07elapsed 101%CPU (0avgtext+0avgdata 21304maxresident)k
112inputs+96outputs (0major+8457minor)pagefaults 0swaps
    ./original/fast/basic/isa_true_test.tla
forbidden output is present
Command exited with non-zero status 3
0.05user 0.02system 0:00.07elapsed 100%CPU (0avgtext+0avgdata 21432maxresident)k
80inputs+96outputs (0major+8494minor)pagefaults 0swaps
    ./original/fast/basic/nonexistent_test.tla
0.04user 0.01system 0:00.06elapsed 98%CPU (0avgtext+0avgdata 21392maxresident)k
96inputs+56outputs (0major+7369minor)pagefaults 0swaps
    ./original/fast/basic/smt_arith_test.tla
0.07user 0.02system 0:00.09elapsed 113%CPU (0avgtext+0avgdata 25512maxresident)k
96inputs+104outputs (0major+13487minor)pagefaults 0swaps
    ./original/fast/basic/smt_false_test.tla
0.07user 0.02system 0:00.09elapsed 112%CPU (0avgtext+0avgdata 25456maxresident)k
96inputs+104outputs (0major+13435minor)pagefaults 0swaps
    ./original/fast/basic/tab_character_test.tla
0.03user 0.00system 0:00.05elapsed 72%CPU (0avgtext+0avgdata 10236maxresident)k
8inputs+16outputs (0major+2068minor)pagefaults 0swaps
    ./original/fast/basic/true_test.tla
0.06user 0.04system 0:00.09elapsed 112%CPU (0avgtext+0avgdata 25676maxresident)k
104inputs+104outputs (0major+13537minor)pagefaults 0swaps
    ./original/fast/basic/z3_arith_test.tla
0.05user 0.04system 0:00.09elapsed 112%CPU (0avgtext+0avgdata 25524maxresident)k
104inputs+104outputs (0major+13492minor)pagefaults 0swaps
    ./original/fast/basic/z3_false_test.tla
0.07user 0.03system 0:00.09elapsed 111%CPU (0avgtext+0avgdata 25636maxresident)k
104inputs+104outputs (0major+13449minor)pagefaults 0swaps
    ./original/fast/basic/zen_false_test.tla
0.06user 0.04system 0:00.09elapsed 120%CPU (0avgtext+0avgdata 21592maxresident)k
72inputs+104outputs (0major+13019minor)pagefaults 0swaps
    ./original/fast/basic/zen_true_test.tla
0.05user 0.04system 0:00.09elapsed 117%CPU (0avgtext+0avgdata 21548maxresident)k
80inputs+104outputs (0major+13044minor)pagefaults 0swaps
    ./original/fast/enabled_cdot/Cdot_test.tla
0.12user 0.07system 0:00.10elapsed 197%CPU (0avgtext+0avgdata 23312maxresident)k
352inputs+184outputs (0major+27057minor)pagefaults 0swaps
    ./original/fast/enabled_cdot/ENABLEDaxioms_test.tla
0.41user 0.43system 0:00.31elapsed 269%CPU (0avgtext+0avgdata 28024maxresident)k
184inputs+984outputs (0major+211148minor)pagefaults 0swaps
    ./original/fast/enabled_cdot/ENABLED_INSTANCE_nullary_op_test.tla
0.09user 0.08system 0:00.13elapsed 123%CPU (0avgtext+0avgdata 29640maxresident)k
120inputs+160outputs (0major+19061minor)pagefaults 0swaps
    ./original/fast/enabled_cdot/ENABLED_INSTANCE_nullary_op_two_vars_test.tla
forbidden output is present
Command exited with non-zero status 3
0.11user 0.04system 0:00.13elapsed 124%CPU (0avgtext+0avgdata 29616maxresident)k
136inputs+168outputs (0major+19020minor)pagefaults 0swaps
    ./original/fast/enabled_cdot/ENABLED_INSTANCE_op_with_args_test.tla
forbidden output is present
Command exited with non-zero status 3
0.09user 0.05system 0:00.12elapsed 124%CPU (0avgtext+0avgdata 29444maxresident)k
112inputs+168outputs (0major+19078minor)pagefaults 0swaps
    ./original/fast/enabled_cdot/Enabled_test.tla
0.40user 0.27system 0:00.23elapsed 291%CPU (0avgtext+0avgdata 29676maxresident)k
120inputs+624outputs (0major+132836minor)pagefaults 0swaps
    ./original/fast/enabled_cdot/ExpandENABLED_LET_test.tla
0.09user 0.03system 0:00.10elapsed 119%CPU (0avgtext+0avgdata 21564maxresident)k
80inputs+104outputs (0major+13054minor)pagefaults 0swaps
    ./original/fast/enabled_cdot/ExpandOnlyCdot_test.tla
0.06user 0.02system 0:00.08elapsed 102%CPU (0avgtext+0avgdata 21300maxresident)k
72inputs+88outputs (0major+8460minor)pagefaults 0swaps
    ./original/fast/enabled_cdot/ExpandOnlyENABLED_test.tla
0.05user 0.03system 0:00.08elapsed 101%CPU (0avgtext+0avgdata 21392maxresident)k
80inputs+88outputs (0major+8428minor)pagefaults 0swaps
    ./original/fast/enabled_cdot/Level_of_parametric_INSTANCE_test.tla
0.09user 0.04system 0:00.10elapsed 127%CPU (0avgtext+0avgdata 25572maxresident)k
192inputs+120outputs (3major+17834minor)pagefaults 0swaps
    ./original/fast/enabled_cdot/Level_test.tla
0.09user 0.05system 0:00.12elapsed 114%CPU (0avgtext+0avgdata 21608maxresident)k
72inputs+144outputs (0major+13720minor)pagefaults 0swaps
    ./original/fast/enabled_cdot/NestedCdot_test.tla
0.12user 0.07system 0:00.10elapsed 184%CPU (0avgtext+0avgdata 25060maxresident)k
88inputs+168outputs (0major+27838minor)pagefaults 0swaps
    ./original/fast/enabled_cdot/NestedENABLED_from_AutoUSE_test.tla
forbidden output is present
Command exited with non-zero status 3
0.07user 0.01system 0:00.08elapsed 101%CPU (0avgtext+0avgdata 21356maxresident)k
80inputs+96outputs (0major+8499minor)pagefaults 0swaps
    ./original/fast/enabled_cdot/NestedENABLED_test.tla
0.10user 0.07system 0:00.11elapsed 157%CPU (0avgtext+0avgdata 22448maxresident)k
64inputs+160outputs (0major+22645minor)pagefaults 0swaps
    ./original/fast/fingerprint/FingerprintVariablesParameters_test.tla
required error output is missing
Command exited with non-zero status 3
0.07user 0.05system 0:00.12elapsed 100%CPU (0avgtext+0avgdata 21440maxresident)k
344inputs+104outputs (0major+14616minor)pagefaults 0swaps
    ./original/fast/language/EXCEPTMultipleBrackets_test.tla
0.06user 0.06system 0:00.10elapsed 133%CPU (0avgtext+0avgdata 25668maxresident)k
96inputs+104outputs (0major+22071minor)pagefaults 0swaps
    ./original/fast/language/EXTENDS_in_submodule_test.tla
0.05user 0.02system 0:00.08elapsed 100%CPU (0avgtext+0avgdata 21452maxresident)k
224inputs+128outputs (0major+9111minor)pagefaults 0swaps
    ./original/fast/language/INSTANCE_inside_LET_fingerprint_test.tla
0.07user 0.04system 0:00.09elapsed 114%CPU (0avgtext+0avgdata 25520maxresident)k
88inputs+144outputs (0major+14229minor)pagefaults 0swaps
    ./original/fast/language/INSTANCE_inside_LET_test.tla
0.07user 0.04system 0:00.09elapsed 113%CPU (0avgtext+0avgdata 25532maxresident)k
64inputs+144outputs (0major+14232minor)pagefaults 0swaps
    ./original/fast/language/INSTANCE_shift_due_to_omitted_modunits_test.tla
0.05user 0.02system 0:00.08elapsed 101%CPU (0avgtext+0avgdata 21364maxresident)k
120inputs+136outputs (0major+9167minor)pagefaults 0swaps
    ./original/fast/language/Operators_test.tla
0.08user 0.03system 0:00.10elapsed 121%CPU (0avgtext+0avgdata 25668maxresident)k
56inputs+88outputs (0major+17520minor)pagefaults 0swaps
    ./original/fast/language/SubrefLL_test.tla
0.52user 0.40system 0:00.44elapsed 206%CPU (0avgtext+0avgdata 25764maxresident)k
96inputs+896outputs (0major+202510minor)pagefaults 0swaps
    ./original/fast/language/Subref_test.tla
0.60user 0.28system 0:00.22elapsed 392%CPU (0avgtext+0avgdata 25476maxresident)k
72inputs+832outputs (0major+124154minor)pagefaults 0swaps
    ./original/fast/language/WFTRUE_test.tla
forbidden output is present
Command exited with non-zero status 3
0.06user 0.02system 0:00.08elapsed 100%CPU (0avgtext+0avgdata 21432maxresident)k
88inputs+64outputs (0major+7855minor)pagefaults 0swaps
    ./original/fast/regression/consensus/consensus_test.tla
2.63user 0.99system 0:01.99elapsed 182%CPU (0avgtext+0avgdata 35280maxresident)k
496inputs+296outputs (0major+26872minor)pagefaults 0swaps
    ./original/fast/regression/cooper_instantiation_test.tla
0.04user 0.03system 0:00.08elapsed 98%CPU (0avgtext+0avgdata 21388maxresident)k
64inputs+56outputs (0major+7484minor)pagefaults 0swaps
    ./original/fast/regression/higher_order_statement_test.tla
forbidden output is present
Command exited with non-zero status 3
10.95user 14.24system 0:25.15elapsed 100%CPU (0avgtext+0avgdata 25532maxresident)k
176inputs+232outputs (0major+23990minor)pagefaults 0swaps
    ./original/fast/regression/MiniProducerConsumer_test.tla
111.00user 33.00system 1:05.11elapsed 221%CPU (0avgtext+0avgdata 1014360maxresident)k
104inputs+432outputs (0major+520358minor)pagefaults 0swaps
    ./original/fast/regression/parameterized_instantiation_test.tla
0.09user 0.04system 0:00.11elapsed 111%CPU (0avgtext+0avgdata 25516maxresident)k
552inputs+152outputs (0major+14210minor)pagefaults 0swaps
    ./original/fast/regression/setEuclid_test.tla
forbidden output is present
Command exited with non-zero status 3
13.27user 13.25system 0:25.88elapsed 102%CPU (0avgtext+0avgdata 33556maxresident)k
176inputs+1120outputs (0major+134774minor)pagefaults 0swaps
    ./original/fast/regression/smt_domain_check_test.tla
0.09user 0.04system 0:00.12elapsed 113%CPU (0avgtext+0avgdata 29220maxresident)k
88inputs+112outputs (0major+13722minor)pagefaults 0swaps
    ./original/fast/regression/z3_fingerprint_test.tla
0.13user 0.05system 0:00.18elapsed 102%CPU (0avgtext+0avgdata 21428maxresident)k
72inputs+160outputs (0major+16694minor)pagefaults 0swaps
    ./original/fast/russell_test.tla
0.13user 0.07system 0:00.13elapsed 157%CPU (0avgtext+0avgdata 25580maxresident)k
400inputs+160outputs (0major+27461minor)pagefaults 0swaps
    ./original/fast/smt_tests/advanced/functions/bijection_thm_test.tla
0.39user 0.19system 0:00.33elapsed 175%CPU (0avgtext+0avgdata 29732maxresident)k
136inputs+640outputs (0major+105640minor)pagefaults 0swaps
    ./original/fast/smt_tests/advanced/functions/composition_test.tla
0.07user 0.05system 0:00.10elapsed 114%CPU (0avgtext+0avgdata 27804maxresident)k
88inputs+104outputs (0major+13650minor)pagefaults 0swaps
    ./original/fast/smt_tests/advanced/functions/identity1_test.tla
0.07user 0.04system 0:00.10elapsed 111%CPU (0avgtext+0avgdata 25524maxresident)k
72inputs+112outputs (0major+13513minor)pagefaults 0swaps
    ./original/fast/smt_tests/advanced/functions/identity2_test.tla
0.07user 0.04system 0:00.10elapsed 113%CPU (0avgtext+0avgdata 29116maxresident)k
64inputs+120outputs (0major+13709minor)pagefaults 0swaps
    ./original/fast/smt_tests/advanced/set_theory/cantor1_test.tla
10.91user 14.32system 0:25.14elapsed 100%CPU (0avgtext+0avgdata 30128maxresident)k
128inputs+264outputs (0major+37987minor)pagefaults 0swaps
    ./original/fast/smt_tests/advanced/set_theory/choice_axiom2_test.tla
10.91user 14.32system 0:25.16elapsed 100%CPU (0avgtext+0avgdata 29572maxresident)k
88inputs+312outputs (1major+38655minor)pagefaults 0swaps
    ./original/fast/smt_tests/advanced/set_theory/choice_axiom_test.tla
0.22user 0.15system 0:00.17elapsed 212%CPU (0avgtext+0avgdata 30372maxresident)k
88inputs+304outputs (0major+57669minor)pagefaults 0swaps
    ./original/fast/smt_tests/advanced/set_theory/section_test.tla
10.85user 14.41system 0:25.16elapsed 100%CPU (0avgtext+0avgdata 29840maxresident)k
72inputs+336outputs (0major+38753minor)pagefaults 0swaps
    ./original/fast/smt_tests/advanced/tuples/tuple_as_function1_test.tla
0.18user 0.12system 0:00.18elapsed 165%CPU (0avgtext+0avgdata 27784maxresident)k
128inputs+336outputs (0major+51573minor)pagefaults 0swaps
    ./original/fast/smt_tests/advanced/tuples/tuple_as_function2_test.tla
0.21user 0.13system 0:00.20elapsed 174%CPU (0avgtext+0avgdata 29520maxresident)k
312inputs+344outputs (0major+61952minor)pagefaults 0swaps
    ./original/fast/smt_tests/basic/arith/arith10_test.tla
0.05user 0.06system 0:00.10elapsed 112%CPU (0avgtext+0avgdata 25432maxresident)k
392inputs+104outputs (0major+13471minor)pagefaults 0swaps
    ./original/fast/smt_tests/basic/arith/arith11_test.tla
0.05user 0.06system 0:00.10elapsed 113%CPU (0avgtext+0avgdata 25524maxresident)k
72inputs+104outputs (0major+13474minor)pagefaults 0swaps
    ./original/fast/smt_tests/basic/arith/arith12_test.tla
0.06user 0.04system 0:00.10elapsed 113%CPU (0avgtext+0avgdata 27992maxresident)k
56inputs+104outputs (0major+13657minor)pagefaults 0swaps
    ./original/fast/smt_tests/basic/arith/arith13_test.tla
0.06user 0.04system 0:00.09elapsed 114%CPU (0avgtext+0avgdata 27956maxresident)k
72inputs+104outputs (0major+13638minor)pagefaults 0swaps
    ./original/fast/smt_tests/basic/arith/arith14_test.tla
0.05user 0.05system 0:00.09elapsed 112%CPU (0avgtext+0avgdata 26532maxresident)k
64inputs+104outputs (0major+13576minor)pagefaults 0swaps
    ./original/fast/smt_tests/basic/arith/arith15_test.tla
0.06user 0.04system 0:00.09elapsed 111%CPU (0avgtext+0avgdata 25504maxresident)k
88inputs+104outputs (1major+13470minor)pagefaults 0swaps
    ./original/fast/smt_tests/basic/arith/arith16_test.tla
0.07user 0.03system 0:00.09elapsed 113%CPU (0avgtext+0avgdata 25500maxresident)k
72inputs+104outputs (0major+13460minor)pagefaults 0swaps
    ./original/fast/smt_tests/basic/arith/arith17_test.tla
0.07user 0.03system 0:00.09elapsed 111%CPU (0avgtext+0avgdata 25576maxresident)k
80inputs+104outputs (0major+13484minor)pagefaults 0swaps
    ./original/fast/smt_tests/basic/arith/arith18_test.tla
0.08user 0.02system 0:00.09elapsed 114%CPU (0avgtext+0avgdata 25556maxresident)k
56inputs+104outputs (0major+13456minor)pagefaults 0swaps
    ./original/fast/smt_tests/basic/arith/arith19_test.tla
0.06user 0.03system 0:00.09elapsed 113%CPU (0avgtext+0avgdata 25660maxresident)k
48inputs+104outputs (0major+13512minor)pagefaults 0swaps
    ./original/fast/smt_tests/basic/arith/arith1_test.tla
0.06user 0.04system 0:00.09elapsed 113%CPU (0avgtext+0avgdata 25560maxresident)k
64inputs+104outputs (0major+13518minor)pagefaults 0swaps
    ./original/fast/smt_tests/basic/arith/arith2_test.tla
0.07user 0.03system 0:00.09elapsed 113%CPU (0avgtext+0avgdata 25676maxresident)k
48inputs+104outputs (0major+13530minor)pagefaults 0swaps
    ./original/fast/smt_tests/basic/arith/arith3_test.tla
0.07user 0.02system 0:00.09elapsed 112%CPU (0avgtext+0avgdata 25648maxresident)k
72inputs+104outputs (0major+13524minor)pagefaults 0swaps
    ./original/fast/smt_tests/basic/arith/arith4_test.tla
0.08user 0.02system 0:00.09elapsed 114%CPU (0avgtext+0avgdata 25564maxresident)k
64inputs+104outputs (0major+13532minor)pagefaults 0swaps
    ./original/fast/smt_tests/basic/arith/arith5_test.tla
0.08user 0.02system 0:00.09elapsed 113%CPU (0avgtext+0avgdata 25608maxresident)k
56inputs+104outputs (0major+13511minor)pagefaults 0swaps
    ./original/fast/smt_tests/basic/arith/arith6_test.tla
0.06user 0.03system 0:00.09elapsed 111%CPU (0avgtext+0avgdata 25540maxresident)k
96inputs+104outputs (0major+13466minor)pagefaults 0swaps
    ./original/fast/smt_tests/basic/arith/arith7_test.tla
0.07user 0.03system 0:00.09elapsed 112%CPU (0avgtext+0avgdata 25748maxresident)k
56inputs+104outputs (0major+13475minor)pagefaults 0swaps
    ./original/fast/smt_tests/basic/arith/arith8_test.tla
0.06user 0.04system 0:00.09elapsed 111%CPU (0avgtext+0avgdata 25780maxresident)k
56inputs+104outputs (0major+13473minor)pagefaults 0swaps
    ./original/fast/smt_tests/basic/arith/arith9_test.tla
0.07user 0.03system 0:00.09elapsed 111%CPU (0avgtext+0avgdata 25580maxresident)k
96inputs+104outputs (0major+13471minor)pagefaults 0swaps
    ./original/fast/smt_tests/basic/epsilon/epsilon1_test.tla
0.07user 0.03system 0:00.09elapsed 112%CPU (0avgtext+0avgdata 28032maxresident)k
112inputs+104outputs (0major+13640minor)pagefaults 0swaps
    ./original/fast/smt_tests/basic/epsilon/epsilon2_test.tla
0.05user 0.05system 0:00.09elapsed 113%CPU (0avgtext+0avgdata 27916maxresident)k
72inputs+104outputs (0major+13677minor)pagefaults 0swaps
    ./original/fast/smt_tests/basic/epsilon/epsilon3_test.tla
0.06user 0.04system 0:00.09elapsed 113%CPU (0avgtext+0avgdata 27904maxresident)k
64inputs+104outputs (0major+13584minor)pagefaults 0swaps
    ./original/fast/smt_tests/basic/epsilon/epsilon4_test.tla
0.06user 0.03system 0:00.09elapsed 113%CPU (0avgtext+0avgdata 28088maxresident)k
64inputs+104outputs (0major+13629minor)pagefaults 0swaps
    ./original/fast/smt_tests/basic/extensionality/empty_set_ext_test.tla
0.07user 0.04system 0:00.12elapsed 99%CPU (0avgtext+0avgdata 28008maxresident)k
120inputs+104outputs (1major+13606minor)pagefaults 0swaps
    ./original/fast/smt_tests/basic/extensionality/enum_ext_test.tla
0.07user 0.03system 0:00.10elapsed 113%CPU (0avgtext+0avgdata 27880maxresident)k
56inputs+104outputs (0major+13676minor)pagefaults 0swaps
    ./original/fast/smt_tests/basic/extensionality/fun_ext_test.tla
0.08user 0.03system 0:00.09elapsed 112%CPU (0avgtext+0avgdata 25716maxresident)k
72inputs+104outputs (0major+13522minor)pagefaults 0swaps
    ./original/fast/smt_tests/basic/extensionality/set_ext_test.tla
0.08user 0.03system 0:00.10elapsed 113%CPU (0avgtext+0avgdata 29780maxresident)k
64inputs+104outputs (0major+13735minor)pagefaults 0swaps
    ./original/fast/smt_tests/basic/extensionality/tup_ext_test.tla
0.07user 0.03system 0:00.09elapsed 113%CPU (0avgtext+0avgdata 25552maxresident)k
64inputs+104outputs (0major+13503minor)pagefaults 0swaps
    ./original/fast/smt_tests/basic/firstorder/firstorder1_test.tla
0.06user 0.04system 0:00.09elapsed 113%CPU (0avgtext+0avgdata 28084maxresident)k
392inputs+104outputs (0major+13646minor)pagefaults 0swaps
    ./original/fast/smt_tests/basic/firstorder/firstorder1_wproof_test.tla
0.08user 0.06system 0:00.11elapsed 136%CPU (0avgtext+0avgdata 28032maxresident)k
72inputs+144outputs (0major+22993minor)pagefaults 0swaps
    ./original/fast/smt_tests/basic/firstorder/firstorder2_test.tla
0.07user 0.03system 0:00.09elapsed 112%CPU (0avgtext+0avgdata 28044maxresident)k
72inputs+104outputs (0major+13627minor)pagefaults 0swaps
    ./original/fast/smt_tests/basic/firstorder/firstorder2_wproof_test.tla
0.08user 0.06system 0:00.11elapsed 134%CPU (0avgtext+0avgdata 28216maxresident)k
80inputs+144outputs (0major+23036minor)pagefaults 0swaps
    ./original/fast/smt_tests/basic/firstorder/firstorder3_test.tla
0.09user 0.02system 0:00.09elapsed 114%CPU (0avgtext+0avgdata 29620maxresident)k
56inputs+104outputs (0major+13768minor)pagefaults 0swaps
    ./original/fast/smt_tests/basic/firstorder/firstorder3_wproof_test.tla
0.09user 0.05system 0:00.11elapsed 139%CPU (0avgtext+0avgdata 29768maxresident)k
80inputs+144outputs (0major+23435minor)pagefaults 0swaps
    ./original/fast/smt_tests/basic/firstorder/firstorder4_test.tla
0.05user 0.05system 0:00.09elapsed 113%CPU (0avgtext+0avgdata 29632maxresident)k
80inputs+104outputs (0major+13681minor)pagefaults 0swaps
    ./original/fast/smt_tests/basic/firstorder/firstorder4_wproof_test.tla
0.08user 0.08system 0:00.11elapsed 150%CPU (0avgtext+0avgdata 29772maxresident)k
56inputs+160outputs (0major+27945minor)pagefaults 0swaps
    ./original/fast/smt_tests/basic/firstorder/firstorder5_test.tla
0.09user 0.02system 0:00.10elapsed 114%CPU (0avgtext+0avgdata 29676maxresident)k
64inputs+104outputs (0major+13719minor)pagefaults 0swaps
    ./original/fast/smt_tests/basic/firstorder/firstorder5_wproof_test.tla
0.10user 0.05system 0:00.11elapsed 145%CPU (0avgtext+0avgdata 28188maxresident)k
56inputs+160outputs (0major+27852minor)pagefaults 0swaps
    ./original/fast/smt_tests/basic/firstorder/firstorder6_test.tla
0.05user 0.05system 0:00.09elapsed 114%CPU (0avgtext+0avgdata 29692maxresident)k
56inputs+104outputs (0major+13754minor)pagefaults 0swaps
    ./original/fast/smt_tests/basic/firstorder/firstorder6_wproof_test.tla
0.10user 0.07system 0:00.11elapsed 158%CPU (0avgtext+0avgdata 29672maxresident)k
48inputs+160outputs (0major+28348minor)pagefaults 0swaps
    ./original/fast/smt_tests/basic/function/function10_test.tla
0.08user 0.02system 0:00.09elapsed 111%CPU (0avgtext+0avgdata 25452maxresident)k
880inputs+104outputs (0major+13533minor)pagefaults 0swaps
    ./original/fast/smt_tests/basic/function/function11_test.tla
0.07user 0.04system 0:00.10elapsed 112%CPU (0avgtext+0avgdata 27768maxresident)k
72inputs+104outputs (0major+13659minor)pagefaults 0swaps
    ./original/fast/smt_tests/basic/function/function12_test.tla
10.98user 14.16system 0:25.12elapsed 100%CPU (0avgtext+0avgdata 24772maxresident)k
64inputs+152outputs (0major+14536minor)pagefaults 0swaps
    ./original/fast/smt_tests/basic/function/function13_test.tla
0.07user 0.04system 0:00.11elapsed 111%CPU (0avgtext+0avgdata 25456maxresident)k
72inputs+104outputs (0major+13494minor)pagefaults 0swaps
    ./original/fast/smt_tests/basic/function/function14_test.tla
0.06user 0.05system 0:00.10elapsed 113%CPU (0avgtext+0avgdata 27924maxresident)k
80inputs+104outputs (0major+13692minor)pagefaults 0swaps
    ./original/fast/smt_tests/basic/function/function15_test.tla
0.08user 0.04system 0:00.11elapsed 111%CPU (0avgtext+0avgdata 25588maxresident)k
56inputs+104outputs (0major+13519minor)pagefaults 0swaps
    ./original/fast/smt_tests/basic/function/function16_test.tla
11.08user 14.07system 0:25.13elapsed 100%CPU (0avgtext+0avgdata 22040maxresident)k
56inputs+160outputs (0major+13881minor)pagefaults 0swaps
    ./original/fast/smt_tests/basic/function/function17_test.tla
0.08user 0.05system 0:00.12elapsed 113%CPU (0avgtext+0avgdata 29356maxresident)k
328inputs+120outputs (0major+13749minor)pagefaults 0swaps
    ./original/fast/smt_tests/basic/function/function18_test.tla
0.08user 0.03system 0:00.11elapsed 111%CPU (0avgtext+0avgdata 25448maxresident)k
56inputs+104outputs (0major+13529minor)pagefaults 0swaps
    ./original/fast/smt_tests/basic/function/function1_test.tla
0.06user 0.05system 0:00.10elapsed 113%CPU (0avgtext+0avgdata 25488maxresident)k
48inputs+104outputs (0major+13485minor)pagefaults 0swaps
    ./original/fast/smt_tests/basic/function/function20_test.tla
0.07user 0.04system 0:00.10elapsed 113%CPU (0avgtext+0avgdata 25572maxresident)k
56inputs+104outputs (0major+13470minor)pagefaults 0swaps
    ./original/fast/smt_tests/basic/function/function21_test.tla
0.07user 0.03system 0:00.10elapsed 113%CPU (0avgtext+0avgdata 25636maxresident)k
72inputs+104outputs (0major+13493minor)pagefaults 0swaps
    ./original/fast/smt_tests/basic/function/function22_test.tla
0.06user 0.04system 0:00.10elapsed 113%CPU (0avgtext+0avgdata 25552maxresident)k
56inputs+104outputs (0major+13483minor)pagefaults 0swaps
    ./original/fast/smt_tests/basic/function/function23_test.tla
0.07user 0.03system 0:00.09elapsed 114%CPU (0avgtext+0avgdata 29592maxresident)k
64inputs+112outputs (0major+13689minor)pagefaults 0swaps
    ./original/fast/smt_tests/basic/function/function24_test.tla
0.07user 0.03system 0:00.09elapsed 112%CPU (0avgtext+0avgdata 25596maxresident)k
40inputs+104outputs (0major+13487minor)pagefaults 0swaps
    ./original/fast/smt_tests/basic/function/function25_test.tla
0.07user 0.03system 0:00.09elapsed 113%CPU (0avgtext+0avgdata 25436maxresident)k
56inputs+104outputs (0major+13511minor)pagefaults 0swaps
    ./original/fast/smt_tests/basic/function/function26_test.tla
0.07user 0.03system 0:00.10elapsed 112%CPU (0avgtext+0avgdata 25584maxresident)k
64inputs+104outputs (0major+13498minor)pagefaults 0swaps
    ./original/fast/smt_tests/basic/function/function27_test.tla
0.08user 0.03system 0:00.10elapsed 114%CPU (0avgtext+0avgdata 29720maxresident)k
48inputs+120outputs (0major+13751minor)pagefaults 0swaps
    ./original/fast/smt_tests/basic/function/function28_test.tla
0.07user 0.04system 0:00.10elapsed 114%CPU (0avgtext+0avgdata 30380maxresident)k
56inputs+120outputs (1major+13771minor)pagefaults 0swaps
    ./original/fast/smt_tests/basic/function/function29_test.tla
0.09user 0.01system 0:00.09elapsed 111%CPU (0avgtext+0avgdata 25548maxresident)k
48inputs+104outputs (0major+13509minor)pagefaults 0swaps
    ./original/fast/smt_tests/basic/function/function2_test.tla
0.07user 0.04system 0:00.09elapsed 115%CPU (0avgtext+0avgdata 27896maxresident)k
56inputs+104outputs (0major+13622minor)pagefaults 0swaps
    ./original/fast/smt_tests/basic/function/function30_test.tla
0.07user 0.03system 0:00.09elapsed 112%CPU (0avgtext+0avgdata 25572maxresident)k
64inputs+104outputs (0major+13523minor)pagefaults 0swaps
    ./original/fast/smt_tests/basic/function/function3_test.tla
0.10user 0.04system 0:00.11elapsed 126%CPU (0avgtext+0avgdata 29820maxresident)k
56inputs+128outputs (0major+18433minor)pagefaults 0swaps
    ./original/fast/smt_tests/basic/function/function5_test.tla
0.07user 0.03system 0:00.09elapsed 114%CPU (0avgtext+0avgdata 27852maxresident)k
48inputs+104outputs (0major+13659minor)pagefaults 0swaps
    ./original/fast/smt_tests/basic/function/function6_test.tla
0.06user 0.04system 0:00.09elapsed 111%CPU (0avgtext+0avgdata 25464maxresident)k
56inputs+104outputs (0major+13534minor)pagefaults 0swaps
    ./original/fast/smt_tests/basic/function/function7_test.tla
0.07user 0.02system 0:00.09elapsed 113%CPU (0avgtext+0avgdata 25440maxresident)k
56inputs+104outputs (0major+13478minor)pagefaults 0swaps
    ./original/fast/smt_tests/basic/prop/basic_test.tla
0.07user 0.02system 0:00.09elapsed 113%CPU (0avgtext+0avgdata 25448maxresident)k
112inputs+104outputs (0major+13545minor)pagefaults 0swaps
    ./original/fast/smt_tests/basic/prop/prop10_test.tla
0.06user 0.03system 0:00.09elapsed 112%CPU (0avgtext+0avgdata 25672maxresident)k
56inputs+104outputs (0major+13543minor)pagefaults 0swaps
    ./original/fast/smt_tests/basic/prop/prop11_test.tla
0.08user 0.02system 0:00.09elapsed 113%CPU (0avgtext+0avgdata 28024maxresident)k
56inputs+104outputs (0major+13606minor)pagefaults 0swaps
    ./original/fast/smt_tests/basic/prop/prop12_test.tla
0.05user 0.05system 0:00.09elapsed 114%CPU (0avgtext+0avgdata 27864maxresident)k
56inputs+104outputs (0major+13609minor)pagefaults 0swaps
    ./original/fast/smt_tests/basic/prop/prop1_test.tla
0.07user 0.03system 0:00.09elapsed 113%CPU (0avgtext+0avgdata 25468maxresident)k
56inputs+104outputs (0major+13473minor)pagefaults 0swaps
    ./original/fast/smt_tests/basic/prop/prop2_test.tla
0.07user 0.02system 0:00.09elapsed 114%CPU (0avgtext+0avgdata 25468maxresident)k
336inputs+104outputs (0major+13521minor)pagefaults 0swaps
    ./original/fast/smt_tests/basic/prop/prop3_test.tla
0.06user 0.03system 0:00.09elapsed 113%CPU (0avgtext+0avgdata 25620maxresident)k
56inputs+104outputs (0major+13503minor)pagefaults 0swaps
    ./original/fast/smt_tests/basic/prop/prop4_test.tla
0.08user 0.02system 0:00.09elapsed 112%CPU (0avgtext+0avgdata 25540maxresident)k
40inputs+104outputs (0major+13522minor)pagefaults 0swaps
    ./original/fast/smt_tests/basic/prop/prop5_test.tla
0.07user 0.02system 0:00.09elapsed 113%CPU (0avgtext+0avgdata 25672maxresident)k
40inputs+104outputs (0major+13525minor)pagefaults 0swaps
    ./original/fast/smt_tests/basic/prop/prop6_test.tla
0.08user 0.02system 0:00.09elapsed 112%CPU (0avgtext+0avgdata 25728maxresident)k
48inputs+104outputs (1major+13486minor)pagefaults 0swaps
    ./original/fast/smt_tests/basic/prop/prop7_test.tla
0.06user 0.03system 0:00.09elapsed 114%CPU (0avgtext+0avgdata 28088maxresident)k
40inputs+104outputs (0major+13651minor)pagefaults 0swaps
    ./original/fast/smt_tests/basic/prop/prop8_test.tla
0.06user 0.03system 0:00.09elapsed 113%CPU (0avgtext+0avgdata 27964maxresident)k
64inputs+104outputs (0major+13654minor)pagefaults 0swaps
    ./original/fast/smt_tests/basic/prop/prop9_test.tla
0.06user 0.04system 0:00.09elapsed 111%CPU (0avgtext+0avgdata 25528maxresident)k
56inputs+104outputs (0major+13447minor)pagefaults 0swaps
    ./original/fast/smt_tests/basic/record/record1_test.tla
0.07user 0.03system 0:00.10elapsed 111%CPU (0avgtext+0avgdata 25736maxresident)k
120inputs+104outputs (0major+13457minor)pagefaults 0swaps
    ./original/fast/smt_tests/basic/record/record2_test.tla
0.07user 0.03system 0:00.09elapsed 112%CPU (0avgtext+0avgdata 25596maxresident)k
56inputs+104outputs (0major+13516minor)pagefaults 0swaps
    ./original/fast/smt_tests/basic/record/record3_test.tla
0.06user 0.04system 0:00.09elapsed 111%CPU (0avgtext+0avgdata 25532maxresident)k
80inputs+104outputs (0major+13513minor)pagefaults 0swaps
    ./original/fast/smt_tests/basic/set/set10_test.tla
0.06user 0.04system 0:00.09elapsed 112%CPU (0avgtext+0avgdata 28148maxresident)k
384inputs+104outputs (0major+13639minor)pagefaults 0swaps
    ./original/fast/smt_tests/basic/set/set11_test.tla
0.07user 0.03system 0:00.09elapsed 113%CPU (0avgtext+0avgdata 25608maxresident)k
40inputs+104outputs (0major+13496minor)pagefaults 0swaps
    ./original/fast/smt_tests/basic/set/set12_test.tla
0.06user 0.04system 0:00.09elapsed 112%CPU (0avgtext+0avgdata 25540maxresident)k
64inputs+104outputs (0major+13493minor)pagefaults 0swaps
    ./original/fast/smt_tests/basic/set/set13_test.tla
0.07user 0.02system 0:00.09elapsed 113%CPU (0avgtext+0avgdata 25472maxresident)k
56inputs+104outputs (0major+13454minor)pagefaults 0swaps
    ./original/fast/smt_tests/basic/set/set14_test.tla
0.07user 0.02system 0:00.09elapsed 113%CPU (0avgtext+0avgdata 28028maxresident)k
56inputs+104outputs (0major+13634minor)pagefaults 0swaps
    ./original/fast/smt_tests/basic/set/set15_test.tla
0.08user 0.03system 0:00.09elapsed 113%CPU (0avgtext+0avgdata 25420maxresident)k
56inputs+104outputs (0major+13507minor)pagefaults 0swaps
    ./original/fast/smt_tests/basic/set/set16_test.tla
0.05user 0.05system 0:00.09elapsed 113%CPU (0avgtext+0avgdata 29644maxresident)k
48inputs+104outputs (0major+13808minor)pagefaults 0swaps
    ./original/fast/smt_tests/basic/set/set17_test.tla
0.06user 0.03system 0:00.09elapsed 112%CPU (0avgtext+0avgdata 25516maxresident)k
56inputs+104outputs (0major+13483minor)pagefaults 0swaps
    ./original/fast/smt_tests/basic/set/set18_test.tla
0.08user 0.03system 0:00.09elapsed 114%CPU (0avgtext+0avgdata 29556maxresident)k
56inputs+104outputs (0major+13803minor)pagefaults 0swaps
    ./original/fast/smt_tests/basic/set/set19_test.tla
0.06user 0.03system 0:00.09elapsed 112%CPU (0avgtext+0avgdata 25572maxresident)k
88inputs+104outputs (0major+13519minor)pagefaults 0swaps
    ./original/fast/smt_tests/basic/set/set1_test.tla
0.07user 0.03system 0:00.09elapsed 113%CPU (0avgtext+0avgdata 28148maxresident)k
56inputs+104outputs (0major+13617minor)pagefaults 0swaps
    ./original/fast/smt_tests/basic/set/set2_test.tla
0.06user 0.04system 0:00.09elapsed 111%CPU (0avgtext+0avgdata 25600maxresident)k
64inputs+104outputs (0major+13469minor)pagefaults 0swaps
    ./original/fast/smt_tests/basic/set/set3_test.tla
0.06user 0.04system 0:00.09elapsed 113%CPU (0avgtext+0avgdata 25604maxresident)k
64inputs+104outputs (0major+13467minor)pagefaults 0swaps
    ./original/fast/smt_tests/basic/set/set4_test.tla
0.07user 0.02system 0:00.09elapsed 113%CPU (0avgtext+0avgdata 25544maxresident)k
72inputs+104outputs (0major+13465minor)pagefaults 0swaps
    ./original/fast/smt_tests/basic/set/set5_test.tla
0.06user 0.04system 0:00.09elapsed 112%CPU (0avgtext+0avgdata 25676maxresident)k
48inputs+104outputs (0major+13471minor)pagefaults 0swaps
    ./original/fast/smt_tests/basic/set/set6_test.tla
0.07user 0.03system 0:00.09elapsed 113%CPU (0avgtext+0avgdata 28080maxresident)k
56inputs+104outputs (0major+13616minor)pagefaults 0swaps
    ./original/fast/smt_tests/basic/set/set7_test.tla
0.06user 0.03system 0:00.09elapsed 112%CPU (0avgtext+0avgdata 25528maxresident)k
48inputs+104outputs (0major+13486minor)pagefaults 0swaps
    ./original/fast/smt_tests/basic/set/set8_test.tla
0.06user 0.04system 0:00.09elapsed 113%CPU (0avgtext+0avgdata 27904maxresident)k
48inputs+104outputs (0major+13597minor)pagefaults 0swaps
    ./original/fast/smt_tests/basic/set/set9_test.tla
0.07user 0.03system 0:00.09elapsed 112%CPU (0avgtext+0avgdata 27940maxresident)k
56inputs+104outputs (0major+13605minor)pagefaults 0swaps
    ./original/fast/smt_tests/basic/string/strings1_test.tla
0.06user 0.03system 0:00.09elapsed 111%CPU (0avgtext+0avgdata 25476maxresident)k
336inputs+104outputs (0major+13487minor)pagefaults 0swaps
    ./original/fast/smt_tests/basic/string/strings2_test.tla
0.07user 0.03system 0:00.09elapsed 113%CPU (0avgtext+0avgdata 25628maxresident)k
40inputs+104outputs (0major+13455minor)pagefaults 0swaps
    ./original/fast/smt_tests/basic/tuple/tuple1_test.tla
0.06user 0.03system 0:00.09elapsed 111%CPU (0avgtext+0avgdata 25524maxresident)k
104inputs+104outputs (0major+13430minor)pagefaults 0swaps
    ./original/fast/smt_tests/basic/tuple/tuple2_test.tla
0.07user 0.03system 0:00.09elapsed 113%CPU (0avgtext+0avgdata 27896maxresident)k
72inputs+104outputs (0major+13627minor)pagefaults 0swaps
    ./original/fast/smt_tests/basic/tuple/tuple3_test.tla
0.07user 0.03system 0:00.09elapsed 112%CPU (0avgtext+0avgdata 25628maxresident)k
56inputs+104outputs (0major+13494minor)pagefaults 0swaps
    ./original/fast/smt_tests/basic/tuple/tuple4_test.tla
0.07user 0.03system 0:00.09elapsed 112%CPU (0avgtext+0avgdata 25536maxresident)k
48inputs+104outputs (0major+13446minor)pagefaults 0swaps
    ./original/fast/smt_tests/basic/tuple/tuple5_test.tla
0.07user 0.03system 0:00.09elapsed 112%CPU (0avgtext+0avgdata 25612maxresident)k
64inputs+104outputs (0major+13472minor)pagefaults 0swaps
    ./original/fast/smt_tests/basic/tuple/tuple6_test.tla
0.07user 0.03system 0:00.09elapsed 111%CPU (0avgtext+0avgdata 25572maxresident)k
48inputs+104outputs (0major+13469minor)pagefaults 0swaps
    ./original/fast/smt_tests/basic/tuple/tuple7_test.tla
0.07user 0.03system 0:00.09elapsed 113%CPU (0avgtext+0avgdata 25720maxresident)k
48inputs+104outputs (0major+13496minor)pagefaults 0swaps
    ./original/fast/smt_tests/lang/user_ops_test.tla
0.33user 0.04system 0:00.37elapsed 102%CPU (0avgtext+0avgdata 25752maxresident)k
104inputs+152outputs (0major+14644minor)pagefaults 0swaps
    ./original/fast/smt_tests/negative/one_div_zero_test.tla
2.14user 2.98system 0:05.10elapsed 100%CPU (0avgtext+0avgdata 21528maxresident)k
104inputs+136outputs (0major+13694minor)pagefaults 0swaps
    ./original/fast/smt_tests/negative/zero_in_one_test.tla
2.38user 2.76system 0:05.13elapsed 100%CPU (0avgtext+0avgdata 21532maxresident)k
80inputs+120outputs (1major+13648minor)pagefaults 0swaps
    ./original/fast/smt_tests/rewriting_rules/quantifiers_test.tla
0.12user 0.09system 0:00.13elapsed 166%CPU (0avgtext+0avgdata 25640maxresident)k
192inputs+192outputs (0major+36941minor)pagefaults 0swaps
    ./original/fast/smt_tests/silly_theorems/app_ambiguity_test.tla
0.07user 0.05system 0:00.11elapsed 112%CPU (0avgtext+0avgdata 27920maxresident)k
112inputs+104outputs (0major+13768minor)pagefaults 0swaps
    ./original/fast/smt_tests/silly_theorems/nonempty_integer_test.tla
0.12user 0.06system 0:00.12elapsed 156%CPU (0avgtext+0avgdata 30524maxresident)k
48inputs+160outputs (0major+28247minor)pagefaults 0swaps
    ./original/fast/smt_tests/silly_theorems/one_implies_one_test.tla
0.07user 0.05system 0:00.10elapsed 118%CPU (0avgtext+0avgdata 21572maxresident)k
48inputs+104outputs (0major+13396minor)pagefaults 0swaps
    ./original/fast/smt_tests/silly_theorems/record_as_function_test.tla
0.09user 0.03system 0:00.10elapsed 115%CPU (0avgtext+0avgdata 29540maxresident)k
56inputs+112outputs (0major+13682minor)pagefaults 0swaps
    ./original/fast/smt_tests/silly_theorems/x_implies_x_test.tla
0.06user 0.04system 0:00.09elapsed 113%CPU (0avgtext+0avgdata 25504maxresident)k
48inputs+104outputs (0major+13476minor)pagefaults 0swaps
    ./original/medium/regression/select_bug_test.tla
22.22user 27.88system 0:50.10elapsed 99%CPU (0avgtext+0avgdata 21568maxresident)k
344inputs+144outputs (0major+9524minor)pagefaults 0swaps
    ./original/medium/regression/snapshot/GFX_test.tla
forbidden output is present
Command exited with non-zero status 3
187.43user 35.45system 2:25.31elapsed 153%CPU (0avgtext+0avgdata 1004964maxresident)k
448inputs+19304outputs (0major+1850380minor)pagefaults 0swaps
    ./original/medium/regression/snapshot/SnapShot_test.tla
forbidden output is present
Command exited with non-zero status 3
233.82user 17.42system 3:47.71elapsed 110%CPU (0avgtext+0avgdata 309992maxresident)k
26840inputs+43072outputs (91major+3078004minor)pagefaults 0swaps
###### 2023-11-27 14:04:37 ./TOOLS/do_tests .
    ./fast/basic/cvc3_false_test.tla
0.06user 0.01system 0:00.07elapsed 100%CPU (0avgtext+0avgdata 21424maxresident)k
64inputs+88outputs (0major+8603minor)pagefaults 0swaps
    ./fast/basic/isa_false_test.tla
0.05user 0.01system 0:00.06elapsed 101%CPU (0avgtext+0avgdata 21304maxresident)k
16inputs+96outputs (0major+8447minor)pagefaults 0swaps
    ./fast/basic/isa_true_test.tla
forbidden output is present
Command exited with non-zero status 3
0.04user 0.02system 0:00.06elapsed 101%CPU (0avgtext+0avgdata 21320maxresident)k
16inputs+96outputs (0major+8517minor)pagefaults 0swaps
    ./fast/basic/smt_arith_test.tla
0.06user 0.03system 0:00.08elapsed 111%CPU (0avgtext+0avgdata 25568maxresident)k
16inputs+104outputs (0major+13495minor)pagefaults 0swaps
    ./fast/basic/smt_false_test.tla
0.05user 0.03system 0:00.07elapsed 120%CPU (0avgtext+0avgdata 25656maxresident)k
16inputs+104outputs (0major+13487minor)pagefaults 0swaps
    ./fast/basic/true_test.tla
0.05user 0.03system 0:00.07elapsed 110%CPU (0avgtext+0avgdata 25712maxresident)k
16inputs+104outputs (0major+13560minor)pagefaults 0swaps
    ./fast/basic/z3_arith_test.tla
0.04user 0.03system 0:00.07elapsed 115%CPU (0avgtext+0avgdata 25664maxresident)k
16inputs+104outputs (0major+13510minor)pagefaults 0swaps
    ./fast/basic/z3_false_test.tla
0.06user 0.00system 0:00.06elapsed 114%CPU (0avgtext+0avgdata 25748maxresident)k
16inputs+104outputs (0major+13486minor)pagefaults 0swaps
    ./fast/basic/zen_false_test.tla
0.05user 0.02system 0:00.06elapsed 120%CPU (0avgtext+0avgdata 21448maxresident)k
16inputs+104outputs (0major+13060minor)pagefaults 0swaps
    ./fast/basic/zen_true_test.tla
0.04user 0.02system 0:00.05elapsed 119%CPU (0avgtext+0avgdata 21540maxresident)k
128inputs+104outputs (4major+13050minor)pagefaults 0swaps
    ./fast/enabled_cdot/AutoUSE_fingerprint/AutoUSE_fingerprint_test.tla
required error output is missing
Command exited with non-zero status 3
0.10user 0.03system 0:00.13elapsed 102%CPU (0avgtext+0avgdata 21564maxresident)k
40inputs+176outputs (0major+17260minor)pagefaults 0swaps
    ./fast/enabled_cdot/Cdot_test.tla
0.07user 0.06system 0:00.07elapsed 180%CPU (0avgtext+0avgdata 23308maxresident)k
16inputs+184outputs (0major+27067minor)pagefaults 0swaps
    ./fast/enabled_cdot/ENABLEDaxioms_conj_fingerprinting/ENABLEDaxioms_conj_fingerprinting_test.tla
required error output is missing
Command exited with non-zero status 3
0.05user 0.04system 0:00.09elapsed 102%CPU (0avgtext+0avgdata 21424maxresident)k
40inputs+176outputs (0major+17229minor)pagefaults 0swaps
    ./fast/enabled_cdot/ENABLEDaxioms_conj_hidden_actions_test.tla
0.04user 0.01system 0:00.05elapsed 101%CPU (0avgtext+0avgdata 21400maxresident)k
24inputs+88outputs (0major+8465minor)pagefaults 0swaps
    ./fast/enabled_cdot/ENABLEDaxioms_conj_test.tla
forbidden output is present
Command exited with non-zero status 3
0.04user 0.02system 0:00.06elapsed 101%CPU (0avgtext+0avgdata 21396maxresident)k
16inputs+96outputs (0major+8522minor)pagefaults 0swaps
    ./fast/enabled_cdot/ENABLEDaxioms_conj_visible_actions_fail_test.tla
0.03user 0.01system 0:00.05elapsed 101%CPU (0avgtext+0avgdata 21408maxresident)k
16inputs+88outputs (0major+8468minor)pagefaults 0swaps
    ./fast/enabled_cdot/ENABLEDaxioms_conj_visible_actions_test.tla
forbidden output is present
Command exited with non-zero status 3
0.03user 0.02system 0:00.06elapsed 101%CPU (0avgtext+0avgdata 21496maxresident)k
16inputs+88outputs (0major+8457minor)pagefaults 0swaps
    ./fast/enabled_cdot/ENABLEDaxioms_test.tla
forbidden output is present
Command exited with non-zero status 3
0.05user 0.01system 0:00.07elapsed 101%CPU (0avgtext+0avgdata 21328maxresident)k
16inputs+104outputs (0major+8586minor)pagefaults 0swaps
    ./fast/enabled_cdot/ENABLED_INSTANCE_nullary_op_test.tla
0.06user 0.03system 0:00.08elapsed 125%CPU (0avgtext+0avgdata 29852maxresident)k
24inputs+160outputs (0major+19065minor)pagefaults 0swaps
    ./fast/enabled_cdot/ENABLED_INSTANCE_nullary_op_two_vars_test.tla
forbidden output is present
Command exited with non-zero status 3
0.06user 0.02system 0:00.07elapsed 127%CPU (0avgtext+0avgdata 30000maxresident)k
16inputs+168outputs (0major+19053minor)pagefaults 0swaps
    ./fast/enabled_cdot/ENABLED_INSTANCE_op_with_args_test.tla
forbidden output is present
Command exited with non-zero status 3
0.05user 0.04system 0:00.07elapsed 128%CPU (0avgtext+0avgdata 29964maxresident)k
16inputs+168outputs (0major+19103minor)pagefaults 0swaps
    ./fast/enabled_cdot/ENABLEDrewrites_assignment_level_fingerprint/ENABLEDrewrites_assignment_level_fingerprint_test.tla
required error output is missing
Command exited with non-zero status 3
0.06user 0.03system 0:00.09elapsed 101%CPU (0avgtext+0avgdata 21444maxresident)k
32inputs+96outputs (0major+15644minor)pagefaults 0swaps
    ./fast/enabled_cdot/ENABLEDrewrites_bpragma_fingerprint/ENABLEDrewrites_bpragma_fingerprint_test.tla
required error output is missing
Command exited with non-zero status 3
0.07user 0.04system 0:00.12elapsed 100%CPU (0avgtext+0avgdata 21444maxresident)k
40inputs+136outputs (0major+16448minor)pagefaults 0swaps
    ./fast/enabled_cdot/ENABLEDrewrites_case_level_fingerprint/ENABLEDrewrites_case_level_fingerprint_test.tla
required error output is missing
Command exited with non-zero status 3
0.08user 0.02system 0:00.11elapsed 100%CPU (0avgtext+0avgdata 21448maxresident)k
32inputs+96outputs (0major+15579minor)pagefaults 0swaps
    ./fast/enabled_cdot/ENABLEDrewrites_conj_level_fingerprint/ENABLEDrewrites_conj_level_fingerprint_test.tla
required error output is missing
Command exited with non-zero status 3
0.10user 0.02system 0:00.12elapsed 101%CPU (0avgtext+0avgdata 21444maxresident)k
32inputs+96outputs (0major+15669minor)pagefaults 0swaps
    ./fast/enabled_cdot/ENABLEDrewrites_exist_level_fingerprint/ENABLEDrewrites_exist_level_fingerprint_test.tla
required error output is missing
Command exited with non-zero status 3
0.09user 0.03system 0:00.12elapsed 100%CPU (0avgtext+0avgdata 21440maxresident)k
32inputs+96outputs (0major+15659minor)pagefaults 0swaps
    ./fast/enabled_cdot/ENABLEDrewrites_mem_level_fingerprint/ENABLEDrewrites_mem_level_fingerprint_test.tla
required error output is missing
Command exited with non-zero status 3
0.08user 0.03system 0:00.11elapsed 100%CPU (0avgtext+0avgdata 21460maxresident)k
32inputs+96outputs (0major+15650minor)pagefaults 0swaps
    ./fast/enabled_cdot/ENABLEDrewrites_state_level_fingerprint/ENABLEDrewrites_state_level_fingerprint_test.tla
required error output is missing
Command exited with non-zero status 3
0.09user 0.03system 0:00.12elapsed 101%CPU (0avgtext+0avgdata 21376maxresident)k
32inputs+96outputs (0major+15659minor)pagefaults 0swaps
    ./fast/enabled_cdot/ENABLEDrewrites_ternary_level_fingerprint/ENABLEDrewrites_ternary_level_fingerprint_test.tla
required error output is missing
Command exited with non-zero status 3
0.08user 0.02system 0:00.10elapsed 100%CPU (0avgtext+0avgdata 21444maxresident)k
32inputs+96outputs (0major+15608minor)pagefaults 0swaps
    ./fast/enabled_cdot/ENABLEDrewrites_test.tla
wrong result code
Command exited with non-zero status 3
0.03user 0.02system 0:00.05elapsed 100%CPU (0avgtext+0avgdata 21324maxresident)k
8inputs+48outputs (0major+7743minor)pagefaults 0swaps
    ./fast/enabled_cdot/ENABLEDrules_fingerprint_levels/ENABLEDrules_fingerprint_levels_test.tla
required error output is missing
Command exited with non-zero status 3
0.07user 0.04system 0:00.11elapsed 100%CPU (0avgtext+0avgdata 21440maxresident)k
32inputs+96outputs (0major+15680minor)pagefaults 0swaps
    ./fast/enabled_cdot/ENABLEDrules_test.tla
wrong result code
Command exited with non-zero status 3
0.02user 0.02system 0:00.04elapsed 102%CPU (0avgtext+0avgdata 21396maxresident)k
8inputs+48outputs (0major+7644minor)pagefaults 0swaps
    ./fast/enabled_cdot/Enabled_test.tla
0.21user 0.22system 0:00.14elapsed 312%CPU (0avgtext+0avgdata 30016maxresident)k
32inputs+624outputs (23major+132898minor)pagefaults 0swaps
    ./fast/enabled_cdot/ExpandENABLED_LET_test.tla
0.03user 0.03system 0:00.05elapsed 120%CPU (0avgtext+0avgdata 21540maxresident)k
16inputs+104outputs (0major+13087minor)pagefaults 0swaps
    ./fast/enabled_cdot/ExpandENABLED_level_fingerprint/ExpandENABLED_level_fingerprint_test.tla
required error output is missing
Command exited with non-zero status 3
0.07user 0.04system 0:00.11elapsed 101%CPU (0avgtext+0avgdata 21496maxresident)k
40inputs+184outputs (0major+17297minor)pagefaults 0swaps
    ./fast/enabled_cdot/ExpandOnlyCdot_test.tla
0.05user 0.01system 0:00.06elapsed 102%CPU (0avgtext+0avgdata 21432maxresident)k
16inputs+88outputs (0major+8482minor)pagefaults 0swaps
    ./fast/enabled_cdot/ExpandOnlyENABLED_test.tla
0.05user 0.01system 0:00.07elapsed 101%CPU (0avgtext+0avgdata 21516maxresident)k
16inputs+88outputs (0major+8457minor)pagefaults 0swaps
    ./fast/enabled_cdot/LevelComparisonCONSTANT_Module_Scope_test.tla
required error output is missing
Command exited with non-zero status 3
0.07user 0.01system 0:00.07elapsed 112%CPU (0avgtext+0avgdata 25652maxresident)k
16inputs+104outputs (0major+13539minor)pagefaults 0swaps
    ./fast/enabled_cdot/LevelComparisonCONSTANT_THEOREM_Scope_test.tla
required error output is missing
Command exited with non-zero status 3
0.04user 0.03system 0:00.06elapsed 114%CPU (0avgtext+0avgdata 25676maxresident)k
16inputs+104outputs (0major+13528minor)pagefaults 0swaps
    ./fast/enabled_cdot/LevelComparisonSTATE_Scope_test.tla
required error output is missing
Command exited with non-zero status 3
0.03user 0.02system 0:00.05elapsed 115%CPU (0avgtext+0avgdata 25636maxresident)k
16inputs+104outputs (0major+13541minor)pagefaults 0swaps
    ./fast/enabled_cdot/LevelComparison_test.tla
forbidden output is present
Command exited with non-zero status 3
0.07user 0.06system 0:00.08elapsed 164%CPU (0avgtext+0avgdata 25816maxresident)k
16inputs+232outputs (0major+41858minor)pagefaults 0swaps
    ./fast/enabled_cdot/Level_of_parametric_INSTANCE_test.tla
0.05user 0.02system 0:00.06elapsed 129%CPU (0avgtext+0avgdata 25512maxresident)k
16inputs+120outputs (0major+17843minor)pagefaults 0swaps
    ./fast/enabled_cdot/Level_test.tla
0.04user 0.02system 0:00.06elapsed 100%CPU (0avgtext+0avgdata 21376maxresident)k
16inputs+120outputs (0major+9130minor)pagefaults 0swaps
    ./fast/enabled_cdot/NestedCdot_test.tla
0.08user 0.05system 0:00.06elapsed 197%CPU (0avgtext+0avgdata 25028maxresident)k
16inputs+168outputs (0major+27857minor)pagefaults 0swaps
    ./fast/enabled_cdot/NestedENABLED_from_AutoUSE_test.tla
forbidden output is present
Command exited with non-zero status 3
0.02user 0.02system 0:00.04elapsed 102%CPU (0avgtext+0avgdata 21448maxresident)k
16inputs+96outputs (0major+8494minor)pagefaults 0swaps
    ./fast/enabled_cdot/NestedENABLED_test.tla
0.06user 0.03system 0:00.06elapsed 155%CPU (0avgtext+0avgdata 22432maxresident)k
16inputs+160outputs (0major+22688minor)pagefaults 0swaps
    ./fast/enabled_cdot/UnsoundCoalescingThmDecl_test.tla
0.09user 0.02system 0:00.07elapsed 151%CPU (0avgtext+0avgdata 29892maxresident)k
16inputs+168outputs (0major+27964minor)pagefaults 0swaps
    ./fast/fingerprint/FingerprintVariablesParameters_test.tla
required error output is missing
Command exited with non-zero status 3
0.05user 0.02system 0:00.07elapsed 101%CPU (0avgtext+0avgdata 21508maxresident)k
16inputs+104outputs (0major+14656minor)pagefaults 0swaps
    ./fast/language/EXCEPTMultipleBrackets_test.tla
0.04user 0.04system 0:00.06elapsed 136%CPU (0avgtext+0avgdata 25740maxresident)k
16inputs+104outputs (0major+22112minor)pagefaults 0swaps
    ./fast/language/EXTENDS_in_submodule_test.tla
0.04user 0.00system 0:00.05elapsed 101%CPU (0avgtext+0avgdata 21396maxresident)k
32inputs+128outputs (0major+9120minor)pagefaults 0swaps
    ./fast/language/INSTANCE_inside_LET_fingerprint_test.tla
0.05user 0.02system 0:00.06elapsed 116%CPU (0avgtext+0avgdata 25688maxresident)k
16inputs+144outputs (0major+14231minor)pagefaults 0swaps
    ./fast/language/INSTANCE_inside_LET_test.tla
0.05user 0.02system 0:00.06elapsed 113%CPU (0avgtext+0avgdata 25640maxresident)k
16inputs+144outputs (0major+14251minor)pagefaults 0swaps
    ./fast/language/INSTANCE_shift_due_to_omitted_modunits_test.tla
0.04user 0.01system 0:00.05elapsed 101%CPU (0avgtext+0avgdata 21392maxresident)k
16inputs+136outputs (0major+9157minor)pagefaults 0swaps
    ./fast/language/Operators_test.tla
0.05user 0.02system 0:00.06elapsed 123%CPU (0avgtext+0avgdata 25628maxresident)k
16inputs+88outputs (0major+17531minor)pagefaults 0swaps
    ./fast/language/SubrefLL_test.tla
0.35user 0.25system 0:00.28elapsed 212%CPU (0avgtext+0avgdata 25848maxresident)k
32inputs+896outputs (0major+202923minor)pagefaults 0swaps
    ./fast/language/Subref_test.tla
0.33user 0.19system 0:00.13elapsed 376%CPU (0avgtext+0avgdata 25788maxresident)k
24inputs+832outputs (0major+124302minor)pagefaults 0swaps
    ./fast/language/WFTRUE_test.tla
forbidden output is present
Command exited with non-zero status 3
0.03user 0.00system 0:00.04elapsed 100%CPU (0avgtext+0avgdata 21372maxresident)k
16inputs+64outputs (0major+7872minor)pagefaults 0swaps
    ./fast/regression/consensus/consensus_test.tla
1.43user 0.44system 0:01.03elapsed 181%CPU (0avgtext+0avgdata 35984maxresident)k
64inputs+296outputs (0major+26958minor)pagefaults 0swaps
    ./fast/regression/cooper_instantiation_test.tla
0.02user 0.01system 0:00.04elapsed 100%CPU (0avgtext+0avgdata 21420maxresident)k
16inputs+56outputs (0major+7496minor)pagefaults 0swaps
    ./fast/regression/higher_order_statement_test.tla
forbidden output is present
Command exited with non-zero status 3
11.08user 14.07system 0:25.11elapsed 100%CPU (0avgtext+0avgdata 25608maxresident)k
2688inputs+232outputs (23major+24004minor)pagefaults 0swaps
    ./fast/regression/MiniProducerConsumer_test.tla
###### 2023-11-27 14:14:19 ./TOOLS/do_tests .
    ./fast/basic/cvc3_false_test.tla
0.05user 0.01system 0:00.06elapsed 101%CPU (0avgtext+0avgdata 21372maxresident)k
8inputs+88outputs (0major+8595minor)pagefaults 0swaps
    ./fast/basic/isa_false_test.tla
0.02user 0.03system 0:00.06elapsed 101%CPU (0avgtext+0avgdata 21332maxresident)k
8inputs+96outputs (0major+8456minor)pagefaults 0swaps
    ./fast/basic/isa_true_test.tla
forbidden output is present
Command exited with non-zero status 3
0.05user 0.01system 0:00.06elapsed 101%CPU (0avgtext+0avgdata 21440maxresident)k
8inputs+96outputs (0major+8518minor)pagefaults 0swaps
    ./fast/basic/smt_arith_test.tla
0.07user 0.01system 0:00.08elapsed 110%CPU (0avgtext+0avgdata 25640maxresident)k
8inputs+104outputs (0major+13507minor)pagefaults 0swaps
    ./fast/basic/smt_false_test.tla
0.05user 0.02system 0:00.06elapsed 113%CPU (0avgtext+0avgdata 25652maxresident)k
8inputs+104outputs (0major+13489minor)pagefaults 0swaps
    ./fast/basic/true_test.tla
0.03user 0.03system 0:00.06elapsed 112%CPU (0avgtext+0avgdata 25620maxresident)k
8inputs+104outputs (0major+13563minor)pagefaults 0swaps
    ./fast/basic/z3_arith_test.tla
0.05user 0.02system 0:00.07elapsed 115%CPU (0avgtext+0avgdata 25604maxresident)k
8inputs+104outputs (0major+13518minor)pagefaults 0swaps
    ./fast/basic/z3_false_test.tla
0.05user 0.02system 0:00.07elapsed 111%CPU (0avgtext+0avgdata 25596maxresident)k
256inputs+104outputs (0major+13472minor)pagefaults 0swaps
    ./fast/basic/zen_false_test.tla
0.05user 0.01system 0:00.06elapsed 116%CPU (0avgtext+0avgdata 21484maxresident)k
8inputs+104outputs (0major+13021minor)pagefaults 0swaps
    ./fast/basic/zen_true_test.tla
0.05user 0.02system 0:00.06elapsed 119%CPU (0avgtext+0avgdata 21456maxresident)k
8inputs+104outputs (0major+13070minor)pagefaults 0swaps
    ./fast/enabled_cdot/AutoUSE_fingerprint/AutoUSE_fingerprint_test.tla
required error output is missing
Command exited with non-zero status 3
0.09user 0.02system 0:00.12elapsed 102%CPU (0avgtext+0avgdata 21332maxresident)k
24inputs+176outputs (0major+17283minor)pagefaults 0swaps
    ./fast/enabled_cdot/Cdot_test.tla
0.08user 0.04system 0:00.07elapsed 177%CPU (0avgtext+0avgdata 23216maxresident)k
8inputs+184outputs (0major+27072minor)pagefaults 0swaps
    ./fast/enabled_cdot/ENABLEDaxioms_conj_fingerprinting/ENABLEDaxioms_conj_fingerprinting_test.tla
required error output is missing
Command exited with non-zero status 3
0.08user 0.03system 0:00.11elapsed 103%CPU (0avgtext+0avgdata 21520maxresident)k
24inputs+176outputs (0major+17232minor)pagefaults 0swaps
    ./fast/enabled_cdot/ENABLEDaxioms_conj_hidden_actions_test.tla
0.06user 0.01system 0:00.07elapsed 101%CPU (0avgtext+0avgdata 21452maxresident)k
8inputs+88outputs (0major+8467minor)pagefaults 0swaps
    ./fast/enabled_cdot/ENABLEDaxioms_conj_test.tla
forbidden output is present
Command exited with non-zero status 3
0.05user 0.02system 0:00.07elapsed 102%CPU (0avgtext+0avgdata 21416maxresident)k
8inputs+96outputs (0major+8535minor)pagefaults 0swaps
    ./fast/enabled_cdot/ENABLEDaxioms_conj_visible_actions_fail_test.tla
0.03user 0.01system 0:00.05elapsed 102%CPU (0avgtext+0avgdata 21328maxresident)k
8inputs+88outputs (0major+8472minor)pagefaults 0swaps
    ./fast/enabled_cdot/ENABLEDaxioms_conj_visible_actions_test.tla
forbidden output is present
Command exited with non-zero status 3
0.04user 0.01system 0:00.06elapsed 101%CPU (0avgtext+0avgdata 21372maxresident)k
8inputs+88outputs (0major+8475minor)pagefaults 0swaps
    ./fast/enabled_cdot/ENABLEDaxioms_test.tla
forbidden output is present
Command exited with non-zero status 3
0.05user 0.01system 0:00.06elapsed 100%CPU (0avgtext+0avgdata 21408maxresident)k
8inputs+104outputs (0major+8581minor)pagefaults 0swaps
    ./fast/enabled_cdot/ENABLED_INSTANCE_nullary_op_test.tla
0.07user 0.01system 0:00.07elapsed 126%CPU (0avgtext+0avgdata 29712maxresident)k
8inputs+160outputs (0major+19066minor)pagefaults 0swaps
    ./fast/enabled_cdot/ENABLED_INSTANCE_nullary_op_two_vars_test.tla
forbidden output is present
Command exited with non-zero status 3
0.07user 0.02system 0:00.07elapsed 129%CPU (0avgtext+0avgdata 29836maxresident)k
8inputs+168outputs (0major+19052minor)pagefaults 0swaps
    ./fast/enabled_cdot/ENABLED_INSTANCE_op_with_args_test.tla
forbidden output is present
Command exited with non-zero status 3
0.04user 0.05system 0:00.07elapsed 127%CPU (0avgtext+0avgdata 29908maxresident)k
8inputs+168outputs (0major+19118minor)pagefaults 0swaps
    ./fast/enabled_cdot/ENABLEDrewrites_assignment_level_fingerprint/ENABLEDrewrites_assignment_level_fingerprint_test.tla
required error output is missing
Command exited with non-zero status 3
0.06user 0.02system 0:00.09elapsed 101%CPU (0avgtext+0avgdata 21488maxresident)k
24inputs+96outputs (0major+15654minor)pagefaults 0swaps
    ./fast/enabled_cdot/ENABLEDrewrites_bpragma_fingerprint/ENABLEDrewrites_bpragma_fingerprint_test.tla
required error output is missing
Command exited with non-zero status 3
0.08user 0.03system 0:00.12elapsed 101%CPU (0avgtext+0avgdata 21492maxresident)k
24inputs+136outputs (1major+16467minor)pagefaults 0swaps
    ./fast/enabled_cdot/ENABLEDrewrites_case_level_fingerprint/ENABLEDrewrites_case_level_fingerprint_test.tla
required error output is missing
Command exited with non-zero status 3
0.08user 0.03system 0:00.12elapsed 101%CPU (0avgtext+0avgdata 21496maxresident)k
24inputs+96outputs (0major+15583minor)pagefaults 0swaps
    ./fast/enabled_cdot/ENABLEDrewrites_conj_level_fingerprint/ENABLEDrewrites_conj_level_fingerprint_test.tla
required error output is missing
Command exited with non-zero status 3
0.07user 0.03system 0:00.10elapsed 100%CPU (0avgtext+0avgdata 21496maxresident)k
24inputs+96outputs (0major+15667minor)pagefaults 0swaps
    ./fast/enabled_cdot/ENABLEDrewrites_exist_level_fingerprint/ENABLEDrewrites_exist_level_fingerprint_test.tla
required error output is missing
Command exited with non-zero status 3
0.09user 0.02system 0:00.12elapsed 100%CPU (0avgtext+0avgdata 21432maxresident)k
24inputs+96outputs (0major+15682minor)pagefaults 0swaps
    ./fast/enabled_cdot/ENABLEDrewrites_mem_level_fingerprint/ENABLEDrewrites_mem_level_fingerprint_test.tla
required error output is missing
Command exited with non-zero status 3
0.09user 0.03system 0:00.12elapsed 100%CPU (0avgtext+0avgdata 21444maxresident)k
24inputs+96outputs (0major+15656minor)pagefaults 0swaps
    ./fast/enabled_cdot/ENABLEDrewrites_state_level_fingerprint/ENABLEDrewrites_state_level_fingerprint_test.tla
required error output is missing
Command exited with non-zero status 3
0.07user 0.03system 0:00.11elapsed 100%CPU (0avgtext+0avgdata 21332maxresident)k
24inputs+120outputs (0major+15664minor)pagefaults 0swaps
    ./fast/enabled_cdot/ENABLEDrewrites_ternary_level_fingerprint/ENABLEDrewrites_ternary_level_fingerprint_test.tla
required error output is missing
Command exited with non-zero status 3
0.09user 0.02system 0:00.11elapsed 100%CPU (0avgtext+0avgdata 21392maxresident)k
24inputs+96outputs (0major+15590minor)pagefaults 0swaps
    ./fast/enabled_cdot/ENABLEDrewrites_test.tla
wrong result code
Command exited with non-zero status 3
0.04user 0.00system 0:00.05elapsed 98%CPU (0avgtext+0avgdata 21328maxresident)k
8inputs+48outputs (0major+7755minor)pagefaults 0swaps
    ./fast/enabled_cdot/ENABLEDrules_fingerprint_levels/ENABLEDrules_fingerprint_levels_test.tla
required error output is missing
Command exited with non-zero status 3
0.08user 0.03system 0:00.12elapsed 100%CPU (0avgtext+0avgdata 21440maxresident)k
24inputs+96outputs (0major+15695minor)pagefaults 0swaps
    ./fast/enabled_cdot/ENABLEDrules_test.tla
wrong result code
Command exited with non-zero status 3
0.03user 0.01system 0:00.04elapsed 100%CPU (0avgtext+0avgdata 21404maxresident)k
8inputs+48outputs (0major+7659minor)pagefaults 0swaps
    ./fast/enabled_cdot/Enabled_test.tla
0.26user 0.17system 0:00.15elapsed 284%CPU (0avgtext+0avgdata 29988maxresident)k
24inputs+624outputs (0major+132932minor)pagefaults 0swaps
    ./fast/enabled_cdot/ExpandENABLED_LET_test.tla
0.04user 0.02system 0:00.05elapsed 118%CPU (0avgtext+0avgdata 21532maxresident)k
8inputs+104outputs (0major+13071minor)pagefaults 0swaps
    ./fast/enabled_cdot/ExpandENABLED_level_fingerprint/ExpandENABLED_level_fingerprint_test.tla
required error output is missing
Command exited with non-zero status 3
0.07user 0.03system 0:00.10elapsed 101%CPU (0avgtext+0avgdata 21436maxresident)k
24inputs+184outputs (1major+17287minor)pagefaults 0swaps
    ./fast/enabled_cdot/ExpandOnlyCdot_test.tla
0.04user 0.01system 0:00.06elapsed 101%CPU (0avgtext+0avgdata 21508maxresident)k
8inputs+88outputs (0major+8475minor)pagefaults 0swaps
    ./fast/enabled_cdot/ExpandOnlyENABLED_test.tla
0.04user 0.01system 0:00.06elapsed 101%CPU (0avgtext+0avgdata 21320maxresident)k
8inputs+88outputs (0major+8459minor)pagefaults 0swaps
    ./fast/enabled_cdot/LevelComparisonCONSTANT_Module_Scope_test.tla
required error output is missing
Command exited with non-zero status 3
0.05user 0.02system 0:00.07elapsed 112%CPU (0avgtext+0avgdata 25648maxresident)k
8inputs+104outputs (0major+13540minor)pagefaults 0swaps
    ./fast/enabled_cdot/LevelComparisonCONSTANT_THEOREM_Scope_test.tla
required error output is missing
Command exited with non-zero status 3
0.05user 0.02system 0:00.06elapsed 114%CPU (0avgtext+0avgdata 25588maxresident)k
8inputs+104outputs (0major+13534minor)pagefaults 0swaps
    ./fast/enabled_cdot/LevelComparisonSTATE_Scope_test.tla
required error output is missing
Command exited with non-zero status 3
0.06user 0.01system 0:00.06elapsed 115%CPU (0avgtext+0avgdata 25636maxresident)k
8inputs+104outputs (0major+13533minor)pagefaults 0swaps
    ./fast/enabled_cdot/LevelComparison_test.tla
forbidden output is present
Command exited with non-zero status 3
0.09user 0.05system 0:00.09elapsed 167%CPU (0avgtext+0avgdata 25756maxresident)k
8inputs+232outputs (0major+41863minor)pagefaults 0swaps
    ./fast/enabled_cdot/Level_of_parametric_INSTANCE_test.tla
0.05user 0.02system 0:00.06elapsed 128%CPU (0avgtext+0avgdata 25696maxresident)k
8inputs+120outputs (0major+17877minor)pagefaults 0swaps
    ./fast/enabled_cdot/Level_test.tla
0.04user 0.01system 0:00.06elapsed 100%CPU (0avgtext+0avgdata 21384maxresident)k
8inputs+120outputs (0major+9119minor)pagefaults 0swaps
    ./fast/enabled_cdot/NestedCdot_test.tla
0.08user 0.04system 0:00.07elapsed 191%CPU (0avgtext+0avgdata 25128maxresident)k
8inputs+168outputs (0major+27869minor)pagefaults 0swaps
    ./fast/enabled_cdot/NestedENABLED_from_AutoUSE_test.tla
forbidden output is present
Command exited with non-zero status 3
0.03user 0.01system 0:00.05elapsed 101%CPU (0avgtext+0avgdata 21396maxresident)k
8inputs+96outputs (0major+8520minor)pagefaults 0swaps
    ./fast/enabled_cdot/NestedENABLED_test.tla
0.08user 0.02system 0:00.06elapsed 152%CPU (0avgtext+0avgdata 22460maxresident)k
24inputs+160outputs (0major+22699minor)pagefaults 0swaps
    ./fast/enabled_cdot/UnsoundCoalescingThmDecl_test.tla
0.07user 0.04system 0:00.07elapsed 149%CPU (0avgtext+0avgdata 29976maxresident)k
8inputs+168outputs (0major+27979minor)pagefaults 0swaps
    ./fast/fingerprint/FingerprintVariablesParameters_test.tla
required error output is missing
Command exited with non-zero status 3
0.05user 0.03system 0:00.08elapsed 101%CPU (0avgtext+0avgdata 21328maxresident)k
8inputs+104outputs (0major+14670minor)pagefaults 0swaps
    ./fast/language/EXCEPTMultipleBrackets_test.tla
0.05user 0.03system 0:00.06elapsed 140%CPU (0avgtext+0avgdata 25696maxresident)k
8inputs+104outputs (0major+22111minor)pagefaults 0swaps
    ./fast/language/EXTENDS_in_submodule_test.tla
0.04user 0.01system 0:00.05elapsed 103%CPU (0avgtext+0avgdata 21384maxresident)k
8inputs+128outputs (0major+9148minor)pagefaults 0swaps
    ./fast/language/INSTANCE_inside_LET_fingerprint_test.tla
0.04user 0.03system 0:00.06elapsed 112%CPU (0avgtext+0avgdata 25624maxresident)k
8inputs+144outputs (0major+14268minor)pagefaults 0swaps
    ./fast/language/INSTANCE_inside_LET_test.tla
0.05user 0.02system 0:00.06elapsed 116%CPU (0avgtext+0avgdata 25844maxresident)k
8inputs+144outputs (0major+14254minor)pagefaults 0swaps
    ./fast/language/INSTANCE_shift_due_to_omitted_modunits_test.tla
0.04user 0.01system 0:00.05elapsed 103%CPU (0avgtext+0avgdata 21328maxresident)k
8inputs+136outputs (0major+9181minor)pagefaults 0swaps
    ./fast/language/Operators_test.tla
0.05user 0.02system 0:00.07elapsed 121%CPU (0avgtext+0avgdata 25676maxresident)k
8inputs+88outputs (0major+17534minor)pagefaults 0swaps
    ./fast/language/SubrefLL_test.tla
0.32user 0.26system 0:00.28elapsed 208%CPU (0avgtext+0avgdata 25812maxresident)k
16inputs+896outputs (0major+202513minor)pagefaults 0swaps
    ./fast/language/Subref_test.tla
0.33user 0.17system 0:00.12elapsed 402%CPU (0avgtext+0avgdata 25676maxresident)k
16inputs+832outputs (21major+124217minor)pagefaults 0swaps
    ./fast/language/WFTRUE_test.tla
forbidden output is present
Command exited with non-zero status 3
0.02user 0.01system 0:00.04elapsed 100%CPU (0avgtext+0avgdata 21324maxresident)k
8inputs+64outputs (0major+7871minor)pagefaults 0swaps
    ./fast/regression/consensus/consensus_test.tla
1.32user 0.47system 0:00.99elapsed 181%CPU (0avgtext+0avgdata 36008maxresident)k
8inputs+296outputs (0major+26955minor)pagefaults 0swaps
    ./fast/regression/cooper_instantiation_test.tla
0.02user 0.01system 0:00.04elapsed 100%CPU (0avgtext+0avgdata 21392maxresident)k
8inputs+56outputs (0major+7506minor)pagefaults 0swaps
    ./fast/regression/higher_order_statement_test.tla
forbidden output is present
Command exited with non-zero status 3
11.34user 13.81system 0:25.11elapsed 100%CPU (0avgtext+0avgdata 25680maxresident)k
7304inputs+240outputs (48major+24009minor)pagefaults 0swaps
    ./fast/regression/MiniProducerConsumer_test.tla
113.03user 33.02system 1:05.79elapsed 221%CPU (0avgtext+0avgdata 1015308maxresident)k
5088inputs+424outputs (62major+520671minor)pagefaults 0swaps
    ./fast/regression/parameterized_instantiation_test.tla
0.08user 0.05system 0:00.12elapsed 113%CPU (0avgtext+0avgdata 25700maxresident)k
736inputs+152outputs (1major+14253minor)pagefaults 0swaps
    ./fast/regression/setEuclid_test.tla
forbidden output is present
Command exited with non-zero status 3
13.18user 13.26system 0:25.82elapsed 102%CPU (0avgtext+0avgdata 33744maxresident)k
736inputs+1120outputs (2major+134735minor)pagefaults 0swaps
    ./fast/regression/smt_domain_check_test.tla
0.10user 0.03system 0:00.12elapsed 114%CPU (0avgtext+0avgdata 29428maxresident)k
120inputs+112outputs (0major+13751minor)pagefaults 0swaps
    ./fast/regression/z3_fingerprint_test.tla
0.13user 0.04system 0:00.16elapsed 102%CPU (0avgtext+0avgdata 21408maxresident)k
32inputs+160outputs (0major+16744minor)pagefaults 0swaps
    ./fast/russell_test.tla
0.12user 0.07system 0:00.13elapsed 149%CPU (0avgtext+0avgdata 25688maxresident)k
680inputs+160outputs (0major+27488minor)pagefaults 0swaps
    ./fast/smt_tests/advanced/functions/bijection_thm_test.tla
0.32user 0.20system 0:00.29elapsed 177%CPU (0avgtext+0avgdata 30128maxresident)k
40inputs+640outputs (0major+105772minor)pagefaults 0swaps
    ./fast/smt_tests/advanced/functions/composition_test.tla
0.08user 0.03system 0:00.10elapsed 114%CPU (0avgtext+0avgdata 27796maxresident)k
16inputs+104outputs (0major+13666minor)pagefaults 0swaps
    ./fast/smt_tests/advanced/functions/identity1_test.tla
0.07user 0.03system 0:00.09elapsed 112%CPU (0avgtext+0avgdata 25676maxresident)k
16inputs+112outputs (0major+13537minor)pagefaults 0swaps
    ./fast/smt_tests/advanced/functions/identity2_test.tla
0.06user 0.04system 0:00.09elapsed 114%CPU (0avgtext+0avgdata 29572maxresident)k
16inputs+120outputs (0major+13733minor)pagefaults 0swaps
    ./fast/smt_tests/advanced/set_theory/cantor1_test.tla
11.06user 14.14system 0:25.14elapsed 100%CPU (0avgtext+0avgdata 29984maxresident)k
40inputs+264outputs (0major+37981minor)pagefaults 0swaps
    ./fast/smt_tests/advanced/set_theory/choice_axiom2_test.tla
10.75user 14.49system 0:25.15elapsed 100%CPU (0avgtext+0avgdata 29692maxresident)k
16inputs+304outputs (0major+38655minor)pagefaults 0swaps
    ./fast/smt_tests/advanced/set_theory/choice_axiom_test.tla
0.20user 0.14system 0:00.17elapsed 204%CPU (0avgtext+0avgdata 30756maxresident)k
16inputs+304outputs (0major+57686minor)pagefaults 0swaps
    ./fast/smt_tests/advanced/set_theory/section_test.tla
11.03user 14.20system 0:25.15elapsed 100%CPU (0avgtext+0avgdata 29716maxresident)k
16inputs+328outputs (0major+38735minor)pagefaults 0swaps
    ./fast/smt_tests/advanced/tuples/tuple_as_function1_test.tla
0.18user 0.09system 0:00.17elapsed 164%CPU (0avgtext+0avgdata 27824maxresident)k
40inputs+336outputs (0major+51595minor)pagefaults 0swaps
    ./fast/smt_tests/advanced/tuples/tuple_as_function2_test.tla
0.21user 0.10system 0:00.18elapsed 176%CPU (0avgtext+0avgdata 29628maxresident)k
16inputs+344outputs (0major+61966minor)pagefaults 0swaps
    ./fast/smt_tests/basic/arith/arith10_test.tla
0.08user 0.03system 0:00.10elapsed 113%CPU (0avgtext+0avgdata 25612maxresident)k
296inputs+104outputs (0major+13515minor)pagefaults 0swaps
    ./fast/smt_tests/basic/arith/arith11_test.tla
0.06user 0.05system 0:00.10elapsed 115%CPU (0avgtext+0avgdata 25688maxresident)k
16inputs+104outputs (0major+13500minor)pagefaults 0swaps
    ./fast/smt_tests/basic/arith/arith12_test.tla
0.06user 0.04system 0:00.09elapsed 113%CPU (0avgtext+0avgdata 27948maxresident)k
16inputs+104outputs (0major+13681minor)pagefaults 0swaps
    ./fast/smt_tests/basic/arith/arith13_test.tla
0.06user 0.04system 0:00.09elapsed 114%CPU (0avgtext+0avgdata 28068maxresident)k
16inputs+104outputs (0major+13614minor)pagefaults 0swaps
    ./fast/smt_tests/basic/arith/arith14_test.tla
0.07user 0.02system 0:00.08elapsed 113%CPU (0avgtext+0avgdata 26720maxresident)k
16inputs+104outputs (0major+13589minor)pagefaults 0swaps
    ./fast/smt_tests/basic/arith/arith15_test.tla
0.07user 0.02system 0:00.09elapsed 112%CPU (0avgtext+0avgdata 25620maxresident)k
16inputs+104outputs (0major+13462minor)pagefaults 0swaps
    ./fast/smt_tests/basic/arith/arith16_test.tla
0.07user 0.02system 0:00.08elapsed 113%CPU (0avgtext+0avgdata 25592maxresident)k
16inputs+104outputs (0major+13465minor)pagefaults 0swaps
    ./fast/smt_tests/basic/arith/arith17_test.tla
0.06user 0.04system 0:00.09elapsed 117%CPU (0avgtext+0avgdata 25664maxresident)k
16inputs+104outputs (0major+13487minor)pagefaults 0swaps
    ./fast/smt_tests/basic/arith/arith18_test.tla
0.07user 0.02system 0:00.08elapsed 115%CPU (0avgtext+0avgdata 25592maxresident)k
16inputs+104outputs (0major+13463minor)pagefaults 0swaps
    ./fast/smt_tests/basic/arith/arith19_test.tla
0.06user 0.03system 0:00.08elapsed 113%CPU (0avgtext+0avgdata 25568maxresident)k
16inputs+104outputs (0major+13548minor)pagefaults 0swaps
    ./fast/smt_tests/basic/arith/arith1_test.tla
0.06user 0.04system 0:00.09elapsed 118%CPU (0avgtext+0avgdata 25796maxresident)k
16inputs+104outputs (0major+13527minor)pagefaults 0swaps
    ./fast/smt_tests/basic/arith/arith2_test.tla
0.06user 0.02system 0:00.07elapsed 113%CPU (0avgtext+0avgdata 25568maxresident)k
16inputs+104outputs (0major+13544minor)pagefaults 0swaps
    ./fast/smt_tests/basic/arith/arith3_test.tla
0.05user 0.03system 0:00.07elapsed 115%CPU (0avgtext+0avgdata 25536maxresident)k
16inputs+104outputs (0major+13526minor)pagefaults 0swaps
    ./fast/smt_tests/basic/arith/arith4_test.tla
0.05user 0.04system 0:00.08elapsed 114%CPU (0avgtext+0avgdata 25468maxresident)k
16inputs+104outputs (0major+13540minor)pagefaults 0swaps
    ./fast/smt_tests/basic/arith/arith5_test.tla
0.06user 0.02system 0:00.07elapsed 115%CPU (0avgtext+0avgdata 25564maxresident)k
16inputs+104outputs (0major+13529minor)pagefaults 0swaps
    ./fast/smt_tests/basic/arith/arith6_test.tla
0.06user 0.02system 0:00.07elapsed 112%CPU (0avgtext+0avgdata 25624maxresident)k
16inputs+104outputs (0major+13503minor)pagefaults 0swaps
    ./fast/smt_tests/basic/arith/arith7_test.tla
0.04user 0.04system 0:00.07elapsed 114%CPU (0avgtext+0avgdata 25588maxresident)k
16inputs+104outputs (0major+13519minor)pagefaults 0swaps
    ./fast/smt_tests/basic/arith/arith8_test.tla
0.05user 0.03system 0:00.07elapsed 114%CPU (0avgtext+0avgdata 25624maxresident)k
16inputs+104outputs (0major+13515minor)pagefaults 0swaps
    ./fast/smt_tests/basic/arith/arith9_test.tla
0.07user 0.02system 0:00.08elapsed 114%CPU (0avgtext+0avgdata 25580maxresident)k
16inputs+104outputs (0major+13512minor)pagefaults 0swaps
    ./fast/smt_tests/basic/epsilon/epsilon1_test.tla
0.07user 0.03system 0:00.08elapsed 115%CPU (0avgtext+0avgdata 27876maxresident)k
40inputs+104outputs (0major+13666minor)pagefaults 0swaps
    ./fast/smt_tests/basic/epsilon/epsilon2_test.tla
0.05user 0.03system 0:00.08elapsed 116%CPU (0avgtext+0avgdata 27940maxresident)k
16inputs+104outputs (0major+13695minor)pagefaults 0swaps
    ./fast/smt_tests/basic/epsilon/epsilon3_test.tla
0.05user 0.04system 0:00.08elapsed 114%CPU (0avgtext+0avgdata 27936maxresident)k
16inputs+104outputs (0major+13612minor)pagefaults 0swaps
    ./fast/smt_tests/basic/epsilon/epsilon4_test.tla
0.04user 0.04system 0:00.08elapsed 115%CPU (0avgtext+0avgdata 27932maxresident)k
16inputs+104outputs (0major+13626minor)pagefaults 0swaps
    ./fast/smt_tests/basic/extensionality/empty_set_ext_test.tla
0.06user 0.02system 0:00.08elapsed 113%CPU (0avgtext+0avgdata 28052maxresident)k
296inputs+104outputs (0major+13610minor)pagefaults 0swaps
    ./fast/smt_tests/basic/extensionality/enum_ext_test.tla
0.06user 0.03system 0:00.08elapsed 116%CPU (0avgtext+0avgdata 27872maxresident)k
16inputs+104outputs (0major+13671minor)pagefaults 0swaps
    ./fast/smt_tests/basic/extensionality/fun_ext_test.tla
0.04user 0.04system 0:00.07elapsed 114%CPU (0avgtext+0avgdata 25556maxresident)k
16inputs+104outputs (0major+13547minor)pagefaults 0swaps
    ./fast/smt_tests/basic/extensionality/set_ext_test.tla
0.05user 0.03system 0:00.08elapsed 114%CPU (0avgtext+0avgdata 29788maxresident)k
16inputs+104outputs (0major+13761minor)pagefaults 0swaps
    ./fast/smt_tests/basic/extensionality/tup_ext_test.tla
0.08user 0.02system 0:00.09elapsed 113%CPU (0avgtext+0avgdata 25768maxresident)k
16inputs+104outputs (1major+13524minor)pagefaults 0swaps
    ./fast/smt_tests/basic/firstorder/firstorder1_test.tla
0.06user 0.02system 0:00.08elapsed 113%CPU (0avgtext+0avgdata 28232maxresident)k
328inputs+104outputs (0major+13665minor)pagefaults 0swaps
    ./fast/smt_tests/basic/firstorder/firstorder1_wproof_test.tla
0.08user 0.03system 0:00.09elapsed 133%CPU (0avgtext+0avgdata 27944maxresident)k
32inputs+144outputs (0major+23008minor)pagefaults 0swaps
    ./fast/smt_tests/basic/firstorder/firstorder2_test.tla
0.05user 0.04system 0:00.08elapsed 116%CPU (0avgtext+0avgdata 28276maxresident)k
32inputs+104outputs (0major+13655minor)pagefaults 0swaps
    ./fast/smt_tests/basic/firstorder/firstorder2_wproof_test.tla
0.07user 0.05system 0:00.10elapsed 130%CPU (0avgtext+0avgdata 27916maxresident)k
32inputs+144outputs (0major+23047minor)pagefaults 0swaps
    ./fast/smt_tests/basic/firstorder/firstorder3_test.tla
0.07user 0.02system 0:00.08elapsed 115%CPU (0avgtext+0avgdata 29892maxresident)k
32inputs+104outputs (0major+13784minor)pagefaults 0swaps
    ./fast/smt_tests/basic/firstorder/firstorder3_wproof_test.tla
0.07user 0.05system 0:00.09elapsed 143%CPU (0avgtext+0avgdata 29804maxresident)k
32inputs+144outputs (0major+23445minor)pagefaults 0swaps
    ./fast/smt_tests/basic/firstorder/firstorder4_test.tla
0.07user 0.02system 0:00.08elapsed 115%CPU (0avgtext+0avgdata 29648maxresident)k
32inputs+104outputs (0major+13699minor)pagefaults 0swaps
    ./fast/smt_tests/basic/firstorder/firstorder4_wproof_test.tla
0.08user 0.05system 0:00.09elapsed 141%CPU (0avgtext+0avgdata 29568maxresident)k
32inputs+160outputs (0major+27969minor)pagefaults 0swaps
    ./fast/smt_tests/basic/firstorder/firstorder5_test.tla
0.06user 0.02system 0:00.07elapsed 116%CPU (0avgtext+0avgdata 29716maxresident)k
32inputs+104outputs (1major+13728minor)pagefaults 0swaps
    ./fast/smt_tests/basic/firstorder/firstorder5_wproof_test.tla
0.07user 0.05system 0:00.09elapsed 140%CPU (0avgtext+0avgdata 28004maxresident)k
40inputs+160outputs (0major+27931minor)pagefaults 0swaps
    ./fast/smt_tests/basic/firstorder/firstorder6_test.tla
0.05user 0.04system 0:00.07elapsed 116%CPU (0avgtext+0avgdata 29508maxresident)k
32inputs+104outputs (0major+13766minor)pagefaults 0swaps
    ./fast/smt_tests/basic/firstorder/firstorder6_wproof_test.tla
0.07user 0.07system 0:00.09elapsed 146%CPU (0avgtext+0avgdata 29980maxresident)k
32inputs+160outputs (0major+28371minor)pagefaults 0swaps
    ./fast/smt_tests/basic/function/function10_test.tla
0.06user 0.03system 0:00.08elapsed 111%CPU (0avgtext+0avgdata 25572maxresident)k
64inputs+104outputs (0major+13538minor)pagefaults 0swaps
    ./fast/smt_tests/basic/function/function11_test.tla
0.07user 0.02system 0:00.08elapsed 117%CPU (0avgtext+0avgdata 27992maxresident)k
32inputs+104outputs (0major+13688minor)pagefaults 0swaps
    ./fast/smt_tests/basic/function/function12_test.tla
10.77user 14.36system 0:25.11elapsed 100%CPU (0avgtext+0avgdata 24708maxresident)k
32inputs+152outputs (0major+14571minor)pagefaults 0swaps
    ./fast/smt_tests/basic/function/function13_test.tla
0.09user 0.03system 0:00.11elapsed 115%CPU (0avgtext+0avgdata 25424maxresident)k
32inputs+104outputs (0major+13505minor)pagefaults 0swaps
    ./fast/smt_tests/basic/function/function14_test.tla
0.07user 0.04system 0:00.10elapsed 112%CPU (0avgtext+0avgdata 28040maxresident)k
32inputs+104outputs (0major+13722minor)pagefaults 0swaps
    ./fast/smt_tests/basic/function/function15_test.tla
0.08user 0.02system 0:00.09elapsed 113%CPU (0avgtext+0avgdata 25648maxresident)k
32inputs+104outputs (0major+13507minor)pagefaults 0swaps
    ./fast/smt_tests/basic/function/function16_test.tla
10.94user 14.17system 0:25.13elapsed 99%CPU (0avgtext+0avgdata 22160maxresident)k
40inputs+160outputs (0major+13911minor)pagefaults 0swaps
    ./fast/smt_tests/basic/function/function17_test.tla
0.09user 0.04system 0:00.12elapsed 113%CPU (0avgtext+0avgdata 29848maxresident)k
32inputs+120outputs (0major+13750minor)pagefaults 0swaps
    ./fast/smt_tests/basic/function/function18_test.tla
0.07user 0.03system 0:00.10elapsed 112%CPU (0avgtext+0avgdata 25760maxresident)k
32inputs+104outputs (0major+13554minor)pagefaults 0swaps
    ./fast/smt_tests/basic/function/function1_test.tla
0.07user 0.04system 0:00.09elapsed 114%CPU (0avgtext+0avgdata 25532maxresident)k
32inputs+104outputs (0major+13513minor)pagefaults 0swaps
    ./fast/smt_tests/basic/function/function20_test.tla
0.07user 0.03system 0:00.09elapsed 113%CPU (0avgtext+0avgdata 25660maxresident)k
32inputs+104outputs (0major+13516minor)pagefaults 0swaps
    ./fast/smt_tests/basic/function/function21_test.tla
0.06user 0.04system 0:00.09elapsed 114%CPU (0avgtext+0avgdata 25564maxresident)k
32inputs+104outputs (0major+13503minor)pagefaults 0swaps
    ./fast/smt_tests/basic/function/function22_test.tla
0.06user 0.04system 0:00.09elapsed 113%CPU (0avgtext+0avgdata 25544maxresident)k
32inputs+104outputs (0major+13500minor)pagefaults 0swaps
    ./fast/smt_tests/basic/function/function23_test.tla
0.06user 0.03system 0:00.08elapsed 115%CPU (0avgtext+0avgdata 29508maxresident)k
32inputs+112outputs (0major+13683minor)pagefaults 0swaps
    ./fast/smt_tests/basic/function/function24_test.tla
0.06user 0.02system 0:00.08elapsed 113%CPU (0avgtext+0avgdata 25456maxresident)k
24inputs+104outputs (0major+13490minor)pagefaults 0swaps
    ./fast/smt_tests/basic/function/function25_test.tla
0.05user 0.04system 0:00.08elapsed 114%CPU (0avgtext+0avgdata 25492maxresident)k
32inputs+104outputs (0major+13541minor)pagefaults 0swaps
    ./fast/smt_tests/basic/function/function26_test.tla
0.06user 0.03system 0:00.09elapsed 113%CPU (0avgtext+0avgdata 25540maxresident)k
16inputs+104outputs (0major+13504minor)pagefaults 0swaps
    ./fast/smt_tests/basic/function/function27_test.tla
0.06user 0.03system 0:00.08elapsed 114%CPU (0avgtext+0avgdata 30168maxresident)k
32inputs+120outputs (0major+13792minor)pagefaults 0swaps
    ./fast/smt_tests/basic/function/function28_test.tla
0.06user 0.03system 0:00.08elapsed 114%CPU (0avgtext+0avgdata 30388maxresident)k
32inputs+120outputs (0major+13790minor)pagefaults 0swaps
    ./fast/smt_tests/basic/function/function29_test.tla
0.06user 0.03system 0:00.08elapsed 113%CPU (0avgtext+0avgdata 25520maxresident)k
32inputs+104outputs (0major+13520minor)pagefaults 0swaps
    ./fast/smt_tests/basic/function/function2_test.tla
0.07user 0.03system 0:00.08elapsed 118%CPU (0avgtext+0avgdata 27932maxresident)k
32inputs+104outputs (0major+13655minor)pagefaults 0swaps
    ./fast/smt_tests/basic/function/function30_test.tla
0.06user 0.03system 0:00.09elapsed 113%CPU (0avgtext+0avgdata 25604maxresident)k
24inputs+104outputs (0major+13529minor)pagefaults 0swaps
    ./fast/smt_tests/basic/function/function3_test.tla
0.07user 0.05system 0:00.10elapsed 126%CPU (0avgtext+0avgdata 29820maxresident)k
32inputs+128outputs (0major+18459minor)pagefaults 0swaps
    ./fast/smt_tests/basic/function/function5_test.tla
0.06user 0.03system 0:00.08elapsed 114%CPU (0avgtext+0avgdata 27996maxresident)k
16inputs+104outputs (0major+13641minor)pagefaults 0swaps
    ./fast/smt_tests/basic/function/function6_test.tla
0.07user 0.02system 0:00.08elapsed 114%CPU (0avgtext+0avgdata 25536maxresident)k
296inputs+104outputs (0major+13528minor)pagefaults 0swaps
    ./fast/smt_tests/basic/function/function7_test.tla
0.05user 0.03system 0:00.08elapsed 114%CPU (0avgtext+0avgdata 25540maxresident)k
24inputs+104outputs (0major+13480minor)pagefaults 0swaps
    ./fast/smt_tests/basic/prop/basic_test.tla
0.08user 0.02system 0:00.09elapsed 113%CPU (0avgtext+0avgdata 25776maxresident)k
80inputs+104outputs (0major+13527minor)pagefaults 0swaps
    ./fast/smt_tests/basic/prop/prop10_test.tla
0.05user 0.02system 0:00.07elapsed 113%CPU (0avgtext+0avgdata 25504maxresident)k
32inputs+104outputs (0major+13559minor)pagefaults 0swaps
    ./fast/smt_tests/basic/prop/prop11_test.tla
0.07user 0.02system 0:00.08elapsed 116%CPU (0avgtext+0avgdata 28164maxresident)k
40inputs+104outputs (0major+13647minor)pagefaults 0swaps
    ./fast/smt_tests/basic/prop/prop12_test.tla
0.06user 0.03system 0:00.07elapsed 115%CPU (0avgtext+0avgdata 28076maxresident)k
32inputs+104outputs (0major+13629minor)pagefaults 0swaps
    ./fast/smt_tests/basic/prop/prop1_test.tla
0.06user 0.03system 0:00.08elapsed 113%CPU (0avgtext+0avgdata 25564maxresident)k
32inputs+104outputs (0major+13475minor)pagefaults 0swaps
    ./fast/smt_tests/basic/prop/prop2_test.tla
0.07user 0.02system 0:00.08elapsed 115%CPU (0avgtext+0avgdata 25628maxresident)k
32inputs+104outputs (0major+13520minor)pagefaults 0swaps
    ./fast/smt_tests/basic/prop/prop3_test.tla
0.06user 0.02system 0:00.07elapsed 114%CPU (0avgtext+0avgdata 25512maxresident)k
32inputs+104outputs (0major+13534minor)pagefaults 0swaps
    ./fast/smt_tests/basic/prop/prop4_test.tla
0.05user 0.03system 0:00.08elapsed 115%CPU (0avgtext+0avgdata 25484maxresident)k
32inputs+104outputs (0major+13519minor)pagefaults 0swaps
    ./fast/smt_tests/basic/prop/prop5_test.tla
0.05user 0.04system 0:00.08elapsed 113%CPU (0avgtext+0avgdata 25632maxresident)k
32inputs+104outputs (0major+13534minor)pagefaults 0swaps
    ./fast/smt_tests/basic/prop/prop6_test.tla
0.07user 0.02system 0:00.08elapsed 114%CPU (0avgtext+0avgdata 25480maxresident)k
32inputs+104outputs (0major+13506minor)pagefaults 0swaps
    ./fast/smt_tests/basic/prop/prop7_test.tla
0.05user 0.03system 0:00.07elapsed 114%CPU (0avgtext+0avgdata 28040maxresident)k
32inputs+104outputs (0major+13658minor)pagefaults 0swaps
    ./fast/smt_tests/basic/prop/prop8_test.tla
0.06user 0.02system 0:00.07elapsed 114%CPU (0avgtext+0avgdata 27968maxresident)k
32inputs+104outputs (0major+13674minor)pagefaults 0swaps
    ./fast/smt_tests/basic/prop/prop9_test.tla
0.04user 0.04system 0:00.07elapsed 112%CPU (0avgtext+0avgdata 25560maxresident)k
32inputs+104outputs (0major+13495minor)pagefaults 0swaps
    ./fast/smt_tests/basic/record/record1_test.tla
0.06user 0.04system 0:00.09elapsed 111%CPU (0avgtext+0avgdata 25680maxresident)k
40inputs+104outputs (0major+13471minor)pagefaults 0swaps
    ./fast/smt_tests/basic/record/record2_test.tla
0.07user 0.02system 0:00.08elapsed 112%CPU (0avgtext+0avgdata 25624maxresident)k
16inputs+104outputs (0major+13539minor)pagefaults 0swaps
    ./fast/smt_tests/basic/record/record3_test.tla
0.06user 0.02system 0:00.07elapsed 112%CPU (0avgtext+0avgdata 25576maxresident)k
16inputs+104outputs (0major+13524minor)pagefaults 0swaps
    ./fast/smt_tests/basic/set/set10_test.tla
0.05user 0.03system 0:00.07elapsed 115%CPU (0avgtext+0avgdata 28104maxresident)k
296inputs+104outputs (0major+13655minor)pagefaults 0swaps
    ./fast/smt_tests/basic/set/set11_test.tla
0.05user 0.03system 0:00.08elapsed 114%CPU (0avgtext+0avgdata 25644maxresident)k
16inputs+104outputs (0major+13514minor)pagefaults 0swaps
    ./fast/smt_tests/basic/set/set12_test.tla
0.06user 0.03system 0:00.08elapsed 113%CPU (0avgtext+0avgdata 25600maxresident)k
16inputs+104outputs (0major+13504minor)pagefaults 0swaps
    ./fast/smt_tests/basic/set/set13_test.tla
0.06user 0.03system 0:00.08elapsed 112%CPU (0avgtext+0avgdata 25484maxresident)k
16inputs+104outputs (0major+13483minor)pagefaults 0swaps
    ./fast/smt_tests/basic/set/set14_test.tla
0.06user 0.04system 0:00.08elapsed 116%CPU (0avgtext+0avgdata 27936maxresident)k
16inputs+104outputs (0major+13645minor)pagefaults 0swaps
    ./fast/smt_tests/basic/set/set15_test.tla
0.06user 0.02system 0:00.07elapsed 114%CPU (0avgtext+0avgdata 25488maxresident)k
16inputs+104outputs (0major+13556minor)pagefaults 0swaps
    ./fast/smt_tests/basic/set/set16_test.tla
0.07user 0.03system 0:00.09elapsed 117%CPU (0avgtext+0avgdata 29776maxresident)k
16inputs+104outputs (0major+13827minor)pagefaults 0swaps
    ./fast/smt_tests/basic/set/set17_test.tla
0.05user 0.03system 0:00.07elapsed 113%CPU (0avgtext+0avgdata 25520maxresident)k
16inputs+104outputs (0major+13527minor)pagefaults 0swaps
    ./fast/smt_tests/basic/set/set18_test.tla
0.08user 0.03system 0:00.09elapsed 117%CPU (0avgtext+0avgdata 29272maxresident)k
16inputs+104outputs (0major+13829minor)pagefaults 0swaps
    ./fast/smt_tests/basic/set/set19_test.tla
0.07user 0.02system 0:00.08elapsed 117%CPU (0avgtext+0avgdata 25548maxresident)k
16inputs+104outputs (0major+13526minor)pagefaults 0swaps
    ./fast/smt_tests/basic/set/set1_test.tla
0.06user 0.03system 0:00.09elapsed 114%CPU (0avgtext+0avgdata 28252maxresident)k
16inputs+104outputs (0major+13646minor)pagefaults 0swaps
    ./fast/smt_tests/basic/set/set2_test.tla
0.04user 0.04system 0:00.07elapsed 114%CPU (0avgtext+0avgdata 25596maxresident)k
16inputs+104outputs (0major+13477minor)pagefaults 0swaps
    ./fast/smt_tests/basic/set/set3_test.tla
0.05user 0.04system 0:00.08elapsed 113%CPU (0avgtext+0avgdata 25484maxresident)k
16inputs+104outputs (0major+13484minor)pagefaults 0swaps
    ./fast/smt_tests/basic/set/set4_test.tla
0.06user 0.03system 0:00.08elapsed 112%CPU (0avgtext+0avgdata 25736maxresident)k
16inputs+104outputs (0major+13480minor)pagefaults 0swaps
    ./fast/smt_tests/basic/set/set5_test.tla
0.06user 0.02system 0:00.07elapsed 114%CPU (0avgtext+0avgdata 25552maxresident)k
16inputs+104outputs (0major+13489minor)pagefaults 0swaps
    ./fast/smt_tests/basic/set/set6_test.tla
0.05user 0.04system 0:00.08elapsed 113%CPU (0avgtext+0avgdata 27880maxresident)k
16inputs+104outputs (0major+13635minor)pagefaults 0swaps
    ./fast/smt_tests/basic/set/set7_test.tla
0.07user 0.01system 0:00.07elapsed 114%CPU (0avgtext+0avgdata 25500maxresident)k
16inputs+104outputs (0major+13494minor)pagefaults 0swaps
    ./fast/smt_tests/basic/set/set8_test.tla
0.04user 0.04system 0:00.08elapsed 115%CPU (0avgtext+0avgdata 28044maxresident)k
16inputs+104outputs (0major+13626minor)pagefaults 0swaps
    ./fast/smt_tests/basic/set/set9_test.tla
0.06user 0.02system 0:00.08elapsed 116%CPU (0avgtext+0avgdata 28160maxresident)k
16inputs+104outputs (0major+13653minor)pagefaults 0swaps
    ./fast/smt_tests/basic/string/strings1_test.tla
0.05user 0.03system 0:00.08elapsed 113%CPU (0avgtext+0avgdata 25576maxresident)k
40inputs+104outputs (0major+13476minor)pagefaults 0swaps
    ./fast/smt_tests/basic/string/strings2_test.tla
0.06user 0.02system 0:00.07elapsed 115%CPU (0avgtext+0avgdata 25632maxresident)k
16inputs+104outputs (0major+13475minor)pagefaults 0swaps
    ./fast/smt_tests/basic/tuple/tuple1_test.tla
0.04user 0.04system 0:00.07elapsed 112%CPU (0avgtext+0avgdata 25640maxresident)k
296inputs+104outputs (0major+13448minor)pagefaults 0swaps
    ./fast/smt_tests/basic/tuple/tuple2_test.tla
0.06user 0.03system 0:00.08elapsed 116%CPU (0avgtext+0avgdata 27836maxresident)k
16inputs+104outputs (0major+13637minor)pagefaults 0swaps
    ./fast/smt_tests/basic/tuple/tuple3_test.tla
0.05user 0.04system 0:00.08elapsed 113%CPU (0avgtext+0avgdata 25764maxresident)k
16inputs+104outputs (0major+13486minor)pagefaults 0swaps
    ./fast/smt_tests/basic/tuple/tuple4_test.tla
0.04user 0.04system 0:00.07elapsed 114%CPU (0avgtext+0avgdata 25512maxresident)k
16inputs+104outputs (0major+13474minor)pagefaults 0swaps
    ./fast/smt_tests/basic/tuple/tuple5_test.tla
0.05user 0.03system 0:00.08elapsed 112%CPU (0avgtext+0avgdata 25408maxresident)k
16inputs+104outputs (0major+13495minor)pagefaults 0swaps
    ./fast/smt_tests/basic/tuple/tuple6_test.tla
0.07user 0.03system 0:00.09elapsed 112%CPU (0avgtext+0avgdata 25644maxresident)k
16inputs+104outputs (0major+13485minor)pagefaults 0swaps
    ./fast/smt_tests/basic/tuple/tuple7_test.tla
0.06user 0.03system 0:00.08elapsed 112%CPU (0avgtext+0avgdata 25636maxresident)k
16inputs+104outputs (0major+13528minor)pagefaults 0swaps
    ./fast/smt_tests/lang/user_ops_test.tla
0.33user 0.02system 0:00.34elapsed 102%CPU (0avgtext+0avgdata 25688maxresident)k
40inputs+152outputs (0major+14660minor)pagefaults 0swaps
    ./fast/smt_tests/negative/one_div_zero_test.tla
2.26user 2.86system 0:05.10elapsed 100%CPU (0avgtext+0avgdata 21556maxresident)k
80inputs+120outputs (0major+13706minor)pagefaults 0swaps
    ./fast/smt_tests/negative/zero_in_one_test.tla
2.33user 2.81system 0:05.12elapsed 100%CPU (0avgtext+0avgdata 21476maxresident)k
40inputs+136outputs (0major+13698minor)pagefaults 0swaps
    ./fast/smt_tests/rewriting_rules/quantifiers_test.tla
0.12user 0.08system 0:00.12elapsed 164%CPU (0avgtext+0avgdata 25708maxresident)k
40inputs+192outputs (0major+36989minor)pagefaults 0swaps
    ./fast/smt_tests/silly_theorems/app_ambiguity_test.tla
0.07user 0.03system 0:00.10elapsed 112%CPU (0avgtext+0avgdata 27828maxresident)k
80inputs+104outputs (0major+13762minor)pagefaults 0swaps
    ./fast/smt_tests/silly_theorems/nonempty_integer_test.tla
0.08user 0.08system 0:00.11elapsed 151%CPU (0avgtext+0avgdata 29492maxresident)k
32inputs+160outputs (0major+28291minor)pagefaults 0swaps
    ./fast/smt_tests/silly_theorems/one_implies_one_test.tla
0.08user 0.04system 0:00.10elapsed 122%CPU (0avgtext+0avgdata 21552maxresident)k
32inputs+104outputs (0major+13397minor)pagefaults 0swaps
    ./fast/smt_tests/silly_theorems/record_as_function_test.tla
0.08user 0.03system 0:00.10elapsed 116%CPU (0avgtext+0avgdata 29572maxresident)k
32inputs+112outputs (0major+13713minor)pagefaults 0swaps
    ./fast/smt_tests/silly_theorems/x_implies_x_test.tla
0.08user 0.02system 0:00.08elapsed 114%CPU (0avgtext+0avgdata 25752maxresident)k
32inputs+104outputs (0major+13500minor)pagefaults 0swaps
    ./medium/regression/select_bug_test.tla
21.39user 28.69system 0:50.09elapsed 99%CPU (0avgtext+0avgdata 21440maxresident)k
40inputs+144outputs (0major+9533minor)pagefaults 0swaps
    ./medium/regression/snapshot/GFX_test.tla
forbidden output is present
Command exited with non-zero status 3
190.57user 35.89system 2:24.59elapsed 156%CPU (0avgtext+0avgdata 1021356maxresident)k
536inputs+19328outputs (0major+1855225minor)pagefaults 0swaps
    ./medium/regression/snapshot/SnapShot_test.tla
forbidden output is present
Command exited with non-zero status 3
239.87user 14.21system 3:49.28elapsed 110%CPU (0avgtext+0avgdata 298480maxresident)k
36864inputs+43032outputs (334major+3076262minor)pagefaults 0swaps
    ./original/fast/basic/cvc3_false_test.tla
0.08user 0.04system 0:00.13elapsed 98%CPU (0avgtext+0avgdata 21400maxresident)k
11880inputs+88outputs (46major+8573minor)pagefaults 0swaps
    ./original/fast/basic/isa_false_test.tla
0.08user 0.03system 0:00.12elapsed 100%CPU (0avgtext+0avgdata 21432maxresident)k
88inputs+96outputs (0major+8478minor)pagefaults 0swaps
    ./original/fast/basic/isa_true_test.tla
forbidden output is present
Command exited with non-zero status 3
0.09user 0.02system 0:00.11elapsed 101%CPU (0avgtext+0avgdata 21488maxresident)k
48inputs+96outputs (0major+8523minor)pagefaults 0swaps
    ./original/fast/basic/nonexistent_test.tla
0.07user 0.03system 0:00.10elapsed 100%CPU (0avgtext+0avgdata 21372maxresident)k
56inputs+56outputs (0major+7395minor)pagefaults 0swaps
    ./original/fast/basic/smt_arith_test.tla
0.10user 0.06system 0:00.14elapsed 113%CPU (0avgtext+0avgdata 25636maxresident)k
64inputs+104outputs (0major+13500minor)pagefaults 0swaps
    ./original/fast/basic/smt_false_test.tla
0.10user 0.06system 0:00.14elapsed 112%CPU (0avgtext+0avgdata 25464maxresident)k
72inputs+104outputs (0major+13483minor)pagefaults 0swaps
    ./original/fast/basic/tab_character_test.tla
0.05user 0.01system 0:00.09elapsed 72%CPU (0avgtext+0avgdata 10212maxresident)k
8inputs+16outputs (0major+2084minor)pagefaults 0swaps
    ./original/fast/basic/true_test.tla
0.09user 0.06system 0:00.14elapsed 113%CPU (0avgtext+0avgdata 25616maxresident)k
48inputs+104outputs (0major+13545minor)pagefaults 0swaps
    ./original/fast/basic/z3_arith_test.tla
0.12user 0.05system 0:00.15elapsed 112%CPU (0avgtext+0avgdata 25724maxresident)k
80inputs+104outputs (0major+13508minor)pagefaults 0swaps
    ./original/fast/basic/z3_false_test.tla
0.11user 0.04system 0:00.14elapsed 113%CPU (0avgtext+0avgdata 25640maxresident)k
48inputs+104outputs (0major+13469minor)pagefaults 0swaps
    ./original/fast/basic/zen_false_test.tla
0.12user 0.04system 0:00.14elapsed 120%CPU (0avgtext+0avgdata 21496maxresident)k
48inputs+104outputs (0major+13028minor)pagefaults 0swaps
    ./original/fast/basic/zen_true_test.tla
0.10user 0.08system 0:00.15elapsed 117%CPU (0avgtext+0avgdata 21476maxresident)k
80inputs+104outputs (0major+13064minor)pagefaults 0swaps
    ./original/fast/enabled_cdot/Cdot_test.tla
0.22user 0.10system 0:00.16elapsed 201%CPU (0avgtext+0avgdata 23320maxresident)k
328inputs+184outputs (0major+27063minor)pagefaults 0swaps
    ./original/fast/enabled_cdot/ENABLEDaxioms_test.tla
0.79user 0.78system 0:00.58elapsed 268%CPU (0avgtext+0avgdata 28328maxresident)k
128inputs+984outputs (0major+211162minor)pagefaults 0swaps
    ./original/fast/enabled_cdot/ENABLED_INSTANCE_nullary_op_test.tla
0.14user 0.14system 0:00.22elapsed 126%CPU (0avgtext+0avgdata 29872maxresident)k
160inputs+160outputs (0major+19077minor)pagefaults 0swaps
    ./original/fast/enabled_cdot/ENABLED_INSTANCE_nullary_op_two_vars_test.tla
forbidden output is present
Command exited with non-zero status 3
0.15user 0.10system 0:00.20elapsed 126%CPU (0avgtext+0avgdata 29752maxresident)k
64inputs+168outputs (0major+19037minor)pagefaults 0swaps
    ./original/fast/enabled_cdot/ENABLED_INSTANCE_op_with_args_test.tla
forbidden output is present
Command exited with non-zero status 3
0.15user 0.11system 0:00.21elapsed 126%CPU (0avgtext+0avgdata 29900maxresident)k
64inputs+168outputs (1major+19117minor)pagefaults 0swaps
    ./original/fast/enabled_cdot/Enabled_test.tla
0.70user 0.49system 0:00.39elapsed 301%CPU (0avgtext+0avgdata 30084maxresident)k
96inputs+624outputs (0major+132917minor)pagefaults 0swaps
    ./original/fast/enabled_cdot/ExpandENABLED_LET_test.tla
0.13user 0.07system 0:00.18elapsed 120%CPU (0avgtext+0avgdata 21608maxresident)k
64inputs+104outputs (0major+13070minor)pagefaults 0swaps
    ./original/fast/enabled_cdot/ExpandOnlyCdot_test.tla
0.08user 0.05system 0:00.13elapsed 102%CPU (0avgtext+0avgdata 21376maxresident)k
56inputs+88outputs (0major+8512minor)pagefaults 0swaps
    ./original/fast/enabled_cdot/ExpandOnlyENABLED_test.tla
0.09user 0.04system 0:00.13elapsed 100%CPU (0avgtext+0avgdata 21436maxresident)k
56inputs+88outputs (0major+8449minor)pagefaults 0swaps
    ./original/fast/enabled_cdot/Level_of_parametric_INSTANCE_test.tla
0.13user 0.10system 0:00.18elapsed 128%CPU (0avgtext+0avgdata 25712maxresident)k
72inputs+120outputs (0major+17886minor)pagefaults 0swaps
    ./original/fast/enabled_cdot/Level_test.tla
0.18user 0.06system 0:00.22elapsed 113%CPU (0avgtext+0avgdata 21604maxresident)k
88inputs+144outputs (0major+13724minor)pagefaults 0swaps
    ./original/fast/enabled_cdot/NestedCdot_test.tla
0.22user 0.13system 0:00.18elapsed 191%CPU (0avgtext+0avgdata 25016maxresident)k
40inputs+168outputs (0major+27857minor)pagefaults 0swaps
    ./original/fast/enabled_cdot/NestedENABLED_from_AutoUSE_test.tla
forbidden output is present
Command exited with non-zero status 3
0.09user 0.04system 0:00.14elapsed 101%CPU (0avgtext+0avgdata 21364maxresident)k
40inputs+96outputs (0major+8495minor)pagefaults 0swaps
    ./original/fast/enabled_cdot/NestedENABLED_test.tla
0.21user 0.08system 0:00.18elapsed 156%CPU (0avgtext+0avgdata 22448maxresident)k
72inputs+160outputs (0major+22686minor)pagefaults 0swaps
    ./original/fast/fingerprint/FingerprintVariablesParameters_test.tla
required error output is missing
Command exited with non-zero status 3
0.15user 0.05system 0:00.20elapsed 100%CPU (0avgtext+0avgdata 21372maxresident)k
312inputs+104outputs (0major+14673minor)pagefaults 0swaps
    ./original/fast/language/EXCEPTMultipleBrackets_test.tla
0.11user 0.09system 0:00.14elapsed 140%CPU (0avgtext+0avgdata 25800maxresident)k
80inputs+104outputs (0major+22104minor)pagefaults 0swaps
    ./original/fast/language/EXTENDS_in_submodule_test.tla
0.09user 0.03system 0:00.12elapsed 100%CPU (0avgtext+0avgdata 21372maxresident)k
312inputs+128outputs (0major+9126minor)pagefaults 0swaps
    ./original/fast/language/INSTANCE_inside_LET_fingerprint_test.tla
0.11user 0.07system 0:00.17elapsed 110%CPU (0avgtext+0avgdata 25724maxresident)k
56inputs+144outputs (0major+14247minor)pagefaults 0swaps
    ./original/fast/language/INSTANCE_inside_LET_test.tla
0.11user 0.06system 0:00.15elapsed 114%CPU (0avgtext+0avgdata 25520maxresident)k
40inputs+144outputs (0major+14283minor)pagefaults 0swaps
    ./original/fast/language/INSTANCE_shift_due_to_omitted_modunits_test.tla
0.10user 0.04system 0:00.14elapsed 102%CPU (0avgtext+0avgdata 21388maxresident)k
48inputs+136outputs (0major+9160minor)pagefaults 0swaps
    ./original/fast/language/Operators_test.tla
0.11user 0.08system 0:00.16elapsed 121%CPU (0avgtext+0avgdata 25648maxresident)k
320inputs+88outputs (0major+17553minor)pagefaults 0swaps
    ./original/fast/language/SubrefLL_test.tla
1.00user 0.70system 0:00.83elapsed 205%CPU (0avgtext+0avgdata 25804maxresident)k
96inputs+896outputs (0major+202925minor)pagefaults 0swaps
    ./original/fast/language/Subref_test.tla
0.96user 0.52system 0:00.40elapsed 372%CPU (0avgtext+0avgdata 25648maxresident)k
64inputs+832outputs (1major+124241minor)pagefaults 0swaps
    ./original/fast/language/WFTRUE_test.tla
forbidden output is present
Command exited with non-zero status 3
0.09user 0.03system 0:00.13elapsed 100%CPU (0avgtext+0avgdata 21408maxresident)k
40inputs+64outputs (0major+7874minor)pagefaults 0swaps
    ./original/fast/regression/consensus/consensus_test.tla
4.96user 1.79system 0:03.65elapsed 185%CPU (0avgtext+0avgdata 35884maxresident)k
448inputs+304outputs (0major+26954minor)pagefaults 0swaps
    ./original/fast/regression/cooper_instantiation_test.tla
0.08user 0.04system 0:00.12elapsed 100%CPU (0avgtext+0avgdata 21444maxresident)k
48inputs+56outputs (0major+7507minor)pagefaults 0swaps
    ./original/fast/regression/higher_order_statement_test.tla
forbidden output is present
Command exited with non-zero status 3
11.74user 13.60system 0:25.26elapsed 100%CPU (0avgtext+0avgdata 25712maxresident)k
104inputs+232outputs (0major+23976minor)pagefaults 0swaps
    ./original/fast/regression/MiniProducerConsumer_test.tla
40.62user 34.78system 1:15.36elapsed 100%CPU (0avgtext+0avgdata 21564maxresident)k
64inputs+416outputs (1major+15525minor)pagefaults 0swaps
    ./original/fast/regression/parameterized_instantiation_test.tla
0.12user 0.08system 0:00.19elapsed 112%CPU (0avgtext+0avgdata 25596maxresident)k
392inputs+152outputs (0major+14237minor)pagefaults 0swaps
    ./original/fast/regression/setEuclid_test.tla
forbidden output is present
Command exited with non-zero status 3
15.09user 12.79system 0:26.65elapsed 104%CPU (0avgtext+0avgdata 33880maxresident)k
128inputs+1120outputs (0major+134714minor)pagefaults 0swaps
    ./original/fast/regression/smt_domain_check_test.tla
0.12user 0.09system 0:00.18elapsed 113%CPU (0avgtext+0avgdata 29496maxresident)k
64inputs+112outputs (0major+13752minor)pagefaults 0swaps
    ./original/fast/regression/z3_fingerprint_test.tla
0.19user 0.07system 0:00.26elapsed 101%CPU (0avgtext+0avgdata 21384maxresident)k
64inputs+160outputs (0major+16748minor)pagefaults 0swaps
    ./original/fast/russell_test.tla
0.17user 0.13system 0:00.19elapsed 157%CPU (0avgtext+0avgdata 25652maxresident)k
384inputs+160outputs (0major+27494minor)pagefaults 0swaps
    ./original/fast/smt_tests/advanced/functions/bijection_thm_test.tla
0.69user 0.33system 0:00.59elapsed 172%CPU (0avgtext+0avgdata 30004maxresident)k
96inputs+640outputs (0major+105684minor)pagefaults 0swaps
    ./original/fast/smt_tests/advanced/functions/composition_test.tla
0.13user 0.05system 0:00.16elapsed 114%CPU (0avgtext+0avgdata 28000maxresident)k
56inputs+104outputs (0major+13680minor)pagefaults 0swaps
    ./original/fast/smt_tests/advanced/functions/identity1_test.tla
0.10user 0.07system 0:00.16elapsed 112%CPU (0avgtext+0avgdata 25572maxresident)k
48inputs+112outputs (0major+13531minor)pagefaults 0swaps
    ./original/fast/smt_tests/advanced/functions/identity2_test.tla
0.12user 0.06system 0:00.16elapsed 114%CPU (0avgtext+0avgdata 29344maxresident)k
128inputs+120outputs (0major+13762minor)pagefaults 0swaps
    ./original/fast/smt_tests/advanced/set_theory/cantor1_test.tla
11.25user 14.07system 0:25.21elapsed 100%CPU (0avgtext+0avgdata 30376maxresident)k
112inputs+240outputs (0major+37959minor)pagefaults 0swaps
    ./original/fast/smt_tests/advanced/set_theory/choice_axiom2_test.tla
11.38user 13.89system 0:25.17elapsed 100%CPU (0avgtext+0avgdata 29928maxresident)k
64inputs+280outputs (0major+38678minor)pagefaults 0swaps
    ./original/fast/smt_tests/advanced/set_theory/choice_axiom_test.tla
0.21user 0.15system 0:00.18elapsed 197%CPU (0avgtext+0avgdata 30748maxresident)k
64inputs+304outputs (0major+57688minor)pagefaults 0swaps
    ./original/fast/smt_tests/advanced/set_theory/section_test.tla
10.72user 14.51system 0:25.16elapsed 100%CPU (0avgtext+0avgdata 29784maxresident)k
56inputs+336outputs (0major+38745minor)pagefaults 0swaps
    ./original/fast/smt_tests/advanced/tuples/tuple_as_function1_test.tla
0.17user 0.12system 0:00.18elapsed 162%CPU (0avgtext+0avgdata 27996maxresident)k
96inputs+336outputs (0major+51600minor)pagefaults 0swaps
    ./original/fast/smt_tests/advanced/tuples/tuple_as_function2_test.tla
0.19user 0.13system 0:00.18elapsed 176%CPU (0avgtext+0avgdata 29740maxresident)k
312inputs+344outputs (0major+61982minor)pagefaults 0swaps
    ./original/fast/smt_tests/basic/arith/arith10_test.tla
0.06user 0.05system 0:00.10elapsed 111%CPU (0avgtext+0avgdata 25688maxresident)k
528inputs+104outputs (0major+13501minor)pagefaults 0swaps
    ./original/fast/smt_tests/basic/arith/arith11_test.tla
0.07user 0.04system 0:00.10elapsed 112%CPU (0avgtext+0avgdata 25680maxresident)k
64inputs+104outputs (0major+13491minor)pagefaults 0swaps
    ./original/fast/smt_tests/basic/arith/arith12_test.tla
0.06user 0.04system 0:00.09elapsed 113%CPU (0avgtext+0avgdata 28176maxresident)k
56inputs+104outputs (0major+13669minor)pagefaults 0swaps
    ./original/fast/smt_tests/basic/arith/arith13_test.tla
0.07user 0.03system 0:00.09elapsed 113%CPU (0avgtext+0avgdata 28184maxresident)k
56inputs+104outputs (0major+13653minor)pagefaults 0swaps
    ./original/fast/smt_tests/basic/arith/arith14_test.tla
0.08user 0.03system 0:00.10elapsed 115%CPU (0avgtext+0avgdata 26804maxresident)k
56inputs+104outputs (0major+13596minor)pagefaults 0swaps
    ./original/fast/smt_tests/basic/arith/arith15_test.tla
0.06user 0.03system 0:00.09elapsed 112%CPU (0avgtext+0avgdata 25640maxresident)k
48inputs+104outputs (0major+13458minor)pagefaults 0swaps
    ./original/fast/smt_tests/basic/arith/arith16_test.tla
0.07user 0.04system 0:00.09elapsed 113%CPU (0avgtext+0avgdata 25856maxresident)k
48inputs+104outputs (0major+13471minor)pagefaults 0swaps
    ./original/fast/smt_tests/basic/arith/arith17_test.tla
0.07user 0.03system 0:00.09elapsed 116%CPU (0avgtext+0avgdata 25760maxresident)k
64inputs+104outputs (0major+13511minor)pagefaults 0swaps
    ./original/fast/smt_tests/basic/arith/arith18_test.tla
0.06user 0.03system 0:00.08elapsed 114%CPU (0avgtext+0avgdata 25880maxresident)k
56inputs+104outputs (0major+13464minor)pagefaults 0swaps
    ./original/fast/smt_tests/basic/arith/arith19_test.tla
0.06user 0.02system 0:00.08elapsed 113%CPU (0avgtext+0avgdata 25696maxresident)k
40inputs+104outputs (0major+13547minor)pagefaults 0swaps
    ./original/fast/smt_tests/basic/arith/arith1_test.tla
0.06user 0.03system 0:00.08elapsed 116%CPU (0avgtext+0avgdata 25660maxresident)k
40inputs+104outputs (0major+13542minor)pagefaults 0swaps
    ./original/fast/smt_tests/basic/arith/arith2_test.tla
0.05user 0.04system 0:00.08elapsed 113%CPU (0avgtext+0avgdata 25764maxresident)k
40inputs+104outputs (0major+13529minor)pagefaults 0swaps
    ./original/fast/smt_tests/basic/arith/arith3_test.tla
0.05user 0.03system 0:00.08elapsed 113%CPU (0avgtext+0avgdata 25828maxresident)k
48inputs+104outputs (0major+13543minor)pagefaults 0swaps
    ./original/fast/smt_tests/basic/arith/arith4_test.tla
0.05user 0.04system 0:00.08elapsed 115%CPU (0avgtext+0avgdata 25708maxresident)k
56inputs+104outputs (0major+13545minor)pagefaults 0swaps
    ./original/fast/smt_tests/basic/arith/arith5_test.tla
0.05user 0.03system 0:00.08elapsed 112%CPU (0avgtext+0avgdata 25624maxresident)k
56inputs+104outputs (0major+13542minor)pagefaults 0swaps
    ./original/fast/smt_tests/basic/arith/arith6_test.tla
0.06user 0.04system 0:00.09elapsed 113%CPU (0avgtext+0avgdata 25700maxresident)k
64inputs+104outputs (0major+13492minor)pagefaults 0swaps
    ./original/fast/smt_tests/basic/arith/arith7_test.tla
0.06user 0.03system 0:00.08elapsed 114%CPU (0avgtext+0avgdata 25684maxresident)k
64inputs+104outputs (0major+13511minor)pagefaults 0swaps
    ./original/fast/smt_tests/basic/arith/arith8_test.tla
0.06user 0.03system 0:00.08elapsed 113%CPU (0avgtext+0avgdata 25592maxresident)k
56inputs+104outputs (0major+13507minor)pagefaults 0swaps
    ./original/fast/smt_tests/basic/arith/arith9_test.tla
0.05user 0.03system 0:00.08elapsed 115%CPU (0avgtext+0avgdata 25612maxresident)k
64inputs+104outputs (0major+13511minor)pagefaults 0swaps
    ./original/fast/smt_tests/basic/epsilon/epsilon1_test.tla
0.06user 0.03system 0:00.08elapsed 114%CPU (0avgtext+0avgdata 28040maxresident)k
104inputs+104outputs (0major+13669minor)pagefaults 0swaps
    ./original/fast/smt_tests/basic/epsilon/epsilon2_test.tla
0.06user 0.04system 0:00.08elapsed 114%CPU (0avgtext+0avgdata 28228maxresident)k
56inputs+104outputs (0major+13705minor)pagefaults 0swaps
    ./original/fast/smt_tests/basic/epsilon/epsilon3_test.tla
0.06user 0.03system 0:00.08elapsed 113%CPU (0avgtext+0avgdata 28288maxresident)k
48inputs+104outputs (0major+13633minor)pagefaults 0swaps
    ./original/fast/smt_tests/basic/epsilon/epsilon4_test.tla
0.06user 0.04system 0:00.09elapsed 114%CPU (0avgtext+0avgdata 28200maxresident)k
40inputs+104outputs (0major+13629minor)pagefaults 0swaps
    ./original/fast/smt_tests/basic/extensionality/empty_set_ext_test.tla
0.05user 0.04system 0:00.08elapsed 112%CPU (0avgtext+0avgdata 28080maxresident)k
120inputs+104outputs (0major+13619minor)pagefaults 0swaps
    ./original/fast/smt_tests/basic/extensionality/enum_ext_test.tla
0.06user 0.02system 0:00.08elapsed 114%CPU (0avgtext+0avgdata 28192maxresident)k
40inputs+104outputs (0major+13686minor)pagefaults 0swaps
    ./original/fast/smt_tests/basic/extensionality/fun_ext_test.tla
0.05user 0.03system 0:00.08elapsed 113%CPU (0avgtext+0avgdata 25604maxresident)k
64inputs+104outputs (0major+13571minor)pagefaults 0swaps
    ./original/fast/smt_tests/basic/extensionality/set_ext_test.tla
0.05user 0.04system 0:00.08elapsed 114%CPU (0avgtext+0avgdata 30232maxresident)k
40inputs+104outputs (0major+13753minor)pagefaults 0swaps
    ./original/fast/smt_tests/basic/extensionality/tup_ext_test.tla
0.06user 0.02system 0:00.08elapsed 113%CPU (0avgtext+0avgdata 25736maxresident)k
56inputs+104outputs (0major+13529minor)pagefaults 0swaps
    ./original/fast/smt_tests/basic/firstorder/firstorder1_test.tla
0.06user 0.03system 0:00.08elapsed 111%CPU (0avgtext+0avgdata 28248maxresident)k
360inputs+104outputs (0major+13680minor)pagefaults 0swaps
    ./original/fast/smt_tests/basic/firstorder/firstorder1_wproof_test.tla
0.08user 0.04system 0:00.09elapsed 136%CPU (0avgtext+0avgdata 28160maxresident)k
40inputs+144outputs (0major+23007minor)pagefaults 0swaps
    ./original/fast/smt_tests/basic/firstorder/firstorder2_test.tla
0.06user 0.02system 0:00.08elapsed 114%CPU (0avgtext+0avgdata 28108maxresident)k
72inputs+104outputs (0major+13647minor)pagefaults 0swaps
    ./original/fast/smt_tests/basic/firstorder/firstorder2_wproof_test.tla
0.06user 0.05system 0:00.09elapsed 134%CPU (0avgtext+0avgdata 28356maxresident)k
56inputs+144outputs (0major+23053minor)pagefaults 0swaps
    ./original/fast/smt_tests/basic/firstorder/firstorder3_test.tla
0.05user 0.05system 0:00.09elapsed 116%CPU (0avgtext+0avgdata 29676maxresident)k
48inputs+104outputs (0major+13764minor)pagefaults 0swaps
    ./original/fast/smt_tests/basic/firstorder/firstorder3_wproof_test.tla
0.06user 0.06system 0:00.09elapsed 137%CPU (0avgtext+0avgdata 29824maxresident)k
48inputs+144outputs (0major+23460minor)pagefaults 0swaps
    ./original/fast/smt_tests/basic/firstorder/firstorder4_test.tla
0.05user 0.04system 0:00.08elapsed 115%CPU (0avgtext+0avgdata 29756maxresident)k
48inputs+104outputs (0major+13732minor)pagefaults 0swaps
    ./original/fast/smt_tests/basic/firstorder/firstorder4_wproof_test.tla
0.11user 0.03system 0:00.10elapsed 142%CPU (0avgtext+0avgdata 30200maxresident)k
40inputs+160outputs (0major+27990minor)pagefaults 0swaps
    ./original/fast/smt_tests/basic/firstorder/firstorder5_test.tla
0.07user 0.02system 0:00.08elapsed 115%CPU (0avgtext+0avgdata 29576maxresident)k
64inputs+104outputs (0major+13745minor)pagefaults 0swaps
    ./original/fast/smt_tests/basic/firstorder/firstorder5_wproof_test.tla
0.09user 0.06system 0:00.11elapsed 137%CPU (0avgtext+0avgdata 28284maxresident)k
48inputs+160outputs (0major+27914minor)pagefaults 0swaps
    ./original/fast/smt_tests/basic/firstorder/firstorder6_test.tla
0.06user 0.04system 0:00.09elapsed 117%CPU (0avgtext+0avgdata 29800maxresident)k
56inputs+104outputs (0major+13770minor)pagefaults 0swaps
    ./original/fast/smt_tests/basic/firstorder/firstorder6_wproof_test.tla
0.08user 0.05system 0:00.09elapsed 150%CPU (0avgtext+0avgdata 30020maxresident)k
56inputs+160outputs (0major+28390minor)pagefaults 0swaps
    ./original/fast/smt_tests/basic/function/function10_test.tla
0.06user 0.03system 0:00.08elapsed 111%CPU (0avgtext+0avgdata 25604maxresident)k
624inputs+104outputs (0major+13563minor)pagefaults 0swaps
    ./original/fast/smt_tests/basic/function/function11_test.tla
0.07user 0.03system 0:00.09elapsed 112%CPU (0avgtext+0avgdata 28040maxresident)k
64inputs+104outputs (0major+13684minor)pagefaults 0swaps
    ./original/fast/smt_tests/basic/function/function12_test.tla
11.04user 14.09system 0:25.12elapsed 100%CPU (0avgtext+0avgdata 24764maxresident)k
40inputs+152outputs (0major+14559minor)pagefaults 0swaps
    ./original/fast/smt_tests/basic/function/function13_test.tla
0.07user 0.06system 0:00.11elapsed 113%CPU (0avgtext+0avgdata 25596maxresident)k
64inputs+104outputs (0major+13513minor)pagefaults 0swaps
    ./original/fast/smt_tests/basic/function/function14_test.tla
0.07user 0.04system 0:00.10elapsed 113%CPU (0avgtext+0avgdata 28116maxresident)k
48inputs+104outputs (0major+13740minor)pagefaults 0swaps
    ./original/fast/smt_tests/basic/function/function15_test.tla
0.07user 0.05system 0:00.10elapsed 114%CPU (0avgtext+0avgdata 25656maxresident)k
56inputs+104outputs (0major+13524minor)pagefaults 0swaps
    ./original/fast/smt_tests/basic/function/function16_test.tla
10.98user 14.14system 0:25.12elapsed 100%CPU (0avgtext+0avgdata 22136maxresident)k
48inputs+160outputs (0major+13896minor)pagefaults 0swaps
    ./original/fast/smt_tests/basic/function/function17_test.tla
0.11user 0.03system 0:00.12elapsed 112%CPU (0avgtext+0avgdata 29712maxresident)k
64inputs+120outputs (0major+13787minor)pagefaults 0swaps
    ./original/fast/smt_tests/basic/function/function18_test.tla
0.09user 0.02system 0:00.10elapsed 111%CPU (0avgtext+0avgdata 25716maxresident)k
40inputs+104outputs (0major+13552minor)pagefaults 0swaps
    ./original/fast/smt_tests/basic/function/function1_test.tla
0.08user 0.03system 0:00.10elapsed 112%CPU (0avgtext+0avgdata 25704maxresident)k
56inputs+104outputs (0major+13505minor)pagefaults 0swaps
    ./original/fast/smt_tests/basic/function/function20_test.tla
0.08user 0.04system 0:00.10elapsed 115%CPU (0avgtext+0avgdata 25600maxresident)k
288inputs+104outputs (0major+13491minor)pagefaults 0swaps
    ./original/fast/smt_tests/basic/function/function21_test.tla
0.07user 0.03system 0:00.09elapsed 111%CPU (0avgtext+0avgdata 25712maxresident)k
40inputs+104outputs (0major+13499minor)pagefaults 0swaps
    ./original/fast/smt_tests/basic/function/function22_test.tla
0.05user 0.04system 0:00.08elapsed 112%CPU (0avgtext+0avgdata 25716maxresident)k
56inputs+104outputs (0major+13508minor)pagefaults 0swaps
    ./original/fast/smt_tests/basic/function/function23_test.tla
0.05user 0.04system 0:00.08elapsed 114%CPU (0avgtext+0avgdata 29976maxresident)k
48inputs+112outputs (0major+13694minor)pagefaults 0swaps
    ./original/fast/smt_tests/basic/function/function24_test.tla
0.06user 0.03system 0:00.09elapsed 112%CPU (0avgtext+0avgdata 25760maxresident)k
64inputs+104outputs (0major+13507minor)pagefaults 0swaps
    ./original/fast/smt_tests/basic/function/function25_test.tla
0.08user 0.02system 0:00.09elapsed 116%CPU (0avgtext+0avgdata 25692maxresident)k
48inputs+104outputs (0major+13554minor)pagefaults 0swaps
    ./original/fast/smt_tests/basic/function/function26_test.tla
0.07user 0.03system 0:00.09elapsed 114%CPU (0avgtext+0avgdata 25512maxresident)k
40inputs+104outputs (0major+13543minor)pagefaults 0swaps
    ./original/fast/smt_tests/basic/function/function27_test.tla
0.06user 0.04system 0:00.09elapsed 114%CPU (0avgtext+0avgdata 29892maxresident)k
40inputs+120outputs (0major+13788minor)pagefaults 0swaps
    ./original/fast/smt_tests/basic/function/function28_test.tla
0.09user 0.01system 0:00.09elapsed 115%CPU (0avgtext+0avgdata 30264maxresident)k
48inputs+120outputs (0major+13795minor)pagefaults 0swaps
    ./original/fast/smt_tests/basic/function/function29_test.tla
0.05user 0.04system 0:00.08elapsed 113%CPU (0avgtext+0avgdata 25652maxresident)k
48inputs+104outputs (0major+13542minor)pagefaults 0swaps
    ./original/fast/smt_tests/basic/function/function2_test.tla
0.06user 0.04system 0:00.09elapsed 114%CPU (0avgtext+0avgdata 28112maxresident)k
48inputs+104outputs (0major+13665minor)pagefaults 0swaps
    ./original/fast/smt_tests/basic/function/function30_test.tla
0.06user 0.03system 0:00.08elapsed 113%CPU (0avgtext+0avgdata 25856maxresident)k
40inputs+104outputs (0major+13546minor)pagefaults 0swaps
    ./original/fast/smt_tests/basic/function/function3_test.tla
0.07user 0.05system 0:00.09elapsed 127%CPU (0avgtext+0avgdata 30016maxresident)k
40inputs+128outputs (0major+18449minor)pagefaults 0swaps
    ./original/fast/smt_tests/basic/function/function5_test.tla
0.06user 0.03system 0:00.08elapsed 115%CPU (0avgtext+0avgdata 28060maxresident)k
40inputs+104outputs (0major+13649minor)pagefaults 0swaps
    ./original/fast/smt_tests/basic/function/function6_test.tla
0.07user 0.04system 0:00.11elapsed 108%CPU (0avgtext+0avgdata 25768maxresident)k
48inputs+104outputs (0major+13560minor)pagefaults 0swaps
    ./original/fast/smt_tests/basic/function/function7_test.tla
0.05user 0.04system 0:00.08elapsed 112%CPU (0avgtext+0avgdata 25636maxresident)k
64inputs+104outputs (0major+13478minor)pagefaults 0swaps
    ./original/fast/smt_tests/basic/prop/basic_test.tla
0.07user 0.03system 0:00.09elapsed 116%CPU (0avgtext+0avgdata 25828maxresident)k
104inputs+104outputs (0major+13547minor)pagefaults 0swaps
    ./original/fast/smt_tests/basic/prop/prop10_test.tla
0.06user 0.03system 0:00.09elapsed 113%CPU (0avgtext+0avgdata 25604maxresident)k
48inputs+104outputs (0major+13580minor)pagefaults 0swaps
    ./original/fast/smt_tests/basic/prop/prop11_test.tla
0.08user 0.02system 0:00.09elapsed 114%CPU (0avgtext+0avgdata 28240maxresident)k
56inputs+104outputs (0major+13628minor)pagefaults 0swaps
    ./original/fast/smt_tests/basic/prop/prop12_test.tla
0.06user 0.04system 0:00.09elapsed 115%CPU (0avgtext+0avgdata 28320maxresident)k
40inputs+104outputs (0major+13631minor)pagefaults 0swaps
    ./original/fast/smt_tests/basic/prop/prop1_test.tla
0.06user 0.02system 0:00.08elapsed 114%CPU (0avgtext+0avgdata 25656maxresident)k
40inputs+104outputs (0major+13486minor)pagefaults 0swaps
    ./original/fast/smt_tests/basic/prop/prop2_test.tla
0.05user 0.04system 0:00.08elapsed 112%CPU (0avgtext+0avgdata 25584maxresident)k
184inputs+104outputs (0major+13552minor)pagefaults 0swaps
    ./original/fast/smt_tests/basic/prop/prop3_test.tla
0.05user 0.03system 0:00.07elapsed 114%CPU (0avgtext+0avgdata 25688maxresident)k
40inputs+104outputs (0major+13532minor)pagefaults 0swaps
    ./original/fast/smt_tests/basic/prop/prop4_test.tla
0.06user 0.03system 0:00.08elapsed 113%CPU (0avgtext+0avgdata 25608maxresident)k
48inputs+104outputs (0major+13536minor)pagefaults 0swaps
    ./original/fast/smt_tests/basic/prop/prop5_test.tla
0.06user 0.03system 0:00.08elapsed 115%CPU (0avgtext+0avgdata 25644maxresident)k
48inputs+104outputs (2major+13548minor)pagefaults 0swaps
    ./original/fast/smt_tests/basic/prop/prop6_test.tla
0.06user 0.03system 0:00.08elapsed 114%CPU (0avgtext+0avgdata 25692maxresident)k
64inputs+104outputs (0major+13509minor)pagefaults 0swaps
    ./original/fast/smt_tests/basic/prop/prop7_test.tla
0.07user 0.02system 0:00.08elapsed 115%CPU (0avgtext+0avgdata 28056maxresident)k
64inputs+104outputs (0major+13689minor)pagefaults 0swaps
    ./original/fast/smt_tests/basic/prop/prop8_test.tla
0.07user 0.02system 0:00.09elapsed 114%CPU (0avgtext+0avgdata 28172maxresident)k
40inputs+104outputs (0major+13698minor)pagefaults 0swaps
    ./original/fast/smt_tests/basic/prop/prop9_test.tla
0.05user 0.03system 0:00.08elapsed 113%CPU (0avgtext+0avgdata 25596maxresident)k
64inputs+104outputs (0major+13481minor)pagefaults 0swaps
    ./original/fast/smt_tests/basic/record/record1_test.tla
0.06user 0.03system 0:00.08elapsed 112%CPU (0avgtext+0avgdata 25656maxresident)k
96inputs+104outputs (0major+13503minor)pagefaults 0swaps
    ./original/fast/smt_tests/basic/record/record2_test.tla
0.06user 0.03system 0:00.08elapsed 114%CPU (0avgtext+0avgdata 25804maxresident)k
40inputs+104outputs (0major+13530minor)pagefaults 0swaps
    ./original/fast/smt_tests/basic/record/record3_test.tla
0.06user 0.03system 0:00.08elapsed 115%CPU (0avgtext+0avgdata 25644maxresident)k
40inputs+104outputs (0major+13525minor)pagefaults 0swaps
    ./original/fast/smt_tests/basic/set/set10_test.tla
0.05user 0.04system 0:00.08elapsed 115%CPU (0avgtext+0avgdata 28232maxresident)k
360inputs+104outputs (0major+13636minor)pagefaults 0swaps
    ./original/fast/smt_tests/basic/set/set11_test.tla
0.05user 0.03system 0:00.07elapsed 114%CPU (0avgtext+0avgdata 25592maxresident)k
48inputs+104outputs (0major+13507minor)pagefaults 0swaps
    ./original/fast/smt_tests/basic/set/set12_test.tla
0.06user 0.04system 0:00.09elapsed 116%CPU (0avgtext+0avgdata 25684maxresident)k
40inputs+104outputs (1major+13518minor)pagefaults 0swaps
    ./original/fast/smt_tests/basic/set/set13_test.tla
0.06user 0.03system 0:00.08elapsed 114%CPU (0avgtext+0avgdata 25596maxresident)k
40inputs+104outputs (0major+13481minor)pagefaults 0swaps
    ./original/fast/smt_tests/basic/set/set14_test.tla
0.05user 0.04system 0:00.08elapsed 113%CPU (0avgtext+0avgdata 28124maxresident)k
40inputs+104outputs (0major+13643minor)pagefaults 0swaps
    ./original/fast/smt_tests/basic/set/set15_test.tla
0.06user 0.03system 0:00.08elapsed 114%CPU (0avgtext+0avgdata 25528maxresident)k
56inputs+104outputs (0major+13555minor)pagefaults 0swaps
    ./original/fast/smt_tests/basic/set/set16_test.tla
0.07user 0.02system 0:00.08elapsed 115%CPU (0avgtext+0avgdata 29816maxresident)k
40inputs+104outputs (0major+13809minor)pagefaults 0swaps
    ./original/fast/smt_tests/basic/set/set17_test.tla
0.06user 0.03system 0:00.09elapsed 115%CPU (0avgtext+0avgdata 25704maxresident)k
40inputs+104outputs (0major+13512minor)pagefaults 0swaps
    ./original/fast/smt_tests/basic/set/set18_test.tla
0.06user 0.03system 0:00.08elapsed 115%CPU (0avgtext+0avgdata 29796maxresident)k
48inputs+104outputs (0major+13818minor)pagefaults 0swaps
    ./original/fast/smt_tests/basic/set/set19_test.tla
0.05user 0.03system 0:00.07elapsed 114%CPU (0avgtext+0avgdata 25716maxresident)k
40inputs+104outputs (0major+13524minor)pagefaults 0swaps
    ./original/fast/smt_tests/basic/set/set1_test.tla
0.06user 0.04system 0:00.08elapsed 114%CPU (0avgtext+0avgdata 28224maxresident)k
48inputs+104outputs (0major+13650minor)pagefaults 0swaps
    ./original/fast/smt_tests/basic/set/set2_test.tla
0.06user 0.04system 0:00.08elapsed 116%CPU (0avgtext+0avgdata 25732maxresident)k
48inputs+104outputs (0major+13504minor)pagefaults 0swaps
    ./original/fast/smt_tests/basic/set/set3_test.tla
0.06user 0.03system 0:00.08elapsed 117%CPU (0avgtext+0avgdata 25696maxresident)k
40inputs+104outputs (0major+13490minor)pagefaults 0swaps
    ./original/fast/smt_tests/basic/set/set4_test.tla
0.05user 0.03system 0:00.08elapsed 113%CPU (0avgtext+0avgdata 25860maxresident)k
48inputs+104outputs (0major+13496minor)pagefaults 0swaps
    ./original/fast/smt_tests/basic/set/set5_test.tla
0.05user 0.03system 0:00.07elapsed 114%CPU (0avgtext+0avgdata 25704maxresident)k
56inputs+104outputs (0major+13507minor)pagefaults 0swaps
    ./original/fast/smt_tests/basic/set/set6_test.tla
0.05user 0.03system 0:00.07elapsed 113%CPU (0avgtext+0avgdata 28312maxresident)k
48inputs+104outputs (0major+13616minor)pagefaults 0swaps
    ./original/fast/smt_tests/basic/set/set7_test.tla
0.05user 0.03system 0:00.08elapsed 113%CPU (0avgtext+0avgdata 25540maxresident)k
64inputs+104outputs (0major+13494minor)pagefaults 0swaps
    ./original/fast/smt_tests/basic/set/set8_test.tla
0.06user 0.03system 0:00.08elapsed 117%CPU (0avgtext+0avgdata 28000maxresident)k
48inputs+104outputs (0major+13626minor)pagefaults 0swaps
    ./original/fast/smt_tests/basic/set/set9_test.tla
0.05user 0.04system 0:00.08elapsed 113%CPU (0avgtext+0avgdata 27932maxresident)k
296inputs+104outputs (0major+13642minor)pagefaults 0swaps
    ./original/fast/smt_tests/basic/string/strings1_test.tla
0.07user 0.03system 0:00.09elapsed 111%CPU (0avgtext+0avgdata 25648maxresident)k
88inputs+104outputs (0major+13492minor)pagefaults 0swaps
    ./original/fast/smt_tests/basic/string/strings2_test.tla
0.05user 0.03system 0:00.07elapsed 113%CPU (0avgtext+0avgdata 25832maxresident)k
56inputs+104outputs (0major+13470minor)pagefaults 0swaps
    ./original/fast/smt_tests/basic/tuple/tuple1_test.tla
0.05user 0.05system 0:00.09elapsed 115%CPU (0avgtext+0avgdata 25600maxresident)k
96inputs+104outputs (0major+13470minor)pagefaults 0swaps
    ./original/fast/smt_tests/basic/tuple/tuple2_test.tla
0.06user 0.03system 0:00.09elapsed 113%CPU (0avgtext+0avgdata 27932maxresident)k
40inputs+104outputs (0major+13652minor)pagefaults 0swaps
    ./original/fast/smt_tests/basic/tuple/tuple3_test.tla
0.07user 0.03system 0:00.09elapsed 115%CPU (0avgtext+0avgdata 25764maxresident)k
56inputs+104outputs (0major+13504minor)pagefaults 0swaps
    ./original/fast/smt_tests/basic/tuple/tuple4_test.tla
0.06user 0.02system 0:00.08elapsed 114%CPU (0avgtext+0avgdata 25640maxresident)k
56inputs+104outputs (0major+13477minor)pagefaults 0swaps
    ./original/fast/smt_tests/basic/tuple/tuple5_test.tla
0.05user 0.03system 0:00.08elapsed 113%CPU (0avgtext+0avgdata 25656maxresident)k
48inputs+104outputs (0major+13491minor)pagefaults 0swaps
    ./original/fast/smt_tests/basic/tuple/tuple6_test.tla
0.04user 0.04system 0:00.07elapsed 113%CPU (0avgtext+0avgdata 25592maxresident)k
40inputs+104outputs (0major+13500minor)pagefaults 0swaps
    ./original/fast/smt_tests/basic/tuple/tuple7_test.tla
0.06user 0.02system 0:00.07elapsed 112%CPU (0avgtext+0avgdata 25480maxresident)k
40inputs+104outputs (0major+13518minor)pagefaults 0swaps
    ./original/fast/smt_tests/lang/user_ops_test.tla
0.29user 0.02system 0:00.30elapsed 103%CPU (0avgtext+0avgdata 25596maxresident)k
104inputs+152outputs (0major+14675minor)pagefaults 0swaps
    ./original/fast/smt_tests/negative/one_div_zero_test.tla
2.18user 2.93system 0:05.10elapsed 100%CPU (0avgtext+0avgdata 21452maxresident)k
88inputs+120outputs (0major+13723minor)pagefaults 0swaps
    ./original/fast/smt_tests/negative/zero_in_one_test.tla
2.21user 2.93system 0:05.13elapsed 100%CPU (0avgtext+0avgdata 21464maxresident)k
56inputs+120outputs (0major+13675minor)pagefaults 0swaps
    ./original/fast/smt_tests/rewriting_rules/quantifiers_test.tla
0.11user 0.10system 0:00.13elapsed 165%CPU (0avgtext+0avgdata 25812maxresident)k
360inputs+192outputs (0major+36968minor)pagefaults 0swaps
    ./original/fast/smt_tests/silly_theorems/app_ambiguity_test.tla
0.08user 0.04system 0:00.11elapsed 114%CPU (0avgtext+0avgdata 28136maxresident)k
96inputs+104outputs (0major+13765minor)pagefaults 0swaps
    ./original/fast/smt_tests/silly_theorems/nonempty_integer_test.tla
0.10user 0.06system 0:00.11elapsed 150%CPU (0avgtext+0avgdata 29812maxresident)k
40inputs+160outputs (0major+28276minor)pagefaults 0swaps
    ./original/fast/smt_tests/silly_theorems/one_implies_one_test.tla
0.08user 0.04system 0:00.10elapsed 119%CPU (0avgtext+0avgdata 21508maxresident)k
72inputs+104outputs (0major+13415minor)pagefaults 0swaps
    ./original/fast/smt_tests/silly_theorems/record_as_function_test.tla
0.07user 0.03system 0:00.09elapsed 114%CPU (0avgtext+0avgdata 27872maxresident)k
48inputs+112outputs (0major+13706minor)pagefaults 0swaps
    ./original/fast/smt_tests/silly_theorems/x_implies_x_test.tla
0.07user 0.03system 0:00.09elapsed 113%CPU (0avgtext+0avgdata 25636maxresident)k
48inputs+104outputs (0major+13503minor)pagefaults 0swaps
    ./original/medium/regression/select_bug_test.tla
21.67user 28.42system 0:50.09elapsed 100%CPU (0avgtext+0avgdata 21396maxresident)k
336inputs+144outputs (0major+9535minor)pagefaults 0swaps
    ./original/medium/regression/snapshot/GFX_test.tla
forbidden output is present
Command exited with non-zero status 3
194.75user 38.77system 2:29.90elapsed 155%CPU (0avgtext+0avgdata 1027192maxresident)k
400inputs+19328outputs (0major+1856521minor)pagefaults 0swaps
    ./original/medium/regression/snapshot/SnapShot_test.tla
forbidden output is present
Command exited with non-zero status 3
234.89user 17.16system 3:48.26elapsed 110%CPU (0avgtext+0avgdata 300856maxresident)k
17272inputs+42904outputs (55major+3076192minor)pagefaults 0swaps
